Archive member included to satisfy reference by file (symbol)

/home/earlybeasts/.local/xPacks/@xpack-dev-tools/arm-none-eabi-gcc/13.2.1-1.1.1/.content/bin/../lib/gcc/arm-none-eabi/13.2.1/../../../../arm-none-eabi/lib/thumb/v7e-m/nofp/libg_nano.a(libc_a-malloc.o)
                              ./src/l2hal/drivers/sdcard/src/l2hal_sdcard.o (symbol from plugin) (malloc)
/home/earlybeasts/.local/xPacks/@xpack-dev-tools/arm-none-eabi-gcc/13.2.1-1.1.1/.content/bin/../lib/gcc/arm-none-eabi/13.2.1/../../../../arm-none-eabi/lib/thumb/v7e-m/nofp/libg_nano.a(libc_a-mallocr.o)
                              /home/earlybeasts/.local/xPacks/@xpack-dev-tools/arm-none-eabi-gcc/13.2.1-1.1.1/.content/bin/../lib/gcc/arm-none-eabi/13.2.1/../../../../arm-none-eabi/lib/thumb/v7e-m/nofp/libg_nano.a(libc_a-malloc.o) (_malloc_r)
/home/earlybeasts/.local/xPacks/@xpack-dev-tools/arm-none-eabi-gcc/13.2.1-1.1.1/.content/bin/../lib/gcc/arm-none-eabi/13.2.1/../../../../arm-none-eabi/lib/thumb/v7e-m/nofp/libg_nano.a(libc_a-mlock.o)
                              /home/earlybeasts/.local/xPacks/@xpack-dev-tools/arm-none-eabi-gcc/13.2.1-1.1.1/.content/bin/../lib/gcc/arm-none-eabi/13.2.1/../../../../arm-none-eabi/lib/thumb/v7e-m/nofp/libg_nano.a(libc_a-mallocr.o) (__malloc_lock)
/home/earlybeasts/.local/xPacks/@xpack-dev-tools/arm-none-eabi-gcc/13.2.1-1.1.1/.content/bin/../lib/gcc/arm-none-eabi/13.2.1/../../../../arm-none-eabi/lib/thumb/v7e-m/nofp/libg_nano.a(libc_a-realloc.o)
                              ./src/l2hal/drivers/input/encoders/src/l2hal_encoders.o (symbol from plugin) (realloc)
/home/earlybeasts/.local/xPacks/@xpack-dev-tools/arm-none-eabi-gcc/13.2.1-1.1.1/.content/bin/../lib/gcc/arm-none-eabi/13.2.1/../../../../arm-none-eabi/lib/thumb/v7e-m/nofp/libg_nano.a(libc_a-reallocr.o)
                              /home/earlybeasts/.local/xPacks/@xpack-dev-tools/arm-none-eabi-gcc/13.2.1-1.1.1/.content/bin/../lib/gcc/arm-none-eabi/13.2.1/../../../../arm-none-eabi/lib/thumb/v7e-m/nofp/libg_nano.a(libc_a-realloc.o) (_realloc_r)
/home/earlybeasts/.local/xPacks/@xpack-dev-tools/arm-none-eabi-gcc/13.2.1-1.1.1/.content/bin/../lib/gcc/arm-none-eabi/13.2.1/../../../../arm-none-eabi/lib/thumb/v7e-m/nofp/libg_nano.a(libc_a-snprintf.o)
                              ./src/l2hal/drivers/bluetooth/hc06/src/l2hal_hc06.o (symbol from plugin) (snprintf)
/home/earlybeasts/.local/xPacks/@xpack-dev-tools/arm-none-eabi-gcc/13.2.1-1.1.1/.content/bin/../lib/gcc/arm-none-eabi/13.2.1/../../../../arm-none-eabi/lib/thumb/v7e-m/nofp/libg_nano.a(libc_a-memcmp.o)
                              ./src/main.o (symbol from plugin) (memcmp)
/home/earlybeasts/.local/xPacks/@xpack-dev-tools/arm-none-eabi-gcc/13.2.1-1.1.1/.content/bin/../lib/gcc/arm-none-eabi/13.2.1/../../../../arm-none-eabi/lib/thumb/v7e-m/nofp/libg_nano.a(libc_a-memset.o)
                              ./src/l2hal/drivers/sdcard/src/l2hal_sdcard.o (symbol from plugin) (memset)
/home/earlybeasts/.local/xPacks/@xpack-dev-tools/arm-none-eabi-gcc/13.2.1-1.1.1/.content/bin/../lib/gcc/arm-none-eabi/13.2.1/../../../../arm-none-eabi/lib/thumb/v7e-m/nofp/libg_nano.a(libc_a-strncpy.o)
                              ./src/l2hal/drivers/bluetooth/hc06/src/l2hal_hc06.o (symbol from plugin) (strncpy)
/home/earlybeasts/.local/xPacks/@xpack-dev-tools/arm-none-eabi-gcc/13.2.1-1.1.1/.content/bin/../lib/gcc/arm-none-eabi/13.2.1/../../../../arm-none-eabi/lib/thumb/v7e-m/nofp/libg_nano.a(libc_a-impure.o)
                              /home/earlybeasts/.local/xPacks/@xpack-dev-tools/arm-none-eabi-gcc/13.2.1-1.1.1/.content/bin/../lib/gcc/arm-none-eabi/13.2.1/../../../../arm-none-eabi/lib/thumb/v7e-m/nofp/libg_nano.a(libc_a-malloc.o) (_impure_ptr)
/home/earlybeasts/.local/xPacks/@xpack-dev-tools/arm-none-eabi-gcc/13.2.1-1.1.1/.content/bin/../lib/gcc/arm-none-eabi/13.2.1/../../../../arm-none-eabi/lib/thumb/v7e-m/nofp/libg_nano.a(libc_a-sbrkr.o)
                              /home/earlybeasts/.local/xPacks/@xpack-dev-tools/arm-none-eabi-gcc/13.2.1-1.1.1/.content/bin/../lib/gcc/arm-none-eabi/13.2.1/../../../../arm-none-eabi/lib/thumb/v7e-m/nofp/libg_nano.a(libc_a-mallocr.o) (_sbrk_r)
/home/earlybeasts/.local/xPacks/@xpack-dev-tools/arm-none-eabi-gcc/13.2.1-1.1.1/.content/bin/../lib/gcc/arm-none-eabi/13.2.1/../../../../arm-none-eabi/lib/thumb/v7e-m/nofp/libg_nano.a(libc_a-errno.o)
                              ./system/src/newlib/sbrk.o (symbol from plugin) (__errno)
/home/earlybeasts/.local/xPacks/@xpack-dev-tools/arm-none-eabi-gcc/13.2.1-1.1.1/.content/bin/../lib/gcc/arm-none-eabi/13.2.1/../../../../arm-none-eabi/lib/thumb/v7e-m/nofp/libg_nano.a(libc_a-lock.o)
                              /home/earlybeasts/.local/xPacks/@xpack-dev-tools/arm-none-eabi-gcc/13.2.1-1.1.1/.content/bin/../lib/gcc/arm-none-eabi/13.2.1/../../../../arm-none-eabi/lib/thumb/v7e-m/nofp/libg_nano.a(libc_a-mlock.o) (__retarget_lock_acquire_recursive)
/home/earlybeasts/.local/xPacks/@xpack-dev-tools/arm-none-eabi-gcc/13.2.1-1.1.1/.content/bin/../lib/gcc/arm-none-eabi/13.2.1/../../../../arm-none-eabi/lib/thumb/v7e-m/nofp/libg_nano.a(libc_a-strcmp.o)
                              ./src/l2hal/drivers/bluetooth/hc06/src/l2hal_hc06.o (symbol from plugin) (strcmp)
/home/earlybeasts/.local/xPacks/@xpack-dev-tools/arm-none-eabi-gcc/13.2.1-1.1.1/.content/bin/../lib/gcc/arm-none-eabi/13.2.1/../../../../arm-none-eabi/lib/thumb/v7e-m/nofp/libg_nano.a(libc_a-memcpy-stub.o)
                              /home/earlybeasts/.local/xPacks/@xpack-dev-tools/arm-none-eabi-gcc/13.2.1-1.1.1/.content/bin/../lib/gcc/arm-none-eabi/13.2.1/../../../../arm-none-eabi/lib/thumb/v7e-m/nofp/libg_nano.a(libc_a-reallocr.o) (memcpy)
/home/earlybeasts/.local/xPacks/@xpack-dev-tools/arm-none-eabi-gcc/13.2.1-1.1.1/.content/bin/../lib/gcc/arm-none-eabi/13.2.1/../../../../arm-none-eabi/lib/thumb/v7e-m/nofp/libg_nano.a(libc_a-strlen.o)
                              ./src/l2hal/drivers/bluetooth/hc06/src/l2hal_hc06.o (symbol from plugin) (strlen)
/home/earlybeasts/.local/xPacks/@xpack-dev-tools/arm-none-eabi-gcc/13.2.1-1.1.1/.content/bin/../lib/gcc/arm-none-eabi/13.2.1/../../../../arm-none-eabi/lib/thumb/v7e-m/nofp/libg_nano.a(libc_a-freer.o)
                              /home/earlybeasts/.local/xPacks/@xpack-dev-tools/arm-none-eabi-gcc/13.2.1-1.1.1/.content/bin/../lib/gcc/arm-none-eabi/13.2.1/../../../../arm-none-eabi/lib/thumb/v7e-m/nofp/libg_nano.a(libc_a-malloc.o) (_free_r)
/home/earlybeasts/.local/xPacks/@xpack-dev-tools/arm-none-eabi-gcc/13.2.1-1.1.1/.content/bin/../lib/gcc/arm-none-eabi/13.2.1/../../../../arm-none-eabi/lib/thumb/v7e-m/nofp/libg_nano.a(libc_a-msizer.o)
                              /home/earlybeasts/.local/xPacks/@xpack-dev-tools/arm-none-eabi-gcc/13.2.1-1.1.1/.content/bin/../lib/gcc/arm-none-eabi/13.2.1/../../../../arm-none-eabi/lib/thumb/v7e-m/nofp/libg_nano.a(libc_a-reallocr.o) (_malloc_usable_size_r)
/home/earlybeasts/.local/xPacks/@xpack-dev-tools/arm-none-eabi-gcc/13.2.1-1.1.1/.content/bin/../lib/gcc/arm-none-eabi/13.2.1/../../../../arm-none-eabi/lib/thumb/v7e-m/nofp/libg_nano.a(libc_a-nano-svfprintf.o)
                              /home/earlybeasts/.local/xPacks/@xpack-dev-tools/arm-none-eabi-gcc/13.2.1-1.1.1/.content/bin/../lib/gcc/arm-none-eabi/13.2.1/../../../../arm-none-eabi/lib/thumb/v7e-m/nofp/libg_nano.a(libc_a-snprintf.o) (_svfprintf_r)
/home/earlybeasts/.local/xPacks/@xpack-dev-tools/arm-none-eabi-gcc/13.2.1-1.1.1/.content/bin/../lib/gcc/arm-none-eabi/13.2.1/../../../../arm-none-eabi/lib/thumb/v7e-m/nofp/libg_nano.a(libc_a-nano-vfprintf_i.o)
                              /home/earlybeasts/.local/xPacks/@xpack-dev-tools/arm-none-eabi-gcc/13.2.1-1.1.1/.content/bin/../lib/gcc/arm-none-eabi/13.2.1/../../../../arm-none-eabi/lib/thumb/v7e-m/nofp/libg_nano.a(libc_a-nano-svfprintf.o) (_printf_i)
/home/earlybeasts/.local/xPacks/@xpack-dev-tools/arm-none-eabi-gcc/13.2.1-1.1.1/.content/bin/../lib/gcc/arm-none-eabi/13.2.1/../../../../arm-none-eabi/lib/thumb/v7e-m/nofp/libg_nano.a(libc_a-memmove.o)
                              /home/earlybeasts/.local/xPacks/@xpack-dev-tools/arm-none-eabi-gcc/13.2.1-1.1.1/.content/bin/../lib/gcc/arm-none-eabi/13.2.1/../../../../arm-none-eabi/lib/thumb/v7e-m/nofp/libg_nano.a(libc_a-nano-svfprintf.o) (memmove)
/home/earlybeasts/.local/xPacks/@xpack-dev-tools/arm-none-eabi-gcc/13.2.1-1.1.1/.content/bin/../lib/gcc/arm-none-eabi/13.2.1/../../../../arm-none-eabi/lib/thumb/v7e-m/nofp/libg_nano.a(libc_a-memchr.o)
                              /home/earlybeasts/.local/xPacks/@xpack-dev-tools/arm-none-eabi-gcc/13.2.1-1.1.1/.content/bin/../lib/gcc/arm-none-eabi/13.2.1/../../../../arm-none-eabi/lib/thumb/v7e-m/nofp/libg_nano.a(libc_a-nano-svfprintf.o) (memchr)
/home/earlybeasts/.local/xPacks/@xpack-dev-tools/arm-none-eabi-gcc/13.2.1-1.1.1/.content/bin/../lib/gcc/arm-none-eabi/13.2.1/thumb/v7e-m/nofp/libgcc.a(_aeabi_ldivmod.o)
                              /tmp/ccOyvkp4.ltrans0.ltrans.o (__aeabi_ldivmod)
/home/earlybeasts/.local/xPacks/@xpack-dev-tools/arm-none-eabi-gcc/13.2.1-1.1.1/.content/bin/../lib/gcc/arm-none-eabi/13.2.1/thumb/v7e-m/nofp/libgcc.a(_aeabi_uldivmod.o)
                              /tmp/ccOyvkp4.ltrans0.ltrans.o (__aeabi_uldivmod)
/home/earlybeasts/.local/xPacks/@xpack-dev-tools/arm-none-eabi-gcc/13.2.1-1.1.1/.content/bin/../lib/gcc/arm-none-eabi/13.2.1/thumb/v7e-m/nofp/libgcc.a(_udivmoddi4.o)
                              /home/earlybeasts/.local/xPacks/@xpack-dev-tools/arm-none-eabi-gcc/13.2.1-1.1.1/.content/bin/../lib/gcc/arm-none-eabi/13.2.1/thumb/v7e-m/nofp/libgcc.a(_aeabi_ldivmod.o) (__udivmoddi4)
/home/earlybeasts/.local/xPacks/@xpack-dev-tools/arm-none-eabi-gcc/13.2.1-1.1.1/.content/bin/../lib/gcc/arm-none-eabi/13.2.1/thumb/v7e-m/nofp/libgcc.a(_dvmd_tls.o)
                              /home/earlybeasts/.local/xPacks/@xpack-dev-tools/arm-none-eabi-gcc/13.2.1-1.1.1/.content/bin/../lib/gcc/arm-none-eabi/13.2.1/thumb/v7e-m/nofp/libgcc.a(_aeabi_ldivmod.o) (__aeabi_ldiv0)

Discarded input sections

 .text          0x00000000        0x0 /tmp/ccOyvkp4.ltrans0.ltrans.o
 .data          0x00000000        0x0 /tmp/ccOyvkp4.ltrans0.ltrans.o
 .bss           0x00000000        0x0 /tmp/ccOyvkp4.ltrans0.ltrans.o
 .text._sbrk    0x00000000       0x3c /tmp/ccOyvkp4.ltrans0.ltrans.o
 .bss.errno     0x00000000        0x4 /tmp/ccOyvkp4.ltrans0.ltrans.o
 .bss.current_heap_end.0
                0x00000000        0x4 /tmp/ccOyvkp4.ltrans0.ltrans.o
 .comment       0x00000000       0x3a /tmp/ccMtMwMm.debug.temp.o
 .comment       0x00000000       0x3a /tmp/cc2B7vRM.debug.temp.o
 .comment       0x00000000       0x3a /tmp/ccfzULEU.debug.temp.o
 .debug_info    0x00000000      0x425 /tmp/ccOh8UBF.debug.temp.o
 .debug_abbrev  0x00000000      0x1c5 /tmp/ccOh8UBF.debug.temp.o
 .debug_line    0x00000000       0x6e /tmp/ccOh8UBF.debug.temp.o
 .debug_str     0x00000000      0x50a /tmp/ccOh8UBF.debug.temp.o
 .debug_line_str
                0x00000000      0x1d7 /tmp/ccOh8UBF.debug.temp.o
 .comment       0x00000000       0x3a /tmp/ccOh8UBF.debug.temp.o
 .debug_info    0x00000000      0x5bf /tmp/ccgIP2ET.debug.temp.o
 .debug_abbrev  0x00000000      0x1c3 /tmp/ccgIP2ET.debug.temp.o
 .debug_line    0x00000000       0x64 /tmp/ccgIP2ET.debug.temp.o
 .debug_str     0x00000000      0x5ef /tmp/ccgIP2ET.debug.temp.o
 .debug_line_str
                0x00000000      0x1c1 /tmp/ccgIP2ET.debug.temp.o
 .comment       0x00000000       0x3a /tmp/ccgIP2ET.debug.temp.o
 .comment       0x00000000       0x3a /tmp/ccLAymr2.debug.temp.o
 .debug_info    0x00000000      0x1bd /tmp/cc1SWaTo.debug.temp.o
 .debug_abbrev  0x00000000      0x123 /tmp/cc1SWaTo.debug.temp.o
 .debug_line    0x00000000       0x5f /tmp/cc1SWaTo.debug.temp.o
 .debug_str     0x00000000      0x291 /tmp/cc1SWaTo.debug.temp.o
 .debug_line_str
                0x00000000      0x1a3 /tmp/cc1SWaTo.debug.temp.o
 .comment       0x00000000       0x3a /tmp/cc1SWaTo.debug.temp.o
 .debug_info    0x00000000      0x7eb /tmp/cccKkKxA.debug.temp.o
 .debug_abbrev  0x00000000      0x174 /tmp/cccKkKxA.debug.temp.o
 .debug_line    0x00000000       0x64 /tmp/cccKkKxA.debug.temp.o
 .debug_str     0x00000000      0x630 /tmp/cccKkKxA.debug.temp.o
 .debug_line_str
                0x00000000      0x19f /tmp/cccKkKxA.debug.temp.o
 .comment       0x00000000       0x3a /tmp/cccKkKxA.debug.temp.o
 .comment       0x00000000       0x3a /tmp/ccggLG2G.debug.temp.o
 .comment       0x00000000       0x3a /tmp/ccH7gYR6.debug.temp.o
 .comment       0x00000000       0x3a /tmp/cc7S6END.debug.temp.o
 .debug_info    0x00000000      0x636 /tmp/ccWsvdBy.debug.temp.o
 .debug_abbrev  0x00000000      0x181 /tmp/ccWsvdBy.debug.temp.o
 .debug_line    0x00000000       0x64 /tmp/ccWsvdBy.debug.temp.o
 .debug_str     0x00000000      0x72c /tmp/ccWsvdBy.debug.temp.o
 .debug_line_str
                0x00000000      0x1b5 /tmp/ccWsvdBy.debug.temp.o
 .comment       0x00000000       0x3a /tmp/ccWsvdBy.debug.temp.o
 .debug_info    0x00000000       0xdd /tmp/ccGbqsiE.debug.temp.o
 .debug_abbrev  0x00000000       0x89 /tmp/ccGbqsiE.debug.temp.o
 .debug_line    0x00000000       0x51 /tmp/ccGbqsiE.debug.temp.o
 .debug_str     0x00000000      0x1ef /tmp/ccGbqsiE.debug.temp.o
 .debug_line_str
                0x00000000      0x119 /tmp/ccGbqsiE.debug.temp.o
 .comment       0x00000000       0x3a /tmp/ccGbqsiE.debug.temp.o
 .debug_info    0x00000000      0x11c /tmp/ccxoUFuD.debug.temp.o
 .debug_abbrev  0x00000000       0xdc /tmp/ccxoUFuD.debug.temp.o
 .debug_line    0x00000000       0x55 /tmp/ccxoUFuD.debug.temp.o
 .debug_str     0x00000000      0x286 /tmp/ccxoUFuD.debug.temp.o
 .debug_line_str
                0x00000000      0x1c2 /tmp/ccxoUFuD.debug.temp.o
 .comment       0x00000000       0x3a /tmp/ccxoUFuD.debug.temp.o
 .debug_info    0x00000000       0xbe /tmp/ccr6txPF.debug.temp.o
 .debug_abbrev  0x00000000       0xa7 /tmp/ccr6txPF.debug.temp.o
 .debug_line    0x00000000       0x55 /tmp/ccr6txPF.debug.temp.o
 .debug_str     0x00000000      0x1d8 /tmp/ccr6txPF.debug.temp.o
 .debug_line_str
                0x00000000      0x188 /tmp/ccr6txPF.debug.temp.o
 .comment       0x00000000       0x3a /tmp/ccr6txPF.debug.temp.o
 .comment       0x00000000       0x3a /tmp/ccaw61Wq.debug.temp.o
 .comment       0x00000000       0x3a /tmp/cc40kNWf.debug.temp.o
 .comment       0x00000000       0x3a /tmp/ccOXXTzC.debug.temp.o
 .debug_info    0x00000000       0x1e /tmp/ccTL2Twi.debug.temp.o
 .debug_abbrev  0x00000000       0x10 /tmp/ccTL2Twi.debug.temp.o
 .debug_line    0x00000000       0x31 /tmp/ccTL2Twi.debug.temp.o
 .debug_str     0x00000000      0x11a /tmp/ccTL2Twi.debug.temp.o
 .debug_line_str
                0x00000000       0x5d /tmp/ccTL2Twi.debug.temp.o
 .comment       0x00000000       0x3a /tmp/ccTL2Twi.debug.temp.o
 .debug_info    0x00000000       0x1e /tmp/cc59WwaZ.debug.temp.o
 .debug_abbrev  0x00000000       0x10 /tmp/cc59WwaZ.debug.temp.o
 .debug_line    0x00000000       0x31 /tmp/cc59WwaZ.debug.temp.o
 .debug_str     0x00000000      0x115 /tmp/cc59WwaZ.debug.temp.o
 .debug_line_str
                0x00000000       0x58 /tmp/cc59WwaZ.debug.temp.o
 .comment       0x00000000       0x3a /tmp/cc59WwaZ.debug.temp.o
 .comment       0x00000000       0x3a /tmp/ccIQRaxu.debug.temp.o
 .comment       0x00000000       0x3a /tmp/ccghniGW.debug.temp.o
 .debug_info    0x00000000      0x3d7 /tmp/cclhuqxH.debug.temp.o
 .debug_abbrev  0x00000000       0xe2 /tmp/cclhuqxH.debug.temp.o
 .debug_line    0x00000000       0x51 /tmp/cclhuqxH.debug.temp.o
 .debug_str     0x00000000      0x33b /tmp/cclhuqxH.debug.temp.o
 .debug_line_str
                0x00000000      0x145 /tmp/cclhuqxH.debug.temp.o
 .comment       0x00000000       0x3a /tmp/cclhuqxH.debug.temp.o
 .comment       0x00000000       0x3a /tmp/cctoZbqT.debug.temp.o
 .comment       0x00000000       0x3a /tmp/ccmKnQyU.debug.temp.o
 .comment       0x00000000       0x3a /tmp/ccgaEtof.debug.temp.o
 .debug_info    0x00000000       0x3b /tmp/ccBxmFLX.debug.temp.o
 .debug_abbrev  0x00000000       0x26 /tmp/ccBxmFLX.debug.temp.o
 .debug_line    0x00000000       0x31 /tmp/ccBxmFLX.debug.temp.o
 .debug_str     0x00000000      0x13e /tmp/ccBxmFLX.debug.temp.o
 .debug_line_str
                0x00000000       0x5a /tmp/ccBxmFLX.debug.temp.o
 .comment       0x00000000       0x3a /tmp/ccBxmFLX.debug.temp.o
 .comment       0x00000000       0x3a /tmp/ccv1WvSj.debug.temp.o
 .comment       0x00000000       0x3a /tmp/ccaJCspt.debug.temp.o
 .comment       0x00000000       0x3a /tmp/cc4NqYQb.debug.temp.o
 .debug_info    0x00000000      0x4a7 /tmp/cczprkai.debug.temp.o
 .debug_abbrev  0x00000000      0x16a /tmp/cczprkai.debug.temp.o
 .debug_line    0x00000000       0x67 /tmp/cczprkai.debug.temp.o
 .debug_str     0x00000000      0x41a /tmp/cczprkai.debug.temp.o
 .debug_line_str
                0x00000000      0x25b /tmp/cczprkai.debug.temp.o
 .comment       0x00000000       0x3a /tmp/cczprkai.debug.temp.o
 .comment       0x00000000       0x3a /tmp/ccDQGIEI.debug.temp.o
 .debug_info    0x00000000      0xbcb /tmp/ccQK1fKw.debug.temp.o
 .debug_abbrev  0x00000000      0x25d /tmp/ccQK1fKw.debug.temp.o
 .debug_line    0x00000000       0x92 /tmp/ccQK1fKw.debug.temp.o
 .debug_str     0x00000000      0xa7c /tmp/ccQK1fKw.debug.temp.o
 .debug_line_str
                0x00000000      0x2e2 /tmp/ccQK1fKw.debug.temp.o
 .comment       0x00000000       0x3a /tmp/ccQK1fKw.debug.temp.o
 .comment       0x00000000       0x3a /tmp/cc2cACbM.debug.temp.o
 .debug_info    0x00000000      0xac4 /tmp/ccX7WyX5.debug.temp.o
 .debug_abbrev  0x00000000      0x1c1 /tmp/ccX7WyX5.debug.temp.o
 .debug_line    0x00000000       0x97 /tmp/ccX7WyX5.debug.temp.o
 .debug_str     0x00000000      0xa02 /tmp/ccX7WyX5.debug.temp.o
 .debug_line_str
                0x00000000      0x310 /tmp/ccX7WyX5.debug.temp.o
 .comment       0x00000000       0x3a /tmp/ccX7WyX5.debug.temp.o
 .debug_info    0x00000000      0x504 /tmp/ccEdbKXA.debug.temp.o
 .debug_abbrev  0x00000000      0x1bd /tmp/ccEdbKXA.debug.temp.o
 .debug_line    0x00000000       0x83 /tmp/ccEdbKXA.debug.temp.o
 .debug_str     0x00000000      0x4e7 /tmp/ccEdbKXA.debug.temp.o
 .debug_line_str
                0x00000000      0x2b9 /tmp/ccEdbKXA.debug.temp.o
 .comment       0x00000000       0x3a /tmp/ccEdbKXA.debug.temp.o
 .debug_info    0x00000000      0x55a /tmp/ccUcCMRU.debug.temp.o
 .debug_abbrev  0x00000000      0x1aa /tmp/ccUcCMRU.debug.temp.o
 .debug_line    0x00000000       0x87 /tmp/ccUcCMRU.debug.temp.o
 .debug_str     0x00000000      0x5e8 /tmp/ccUcCMRU.debug.temp.o
 .debug_line_str
                0x00000000      0x2f6 /tmp/ccUcCMRU.debug.temp.o
 .comment       0x00000000       0x3a /tmp/ccUcCMRU.debug.temp.o
 .debug_info    0x00000000      0x530 /tmp/ccYdkhEi.debug.temp.o
 .debug_abbrev  0x00000000      0x1ca /tmp/ccYdkhEi.debug.temp.o
 .debug_line    0x00000000       0x91 /tmp/ccYdkhEi.debug.temp.o
 .debug_str     0x00000000      0x5ad /tmp/ccYdkhEi.debug.temp.o
 .debug_line_str
                0x00000000      0x349 /tmp/ccYdkhEi.debug.temp.o
 .comment       0x00000000       0x3a /tmp/ccYdkhEi.debug.temp.o
 .debug_info    0x00000000      0x9cf /tmp/ccNfvgEC.debug.temp.o
 .debug_abbrev  0x00000000      0x1c8 /tmp/ccNfvgEC.debug.temp.o
 .debug_line    0x00000000       0x7f /tmp/ccNfvgEC.debug.temp.o
 .debug_str     0x00000000      0x9d9 /tmp/ccNfvgEC.debug.temp.o
 .debug_line_str
                0x00000000      0x256 /tmp/ccNfvgEC.debug.temp.o
 .comment       0x00000000       0x3a /tmp/ccNfvgEC.debug.temp.o
 .debug_info    0x00000000      0xedf /tmp/cc9wNHba.debug.temp.o
 .debug_abbrev  0x00000000      0x2a0 /tmp/cc9wNHba.debug.temp.o
 .debug_line    0x00000000       0x96 /tmp/cc9wNHba.debug.temp.o
 .debug_str     0x00000000      0xed3 /tmp/cc9wNHba.debug.temp.o
 .debug_line_str
                0x00000000      0x30d /tmp/cc9wNHba.debug.temp.o
 .comment       0x00000000       0x3a /tmp/cc9wNHba.debug.temp.o
 .debug_info    0x00000000      0xac2 /tmp/ccmoSOq9.debug.temp.o
 .debug_abbrev  0x00000000      0x283 /tmp/ccmoSOq9.debug.temp.o
 .debug_line    0x00000000       0x83 /tmp/ccmoSOq9.debug.temp.o
 .debug_str     0x00000000      0xaa9 /tmp/ccmoSOq9.debug.temp.o
 .debug_line_str
                0x00000000      0x27c /tmp/ccmoSOq9.debug.temp.o
 .comment       0x00000000       0x3a /tmp/ccmoSOq9.debug.temp.o
 .debug_info    0x00000000     0x1087 /tmp/ccqmvKlD.debug.temp.o
 .debug_abbrev  0x00000000      0x264 /tmp/ccqmvKlD.debug.temp.o
 .debug_line    0x00000000       0xa9 /tmp/ccqmvKlD.debug.temp.o
 .debug_str     0x00000000      0xfa3 /tmp/ccqmvKlD.debug.temp.o
 .debug_line_str
                0x00000000      0x366 /tmp/ccqmvKlD.debug.temp.o
 .comment       0x00000000       0x3a /tmp/ccqmvKlD.debug.temp.o
 .debug_info    0x00000000      0xc01 /tmp/cczCPLfV.debug.temp.o
 .debug_abbrev  0x00000000      0x1c2 /tmp/cczCPLfV.debug.temp.o
 .debug_line    0x00000000       0x7b /tmp/cczCPLfV.debug.temp.o
 .debug_str     0x00000000      0xbc7 /tmp/cczCPLfV.debug.temp.o
 .debug_line_str
                0x00000000      0x258 /tmp/cczCPLfV.debug.temp.o
 .comment       0x00000000       0x3a /tmp/cczCPLfV.debug.temp.o
 .debug_info    0x00000000      0x80c /tmp/cc993fi5.debug.temp.o
 .debug_abbrev  0x00000000      0x1a9 /tmp/cc993fi5.debug.temp.o
 .debug_line    0x00000000       0x7a /tmp/cc993fi5.debug.temp.o
 .debug_str     0x00000000      0x848 /tmp/cc993fi5.debug.temp.o
 .debug_line_str
                0x00000000      0x24f /tmp/cc993fi5.debug.temp.o
 .comment       0x00000000       0x3a /tmp/cc993fi5.debug.temp.o
 .debug_info    0x00000000      0x9a9 /tmp/ccmlGV7b.debug.temp.o
 .debug_abbrev  0x00000000      0x202 /tmp/ccmlGV7b.debug.temp.o
 .debug_line    0x00000000       0x8d /tmp/ccmlGV7b.debug.temp.o
 .debug_str     0x00000000      0x7cd /tmp/ccmlGV7b.debug.temp.o
 .debug_line_str
                0x00000000      0x2df /tmp/ccmlGV7b.debug.temp.o
 .comment       0x00000000       0x3a /tmp/ccmlGV7b.debug.temp.o
 .debug_info    0x00000000      0xb88 /tmp/cc4dv23i.debug.temp.o
 .debug_abbrev  0x00000000      0x241 /tmp/cc4dv23i.debug.temp.o
 .debug_line    0x00000000       0x7a /tmp/cc4dv23i.debug.temp.o
 .debug_str     0x00000000      0x85e /tmp/cc4dv23i.debug.temp.o
 .debug_line_str
                0x00000000      0x231 /tmp/cc4dv23i.debug.temp.o
 .comment       0x00000000       0x3a /tmp/cc4dv23i.debug.temp.o
 .debug_info    0x00000000      0x645 /tmp/ccf1BEtz.debug.temp.o
 .debug_abbrev  0x00000000      0x1e3 /tmp/ccf1BEtz.debug.temp.o
 .debug_line    0x00000000       0x75 /tmp/ccf1BEtz.debug.temp.o
 .debug_str     0x00000000      0x569 /tmp/ccf1BEtz.debug.temp.o
 .debug_line_str
                0x00000000      0x232 /tmp/ccf1BEtz.debug.temp.o
 .comment       0x00000000       0x3a /tmp/ccf1BEtz.debug.temp.o
 .debug_info    0x00000000      0x28c /tmp/ccpiySE7.debug.temp.o
 .debug_abbrev  0x00000000      0x13e /tmp/ccpiySE7.debug.temp.o
 .debug_line    0x00000000       0x67 /tmp/ccpiySE7.debug.temp.o
 .debug_str     0x00000000      0x32e /tmp/ccpiySE7.debug.temp.o
 .debug_line_str
                0x00000000      0x1d1 /tmp/ccpiySE7.debug.temp.o
 .comment       0x00000000       0x3a /tmp/ccpiySE7.debug.temp.o
 .comment       0x00000000       0x3a /tmp/cc6rNhck.debug.temp.o
 .comment       0x00000000       0x3a /tmp/ccUNmvQ8.debug.temp.o
 .comment       0x00000000       0x3a /tmp/ccyjUqq8.debug.temp.o
 .debug_info    0x00000000       0x84 /tmp/ccjVcxU1.debug.temp.o
 .debug_abbrev  0x00000000       0x39 /tmp/ccjVcxU1.debug.temp.o
 .debug_line    0x00000000       0x3a /tmp/ccjVcxU1.debug.temp.o
 .debug_str     0x00000000      0x1e1 /tmp/ccjVcxU1.debug.temp.o
 .debug_line_str
                0x00000000       0x73 /tmp/ccjVcxU1.debug.temp.o
 .comment       0x00000000       0x3a /tmp/ccjVcxU1.debug.temp.o
 .debug_info    0x00000000       0x1e /tmp/cc7yjmZ9.debug.temp.o
 .debug_abbrev  0x00000000       0x10 /tmp/cc7yjmZ9.debug.temp.o
 .debug_line    0x00000000       0x31 /tmp/cc7yjmZ9.debug.temp.o
 .debug_str     0x00000000      0x109 /tmp/cc7yjmZ9.debug.temp.o
 .debug_line_str
                0x00000000       0x4c /tmp/cc7yjmZ9.debug.temp.o
 .comment       0x00000000       0x3a /tmp/cc7yjmZ9.debug.temp.o
 .text          0x00000000        0x0 /home/earlybeasts/.local/xPacks/@xpack-dev-tools/arm-none-eabi-gcc/13.2.1-1.1.1/.content/bin/../lib/gcc/arm-none-eabi/13.2.1/../../../../arm-none-eabi/lib/thumb/v7e-m/nofp/libg_nano.a(libc_a-malloc.o)
 .data          0x00000000        0x0 /home/earlybeasts/.local/xPacks/@xpack-dev-tools/arm-none-eabi-gcc/13.2.1-1.1.1/.content/bin/../lib/gcc/arm-none-eabi/13.2.1/../../../../arm-none-eabi/lib/thumb/v7e-m/nofp/libg_nano.a(libc_a-malloc.o)
 .bss           0x00000000        0x0 /home/earlybeasts/.local/xPacks/@xpack-dev-tools/arm-none-eabi-gcc/13.2.1-1.1.1/.content/bin/../lib/gcc/arm-none-eabi/13.2.1/../../../../arm-none-eabi/lib/thumb/v7e-m/nofp/libg_nano.a(libc_a-malloc.o)
 .text.malloc   0x00000000       0x10 /home/earlybeasts/.local/xPacks/@xpack-dev-tools/arm-none-eabi-gcc/13.2.1-1.1.1/.content/bin/../lib/gcc/arm-none-eabi/13.2.1/../../../../arm-none-eabi/lib/thumb/v7e-m/nofp/libg_nano.a(libc_a-malloc.o)
 .text.free     0x00000000       0x10 /home/earlybeasts/.local/xPacks/@xpack-dev-tools/arm-none-eabi-gcc/13.2.1-1.1.1/.content/bin/../lib/gcc/arm-none-eabi/13.2.1/../../../../arm-none-eabi/lib/thumb/v7e-m/nofp/libg_nano.a(libc_a-malloc.o)
 .comment       0x00000000       0x3a /home/earlybeasts/.local/xPacks/@xpack-dev-tools/arm-none-eabi-gcc/13.2.1-1.1.1/.content/bin/../lib/gcc/arm-none-eabi/13.2.1/../../../../arm-none-eabi/lib/thumb/v7e-m/nofp/libg_nano.a(libc_a-malloc.o)
 .ARM.attributes
                0x00000000       0x2e /home/earlybeasts/.local/xPacks/@xpack-dev-tools/arm-none-eabi-gcc/13.2.1-1.1.1/.content/bin/../lib/gcc/arm-none-eabi/13.2.1/../../../../arm-none-eabi/lib/thumb/v7e-m/nofp/libg_nano.a(libc_a-malloc.o)
 .text          0x00000000        0x0 /home/earlybeasts/.local/xPacks/@xpack-dev-tools/arm-none-eabi-gcc/13.2.1-1.1.1/.content/bin/../lib/gcc/arm-none-eabi/13.2.1/../../../../arm-none-eabi/lib/thumb/v7e-m/nofp/libg_nano.a(libc_a-mallocr.o)
 .data          0x00000000        0x0 /home/earlybeasts/.local/xPacks/@xpack-dev-tools/arm-none-eabi-gcc/13.2.1-1.1.1/.content/bin/../lib/gcc/arm-none-eabi/13.2.1/../../../../arm-none-eabi/lib/thumb/v7e-m/nofp/libg_nano.a(libc_a-mallocr.o)
 .bss           0x00000000        0x0 /home/earlybeasts/.local/xPacks/@xpack-dev-tools/arm-none-eabi-gcc/13.2.1-1.1.1/.content/bin/../lib/gcc/arm-none-eabi/13.2.1/../../../../arm-none-eabi/lib/thumb/v7e-m/nofp/libg_nano.a(libc_a-mallocr.o)
 .text.sbrk_aligned
                0x00000000       0x44 /home/earlybeasts/.local/xPacks/@xpack-dev-tools/arm-none-eabi-gcc/13.2.1-1.1.1/.content/bin/../lib/gcc/arm-none-eabi/13.2.1/../../../../arm-none-eabi/lib/thumb/v7e-m/nofp/libg_nano.a(libc_a-mallocr.o)
 .text._malloc_r
                0x00000000      0x100 /home/earlybeasts/.local/xPacks/@xpack-dev-tools/arm-none-eabi-gcc/13.2.1-1.1.1/.content/bin/../lib/gcc/arm-none-eabi/13.2.1/../../../../arm-none-eabi/lib/thumb/v7e-m/nofp/libg_nano.a(libc_a-mallocr.o)
 .bss.__malloc_sbrk_start
                0x00000000        0x4 /home/earlybeasts/.local/xPacks/@xpack-dev-tools/arm-none-eabi-gcc/13.2.1-1.1.1/.content/bin/../lib/gcc/arm-none-eabi/13.2.1/../../../../arm-none-eabi/lib/thumb/v7e-m/nofp/libg_nano.a(libc_a-mallocr.o)
 .bss.__malloc_free_list
                0x00000000        0x4 /home/earlybeasts/.local/xPacks/@xpack-dev-tools/arm-none-eabi-gcc/13.2.1-1.1.1/.content/bin/../lib/gcc/arm-none-eabi/13.2.1/../../../../arm-none-eabi/lib/thumb/v7e-m/nofp/libg_nano.a(libc_a-mallocr.o)
 .comment       0x00000000       0x3a /home/earlybeasts/.local/xPacks/@xpack-dev-tools/arm-none-eabi-gcc/13.2.1-1.1.1/.content/bin/../lib/gcc/arm-none-eabi/13.2.1/../../../../arm-none-eabi/lib/thumb/v7e-m/nofp/libg_nano.a(libc_a-mallocr.o)
 .ARM.attributes
                0x00000000       0x2e /home/earlybeasts/.local/xPacks/@xpack-dev-tools/arm-none-eabi-gcc/13.2.1-1.1.1/.content/bin/../lib/gcc/arm-none-eabi/13.2.1/../../../../arm-none-eabi/lib/thumb/v7e-m/nofp/libg_nano.a(libc_a-mallocr.o)
 .text          0x00000000        0x0 /home/earlybeasts/.local/xPacks/@xpack-dev-tools/arm-none-eabi-gcc/13.2.1-1.1.1/.content/bin/../lib/gcc/arm-none-eabi/13.2.1/../../../../arm-none-eabi/lib/thumb/v7e-m/nofp/libg_nano.a(libc_a-mlock.o)
 .data          0x00000000        0x0 /home/earlybeasts/.local/xPacks/@xpack-dev-tools/arm-none-eabi-gcc/13.2.1-1.1.1/.content/bin/../lib/gcc/arm-none-eabi/13.2.1/../../../../arm-none-eabi/lib/thumb/v7e-m/nofp/libg_nano.a(libc_a-mlock.o)
 .bss           0x00000000        0x0 /home/earlybeasts/.local/xPacks/@xpack-dev-tools/arm-none-eabi-gcc/13.2.1-1.1.1/.content/bin/../lib/gcc/arm-none-eabi/13.2.1/../../../../arm-none-eabi/lib/thumb/v7e-m/nofp/libg_nano.a(libc_a-mlock.o)
 .text.__malloc_lock
                0x00000000        0xc /home/earlybeasts/.local/xPacks/@xpack-dev-tools/arm-none-eabi-gcc/13.2.1-1.1.1/.content/bin/../lib/gcc/arm-none-eabi/13.2.1/../../../../arm-none-eabi/lib/thumb/v7e-m/nofp/libg_nano.a(libc_a-mlock.o)
 .text.__malloc_unlock
                0x00000000        0xc /home/earlybeasts/.local/xPacks/@xpack-dev-tools/arm-none-eabi-gcc/13.2.1-1.1.1/.content/bin/../lib/gcc/arm-none-eabi/13.2.1/../../../../arm-none-eabi/lib/thumb/v7e-m/nofp/libg_nano.a(libc_a-mlock.o)
 .comment       0x00000000       0x3a /home/earlybeasts/.local/xPacks/@xpack-dev-tools/arm-none-eabi-gcc/13.2.1-1.1.1/.content/bin/../lib/gcc/arm-none-eabi/13.2.1/../../../../arm-none-eabi/lib/thumb/v7e-m/nofp/libg_nano.a(libc_a-mlock.o)
 .ARM.attributes
                0x00000000       0x2e /home/earlybeasts/.local/xPacks/@xpack-dev-tools/arm-none-eabi-gcc/13.2.1-1.1.1/.content/bin/../lib/gcc/arm-none-eabi/13.2.1/../../../../arm-none-eabi/lib/thumb/v7e-m/nofp/libg_nano.a(libc_a-mlock.o)
 .text          0x00000000        0x0 /home/earlybeasts/.local/xPacks/@xpack-dev-tools/arm-none-eabi-gcc/13.2.1-1.1.1/.content/bin/../lib/gcc/arm-none-eabi/13.2.1/../../../../arm-none-eabi/lib/thumb/v7e-m/nofp/libg_nano.a(libc_a-realloc.o)
 .data          0x00000000        0x0 /home/earlybeasts/.local/xPacks/@xpack-dev-tools/arm-none-eabi-gcc/13.2.1-1.1.1/.content/bin/../lib/gcc/arm-none-eabi/13.2.1/../../../../arm-none-eabi/lib/thumb/v7e-m/nofp/libg_nano.a(libc_a-realloc.o)
 .bss           0x00000000        0x0 /home/earlybeasts/.local/xPacks/@xpack-dev-tools/arm-none-eabi-gcc/13.2.1-1.1.1/.content/bin/../lib/gcc/arm-none-eabi/13.2.1/../../../../arm-none-eabi/lib/thumb/v7e-m/nofp/libg_nano.a(libc_a-realloc.o)
 .text.realloc  0x00000000       0x10 /home/earlybeasts/.local/xPacks/@xpack-dev-tools/arm-none-eabi-gcc/13.2.1-1.1.1/.content/bin/../lib/gcc/arm-none-eabi/13.2.1/../../../../arm-none-eabi/lib/thumb/v7e-m/nofp/libg_nano.a(libc_a-realloc.o)
 .comment       0x00000000       0x3a /home/earlybeasts/.local/xPacks/@xpack-dev-tools/arm-none-eabi-gcc/13.2.1-1.1.1/.content/bin/../lib/gcc/arm-none-eabi/13.2.1/../../../../arm-none-eabi/lib/thumb/v7e-m/nofp/libg_nano.a(libc_a-realloc.o)
 .ARM.attributes
                0x00000000       0x2e /home/earlybeasts/.local/xPacks/@xpack-dev-tools/arm-none-eabi-gcc/13.2.1-1.1.1/.content/bin/../lib/gcc/arm-none-eabi/13.2.1/../../../../arm-none-eabi/lib/thumb/v7e-m/nofp/libg_nano.a(libc_a-realloc.o)
 .text          0x00000000        0x0 /home/earlybeasts/.local/xPacks/@xpack-dev-tools/arm-none-eabi-gcc/13.2.1-1.1.1/.content/bin/../lib/gcc/arm-none-eabi/13.2.1/../../../../arm-none-eabi/lib/thumb/v7e-m/nofp/libg_nano.a(libc_a-reallocr.o)
 .data          0x00000000        0x0 /home/earlybeasts/.local/xPacks/@xpack-dev-tools/arm-none-eabi-gcc/13.2.1-1.1.1/.content/bin/../lib/gcc/arm-none-eabi/13.2.1/../../../../arm-none-eabi/lib/thumb/v7e-m/nofp/libg_nano.a(libc_a-reallocr.o)
 .bss           0x00000000        0x0 /home/earlybeasts/.local/xPacks/@xpack-dev-tools/arm-none-eabi-gcc/13.2.1-1.1.1/.content/bin/../lib/gcc/arm-none-eabi/13.2.1/../../../../arm-none-eabi/lib/thumb/v7e-m/nofp/libg_nano.a(libc_a-reallocr.o)
 .text._realloc_r
                0x00000000       0x5c /home/earlybeasts/.local/xPacks/@xpack-dev-tools/arm-none-eabi-gcc/13.2.1-1.1.1/.content/bin/../lib/gcc/arm-none-eabi/13.2.1/../../../../arm-none-eabi/lib/thumb/v7e-m/nofp/libg_nano.a(libc_a-reallocr.o)
 .comment       0x00000000       0x3a /home/earlybeasts/.local/xPacks/@xpack-dev-tools/arm-none-eabi-gcc/13.2.1-1.1.1/.content/bin/../lib/gcc/arm-none-eabi/13.2.1/../../../../arm-none-eabi/lib/thumb/v7e-m/nofp/libg_nano.a(libc_a-reallocr.o)
 .ARM.attributes
                0x00000000       0x2e /home/earlybeasts/.local/xPacks/@xpack-dev-tools/arm-none-eabi-gcc/13.2.1-1.1.1/.content/bin/../lib/gcc/arm-none-eabi/13.2.1/../../../../arm-none-eabi/lib/thumb/v7e-m/nofp/libg_nano.a(libc_a-reallocr.o)
 .text          0x00000000        0x0 /home/earlybeasts/.local/xPacks/@xpack-dev-tools/arm-none-eabi-gcc/13.2.1-1.1.1/.content/bin/../lib/gcc/arm-none-eabi/13.2.1/../../../../arm-none-eabi/lib/thumb/v7e-m/nofp/libg_nano.a(libc_a-snprintf.o)
 .data          0x00000000        0x0 /home/earlybeasts/.local/xPacks/@xpack-dev-tools/arm-none-eabi-gcc/13.2.1-1.1.1/.content/bin/../lib/gcc/arm-none-eabi/13.2.1/../../../../arm-none-eabi/lib/thumb/v7e-m/nofp/libg_nano.a(libc_a-snprintf.o)
 .bss           0x00000000        0x0 /home/earlybeasts/.local/xPacks/@xpack-dev-tools/arm-none-eabi-gcc/13.2.1-1.1.1/.content/bin/../lib/gcc/arm-none-eabi/13.2.1/../../../../arm-none-eabi/lib/thumb/v7e-m/nofp/libg_nano.a(libc_a-snprintf.o)
 .text._snprintf_r
                0x00000000       0x5e /home/earlybeasts/.local/xPacks/@xpack-dev-tools/arm-none-eabi-gcc/13.2.1-1.1.1/.content/bin/../lib/gcc/arm-none-eabi/13.2.1/../../../../arm-none-eabi/lib/thumb/v7e-m/nofp/libg_nano.a(libc_a-snprintf.o)
 .text.snprintf
                0x00000000       0x68 /home/earlybeasts/.local/xPacks/@xpack-dev-tools/arm-none-eabi-gcc/13.2.1-1.1.1/.content/bin/../lib/gcc/arm-none-eabi/13.2.1/../../../../arm-none-eabi/lib/thumb/v7e-m/nofp/libg_nano.a(libc_a-snprintf.o)
 .comment       0x00000000       0x3a /home/earlybeasts/.local/xPacks/@xpack-dev-tools/arm-none-eabi-gcc/13.2.1-1.1.1/.content/bin/../lib/gcc/arm-none-eabi/13.2.1/../../../../arm-none-eabi/lib/thumb/v7e-m/nofp/libg_nano.a(libc_a-snprintf.o)
 .ARM.attributes
                0x00000000       0x2e /home/earlybeasts/.local/xPacks/@xpack-dev-tools/arm-none-eabi-gcc/13.2.1-1.1.1/.content/bin/../lib/gcc/arm-none-eabi/13.2.1/../../../../arm-none-eabi/lib/thumb/v7e-m/nofp/libg_nano.a(libc_a-snprintf.o)
 .text          0x00000000        0x0 /home/earlybeasts/.local/xPacks/@xpack-dev-tools/arm-none-eabi-gcc/13.2.1-1.1.1/.content/bin/../lib/gcc/arm-none-eabi/13.2.1/../../../../arm-none-eabi/lib/thumb/v7e-m/nofp/libg_nano.a(libc_a-memcmp.o)
 .data          0x00000000        0x0 /home/earlybeasts/.local/xPacks/@xpack-dev-tools/arm-none-eabi-gcc/13.2.1-1.1.1/.content/bin/../lib/gcc/arm-none-eabi/13.2.1/../../../../arm-none-eabi/lib/thumb/v7e-m/nofp/libg_nano.a(libc_a-memcmp.o)
 .bss           0x00000000        0x0 /home/earlybeasts/.local/xPacks/@xpack-dev-tools/arm-none-eabi-gcc/13.2.1-1.1.1/.content/bin/../lib/gcc/arm-none-eabi/13.2.1/../../../../arm-none-eabi/lib/thumb/v7e-m/nofp/libg_nano.a(libc_a-memcmp.o)
 .text          0x00000000        0x0 /home/earlybeasts/.local/xPacks/@xpack-dev-tools/arm-none-eabi-gcc/13.2.1-1.1.1/.content/bin/../lib/gcc/arm-none-eabi/13.2.1/../../../../arm-none-eabi/lib/thumb/v7e-m/nofp/libg_nano.a(libc_a-memset.o)
 .data          0x00000000        0x0 /home/earlybeasts/.local/xPacks/@xpack-dev-tools/arm-none-eabi-gcc/13.2.1-1.1.1/.content/bin/../lib/gcc/arm-none-eabi/13.2.1/../../../../arm-none-eabi/lib/thumb/v7e-m/nofp/libg_nano.a(libc_a-memset.o)
 .bss           0x00000000        0x0 /home/earlybeasts/.local/xPacks/@xpack-dev-tools/arm-none-eabi-gcc/13.2.1-1.1.1/.content/bin/../lib/gcc/arm-none-eabi/13.2.1/../../../../arm-none-eabi/lib/thumb/v7e-m/nofp/libg_nano.a(libc_a-memset.o)
 .text          0x00000000        0x0 /home/earlybeasts/.local/xPacks/@xpack-dev-tools/arm-none-eabi-gcc/13.2.1-1.1.1/.content/bin/../lib/gcc/arm-none-eabi/13.2.1/../../../../arm-none-eabi/lib/thumb/v7e-m/nofp/libg_nano.a(libc_a-strncpy.o)
 .data          0x00000000        0x0 /home/earlybeasts/.local/xPacks/@xpack-dev-tools/arm-none-eabi-gcc/13.2.1-1.1.1/.content/bin/../lib/gcc/arm-none-eabi/13.2.1/../../../../arm-none-eabi/lib/thumb/v7e-m/nofp/libg_nano.a(libc_a-strncpy.o)
 .bss           0x00000000        0x0 /home/earlybeasts/.local/xPacks/@xpack-dev-tools/arm-none-eabi-gcc/13.2.1-1.1.1/.content/bin/../lib/gcc/arm-none-eabi/13.2.1/../../../../arm-none-eabi/lib/thumb/v7e-m/nofp/libg_nano.a(libc_a-strncpy.o)
 .text.strncpy  0x00000000       0x26 /home/earlybeasts/.local/xPacks/@xpack-dev-tools/arm-none-eabi-gcc/13.2.1-1.1.1/.content/bin/../lib/gcc/arm-none-eabi/13.2.1/../../../../arm-none-eabi/lib/thumb/v7e-m/nofp/libg_nano.a(libc_a-strncpy.o)
 .comment       0x00000000       0x3a /home/earlybeasts/.local/xPacks/@xpack-dev-tools/arm-none-eabi-gcc/13.2.1-1.1.1/.content/bin/../lib/gcc/arm-none-eabi/13.2.1/../../../../arm-none-eabi/lib/thumb/v7e-m/nofp/libg_nano.a(libc_a-strncpy.o)
 .ARM.attributes
                0x00000000       0x2e /home/earlybeasts/.local/xPacks/@xpack-dev-tools/arm-none-eabi-gcc/13.2.1-1.1.1/.content/bin/../lib/gcc/arm-none-eabi/13.2.1/../../../../arm-none-eabi/lib/thumb/v7e-m/nofp/libg_nano.a(libc_a-strncpy.o)
 .text          0x00000000        0x0 /home/earlybeasts/.local/xPacks/@xpack-dev-tools/arm-none-eabi-gcc/13.2.1-1.1.1/.content/bin/../lib/gcc/arm-none-eabi/13.2.1/../../../../arm-none-eabi/lib/thumb/v7e-m/nofp/libg_nano.a(libc_a-impure.o)
 .data          0x00000000        0x0 /home/earlybeasts/.local/xPacks/@xpack-dev-tools/arm-none-eabi-gcc/13.2.1-1.1.1/.content/bin/../lib/gcc/arm-none-eabi/13.2.1/../../../../arm-none-eabi/lib/thumb/v7e-m/nofp/libg_nano.a(libc_a-impure.o)
 .bss           0x00000000        0x0 /home/earlybeasts/.local/xPacks/@xpack-dev-tools/arm-none-eabi-gcc/13.2.1-1.1.1/.content/bin/../lib/gcc/arm-none-eabi/13.2.1/../../../../arm-none-eabi/lib/thumb/v7e-m/nofp/libg_nano.a(libc_a-impure.o)
 .data._impure_ptr
                0x00000000        0x4 /home/earlybeasts/.local/xPacks/@xpack-dev-tools/arm-none-eabi-gcc/13.2.1-1.1.1/.content/bin/../lib/gcc/arm-none-eabi/13.2.1/../../../../arm-none-eabi/lib/thumb/v7e-m/nofp/libg_nano.a(libc_a-impure.o)
 .data._impure_data
                0x00000000       0x4c /home/earlybeasts/.local/xPacks/@xpack-dev-tools/arm-none-eabi-gcc/13.2.1-1.1.1/.content/bin/../lib/gcc/arm-none-eabi/13.2.1/../../../../arm-none-eabi/lib/thumb/v7e-m/nofp/libg_nano.a(libc_a-impure.o)
 .comment       0x00000000       0x3a /home/earlybeasts/.local/xPacks/@xpack-dev-tools/arm-none-eabi-gcc/13.2.1-1.1.1/.content/bin/../lib/gcc/arm-none-eabi/13.2.1/../../../../arm-none-eabi/lib/thumb/v7e-m/nofp/libg_nano.a(libc_a-impure.o)
 .ARM.attributes
                0x00000000       0x2e /home/earlybeasts/.local/xPacks/@xpack-dev-tools/arm-none-eabi-gcc/13.2.1-1.1.1/.content/bin/../lib/gcc/arm-none-eabi/13.2.1/../../../../arm-none-eabi/lib/thumb/v7e-m/nofp/libg_nano.a(libc_a-impure.o)
 .text          0x00000000        0x0 /home/earlybeasts/.local/xPacks/@xpack-dev-tools/arm-none-eabi-gcc/13.2.1-1.1.1/.content/bin/../lib/gcc/arm-none-eabi/13.2.1/../../../../arm-none-eabi/lib/thumb/v7e-m/nofp/libg_nano.a(libc_a-sbrkr.o)
 .data          0x00000000        0x0 /home/earlybeasts/.local/xPacks/@xpack-dev-tools/arm-none-eabi-gcc/13.2.1-1.1.1/.content/bin/../lib/gcc/arm-none-eabi/13.2.1/../../../../arm-none-eabi/lib/thumb/v7e-m/nofp/libg_nano.a(libc_a-sbrkr.o)
 .bss           0x00000000        0x0 /home/earlybeasts/.local/xPacks/@xpack-dev-tools/arm-none-eabi-gcc/13.2.1-1.1.1/.content/bin/../lib/gcc/arm-none-eabi/13.2.1/../../../../arm-none-eabi/lib/thumb/v7e-m/nofp/libg_nano.a(libc_a-sbrkr.o)
 .text._sbrk_r  0x00000000       0x20 /home/earlybeasts/.local/xPacks/@xpack-dev-tools/arm-none-eabi-gcc/13.2.1-1.1.1/.content/bin/../lib/gcc/arm-none-eabi/13.2.1/../../../../arm-none-eabi/lib/thumb/v7e-m/nofp/libg_nano.a(libc_a-sbrkr.o)
 .comment       0x00000000       0x3a /home/earlybeasts/.local/xPacks/@xpack-dev-tools/arm-none-eabi-gcc/13.2.1-1.1.1/.content/bin/../lib/gcc/arm-none-eabi/13.2.1/../../../../arm-none-eabi/lib/thumb/v7e-m/nofp/libg_nano.a(libc_a-sbrkr.o)
 .ARM.attributes
                0x00000000       0x2e /home/earlybeasts/.local/xPacks/@xpack-dev-tools/arm-none-eabi-gcc/13.2.1-1.1.1/.content/bin/../lib/gcc/arm-none-eabi/13.2.1/../../../../arm-none-eabi/lib/thumb/v7e-m/nofp/libg_nano.a(libc_a-sbrkr.o)
 .text          0x00000000        0x0 /home/earlybeasts/.local/xPacks/@xpack-dev-tools/arm-none-eabi-gcc/13.2.1-1.1.1/.content/bin/../lib/gcc/arm-none-eabi/13.2.1/../../../../arm-none-eabi/lib/thumb/v7e-m/nofp/libg_nano.a(libc_a-errno.o)
 .data          0x00000000        0x0 /home/earlybeasts/.local/xPacks/@xpack-dev-tools/arm-none-eabi-gcc/13.2.1-1.1.1/.content/bin/../lib/gcc/arm-none-eabi/13.2.1/../../../../arm-none-eabi/lib/thumb/v7e-m/nofp/libg_nano.a(libc_a-errno.o)
 .bss           0x00000000        0x0 /home/earlybeasts/.local/xPacks/@xpack-dev-tools/arm-none-eabi-gcc/13.2.1-1.1.1/.content/bin/../lib/gcc/arm-none-eabi/13.2.1/../../../../arm-none-eabi/lib/thumb/v7e-m/nofp/libg_nano.a(libc_a-errno.o)
 .text.__errno  0x00000000        0xc /home/earlybeasts/.local/xPacks/@xpack-dev-tools/arm-none-eabi-gcc/13.2.1-1.1.1/.content/bin/../lib/gcc/arm-none-eabi/13.2.1/../../../../arm-none-eabi/lib/thumb/v7e-m/nofp/libg_nano.a(libc_a-errno.o)
 .comment       0x00000000       0x3a /home/earlybeasts/.local/xPacks/@xpack-dev-tools/arm-none-eabi-gcc/13.2.1-1.1.1/.content/bin/../lib/gcc/arm-none-eabi/13.2.1/../../../../arm-none-eabi/lib/thumb/v7e-m/nofp/libg_nano.a(libc_a-errno.o)
 .ARM.attributes
                0x00000000       0x2e /home/earlybeasts/.local/xPacks/@xpack-dev-tools/arm-none-eabi-gcc/13.2.1-1.1.1/.content/bin/../lib/gcc/arm-none-eabi/13.2.1/../../../../arm-none-eabi/lib/thumb/v7e-m/nofp/libg_nano.a(libc_a-errno.o)
 .text          0x00000000        0x0 /home/earlybeasts/.local/xPacks/@xpack-dev-tools/arm-none-eabi-gcc/13.2.1-1.1.1/.content/bin/../lib/gcc/arm-none-eabi/13.2.1/../../../../arm-none-eabi/lib/thumb/v7e-m/nofp/libg_nano.a(libc_a-lock.o)
 .data          0x00000000        0x0 /home/earlybeasts/.local/xPacks/@xpack-dev-tools/arm-none-eabi-gcc/13.2.1-1.1.1/.content/bin/../lib/gcc/arm-none-eabi/13.2.1/../../../../arm-none-eabi/lib/thumb/v7e-m/nofp/libg_nano.a(libc_a-lock.o)
 .bss           0x00000000        0x0 /home/earlybeasts/.local/xPacks/@xpack-dev-tools/arm-none-eabi-gcc/13.2.1-1.1.1/.content/bin/../lib/gcc/arm-none-eabi/13.2.1/../../../../arm-none-eabi/lib/thumb/v7e-m/nofp/libg_nano.a(libc_a-lock.o)
 .text.__retarget_lock_init
                0x00000000        0x2 /home/earlybeasts/.local/xPacks/@xpack-dev-tools/arm-none-eabi-gcc/13.2.1-1.1.1/.content/bin/../lib/gcc/arm-none-eabi/13.2.1/../../../../arm-none-eabi/lib/thumb/v7e-m/nofp/libg_nano.a(libc_a-lock.o)
 .text.__retarget_lock_init_recursive
                0x00000000        0x2 /home/earlybeasts/.local/xPacks/@xpack-dev-tools/arm-none-eabi-gcc/13.2.1-1.1.1/.content/bin/../lib/gcc/arm-none-eabi/13.2.1/../../../../arm-none-eabi/lib/thumb/v7e-m/nofp/libg_nano.a(libc_a-lock.o)
 .text.__retarget_lock_close
                0x00000000        0x2 /home/earlybeasts/.local/xPacks/@xpack-dev-tools/arm-none-eabi-gcc/13.2.1-1.1.1/.content/bin/../lib/gcc/arm-none-eabi/13.2.1/../../../../arm-none-eabi/lib/thumb/v7e-m/nofp/libg_nano.a(libc_a-lock.o)
 .text.__retarget_lock_close_recursive
                0x00000000        0x2 /home/earlybeasts/.local/xPacks/@xpack-dev-tools/arm-none-eabi-gcc/13.2.1-1.1.1/.content/bin/../lib/gcc/arm-none-eabi/13.2.1/../../../../arm-none-eabi/lib/thumb/v7e-m/nofp/libg_nano.a(libc_a-lock.o)
 .text.__retarget_lock_acquire
                0x00000000        0x2 /home/earlybeasts/.local/xPacks/@xpack-dev-tools/arm-none-eabi-gcc/13.2.1-1.1.1/.content/bin/../lib/gcc/arm-none-eabi/13.2.1/../../../../arm-none-eabi/lib/thumb/v7e-m/nofp/libg_nano.a(libc_a-lock.o)
 .text.__retarget_lock_acquire_recursive
                0x00000000        0x2 /home/earlybeasts/.local/xPacks/@xpack-dev-tools/arm-none-eabi-gcc/13.2.1-1.1.1/.content/bin/../lib/gcc/arm-none-eabi/13.2.1/../../../../arm-none-eabi/lib/thumb/v7e-m/nofp/libg_nano.a(libc_a-lock.o)
 .text.__retarget_lock_try_acquire
                0x00000000        0x4 /home/earlybeasts/.local/xPacks/@xpack-dev-tools/arm-none-eabi-gcc/13.2.1-1.1.1/.content/bin/../lib/gcc/arm-none-eabi/13.2.1/../../../../arm-none-eabi/lib/thumb/v7e-m/nofp/libg_nano.a(libc_a-lock.o)
 .text.__retarget_lock_try_acquire_recursive
                0x00000000        0x4 /home/earlybeasts/.local/xPacks/@xpack-dev-tools/arm-none-eabi-gcc/13.2.1-1.1.1/.content/bin/../lib/gcc/arm-none-eabi/13.2.1/../../../../arm-none-eabi/lib/thumb/v7e-m/nofp/libg_nano.a(libc_a-lock.o)
 .text.__retarget_lock_release
                0x00000000        0x2 /home/earlybeasts/.local/xPacks/@xpack-dev-tools/arm-none-eabi-gcc/13.2.1-1.1.1/.content/bin/../lib/gcc/arm-none-eabi/13.2.1/../../../../arm-none-eabi/lib/thumb/v7e-m/nofp/libg_nano.a(libc_a-lock.o)
 .text.__retarget_lock_release_recursive
                0x00000000        0x2 /home/earlybeasts/.local/xPacks/@xpack-dev-tools/arm-none-eabi-gcc/13.2.1-1.1.1/.content/bin/../lib/gcc/arm-none-eabi/13.2.1/../../../../arm-none-eabi/lib/thumb/v7e-m/nofp/libg_nano.a(libc_a-lock.o)
 .bss.__lock___arc4random_mutex
                0x00000000        0x1 /home/earlybeasts/.local/xPacks/@xpack-dev-tools/arm-none-eabi-gcc/13.2.1-1.1.1/.content/bin/../lib/gcc/arm-none-eabi/13.2.1/../../../../arm-none-eabi/lib/thumb/v7e-m/nofp/libg_nano.a(libc_a-lock.o)
 .bss.__lock___dd_hash_mutex
                0x00000000        0x1 /home/earlybeasts/.local/xPacks/@xpack-dev-tools/arm-none-eabi-gcc/13.2.1-1.1.1/.content/bin/../lib/gcc/arm-none-eabi/13.2.1/../../../../arm-none-eabi/lib/thumb/v7e-m/nofp/libg_nano.a(libc_a-lock.o)
 .bss.__lock___tz_mutex
                0x00000000        0x1 /home/earlybeasts/.local/xPacks/@xpack-dev-tools/arm-none-eabi-gcc/13.2.1-1.1.1/.content/bin/../lib/gcc/arm-none-eabi/13.2.1/../../../../arm-none-eabi/lib/thumb/v7e-m/nofp/libg_nano.a(libc_a-lock.o)
 .bss.__lock___env_recursive_mutex
                0x00000000        0x1 /home/earlybeasts/.local/xPacks/@xpack-dev-tools/arm-none-eabi-gcc/13.2.1-1.1.1/.content/bin/../lib/gcc/arm-none-eabi/13.2.1/../../../../arm-none-eabi/lib/thumb/v7e-m/nofp/libg_nano.a(libc_a-lock.o)
 .bss.__lock___malloc_recursive_mutex
                0x00000000        0x1 /home/earlybeasts/.local/xPacks/@xpack-dev-tools/arm-none-eabi-gcc/13.2.1-1.1.1/.content/bin/../lib/gcc/arm-none-eabi/13.2.1/../../../../arm-none-eabi/lib/thumb/v7e-m/nofp/libg_nano.a(libc_a-lock.o)
 .bss.__lock___at_quick_exit_mutex
                0x00000000        0x1 /home/earlybeasts/.local/xPacks/@xpack-dev-tools/arm-none-eabi-gcc/13.2.1-1.1.1/.content/bin/../lib/gcc/arm-none-eabi/13.2.1/../../../../arm-none-eabi/lib/thumb/v7e-m/nofp/libg_nano.a(libc_a-lock.o)
 .bss.__lock___atexit_recursive_mutex
                0x00000000        0x1 /home/earlybeasts/.local/xPacks/@xpack-dev-tools/arm-none-eabi-gcc/13.2.1-1.1.1/.content/bin/../lib/gcc/arm-none-eabi/13.2.1/../../../../arm-none-eabi/lib/thumb/v7e-m/nofp/libg_nano.a(libc_a-lock.o)
 .bss.__lock___sfp_recursive_mutex
                0x00000000        0x1 /home/earlybeasts/.local/xPacks/@xpack-dev-tools/arm-none-eabi-gcc/13.2.1-1.1.1/.content/bin/../lib/gcc/arm-none-eabi/13.2.1/../../../../arm-none-eabi/lib/thumb/v7e-m/nofp/libg_nano.a(libc_a-lock.o)
 .comment       0x00000000       0x3a /home/earlybeasts/.local/xPacks/@xpack-dev-tools/arm-none-eabi-gcc/13.2.1-1.1.1/.content/bin/../lib/gcc/arm-none-eabi/13.2.1/../../../../arm-none-eabi/lib/thumb/v7e-m/nofp/libg_nano.a(libc_a-lock.o)
 .ARM.attributes
                0x00000000       0x2e /home/earlybeasts/.local/xPacks/@xpack-dev-tools/arm-none-eabi-gcc/13.2.1-1.1.1/.content/bin/../lib/gcc/arm-none-eabi/13.2.1/../../../../arm-none-eabi/lib/thumb/v7e-m/nofp/libg_nano.a(libc_a-lock.o)
 .text          0x00000000       0x14 /home/earlybeasts/.local/xPacks/@xpack-dev-tools/arm-none-eabi-gcc/13.2.1-1.1.1/.content/bin/../lib/gcc/arm-none-eabi/13.2.1/../../../../arm-none-eabi/lib/thumb/v7e-m/nofp/libg_nano.a(libc_a-strcmp.o)
 .data          0x00000000        0x0 /home/earlybeasts/.local/xPacks/@xpack-dev-tools/arm-none-eabi-gcc/13.2.1-1.1.1/.content/bin/../lib/gcc/arm-none-eabi/13.2.1/../../../../arm-none-eabi/lib/thumb/v7e-m/nofp/libg_nano.a(libc_a-strcmp.o)
 .bss           0x00000000        0x0 /home/earlybeasts/.local/xPacks/@xpack-dev-tools/arm-none-eabi-gcc/13.2.1-1.1.1/.content/bin/../lib/gcc/arm-none-eabi/13.2.1/../../../../arm-none-eabi/lib/thumb/v7e-m/nofp/libg_nano.a(libc_a-strcmp.o)
 .ARM.extab     0x00000000        0x0 /home/earlybeasts/.local/xPacks/@xpack-dev-tools/arm-none-eabi-gcc/13.2.1-1.1.1/.content/bin/../lib/gcc/arm-none-eabi/13.2.1/../../../../arm-none-eabi/lib/thumb/v7e-m/nofp/libg_nano.a(libc_a-strcmp.o)
 .ARM.exidx     0x00000000        0x8 /home/earlybeasts/.local/xPacks/@xpack-dev-tools/arm-none-eabi-gcc/13.2.1-1.1.1/.content/bin/../lib/gcc/arm-none-eabi/13.2.1/../../../../arm-none-eabi/lib/thumb/v7e-m/nofp/libg_nano.a(libc_a-strcmp.o)
 .ARM.attributes
                0x00000000       0x1c /home/earlybeasts/.local/xPacks/@xpack-dev-tools/arm-none-eabi-gcc/13.2.1-1.1.1/.content/bin/../lib/gcc/arm-none-eabi/13.2.1/../../../../arm-none-eabi/lib/thumb/v7e-m/nofp/libg_nano.a(libc_a-strcmp.o)
 .text          0x00000000        0x0 /home/earlybeasts/.local/xPacks/@xpack-dev-tools/arm-none-eabi-gcc/13.2.1-1.1.1/.content/bin/../lib/gcc/arm-none-eabi/13.2.1/../../../../arm-none-eabi/lib/thumb/v7e-m/nofp/libg_nano.a(libc_a-memcpy-stub.o)
 .data          0x00000000        0x0 /home/earlybeasts/.local/xPacks/@xpack-dev-tools/arm-none-eabi-gcc/13.2.1-1.1.1/.content/bin/../lib/gcc/arm-none-eabi/13.2.1/../../../../arm-none-eabi/lib/thumb/v7e-m/nofp/libg_nano.a(libc_a-memcpy-stub.o)
 .bss           0x00000000        0x0 /home/earlybeasts/.local/xPacks/@xpack-dev-tools/arm-none-eabi-gcc/13.2.1-1.1.1/.content/bin/../lib/gcc/arm-none-eabi/13.2.1/../../../../arm-none-eabi/lib/thumb/v7e-m/nofp/libg_nano.a(libc_a-memcpy-stub.o)
 .text.memcpy   0x00000000       0x1c /home/earlybeasts/.local/xPacks/@xpack-dev-tools/arm-none-eabi-gcc/13.2.1-1.1.1/.content/bin/../lib/gcc/arm-none-eabi/13.2.1/../../../../arm-none-eabi/lib/thumb/v7e-m/nofp/libg_nano.a(libc_a-memcpy-stub.o)
 .comment       0x00000000       0x3a /home/earlybeasts/.local/xPacks/@xpack-dev-tools/arm-none-eabi-gcc/13.2.1-1.1.1/.content/bin/../lib/gcc/arm-none-eabi/13.2.1/../../../../arm-none-eabi/lib/thumb/v7e-m/nofp/libg_nano.a(libc_a-memcpy-stub.o)
 .ARM.attributes
                0x00000000       0x2e /home/earlybeasts/.local/xPacks/@xpack-dev-tools/arm-none-eabi-gcc/13.2.1-1.1.1/.content/bin/../lib/gcc/arm-none-eabi/13.2.1/../../../../arm-none-eabi/lib/thumb/v7e-m/nofp/libg_nano.a(libc_a-memcpy-stub.o)
 .text          0x00000000       0x10 /home/earlybeasts/.local/xPacks/@xpack-dev-tools/arm-none-eabi-gcc/13.2.1-1.1.1/.content/bin/../lib/gcc/arm-none-eabi/13.2.1/../../../../arm-none-eabi/lib/thumb/v7e-m/nofp/libg_nano.a(libc_a-strlen.o)
 .data          0x00000000        0x0 /home/earlybeasts/.local/xPacks/@xpack-dev-tools/arm-none-eabi-gcc/13.2.1-1.1.1/.content/bin/../lib/gcc/arm-none-eabi/13.2.1/../../../../arm-none-eabi/lib/thumb/v7e-m/nofp/libg_nano.a(libc_a-strlen.o)
 .bss           0x00000000        0x0 /home/earlybeasts/.local/xPacks/@xpack-dev-tools/arm-none-eabi-gcc/13.2.1-1.1.1/.content/bin/../lib/gcc/arm-none-eabi/13.2.1/../../../../arm-none-eabi/lib/thumb/v7e-m/nofp/libg_nano.a(libc_a-strlen.o)
 .ARM.extab     0x00000000        0x0 /home/earlybeasts/.local/xPacks/@xpack-dev-tools/arm-none-eabi-gcc/13.2.1-1.1.1/.content/bin/../lib/gcc/arm-none-eabi/13.2.1/../../../../arm-none-eabi/lib/thumb/v7e-m/nofp/libg_nano.a(libc_a-strlen.o)
 .ARM.exidx     0x00000000        0x8 /home/earlybeasts/.local/xPacks/@xpack-dev-tools/arm-none-eabi-gcc/13.2.1-1.1.1/.content/bin/../lib/gcc/arm-none-eabi/13.2.1/../../../../arm-none-eabi/lib/thumb/v7e-m/nofp/libg_nano.a(libc_a-strlen.o)
 .text          0x00000000        0x0 /home/earlybeasts/.local/xPacks/@xpack-dev-tools/arm-none-eabi-gcc/13.2.1-1.1.1/.content/bin/../lib/gcc/arm-none-eabi/13.2.1/../../../../arm-none-eabi/lib/thumb/v7e-m/nofp/libg_nano.a(libc_a-freer.o)
 .data          0x00000000        0x0 /home/earlybeasts/.local/xPacks/@xpack-dev-tools/arm-none-eabi-gcc/13.2.1-1.1.1/.content/bin/../lib/gcc/arm-none-eabi/13.2.1/../../../../arm-none-eabi/lib/thumb/v7e-m/nofp/libg_nano.a(libc_a-freer.o)
 .bss           0x00000000        0x0 /home/earlybeasts/.local/xPacks/@xpack-dev-tools/arm-none-eabi-gcc/13.2.1-1.1.1/.content/bin/../lib/gcc/arm-none-eabi/13.2.1/../../../../arm-none-eabi/lib/thumb/v7e-m/nofp/libg_nano.a(libc_a-freer.o)
 .text._free_r  0x00000000       0x94 /home/earlybeasts/.local/xPacks/@xpack-dev-tools/arm-none-eabi-gcc/13.2.1-1.1.1/.content/bin/../lib/gcc/arm-none-eabi/13.2.1/../../../../arm-none-eabi/lib/thumb/v7e-m/nofp/libg_nano.a(libc_a-freer.o)
 .comment       0x00000000       0x3a /home/earlybeasts/.local/xPacks/@xpack-dev-tools/arm-none-eabi-gcc/13.2.1-1.1.1/.content/bin/../lib/gcc/arm-none-eabi/13.2.1/../../../../arm-none-eabi/lib/thumb/v7e-m/nofp/libg_nano.a(libc_a-freer.o)
 .ARM.attributes
                0x00000000       0x2e /home/earlybeasts/.local/xPacks/@xpack-dev-tools/arm-none-eabi-gcc/13.2.1-1.1.1/.content/bin/../lib/gcc/arm-none-eabi/13.2.1/../../../../arm-none-eabi/lib/thumb/v7e-m/nofp/libg_nano.a(libc_a-freer.o)
 .text          0x00000000        0x0 /home/earlybeasts/.local/xPacks/@xpack-dev-tools/arm-none-eabi-gcc/13.2.1-1.1.1/.content/bin/../lib/gcc/arm-none-eabi/13.2.1/../../../../arm-none-eabi/lib/thumb/v7e-m/nofp/libg_nano.a(libc_a-msizer.o)
 .data          0x00000000        0x0 /home/earlybeasts/.local/xPacks/@xpack-dev-tools/arm-none-eabi-gcc/13.2.1-1.1.1/.content/bin/../lib/gcc/arm-none-eabi/13.2.1/../../../../arm-none-eabi/lib/thumb/v7e-m/nofp/libg_nano.a(libc_a-msizer.o)
 .bss           0x00000000        0x0 /home/earlybeasts/.local/xPacks/@xpack-dev-tools/arm-none-eabi-gcc/13.2.1-1.1.1/.content/bin/../lib/gcc/arm-none-eabi/13.2.1/../../../../arm-none-eabi/lib/thumb/v7e-m/nofp/libg_nano.a(libc_a-msizer.o)
 .text._malloc_usable_size_r
                0x00000000       0x10 /home/earlybeasts/.local/xPacks/@xpack-dev-tools/arm-none-eabi-gcc/13.2.1-1.1.1/.content/bin/../lib/gcc/arm-none-eabi/13.2.1/../../../../arm-none-eabi/lib/thumb/v7e-m/nofp/libg_nano.a(libc_a-msizer.o)
 .comment       0x00000000       0x3a /home/earlybeasts/.local/xPacks/@xpack-dev-tools/arm-none-eabi-gcc/13.2.1-1.1.1/.content/bin/../lib/gcc/arm-none-eabi/13.2.1/../../../../arm-none-eabi/lib/thumb/v7e-m/nofp/libg_nano.a(libc_a-msizer.o)
 .ARM.attributes
                0x00000000       0x2e /home/earlybeasts/.local/xPacks/@xpack-dev-tools/arm-none-eabi-gcc/13.2.1-1.1.1/.content/bin/../lib/gcc/arm-none-eabi/13.2.1/../../../../arm-none-eabi/lib/thumb/v7e-m/nofp/libg_nano.a(libc_a-msizer.o)
 .text          0x00000000        0x0 /home/earlybeasts/.local/xPacks/@xpack-dev-tools/arm-none-eabi-gcc/13.2.1-1.1.1/.content/bin/../lib/gcc/arm-none-eabi/13.2.1/../../../../arm-none-eabi/lib/thumb/v7e-m/nofp/libg_nano.a(libc_a-nano-svfprintf.o)
 .data          0x00000000        0x0 /home/earlybeasts/.local/xPacks/@xpack-dev-tools/arm-none-eabi-gcc/13.2.1-1.1.1/.content/bin/../lib/gcc/arm-none-eabi/13.2.1/../../../../arm-none-eabi/lib/thumb/v7e-m/nofp/libg_nano.a(libc_a-nano-svfprintf.o)
 .bss           0x00000000        0x0 /home/earlybeasts/.local/xPacks/@xpack-dev-tools/arm-none-eabi-gcc/13.2.1-1.1.1/.content/bin/../lib/gcc/arm-none-eabi/13.2.1/../../../../arm-none-eabi/lib/thumb/v7e-m/nofp/libg_nano.a(libc_a-nano-svfprintf.o)
 .text.__ssputs_r
                0x00000000       0xb6 /home/earlybeasts/.local/xPacks/@xpack-dev-tools/arm-none-eabi-gcc/13.2.1-1.1.1/.content/bin/../lib/gcc/arm-none-eabi/13.2.1/../../../../arm-none-eabi/lib/thumb/v7e-m/nofp/libg_nano.a(libc_a-nano-svfprintf.o)
 .text.__ssprint_r
                0x00000000       0xfa /home/earlybeasts/.local/xPacks/@xpack-dev-tools/arm-none-eabi-gcc/13.2.1-1.1.1/.content/bin/../lib/gcc/arm-none-eabi/13.2.1/../../../../arm-none-eabi/lib/thumb/v7e-m/nofp/libg_nano.a(libc_a-nano-svfprintf.o)
 .rodata._svfprintf_r.str1.1
                0x00000000       0x11 /home/earlybeasts/.local/xPacks/@xpack-dev-tools/arm-none-eabi-gcc/13.2.1-1.1.1/.content/bin/../lib/gcc/arm-none-eabi/13.2.1/../../../../arm-none-eabi/lib/thumb/v7e-m/nofp/libg_nano.a(libc_a-nano-svfprintf.o)
 .text._svfprintf_r
                0x00000000      0x1f8 /home/earlybeasts/.local/xPacks/@xpack-dev-tools/arm-none-eabi-gcc/13.2.1-1.1.1/.content/bin/../lib/gcc/arm-none-eabi/13.2.1/../../../../arm-none-eabi/lib/thumb/v7e-m/nofp/libg_nano.a(libc_a-nano-svfprintf.o)
 .comment       0x00000000       0x3a /home/earlybeasts/.local/xPacks/@xpack-dev-tools/arm-none-eabi-gcc/13.2.1-1.1.1/.content/bin/../lib/gcc/arm-none-eabi/13.2.1/../../../../arm-none-eabi/lib/thumb/v7e-m/nofp/libg_nano.a(libc_a-nano-svfprintf.o)
 .ARM.attributes
                0x00000000       0x2e /home/earlybeasts/.local/xPacks/@xpack-dev-tools/arm-none-eabi-gcc/13.2.1-1.1.1/.content/bin/../lib/gcc/arm-none-eabi/13.2.1/../../../../arm-none-eabi/lib/thumb/v7e-m/nofp/libg_nano.a(libc_a-nano-svfprintf.o)
 .text          0x00000000        0x0 /home/earlybeasts/.local/xPacks/@xpack-dev-tools/arm-none-eabi-gcc/13.2.1-1.1.1/.content/bin/../lib/gcc/arm-none-eabi/13.2.1/../../../../arm-none-eabi/lib/thumb/v7e-m/nofp/libg_nano.a(libc_a-nano-vfprintf_i.o)
 .data          0x00000000        0x0 /home/earlybeasts/.local/xPacks/@xpack-dev-tools/arm-none-eabi-gcc/13.2.1-1.1.1/.content/bin/../lib/gcc/arm-none-eabi/13.2.1/../../../../arm-none-eabi/lib/thumb/v7e-m/nofp/libg_nano.a(libc_a-nano-vfprintf_i.o)
 .bss           0x00000000        0x0 /home/earlybeasts/.local/xPacks/@xpack-dev-tools/arm-none-eabi-gcc/13.2.1-1.1.1/.content/bin/../lib/gcc/arm-none-eabi/13.2.1/../../../../arm-none-eabi/lib/thumb/v7e-m/nofp/libg_nano.a(libc_a-nano-vfprintf_i.o)
 .text._printf_common
                0x00000000       0xda /home/earlybeasts/.local/xPacks/@xpack-dev-tools/arm-none-eabi-gcc/13.2.1-1.1.1/.content/bin/../lib/gcc/arm-none-eabi/13.2.1/../../../../arm-none-eabi/lib/thumb/v7e-m/nofp/libg_nano.a(libc_a-nano-vfprintf_i.o)
 .rodata._printf_i.str1.1
                0x00000000       0x22 /home/earlybeasts/.local/xPacks/@xpack-dev-tools/arm-none-eabi-gcc/13.2.1-1.1.1/.content/bin/../lib/gcc/arm-none-eabi/13.2.1/../../../../arm-none-eabi/lib/thumb/v7e-m/nofp/libg_nano.a(libc_a-nano-vfprintf_i.o)
 .text._printf_i
                0x00000000      0x23c /home/earlybeasts/.local/xPacks/@xpack-dev-tools/arm-none-eabi-gcc/13.2.1-1.1.1/.content/bin/../lib/gcc/arm-none-eabi/13.2.1/../../../../arm-none-eabi/lib/thumb/v7e-m/nofp/libg_nano.a(libc_a-nano-vfprintf_i.o)
 .comment       0x00000000       0x3a /home/earlybeasts/.local/xPacks/@xpack-dev-tools/arm-none-eabi-gcc/13.2.1-1.1.1/.content/bin/../lib/gcc/arm-none-eabi/13.2.1/../../../../arm-none-eabi/lib/thumb/v7e-m/nofp/libg_nano.a(libc_a-nano-vfprintf_i.o)
 .ARM.attributes
                0x00000000       0x2e /home/earlybeasts/.local/xPacks/@xpack-dev-tools/arm-none-eabi-gcc/13.2.1-1.1.1/.content/bin/../lib/gcc/arm-none-eabi/13.2.1/../../../../arm-none-eabi/lib/thumb/v7e-m/nofp/libg_nano.a(libc_a-nano-vfprintf_i.o)
 .text          0x00000000        0x0 /home/earlybeasts/.local/xPacks/@xpack-dev-tools/arm-none-eabi-gcc/13.2.1-1.1.1/.content/bin/../lib/gcc/arm-none-eabi/13.2.1/../../../../arm-none-eabi/lib/thumb/v7e-m/nofp/libg_nano.a(libc_a-memmove.o)
 .data          0x00000000        0x0 /home/earlybeasts/.local/xPacks/@xpack-dev-tools/arm-none-eabi-gcc/13.2.1-1.1.1/.content/bin/../lib/gcc/arm-none-eabi/13.2.1/../../../../arm-none-eabi/lib/thumb/v7e-m/nofp/libg_nano.a(libc_a-memmove.o)
 .bss           0x00000000        0x0 /home/earlybeasts/.local/xPacks/@xpack-dev-tools/arm-none-eabi-gcc/13.2.1-1.1.1/.content/bin/../lib/gcc/arm-none-eabi/13.2.1/../../../../arm-none-eabi/lib/thumb/v7e-m/nofp/libg_nano.a(libc_a-memmove.o)
 .text.memmove  0x00000000       0x34 /home/earlybeasts/.local/xPacks/@xpack-dev-tools/arm-none-eabi-gcc/13.2.1-1.1.1/.content/bin/../lib/gcc/arm-none-eabi/13.2.1/../../../../arm-none-eabi/lib/thumb/v7e-m/nofp/libg_nano.a(libc_a-memmove.o)
 .comment       0x00000000       0x3a /home/earlybeasts/.local/xPacks/@xpack-dev-tools/arm-none-eabi-gcc/13.2.1-1.1.1/.content/bin/../lib/gcc/arm-none-eabi/13.2.1/../../../../arm-none-eabi/lib/thumb/v7e-m/nofp/libg_nano.a(libc_a-memmove.o)
 .ARM.attributes
                0x00000000       0x2e /home/earlybeasts/.local/xPacks/@xpack-dev-tools/arm-none-eabi-gcc/13.2.1-1.1.1/.content/bin/../lib/gcc/arm-none-eabi/13.2.1/../../../../arm-none-eabi/lib/thumb/v7e-m/nofp/libg_nano.a(libc_a-memmove.o)
 .text          0x00000000       0xa0 /home/earlybeasts/.local/xPacks/@xpack-dev-tools/arm-none-eabi-gcc/13.2.1-1.1.1/.content/bin/../lib/gcc/arm-none-eabi/13.2.1/../../../../arm-none-eabi/lib/thumb/v7e-m/nofp/libg_nano.a(libc_a-memchr.o)
 .data          0x00000000        0x0 /home/earlybeasts/.local/xPacks/@xpack-dev-tools/arm-none-eabi-gcc/13.2.1-1.1.1/.content/bin/../lib/gcc/arm-none-eabi/13.2.1/../../../../arm-none-eabi/lib/thumb/v7e-m/nofp/libg_nano.a(libc_a-memchr.o)
 .bss           0x00000000        0x0 /home/earlybeasts/.local/xPacks/@xpack-dev-tools/arm-none-eabi-gcc/13.2.1-1.1.1/.content/bin/../lib/gcc/arm-none-eabi/13.2.1/../../../../arm-none-eabi/lib/thumb/v7e-m/nofp/libg_nano.a(libc_a-memchr.o)
 .ARM.extab     0x00000000        0x0 /home/earlybeasts/.local/xPacks/@xpack-dev-tools/arm-none-eabi-gcc/13.2.1-1.1.1/.content/bin/../lib/gcc/arm-none-eabi/13.2.1/../../../../arm-none-eabi/lib/thumb/v7e-m/nofp/libg_nano.a(libc_a-memchr.o)
 .ARM.exidx     0x00000000        0x8 /home/earlybeasts/.local/xPacks/@xpack-dev-tools/arm-none-eabi-gcc/13.2.1-1.1.1/.content/bin/../lib/gcc/arm-none-eabi/13.2.1/../../../../arm-none-eabi/lib/thumb/v7e-m/nofp/libg_nano.a(libc_a-memchr.o)
 .text          0x00000000       0xa0 /home/earlybeasts/.local/xPacks/@xpack-dev-tools/arm-none-eabi-gcc/13.2.1-1.1.1/.content/bin/../lib/gcc/arm-none-eabi/13.2.1/thumb/v7e-m/nofp/libgcc.a(_aeabi_ldivmod.o)
 .data          0x00000000        0x0 /home/earlybeasts/.local/xPacks/@xpack-dev-tools/arm-none-eabi-gcc/13.2.1-1.1.1/.content/bin/../lib/gcc/arm-none-eabi/13.2.1/thumb/v7e-m/nofp/libgcc.a(_aeabi_ldivmod.o)
 .bss           0x00000000        0x0 /home/earlybeasts/.local/xPacks/@xpack-dev-tools/arm-none-eabi-gcc/13.2.1-1.1.1/.content/bin/../lib/gcc/arm-none-eabi/13.2.1/thumb/v7e-m/nofp/libgcc.a(_aeabi_ldivmod.o)
 .ARM.attributes
                0x00000000       0x1e /home/earlybeasts/.local/xPacks/@xpack-dev-tools/arm-none-eabi-gcc/13.2.1-1.1.1/.content/bin/../lib/gcc/arm-none-eabi/13.2.1/thumb/v7e-m/nofp/libgcc.a(_aeabi_ldivmod.o)
 .data          0x00000000        0x0 /home/earlybeasts/.local/xPacks/@xpack-dev-tools/arm-none-eabi-gcc/13.2.1-1.1.1/.content/bin/../lib/gcc/arm-none-eabi/13.2.1/thumb/v7e-m/nofp/libgcc.a(_aeabi_uldivmod.o)
 .bss           0x00000000        0x0 /home/earlybeasts/.local/xPacks/@xpack-dev-tools/arm-none-eabi-gcc/13.2.1-1.1.1/.content/bin/../lib/gcc/arm-none-eabi/13.2.1/thumb/v7e-m/nofp/libgcc.a(_aeabi_uldivmod.o)
 .text          0x00000000        0x0 /home/earlybeasts/.local/xPacks/@xpack-dev-tools/arm-none-eabi-gcc/13.2.1-1.1.1/.content/bin/../lib/gcc/arm-none-eabi/13.2.1/thumb/v7e-m/nofp/libgcc.a(_udivmoddi4.o)
 .data          0x00000000        0x0 /home/earlybeasts/.local/xPacks/@xpack-dev-tools/arm-none-eabi-gcc/13.2.1-1.1.1/.content/bin/../lib/gcc/arm-none-eabi/13.2.1/thumb/v7e-m/nofp/libgcc.a(_udivmoddi4.o)
 .bss           0x00000000        0x0 /home/earlybeasts/.local/xPacks/@xpack-dev-tools/arm-none-eabi-gcc/13.2.1-1.1.1/.content/bin/../lib/gcc/arm-none-eabi/13.2.1/thumb/v7e-m/nofp/libgcc.a(_udivmoddi4.o)
 .ARM.extab.text.__udivmoddi4
                0x00000000        0x0 /home/earlybeasts/.local/xPacks/@xpack-dev-tools/arm-none-eabi-gcc/13.2.1-1.1.1/.content/bin/../lib/gcc/arm-none-eabi/13.2.1/thumb/v7e-m/nofp/libgcc.a(_udivmoddi4.o)
 .data          0x00000000        0x0 /home/earlybeasts/.local/xPacks/@xpack-dev-tools/arm-none-eabi-gcc/13.2.1-1.1.1/.content/bin/../lib/gcc/arm-none-eabi/13.2.1/thumb/v7e-m/nofp/libgcc.a(_dvmd_tls.o)
 .bss           0x00000000        0x0 /home/earlybeasts/.local/xPacks/@xpack-dev-tools/arm-none-eabi-gcc/13.2.1-1.1.1/.content/bin/../lib/gcc/arm-none-eabi/13.2.1/thumb/v7e-m/nofp/libgcc.a(_dvmd_tls.o)

Memory Configuration

Name             Origin             Length             Attributes
RAM              0x20000000         0x00080000         xrw
CCMRAM           0x10000000         0x00000000         xrw
FLASH            0x08000000         0x00200000         xr
FLASHB1          0x00000000         0x00000000         xr
EXTMEMB0         0x00000000         0x00000000         xr
EXTMEMB1         0x00000000         0x00000000         xr
EXTMEMB2         0x00000000         0x00000000         xr
EXTMEMB3         0x00000000         0x00000000         xr
*default*        0x00000000         0xffffffff

Linker script and memory map

LOAD ./system/src/stm32f7-hal/stm32f7xx_hal.o
LOAD /tmp/ccOyvkp4.ltrans0.ltrans.o
LOAD /tmp/ccMtMwMm.debug.temp.o
LOAD /tmp/cc2B7vRM.debug.temp.o
LOAD /tmp/ccfzULEU.debug.temp.o
LOAD /tmp/ccOh8UBF.debug.temp.o
LOAD /tmp/ccgIP2ET.debug.temp.o
LOAD /tmp/ccLAymr2.debug.temp.o
LOAD /tmp/cc1SWaTo.debug.temp.o
LOAD /tmp/cccKkKxA.debug.temp.o
LOAD /tmp/ccggLG2G.debug.temp.o
LOAD /tmp/ccH7gYR6.debug.temp.o
LOAD /tmp/cc7S6END.debug.temp.o
LOAD /tmp/ccWsvdBy.debug.temp.o
LOAD /tmp/ccGbqsiE.debug.temp.o
LOAD /tmp/ccxoUFuD.debug.temp.o
LOAD /tmp/ccr6txPF.debug.temp.o
LOAD /tmp/ccaw61Wq.debug.temp.o
LOAD /tmp/cc40kNWf.debug.temp.o
LOAD /tmp/ccOXXTzC.debug.temp.o
LOAD /tmp/ccTL2Twi.debug.temp.o
LOAD /tmp/cc59WwaZ.debug.temp.o
LOAD /tmp/ccIQRaxu.debug.temp.o
LOAD /tmp/ccghniGW.debug.temp.o
LOAD /tmp/cclhuqxH.debug.temp.o
LOAD /tmp/cctoZbqT.debug.temp.o
LOAD /tmp/ccmKnQyU.debug.temp.o
LOAD /tmp/ccgaEtof.debug.temp.o
LOAD /tmp/ccBxmFLX.debug.temp.o
LOAD /tmp/ccv1WvSj.debug.temp.o
LOAD /tmp/ccaJCspt.debug.temp.o
LOAD /tmp/cc4NqYQb.debug.temp.o
LOAD /tmp/cczprkai.debug.temp.o
LOAD /tmp/ccDQGIEI.debug.temp.o
LOAD /tmp/ccQK1fKw.debug.temp.o
LOAD /tmp/cc2cACbM.debug.temp.o
LOAD /tmp/ccX7WyX5.debug.temp.o
LOAD /tmp/ccEdbKXA.debug.temp.o
LOAD /tmp/ccUcCMRU.debug.temp.o
LOAD /tmp/ccYdkhEi.debug.temp.o
LOAD /tmp/ccNfvgEC.debug.temp.o
LOAD /tmp/cc9wNHba.debug.temp.o
LOAD /tmp/ccmoSOq9.debug.temp.o
LOAD /tmp/ccqmvKlD.debug.temp.o
LOAD /tmp/cczCPLfV.debug.temp.o
LOAD /tmp/cc993fi5.debug.temp.o
LOAD /tmp/ccmlGV7b.debug.temp.o
LOAD /tmp/cc4dv23i.debug.temp.o
LOAD /tmp/ccf1BEtz.debug.temp.o
LOAD /tmp/ccpiySE7.debug.temp.o
LOAD /tmp/cc6rNhck.debug.temp.o
LOAD /tmp/ccUNmvQ8.debug.temp.o
LOAD /tmp/ccyjUqq8.debug.temp.o
LOAD /tmp/ccjVcxU1.debug.temp.o
LOAD /tmp/cc7yjmZ9.debug.temp.o
LOAD ./system/src/stm32f7-hal/stm32f7xx_hal_cortex.o
LOAD ./system/src/stm32f7-hal/stm32f7xx_hal_dma.o
LOAD ./system/src/stm32f7-hal/stm32f7xx_hal_flash.o
LOAD ./system/src/stm32f7-hal/stm32f7xx_hal_flash_ex.o
LOAD ./system/src/stm32f7-hal/stm32f7xx_hal_gpio.o
LOAD ./system/src/stm32f7-hal/stm32f7xx_hal_iwdg.o
LOAD ./system/src/stm32f7-hal/stm32f7xx_hal_pwr.o
LOAD ./system/src/stm32f7-hal/stm32f7xx_hal_pwr_ex.o
LOAD ./system/src/stm32f7-hal/stm32f7xx_hal_qspi.o
LOAD ./system/src/stm32f7-hal/stm32f7xx_hal_rcc.o
LOAD ./system/src/stm32f7-hal/stm32f7xx_hal_rcc_ex.o
LOAD ./system/src/newlib/assert.o
LOAD ./system/src/newlib/cxx.o
LOAD ./system/src/newlib/exit.o
LOAD ./system/src/newlib/sbrk.o
LOAD ./system/src/newlib/startup.o
LOAD ./system/src/newlib/syscalls.o
LOAD ./system/src/diag/trace-impl.o
LOAD ./system/src/diag/trace.o
LOAD ./system/src/cortexm/exception-handlers.o
LOAD ./system/src/cortexm/initialize-hardware.o
LOAD ./system/src/cortexm/reset-hardware.o
LOAD ./system/src/cmsis/system_stm32f7xx.o
LOAD ./system/src/cmsis/vectors_stm32f767xx.o
LOAD ./src/l2hal/src/l2hal.o
LOAD ./src/l2hal/src/l2hal_aux.o
LOAD ./src/l2hal/src/l2hal_custom.o
LOAD ./src/l2hal/src/l2hal_errors.o
LOAD ./src/l2hal/src/l2hal_systick.o
LOAD ./src/l2hal/mcu_dependent/mcus/stm32f767zit6u/drivers/input/buttons/src/l2hal_stm32f767zit6u_buttons.o
LOAD ./src/l2hal/mcu_dependent/mcus/stm32f767zit6u/l2hal_stm32f767zit6u.o
LOAD ./src/l2hal/drivers/sdcard/src/l2hal_sdcard.o
LOAD ./src/l2hal/drivers/ram/ly68l6400_qspi/src/l2hal_ly68l6400_qspi.o
LOAD ./src/l2hal/drivers/ram/ly68l6400/src/l2hal_ly68l6400.o
LOAD ./src/l2hal/drivers/internal/crc/src/l2hal_crc.o
LOAD ./src/l2hal/drivers/input/encoders/src/l2hal_encoders.o
LOAD ./src/l2hal/drivers/input/buttons/src/l2hal_buttons.o
LOAD ./src/l2hal/drivers/eeprom/24x/src/l2hal_24x.o
LOAD ./src/l2hal/drivers/display/ssd1327/src/l2hal_ssd1327.o
LOAD ./src/l2hal/drivers/display/ssd1306/src/l2hal_ssd1306.o
LOAD ./src/l2hal/drivers/display/gc9a01/src/l2hal_gc9a01.o
LOAD ./src/l2hal/drivers/dds/ad9835/src/l2hal_ad9835.o
LOAD ./src/l2hal/drivers/dac/ad5245/src/l2hal_ad5245.o
LOAD ./src/l2hal/drivers/bluetooth/hc06/src/l2hal_hc06.o
LOAD ./src/fmgl/src/fmgl.o
LOAD ./src/fmgl/src/fmgl_private.o
LOAD ./src/fmgl/fonts/src/terminusRegular12.o
LOAD ./src/hal.o
LOAD ./src/interrupts.o
LOAD ./src/main.o
LOAD ./src/stm32f7xx_hal_msp.o
LOAD ./src/write.o
LOAD /home/earlybeasts/.local/xPacks/@xpack-dev-tools/arm-none-eabi-gcc/13.2.1-1.1.1/.content/bin/../lib/gcc/arm-none-eabi/13.2.1/../../../../arm-none-eabi/lib/thumb/v7e-m/nofp/libstdc++_nano.a
LOAD /home/earlybeasts/.local/xPacks/@xpack-dev-tools/arm-none-eabi-gcc/13.2.1-1.1.1/.content/bin/../lib/gcc/arm-none-eabi/13.2.1/../../../../arm-none-eabi/lib/thumb/v7e-m/nofp/libm.a
START GROUP
LOAD /home/earlybeasts/.local/xPacks/@xpack-dev-tools/arm-none-eabi-gcc/13.2.1-1.1.1/.content/bin/../lib/gcc/arm-none-eabi/13.2.1/thumb/v7e-m/nofp/libgcc.a
LOAD /home/earlybeasts/.local/xPacks/@xpack-dev-tools/arm-none-eabi-gcc/13.2.1-1.1.1/.content/bin/../lib/gcc/arm-none-eabi/13.2.1/../../../../arm-none-eabi/lib/thumb/v7e-m/nofp/libg_nano.a
LOAD /home/earlybeasts/.local/xPacks/@xpack-dev-tools/arm-none-eabi-gcc/13.2.1-1.1.1/.content/bin/../lib/gcc/arm-none-eabi/13.2.1/../../../../arm-none-eabi/lib/thumb/v7e-m/nofp/libc_nano.a
END GROUP
START GROUP
LOAD /home/earlybeasts/.local/xPacks/@xpack-dev-tools/arm-none-eabi-gcc/13.2.1-1.1.1/.content/bin/../lib/gcc/arm-none-eabi/13.2.1/thumb/v7e-m/nofp/libgcc.a
LOAD /home/earlybeasts/.local/xPacks/@xpack-dev-tools/arm-none-eabi-gcc/13.2.1-1.1.1/.content/bin/../lib/gcc/arm-none-eabi/13.2.1/../../../../arm-none-eabi/lib/thumb/v7e-m/nofp/libc_nano.a
END GROUP
                0x20080000                        __stack = (ORIGIN (RAM) + LENGTH (RAM))
                0x20080000                        _estack = __stack
                0x00000400                        __Main_Stack_Size = 0x400
                [!provide]                        PROVIDE (_Main_Stack_Size = __Main_Stack_Size)
                0x2007fc00                        __Main_Stack_Limit = (__stack - __Main_Stack_Size)
                [!provide]                        PROVIDE (_Main_Stack_Limit = __Main_Stack_Limit)
                0x00000100                        _Minimum_Stack_Size = 0x100
                0x20000120                        PROVIDE (_Heap_Begin = _end_noinit)
                0x2007fc00                        PROVIDE (_Heap_Limit = (__stack - __Main_Stack_Size))

.isr_vector     0x08000000      0x370
 FILL mask 0xff
                0x08000000                        __vectors_start = ABSOLUTE (.)
                0x08000000                        __vectors_start__ = ABSOLUTE (.)
 *(.isr_vector)
 .isr_vector    0x08000000      0x1f8 /tmp/ccOyvkp4.ltrans0.ltrans.o
                0x08000000                __isr_vectors
 *(.cfmconfig)
 *(.after_vectors .after_vectors.*)
 .after_vectors
                0x080001f8      0x178 /tmp/ccOyvkp4.ltrans0.ltrans.o
                0x080001f8                Reset_Handler
                0x080001fe                HardFault_Handler
                0x08000214                BusFault_Handler
                0x08000228                UsageFault_Handler
                0x08000244                _start
                0x08000358                HardFault_Handler_C
                0x0800035a                BusFault_Handler_C
                0x0800035c                UsageFault_Handler_C

.inits          0x08000370       0x28
                0x08000370                        __data_regions_array_start = .
                0x08000370        0x4 LONG 0x8001fb4 LOADADDR (.data)
                0x08000374        0x4 LONG 0x20000000 ADDR (.data)
                0x08000378        0x4 LONG 0x20000008 (ADDR (.data) + SIZEOF (.data))
                0x0800037c        0x4 LONG 0x8001fb4 LOADADDR (.data_CCMRAM)
                0x08000380        0x4 LONG 0x10000000 ADDR (.data_CCMRAM)
                0x08000384        0x4 LONG 0x10000000 (ADDR (.data_CCMRAM) + SIZEOF (.data_CCMRAM))
                0x08000388                        __data_regions_array_end = .
                0x08000388                        __bss_regions_array_start = .
                0x08000388        0x4 LONG 0x20000008 ADDR (.bss)
                0x0800038c        0x4 LONG 0x20000120 (ADDR (.bss) + SIZEOF (.bss))
                0x08000390        0x4 LONG 0x10000000 ADDR (.bss_CCMRAM)
                0x08000394        0x4 LONG 0x10000000 (ADDR (.bss_CCMRAM) + SIZEOF (.bss_CCMRAM))
                0x08000398                        __bss_regions_array_end = .
 *(.init)
 *(.fini)
                0x08000398                        . = ALIGN (0x4)
                0x08000398                        PROVIDE (__preinit_array_start = .)
 *(.preinit_array_sysinit .preinit_array_sysinit.*)
 *(.preinit_array_platform .preinit_array_platform.*)
 *(.preinit_array .preinit_array.*)
                0x08000398                        PROVIDE (__preinit_array_end = .)
                0x08000398                        . = ALIGN (0x4)
                0x08000398                        PROVIDE (__init_array_start = .)
 *(SORT_BY_NAME(.init_array.*))
 *(.init_array)
                0x08000398                        PROVIDE (__init_array_end = .)
                0x08000398                        . = ALIGN (0x4)
                0x08000398                        PROVIDE (__fini_array_start = .)
 *(SORT_BY_NAME(.fini_array.*))
 *(.fini_array)
                0x08000398                        PROVIDE (__fini_array_end = .)

.flashtext
 *(.flashtext .flashtext.*)

.text           0x08000398     0x1c14
 *(.text .text.*)
 .text.HAL_Delay
                0x08000398       0x14 /tmp/ccOyvkp4.ltrans0.ltrans.o
 .text.HAL_DMA_Start_IT
                0x080003ac       0x7a /tmp/ccOyvkp4.ltrans0.ltrans.o
 *fill*         0x08000426        0x2 
 .text.HAL_GPIO_Init
                0x08000428      0x1bc /tmp/ccOyvkp4.ltrans0.ltrans.o
 .text.HAL_GPIO_DeInit
                0x080005e4      0x134 /tmp/ccOyvkp4.ltrans0.ltrans.o
 .text.QSPI_DMARxCplt
                0x08000718       0x12 /tmp/ccOyvkp4.ltrans0.ltrans.o
 .text.QSPI_DMATxCplt
                0x0800072a       0x12 /tmp/ccOyvkp4.ltrans0.ltrans.o
 .text.QSPI_DMATxHalfCplt
                0x0800073c        0x2 /tmp/ccOyvkp4.ltrans0.ltrans.o
 .text.QSPI_DMARxHalfCplt
                0x0800073e        0x2 /tmp/ccOyvkp4.ltrans0.ltrans.o
 .text.QSPI_DMAError
                0x08000740       0x90 /tmp/ccOyvkp4.ltrans0.ltrans.o
 .text.QSPI_DMAAbortCplt
                0x080007d0       0x30 /tmp/ccOyvkp4.ltrans0.ltrans.o
 .text.SysTick_Handler
                0x08000800       0x30 /tmp/ccOyvkp4.ltrans0.ltrans.o
 .text.QUADSPI_IRQHandler
                0x08000830      0x1ac /tmp/ccOyvkp4.ltrans0.ltrans.o
 .text.DMA2_Stream7_IRQHandler
                0x080009dc      0x180 /tmp/ccOyvkp4.ltrans0.ltrans.o
 .text.HAL_QSPI_Command_IT.constprop.0
                0x08000b5c      0x1c0 /tmp/ccOyvkp4.ltrans0.ltrans.o
 .text.L2HAL_Error.constprop.0
                0x08000d1c       0x3c /tmp/ccOyvkp4.ltrans0.ltrans.o
 .text.L2HAL_MCU_ClockPortIn.part.0
                0x08000d58      0x120 /tmp/ccOyvkp4.ltrans0.ltrans.o
 .text.L2HAL_MCU_ClockPortIn
                0x08000e78       0x50 /tmp/ccOyvkp4.ltrans0.ltrans.o
 .text.DMA_CalcBaseAndBitshift.constprop.0
                0x08000ec8       0x2c /tmp/ccOyvkp4.ltrans0.ltrans.o
 .text.HAL_NVIC_SetPriority.constprop.0
                0x08000ef4       0x50 /tmp/ccOyvkp4.ltrans0.ltrans.o
 .text.L2HAL_LY68L6400_QSPI_InitQspi.constprop.0
                0x08000f44      0x238 /tmp/ccOyvkp4.ltrans0.ltrans.o
 .text.HAL_QSPI_DeInit.isra.0
                0x0800117c       0xfc /tmp/ccOyvkp4.ltrans0.ltrans.o
 .text.HAL_InitTick.isra.0
                0x08001278       0x50 /tmp/ccOyvkp4.ltrans0.ltrans.o
 .text.L2HAL_LY68L6400_QSPI_SoftSpi_SwapBytes.constprop.0
                0x080012c8       0x70 /tmp/ccOyvkp4.ltrans0.ltrans.o
 .text.main.isra.0
                0x08001338      0x8c4 /tmp/ccOyvkp4.ltrans0.ltrans.o
 .text.memcmp   0x08001bfc       0x20 /home/earlybeasts/.local/xPacks/@xpack-dev-tools/arm-none-eabi-gcc/13.2.1-1.1.1/.content/bin/../lib/gcc/arm-none-eabi/13.2.1/../../../../arm-none-eabi/lib/thumb/v7e-m/nofp/libg_nano.a(libc_a-memcmp.o)
                0x08001bfc                memcmp
 .text.memset   0x08001c1c       0x10 /home/earlybeasts/.local/xPacks/@xpack-dev-tools/arm-none-eabi-gcc/13.2.1-1.1.1/.content/bin/../lib/gcc/arm-none-eabi/13.2.1/../../../../arm-none-eabi/lib/thumb/v7e-m/nofp/libg_nano.a(libc_a-memset.o)
                0x08001c1c                memset
 .text          0x08001c2c       0x30 /home/earlybeasts/.local/xPacks/@xpack-dev-tools/arm-none-eabi-gcc/13.2.1-1.1.1/.content/bin/../lib/gcc/arm-none-eabi/13.2.1/thumb/v7e-m/nofp/libgcc.a(_aeabi_uldivmod.o)
                0x08001c2c                __aeabi_uldivmod
 .text.__udivmoddi4
                0x08001c5c      0x2bc /home/earlybeasts/.local/xPacks/@xpack-dev-tools/arm-none-eabi-gcc/13.2.1-1.1.1/.content/bin/../lib/gcc/arm-none-eabi/13.2.1/thumb/v7e-m/nofp/libgcc.a(_udivmoddi4.o)
                0x08001c5c                __udivmoddi4
 .text          0x08001f18        0x4 /home/earlybeasts/.local/xPacks/@xpack-dev-tools/arm-none-eabi-gcc/13.2.1-1.1.1/.content/bin/../lib/gcc/arm-none-eabi/13.2.1/thumb/v7e-m/nofp/libgcc.a(_dvmd_tls.o)
                0x08001f18                __aeabi_ldiv0
                0x08001f18                __aeabi_idiv0
 *(.rodata .rodata.* .constdata .constdata.*)
 .rodata.flagBitshiftOffset.0
                0x08001f1c        0x8 /tmp/ccOyvkp4.ltrans0.ltrans.o
 .rodata.AHBPrescTable
                0x08001f24       0x10 /tmp/ccOyvkp4.ltrans0.ltrans.o
 *(vtable)
 *(.eh_frame*)
 .eh_frame      0x08001f34       0x28 /home/earlybeasts/.local/xPacks/@xpack-dev-tools/arm-none-eabi-gcc/13.2.1-1.1.1/.content/bin/../lib/gcc/arm-none-eabi/13.2.1/../../../../arm-none-eabi/lib/thumb/v7e-m/nofp/libg_nano.a(libc_a-strlen.o)
 .eh_frame      0x08001f5c       0x50 /home/earlybeasts/.local/xPacks/@xpack-dev-tools/arm-none-eabi-gcc/13.2.1-1.1.1/.content/bin/../lib/gcc/arm-none-eabi/13.2.1/../../../../arm-none-eabi/lib/thumb/v7e-m/nofp/libg_nano.a(libc_a-memchr.o)
 *(.glue_7)
 .glue_7        0x08001fac        0x0 linker stubs
 *(.glue_7t)
 .glue_7t       0x08001fac        0x0 linker stubs

.vfp11_veneer   0x08001fac        0x0
 .vfp11_veneer  0x08001fac        0x0 linker stubs

.v4_bx          0x08001fac        0x0
 .v4_bx         0x08001fac        0x0 linker stubs

.iplt           0x08001fac        0x0
 .iplt          0x08001fac        0x0 /home/earlybeasts/.local/xPacks/@xpack-dev-tools/arm-none-eabi-gcc/13.2.1-1.1.1/.content/bin/../lib/gcc/arm-none-eabi/13.2.1/../../../../arm-none-eabi/lib/thumb/v7e-m/nofp/libg_nano.a(libc_a-strlen.o)

.ARM.extab
 *(.ARM.extab* .gnu.linkonce.armextab.*)
                0x08001fac                        . = ALIGN (0x4)
                0x08001fac                        __exidx_start = .

.ARM.exidx      0x08001fac        0x8
 *(.ARM.exidx* .gnu.linkonce.armexidx.*)
 .ARM.exidx.text.__udivmoddi4
                0x08001fac        0x8 /home/earlybeasts/.local/xPacks/@xpack-dev-tools/arm-none-eabi-gcc/13.2.1-1.1.1/.content/bin/../lib/gcc/arm-none-eabi/13.2.1/thumb/v7e-m/nofp/libgcc.a(_udivmoddi4.o)
                0x08001fb4                        __exidx_end = .

.rel.dyn        0x08001fb4        0x0
 .rel.iplt      0x08001fb4        0x0 /home/earlybeasts/.local/xPacks/@xpack-dev-tools/arm-none-eabi-gcc/13.2.1-1.1.1/.content/bin/../lib/gcc/arm-none-eabi/13.2.1/../../../../arm-none-eabi/lib/thumb/v7e-m/nofp/libg_nano.a(libc_a-strlen.o)
                0x08001fb4                        . = ALIGN (0x4)
                0x08001fb4                        _etext = .
                0x08001fb4                        __etext = .

.data_CCMRAM    0x10000000        0x0 load address 0x08001fb4
 FILL mask 0xff
 *(.data.CCMRAM .data.CCMRAM.*)
                0x10000000                        . = ALIGN (0x4)
                0x08001fb4                        _sidata = LOADADDR (.data)

.data           0x20000000        0x8 load address 0x08001fb4
 FILL mask 0xff
                0x20000000                        _sdata = .
                0x20000000                        __data_start__ = .
 *(.data_begin .data_begin.*)
 *(.data .data.*)
 .data.uwTickPrio
                0x20000000        0x4 /tmp/ccOyvkp4.ltrans0.ltrans.o
 .data.SystemCoreClock
                0x20000004        0x4 /tmp/ccOyvkp4.ltrans0.ltrans.o
 *(.data_end .data_end.*)
                0x20000008                        . = ALIGN (0x4)
                0x20000008                        _edata = .
                0x20000008                        __data_end__ = .

.igot.plt       0x20000008        0x0 load address 0x08001fbc
 .igot.plt      0x20000008        0x0 /home/earlybeasts/.local/xPacks/@xpack-dev-tools/arm-none-eabi-gcc/13.2.1-1.1.1/.content/bin/../lib/gcc/arm-none-eabi/13.2.1/../../../../arm-none-eabi/lib/thumb/v7e-m/nofp/libg_nano.a(libc_a-strlen.o)

.bss_CCMRAM     0x10000000        0x0
 *(.bss.CCMRAM .bss.CCMRAM.*)

.bss            0x20000008      0x118
                0x20000008                        __bss_start__ = .
                0x20000008                        _sbss = .
 *(.bss_begin .bss_begin.*)
 *(.bss .bss.*)
 .bss.QspiDmaHandle
                0x20000008       0x60 /tmp/ccOyvkp4.ltrans0.ltrans.o
 .bss.RamContext
                0x20000068       0x24 /tmp/ccOyvkp4.ltrans0.ltrans.o
 .bss.QspiHandle
                0x2000008c       0x4c /tmp/ccOyvkp4.ltrans0.ltrans.o
 .bss.L2HAL_SysTick_Context
                0x200000d8       0x44 /tmp/ccOyvkp4.ltrans0.ltrans.o
 .bss.uwTick    0x2000011c        0x4 /tmp/ccOyvkp4.ltrans0.ltrans.o
 *(COMMON)
 *(.bss_end .bss_end.*)
                0x20000120                        . = ALIGN (0x4)
                0x20000120                        __bss_end__ = .
                0x20000120                        _ebss = .

.noinit_CCMRAM
 *(.noinit.CCMRAM .noinit.CCMRAM.*)

.noinit         0x20000120        0x0
                0x20000120                        _noinit = .
 *(.noinit .noinit.*)
                0x20000120                        . = ALIGN (0x4)
                0x20000120                        _end_noinit = .
                [!provide]                        PROVIDE (end = _end_noinit)
                [!provide]                        PROVIDE (_end = _end_noinit)
                [!provide]                        PROVIDE (__end = _end_noinit)
                [!provide]                        PROVIDE (__end__ = _end_noinit)

._check_stack   0x20000120      0x100
                0x20000220                        . = (. + _Minimum_Stack_Size)
 *fill*         0x20000120      0x100 

.b1text
 *(.b1text)
 *(.b1rodata)
 *(.b1rodata.*)

.eb0text
 *(.eb0text)
 *(.eb0rodata)
 *(.eb0rodata.*)

.eb1text
 *(.eb1text)
 *(.eb1rodata)
 *(.eb1rodata.*)

.eb2text
 *(.eb2text)
 *(.eb2rodata)
 *(.eb2rodata.*)

.eb3text
 *(.eb3text)
 *(.eb3rodata)
 *(.eb3rodata.*)

.stab
 *(.stab)

.stabstr
 *(.stabstr)

.stab.excl
 *(.stab.excl)

.stab.exclstr
 *(.stab.exclstr)

.stab.index
 *(.stab.index)

.stab.indexstr
 *(.stab.indexstr)

.comment        0x00000000       0x39
 *(.comment)
 .comment       0x00000000       0x3a /tmp/ccOyvkp4.ltrans0.ltrans.o
 .comment       0x00000000       0x39 /home/earlybeasts/.local/xPacks/@xpack-dev-tools/arm-none-eabi-gcc/13.2.1-1.1.1/.content/bin/../lib/gcc/arm-none-eabi/13.2.1/../../../../arm-none-eabi/lib/thumb/v7e-m/nofp/libg_nano.a(libc_a-memcmp.o)
                                 0x3a (size before relaxing)
 .comment       0x00000039       0x3a /home/earlybeasts/.local/xPacks/@xpack-dev-tools/arm-none-eabi-gcc/13.2.1-1.1.1/.content/bin/../lib/gcc/arm-none-eabi/13.2.1/../../../../arm-none-eabi/lib/thumb/v7e-m/nofp/libg_nano.a(libc_a-memset.o)
 .comment       0x00000039       0x3a /home/earlybeasts/.local/xPacks/@xpack-dev-tools/arm-none-eabi-gcc/13.2.1-1.1.1/.content/bin/../lib/gcc/arm-none-eabi/13.2.1/thumb/v7e-m/nofp/libgcc.a(_udivmoddi4.o)

.ARM.attributes
                0x00000000       0x2c
 .ARM.attributes
                0x00000000       0x2c /tmp/ccOyvkp4.ltrans0.ltrans.o
 .ARM.attributes
                0x0000002c       0x2e /home/earlybeasts/.local/xPacks/@xpack-dev-tools/arm-none-eabi-gcc/13.2.1-1.1.1/.content/bin/../lib/gcc/arm-none-eabi/13.2.1/../../../../arm-none-eabi/lib/thumb/v7e-m/nofp/libg_nano.a(libc_a-memcmp.o)
 .ARM.attributes
                0x0000005a       0x2e /home/earlybeasts/.local/xPacks/@xpack-dev-tools/arm-none-eabi-gcc/13.2.1-1.1.1/.content/bin/../lib/gcc/arm-none-eabi/13.2.1/../../../../arm-none-eabi/lib/thumb/v7e-m/nofp/libg_nano.a(libc_a-memset.o)
 .ARM.attributes
                0x00000088       0x17 /home/earlybeasts/.local/xPacks/@xpack-dev-tools/arm-none-eabi-gcc/13.2.1-1.1.1/.content/bin/../lib/gcc/arm-none-eabi/13.2.1/../../../../arm-none-eabi/lib/thumb/v7e-m/nofp/libg_nano.a(libc_a-strlen.o)
 .ARM.attributes
                0x0000009f       0x1c /home/earlybeasts/.local/xPacks/@xpack-dev-tools/arm-none-eabi-gcc/13.2.1-1.1.1/.content/bin/../lib/gcc/arm-none-eabi/13.2.1/../../../../arm-none-eabi/lib/thumb/v7e-m/nofp/libg_nano.a(libc_a-memchr.o)
 .ARM.attributes
                0x000000bb       0x1e /home/earlybeasts/.local/xPacks/@xpack-dev-tools/arm-none-eabi-gcc/13.2.1-1.1.1/.content/bin/../lib/gcc/arm-none-eabi/13.2.1/thumb/v7e-m/nofp/libgcc.a(_aeabi_uldivmod.o)
 .ARM.attributes
                0x000000d9       0x2e /home/earlybeasts/.local/xPacks/@xpack-dev-tools/arm-none-eabi-gcc/13.2.1-1.1.1/.content/bin/../lib/gcc/arm-none-eabi/13.2.1/thumb/v7e-m/nofp/libgcc.a(_udivmoddi4.o)
 .ARM.attributes
                0x00000107       0x1e /home/earlybeasts/.local/xPacks/@xpack-dev-tools/arm-none-eabi-gcc/13.2.1-1.1.1/.content/bin/../lib/gcc/arm-none-eabi/13.2.1/thumb/v7e-m/nofp/libgcc.a(_dvmd_tls.o)

.debug
 *(.debug)

.line
 *(.line)

.debug_srcinfo
 *(.debug_srcinfo)

.debug_sfnames
 *(.debug_sfnames)

.debug_aranges  0x00000000      0x150
 *(.debug_aranges)
 .debug_aranges
                0x00000000      0x150 /tmp/ccOyvkp4.ltrans0.ltrans.o

.debug_pubnames
 *(.debug_pubnames)

.debug_info     0x00000000     0xc0f6
 *(.debug_info .gnu.linkonce.wi.*)
 .debug_info    0x00000000     0x2961 /tmp/ccOyvkp4.ltrans0.ltrans.o
 .debug_info    0x00002961      0x94e /tmp/ccMtMwMm.debug.temp.o
                0x00002961                stm32f7xx_hal.c.3da4b1d1
 .debug_info    0x000032af      0xd10 /tmp/cc2B7vRM.debug.temp.o
                0x000032af                stm32f7xx_hal_cortex.c.72333421
 .debug_info    0x00003fbf      0x790 /tmp/ccfzULEU.debug.temp.o
                0x00003fbf                stm32f7xx_hal_dma.c.2bda47cf
 .debug_info    0x0000474f      0x60d /tmp/ccLAymr2.debug.temp.o
                0x0000474f                stm32f7xx_hal_gpio.c.a496d078
 .debug_info    0x00004d5c      0x7d2 /tmp/ccggLG2G.debug.temp.o
                0x00004d5c                stm32f7xx_hal_pwr_ex.c.1de3d782
 .debug_info    0x0000552e      0xf06 /tmp/ccH7gYR6.debug.temp.o
                0x0000552e                stm32f7xx_hal_qspi.c.a2e3c57b
 .debug_info    0x00006434      0x802 /tmp/cc7S6END.debug.temp.o
                0x00006434                stm32f7xx_hal_rcc.c.c0dfc717
 .debug_info    0x00006c36       0xd8 /tmp/ccaw61Wq.debug.temp.o
                0x00006c36                sbrk.c.aff48a13
 .debug_info    0x00006d0e      0x27f /tmp/cc40kNWf.debug.temp.o
                0x00006d0e                startup.c.2f8606ec
 .debug_info    0x00006f8d      0x157 /tmp/ccOXXTzC.debug.temp.o
                0x00006f8d                syscalls.c.52cbc233
 .debug_info    0x000070e4      0x1b3 /tmp/ccIQRaxu.debug.temp.o
                0x000070e4                exception_handlers.c.98dd581b
 .debug_info    0x00007297      0x3e1 /tmp/ccghniGW.debug.temp.o
                0x00007297                initialize_hardware.c.eaf7c648
 .debug_info    0x00007678      0x692 /tmp/cctoZbqT.debug.temp.o
                0x00007678                system_stm32f7xx.c.33185977
 .debug_info    0x00007d0a       0xf2 /tmp/ccmKnQyU.debug.temp.o
                0x00007d0a                vectors_stm32f767xx.c.ac42d28c
 .debug_info    0x00007dfc      0x925 /tmp/ccgaEtof.debug.temp.o
                0x00007dfc                l2hal.c.f89ef6ef
 .debug_info    0x00008721      0xe59 /tmp/ccv1WvSj.debug.temp.o
                0x00008721                l2hal_custom.c.748e0a44
 .debug_info    0x0000957a      0x42a /tmp/ccaJCspt.debug.temp.o
                0x0000957a                l2hal_errors.c.b197c0df
 .debug_info    0x000099a4      0x248 /tmp/cc4NqYQb.debug.temp.o
                0x000099a4                l2hal_systick.c.91648249
 .debug_info    0x00009bec      0x422 /tmp/ccDQGIEI.debug.temp.o
                0x00009bec                l2hal_stm32f767zit6u.c.6ef63df5
 .debug_info    0x0000a00e      0xc87 /tmp/cc2cACbM.debug.temp.o
                0x0000a00e                l2hal_ly68l6400_qspi.c.6145c6fd
 .debug_info    0x0000ac95      0x256 /tmp/cc6rNhck.debug.temp.o
                0x0000ac95                hal.c.f4a3bf61
 .debug_info    0x0000aeeb      0x67a /tmp/ccUNmvQ8.debug.temp.o
                0x0000aeeb                interrupts.c.3357131a
 .debug_info    0x0000b565      0xb91 /tmp/ccyjUqq8.debug.temp.o
                0x0000b565                main.c.f670928a

.debug_abbrev   0x00000000     0x256a
 *(.debug_abbrev)
 .debug_abbrev  0x00000000      0x2ef /tmp/ccOyvkp4.ltrans0.ltrans.o
 .debug_abbrev  0x000002ef      0x1cd /tmp/ccMtMwMm.debug.temp.o
 .debug_abbrev  0x000004bc      0x25d /tmp/cc2B7vRM.debug.temp.o
 .debug_abbrev  0x00000719      0x20b /tmp/ccfzULEU.debug.temp.o
 .debug_abbrev  0x00000924      0x18d /tmp/ccLAymr2.debug.temp.o
 .debug_abbrev  0x00000ab1      0x199 /tmp/ccggLG2G.debug.temp.o
 .debug_abbrev  0x00000c4a      0x1bf /tmp/ccH7gYR6.debug.temp.o
 .debug_abbrev  0x00000e09      0x20e /tmp/cc7S6END.debug.temp.o
 .debug_abbrev  0x00001017       0x9b /tmp/ccaw61Wq.debug.temp.o
 .debug_abbrev  0x000010b2      0x153 /tmp/cc40kNWf.debug.temp.o
 .debug_abbrev  0x00001205       0xe0 /tmp/ccOXXTzC.debug.temp.o
 .debug_abbrev  0x000012e5       0xcd /tmp/ccIQRaxu.debug.temp.o
 .debug_abbrev  0x000013b2       0xe8 /tmp/ccghniGW.debug.temp.o
 .debug_abbrev  0x0000149a      0x120 /tmp/cctoZbqT.debug.temp.o
 .debug_abbrev  0x000015ba       0xa8 /tmp/ccmKnQyU.debug.temp.o
 .debug_abbrev  0x00001662      0x21a /tmp/ccgaEtof.debug.temp.o
 .debug_abbrev  0x0000187c      0x1e1 /tmp/ccv1WvSj.debug.temp.o
 .debug_abbrev  0x00001a5d      0x165 /tmp/ccaJCspt.debug.temp.o
 .debug_abbrev  0x00001bc2      0x179 /tmp/cc4NqYQb.debug.temp.o
 .debug_abbrev  0x00001d3b      0x138 /tmp/ccDQGIEI.debug.temp.o
 .debug_abbrev  0x00001e73      0x21a /tmp/cc2cACbM.debug.temp.o
 .debug_abbrev  0x0000208d      0x13f /tmp/cc6rNhck.debug.temp.o
 .debug_abbrev  0x000021cc      0x16f /tmp/ccUNmvQ8.debug.temp.o
 .debug_abbrev  0x0000233b      0x22f /tmp/ccyjUqq8.debug.temp.o

.debug_line     0x00000000     0x2de1
 *(.debug_line)
 .debug_line    0x00000000     0x24a9 /tmp/ccOyvkp4.ltrans0.ltrans.o
 .debug_line    0x000024a9       0x69 /tmp/ccMtMwMm.debug.temp.o
 .debug_line    0x00002512       0x64 /tmp/cc2B7vRM.debug.temp.o
 .debug_line    0x00002576       0x69 /tmp/ccfzULEU.debug.temp.o
 .debug_line    0x000025df       0x5f /tmp/ccLAymr2.debug.temp.o
 .debug_line    0x0000263e       0x64 /tmp/ccggLG2G.debug.temp.o
 .debug_line    0x000026a2       0x69 /tmp/ccH7gYR6.debug.temp.o
 .debug_line    0x0000270b       0x78 /tmp/cc7S6END.debug.temp.o
 .debug_line    0x00002783       0x48 /tmp/ccaw61Wq.debug.temp.o
 .debug_line    0x000027cb       0x3a /tmp/cc40kNWf.debug.temp.o
 .debug_line    0x00002805       0x5b /tmp/ccOXXTzC.debug.temp.o
 .debug_line    0x00002860       0x4c /tmp/ccIQRaxu.debug.temp.o
 .debug_line    0x000028ac       0x51 /tmp/ccghniGW.debug.temp.o
 .debug_line    0x000028fd       0x56 /tmp/cctoZbqT.debug.temp.o
 .debug_line    0x00002953       0x43 /tmp/ccmKnQyU.debug.temp.o
 .debug_line    0x00002996       0x8a /tmp/ccgaEtof.debug.temp.o
 .debug_line    0x00002a20       0x80 /tmp/ccv1WvSj.debug.temp.o
 .debug_line    0x00002aa0       0x67 /tmp/ccaJCspt.debug.temp.o
 .debug_line    0x00002b07       0x63 /tmp/cc4NqYQb.debug.temp.o
 .debug_line    0x00002b6a       0x5a /tmp/ccDQGIEI.debug.temp.o
 .debug_line    0x00002bc4       0x84 /tmp/cc2cACbM.debug.temp.o
 .debug_line    0x00002c48       0x5e /tmp/cc6rNhck.debug.temp.o
 .debug_line    0x00002ca6       0x7f /tmp/ccUNmvQ8.debug.temp.o
 .debug_line    0x00002d25       0xbc /tmp/ccyjUqq8.debug.temp.o

.debug_frame    0x00000000      0x39c
 *(.debug_frame)
 .debug_frame   0x00000000      0x39c /tmp/ccOyvkp4.ltrans0.ltrans.o

.debug_str      0x00000000     0x3350
 *(.debug_str)
 .debug_str     0x00000000     0x3350 /tmp/ccOyvkp4.ltrans0.ltrans.o
                                0x19d (size before relaxing)
 .debug_str     0x00003350      0xd60 /tmp/ccMtMwMm.debug.temp.o
 .debug_str     0x00003350      0xe34 /tmp/cc2B7vRM.debug.temp.o
 .debug_str     0x00003350      0x769 /tmp/ccfzULEU.debug.temp.o
 .debug_str     0x00003350      0x4e5 /tmp/ccLAymr2.debug.temp.o
 .debug_str     0x00003350      0x63f /tmp/ccggLG2G.debug.temp.o
 .debug_str     0x00003350      0xbd0 /tmp/ccH7gYR6.debug.temp.o
 .debug_str     0x00003350      0x703 /tmp/cc7S6END.debug.temp.o
 .debug_str     0x00003350      0x205 /tmp/ccaw61Wq.debug.temp.o
 .debug_str     0x00003350      0x353 /tmp/cc40kNWf.debug.temp.o
 .debug_str     0x00003350      0x20d /tmp/ccOXXTzC.debug.temp.o
 .debug_str     0x00003350      0x2b7 /tmp/ccIQRaxu.debug.temp.o
 .debug_str     0x00003350      0x379 /tmp/ccghniGW.debug.temp.o
 .debug_str     0x00003350      0x460 /tmp/cctoZbqT.debug.temp.o
 .debug_str     0x00003350      0x275 /tmp/ccmKnQyU.debug.temp.o
 .debug_str     0x00003350      0xc6c /tmp/ccgaEtof.debug.temp.o
 .debug_str     0x00003350     0x106e /tmp/ccv1WvSj.debug.temp.o
 .debug_str     0x00003350      0x3ee /tmp/ccaJCspt.debug.temp.o
 .debug_str     0x00003350      0x2f0 /tmp/cc4NqYQb.debug.temp.o
 .debug_str     0x00003350      0x39c /tmp/ccDQGIEI.debug.temp.o
 .debug_str     0x00003350      0xc19 /tmp/cc2cACbM.debug.temp.o
 .debug_str     0x00003350      0x2a1 /tmp/cc6rNhck.debug.temp.o
 .debug_str     0x00003350      0x6d0 /tmp/ccUNmvQ8.debug.temp.o
 .debug_str     0x00003350      0xa1f /tmp/ccyjUqq8.debug.temp.o

.debug_loc
 *(.debug_loc)

.debug_macinfo
 *(.debug_macinfo)

.debug_weaknames
 *(.debug_weaknames)

.debug_funcnames
 *(.debug_funcnames)

.debug_typenames
 *(.debug_typenames)

.debug_varnames
 *(.debug_varnames)
OUTPUT(FerFoxPrototype2.elf elf32-littlearm)
LOAD linker stubs

.debug_loclists
                0x00000000     0x19c4
 .debug_loclists
                0x00000000     0x19c4 /tmp/ccOyvkp4.ltrans0.ltrans.o

.debug_rnglists
                0x00000000      0x5c0
 .debug_rnglists
                0x00000000      0x5c0 /tmp/ccOyvkp4.ltrans0.ltrans.o

.debug_line_str
                0x00000000      0x8fe
 .debug_line_str
                0x00000000      0x8fe /tmp/ccMtMwMm.debug.temp.o
                                0x1b9 (size before relaxing)
 .debug_line_str
                0x000008fe      0x1a8 /tmp/cc2B7vRM.debug.temp.o
 .debug_line_str
                0x000008fe      0x1bf /tmp/ccfzULEU.debug.temp.o
 .debug_line_str
                0x000008fe      0x19f /tmp/ccLAymr2.debug.temp.o
 .debug_line_str
                0x000008fe      0x1a9 /tmp/ccggLG2G.debug.temp.o
 .debug_line_str
                0x000008fe      0x1c3 /tmp/ccH7gYR6.debug.temp.o
 .debug_line_str
                0x000008fe      0x1f7 /tmp/cc7S6END.debug.temp.o
 .debug_line_str
                0x000008fe       0xf8 /tmp/ccaw61Wq.debug.temp.o
 .debug_line_str
                0x000008fe       0x7b /tmp/cc40kNWf.debug.temp.o
 .debug_line_str
                0x000008fe      0x181 /tmp/ccOXXTzC.debug.temp.o
 .debug_line_str
                0x000008fe      0x14d /tmp/ccIQRaxu.debug.temp.o
 .debug_line_str
                0x000008fe      0x156 /tmp/ccghniGW.debug.temp.o
 .debug_line_str
                0x000008fe      0x15a /tmp/cctoZbqT.debug.temp.o
 .debug_line_str
                0x000008fe       0xc0 /tmp/ccmKnQyU.debug.temp.o
 .debug_line_str
                0x000008fe      0x248 /tmp/ccgaEtof.debug.temp.o
 .debug_line_str
                0x000008fe      0x233 /tmp/ccv1WvSj.debug.temp.o
 .debug_line_str
                0x000008fe      0x1cb /tmp/ccaJCspt.debug.temp.o
 .debug_line_str
                0x000008fe      0x1aa /tmp/cc4NqYQb.debug.temp.o
 .debug_line_str
                0x000008fe      0x1b5 /tmp/ccDQGIEI.debug.temp.o
 .debug_line_str
                0x000008fe      0x2a5 /tmp/cc2cACbM.debug.temp.o
 .debug_line_str
                0x000008fe      0x181 /tmp/cc6rNhck.debug.temp.o
 .debug_line_str
                0x000008fe      0x204 /tmp/ccUNmvQ8.debug.temp.o
 .debug_line_str
                0x000008fe      0x3ff /tmp/ccyjUqq8.debug.temp.o
