Archive member included to satisfy reference by file (symbol)

/home/earlybeasts/.local/xPacks/@xpack-dev-tools/arm-none-eabi-gcc/13.2.1-1.1.1/.content/bin/../lib/gcc/arm-none-eabi/13.2.1/../../../../arm-none-eabi/lib/thumb/v7e-m/nofp/libg_nano.a(libc_a-errno.o)
                              ./system/src/newlib/sbrk.o (symbol from plugin) (__errno)
/home/earlybeasts/.local/xPacks/@xpack-dev-tools/arm-none-eabi-gcc/13.2.1-1.1.1/.content/bin/../lib/gcc/arm-none-eabi/13.2.1/../../../../arm-none-eabi/lib/thumb/v7e-m/nofp/libg_nano.a(libc_a-impure.o)
                              /home/earlybeasts/.local/xPacks/@xpack-dev-tools/arm-none-eabi-gcc/13.2.1-1.1.1/.content/bin/../lib/gcc/arm-none-eabi/13.2.1/../../../../arm-none-eabi/lib/thumb/v7e-m/nofp/libg_nano.a(libc_a-errno.o) (_impure_ptr)
/home/earlybeasts/.local/xPacks/@xpack-dev-tools/arm-none-eabi-gcc/13.2.1-1.1.1/.content/bin/../lib/gcc/arm-none-eabi/13.2.1/thumb/v7e-m/nofp/libgcc.a(_aeabi_ldivmod.o)
                              /tmp/cc1f2daT.ltrans0.ltrans.o (__aeabi_ldivmod)
/home/earlybeasts/.local/xPacks/@xpack-dev-tools/arm-none-eabi-gcc/13.2.1-1.1.1/.content/bin/../lib/gcc/arm-none-eabi/13.2.1/thumb/v7e-m/nofp/libgcc.a(_aeabi_uldivmod.o)
                              /tmp/cc1f2daT.ltrans0.ltrans.o (__aeabi_uldivmod)
/home/earlybeasts/.local/xPacks/@xpack-dev-tools/arm-none-eabi-gcc/13.2.1-1.1.1/.content/bin/../lib/gcc/arm-none-eabi/13.2.1/thumb/v7e-m/nofp/libgcc.a(_udivmoddi4.o)
                              /home/earlybeasts/.local/xPacks/@xpack-dev-tools/arm-none-eabi-gcc/13.2.1-1.1.1/.content/bin/../lib/gcc/arm-none-eabi/13.2.1/thumb/v7e-m/nofp/libgcc.a(_aeabi_ldivmod.o) (__udivmoddi4)
/home/earlybeasts/.local/xPacks/@xpack-dev-tools/arm-none-eabi-gcc/13.2.1-1.1.1/.content/bin/../lib/gcc/arm-none-eabi/13.2.1/thumb/v7e-m/nofp/libgcc.a(_dvmd_tls.o)
                              /home/earlybeasts/.local/xPacks/@xpack-dev-tools/arm-none-eabi-gcc/13.2.1-1.1.1/.content/bin/../lib/gcc/arm-none-eabi/13.2.1/thumb/v7e-m/nofp/libgcc.a(_aeabi_ldivmod.o) (__aeabi_ldiv0)

Discarded input sections

 .text          0x00000000        0x0 /tmp/cc1f2daT.ltrans0.ltrans.o
 .data          0x00000000        0x0 /tmp/cc1f2daT.ltrans0.ltrans.o
 .bss           0x00000000        0x0 /tmp/cc1f2daT.ltrans0.ltrans.o
 .comment       0x00000000       0x3a /tmp/ccEMuqcI.debug.temp.o
 .comment       0x00000000       0x3a /tmp/ccamRh9V.debug.temp.o
 .debug_info    0x00000000      0x425 /tmp/ccsy4aOj.debug.temp.o
 .debug_abbrev  0x00000000      0x1c5 /tmp/ccsy4aOj.debug.temp.o
 .debug_line    0x00000000       0x6e /tmp/ccsy4aOj.debug.temp.o
 .debug_str     0x00000000      0x50a /tmp/ccsy4aOj.debug.temp.o
 .debug_line_str
                0x00000000      0x1d7 /tmp/ccsy4aOj.debug.temp.o
 .comment       0x00000000       0x3a /tmp/ccsy4aOj.debug.temp.o
 .debug_info    0x00000000      0x5bf /tmp/ccLHJyF0.debug.temp.o
 .debug_abbrev  0x00000000      0x1c3 /tmp/ccLHJyF0.debug.temp.o
 .debug_line    0x00000000       0x64 /tmp/ccLHJyF0.debug.temp.o
 .debug_str     0x00000000      0x5ef /tmp/ccLHJyF0.debug.temp.o
 .debug_line_str
                0x00000000      0x1c1 /tmp/ccLHJyF0.debug.temp.o
 .comment       0x00000000       0x3a /tmp/ccLHJyF0.debug.temp.o
 .comment       0x00000000       0x3a /tmp/cctmDYos.debug.temp.o
 .debug_info    0x00000000      0x1bd /tmp/ccovM1DS.debug.temp.o
 .debug_abbrev  0x00000000      0x123 /tmp/ccovM1DS.debug.temp.o
 .debug_line    0x00000000       0x5f /tmp/ccovM1DS.debug.temp.o
 .debug_str     0x00000000      0x291 /tmp/ccovM1DS.debug.temp.o
 .debug_line_str
                0x00000000      0x1a3 /tmp/ccovM1DS.debug.temp.o
 .comment       0x00000000       0x3a /tmp/ccovM1DS.debug.temp.o
 .debug_info    0x00000000      0x7eb /tmp/cczSOOmJ.debug.temp.o
 .debug_abbrev  0x00000000      0x174 /tmp/cczSOOmJ.debug.temp.o
 .debug_line    0x00000000       0x64 /tmp/cczSOOmJ.debug.temp.o
 .debug_str     0x00000000      0x630 /tmp/cczSOOmJ.debug.temp.o
 .debug_line_str
                0x00000000      0x19f /tmp/cczSOOmJ.debug.temp.o
 .comment       0x00000000       0x3a /tmp/cczSOOmJ.debug.temp.o
 .comment       0x00000000       0x3a /tmp/cciBALg5.debug.temp.o
 .comment       0x00000000       0x3a /tmp/ccw1CSkx.debug.temp.o
 .debug_info    0x00000000      0x636 /tmp/ccBCvPik.debug.temp.o
 .debug_abbrev  0x00000000      0x181 /tmp/ccBCvPik.debug.temp.o
 .debug_line    0x00000000       0x64 /tmp/ccBCvPik.debug.temp.o
 .debug_str     0x00000000      0x72c /tmp/ccBCvPik.debug.temp.o
 .debug_line_str
                0x00000000      0x1b5 /tmp/ccBCvPik.debug.temp.o
 .comment       0x00000000       0x3a /tmp/ccBCvPik.debug.temp.o
 .debug_info    0x00000000       0xdd /tmp/ccmWgeHg.debug.temp.o
 .debug_abbrev  0x00000000       0x89 /tmp/ccmWgeHg.debug.temp.o
 .debug_line    0x00000000       0x51 /tmp/ccmWgeHg.debug.temp.o
 .debug_str     0x00000000      0x1ef /tmp/ccmWgeHg.debug.temp.o
 .debug_line_str
                0x00000000      0x119 /tmp/ccmWgeHg.debug.temp.o
 .comment       0x00000000       0x3a /tmp/ccmWgeHg.debug.temp.o
 .debug_info    0x00000000      0x11c /tmp/ccNIWAYN.debug.temp.o
 .debug_abbrev  0x00000000       0xdc /tmp/ccNIWAYN.debug.temp.o
 .debug_line    0x00000000       0x55 /tmp/ccNIWAYN.debug.temp.o
 .debug_str     0x00000000      0x286 /tmp/ccNIWAYN.debug.temp.o
 .debug_line_str
                0x00000000      0x1c2 /tmp/ccNIWAYN.debug.temp.o
 .comment       0x00000000       0x3a /tmp/ccNIWAYN.debug.temp.o
 .debug_info    0x00000000       0xbe /tmp/cc67lJEe.debug.temp.o
 .debug_abbrev  0x00000000       0xa7 /tmp/cc67lJEe.debug.temp.o
 .debug_line    0x00000000       0x55 /tmp/cc67lJEe.debug.temp.o
 .debug_str     0x00000000      0x1d8 /tmp/cc67lJEe.debug.temp.o
 .debug_line_str
                0x00000000      0x188 /tmp/cc67lJEe.debug.temp.o
 .comment       0x00000000       0x3a /tmp/cc67lJEe.debug.temp.o
 .debug_info    0x00000000       0xd8 /tmp/ccrwqngT.debug.temp.o
 .debug_abbrev  0x00000000       0x9b /tmp/ccrwqngT.debug.temp.o
 .debug_line    0x00000000       0x48 /tmp/ccrwqngT.debug.temp.o
 .debug_str     0x00000000      0x205 /tmp/ccrwqngT.debug.temp.o
 .debug_line_str
                0x00000000       0xf8 /tmp/ccrwqngT.debug.temp.o
 .comment       0x00000000       0x3a /tmp/ccrwqngT.debug.temp.o
 .comment       0x00000000       0x3a /tmp/ccMdhVQc.debug.temp.o
 .debug_info    0x00000000      0x157 /tmp/ccL8TxLE.debug.temp.o
 .debug_abbrev  0x00000000       0xe0 /tmp/ccL8TxLE.debug.temp.o
 .debug_line    0x00000000       0x5b /tmp/ccL8TxLE.debug.temp.o
 .debug_str     0x00000000      0x20d /tmp/ccL8TxLE.debug.temp.o
 .debug_line_str
                0x00000000      0x181 /tmp/ccL8TxLE.debug.temp.o
 .comment       0x00000000       0x3a /tmp/ccL8TxLE.debug.temp.o
 .debug_info    0x00000000       0x1e /tmp/ccig2zOa.debug.temp.o
 .debug_abbrev  0x00000000       0x10 /tmp/ccig2zOa.debug.temp.o
 .debug_line    0x00000000       0x31 /tmp/ccig2zOa.debug.temp.o
 .debug_str     0x00000000      0x11a /tmp/ccig2zOa.debug.temp.o
 .debug_line_str
                0x00000000       0x5d /tmp/ccig2zOa.debug.temp.o
 .comment       0x00000000       0x3a /tmp/ccig2zOa.debug.temp.o
 .debug_info    0x00000000       0x1e /tmp/cc9YZbcS.debug.temp.o
 .debug_abbrev  0x00000000       0x10 /tmp/cc9YZbcS.debug.temp.o
 .debug_line    0x00000000       0x31 /tmp/cc9YZbcS.debug.temp.o
 .debug_str     0x00000000      0x115 /tmp/cc9YZbcS.debug.temp.o
 .debug_line_str
                0x00000000       0x58 /tmp/cc9YZbcS.debug.temp.o
 .comment       0x00000000       0x3a /tmp/cc9YZbcS.debug.temp.o
 .comment       0x00000000       0x3a /tmp/ccJ4d0c5.debug.temp.o
 .comment       0x00000000       0x3a /tmp/ccgrkvoS.debug.temp.o
 .debug_info    0x00000000      0x3d7 /tmp/ccbqAdxb.debug.temp.o
 .debug_abbrev  0x00000000       0xe2 /tmp/ccbqAdxb.debug.temp.o
 .debug_line    0x00000000       0x51 /tmp/ccbqAdxb.debug.temp.o
 .debug_str     0x00000000      0x33b /tmp/ccbqAdxb.debug.temp.o
 .debug_line_str
                0x00000000      0x145 /tmp/ccbqAdxb.debug.temp.o
 .comment       0x00000000       0x3a /tmp/ccbqAdxb.debug.temp.o
 .comment       0x00000000       0x3a /tmp/ccKtVp5n.debug.temp.o
 .comment       0x00000000       0x3a /tmp/cc71mMik.debug.temp.o
 .comment       0x00000000       0x3a /tmp/ccKyr9xX.debug.temp.o
 .comment       0x00000000       0x3a /tmp/ccZKNYeB.debug.temp.o
 .comment       0x00000000       0x3a /tmp/cc08vhxG.debug.temp.o
 .debug_info    0x00000000       0x84 /tmp/cc1hBbAI.debug.temp.o
 .debug_abbrev  0x00000000       0x39 /tmp/cc1hBbAI.debug.temp.o
 .debug_line    0x00000000       0x3a /tmp/cc1hBbAI.debug.temp.o
 .debug_str     0x00000000      0x1e1 /tmp/cc1hBbAI.debug.temp.o
 .debug_line_str
                0x00000000       0x73 /tmp/cc1hBbAI.debug.temp.o
 .comment       0x00000000       0x3a /tmp/cc1hBbAI.debug.temp.o
 .comment       0x00000000       0x3a /tmp/ccykKt0e.debug.temp.o
 .debug_info    0x00000000       0x1e /tmp/ccHd4vis.debug.temp.o
 .debug_abbrev  0x00000000       0x10 /tmp/ccHd4vis.debug.temp.o
 .debug_line    0x00000000       0x31 /tmp/ccHd4vis.debug.temp.o
 .debug_str     0x00000000      0x109 /tmp/ccHd4vis.debug.temp.o
 .debug_line_str
                0x00000000       0x4c /tmp/ccHd4vis.debug.temp.o
 .comment       0x00000000       0x3a /tmp/ccHd4vis.debug.temp.o
 .text          0x00000000        0x0 /home/earlybeasts/.local/xPacks/@xpack-dev-tools/arm-none-eabi-gcc/13.2.1-1.1.1/.content/bin/../lib/gcc/arm-none-eabi/13.2.1/../../../../arm-none-eabi/lib/thumb/v7e-m/nofp/libg_nano.a(libc_a-errno.o)
 .data          0x00000000        0x0 /home/earlybeasts/.local/xPacks/@xpack-dev-tools/arm-none-eabi-gcc/13.2.1-1.1.1/.content/bin/../lib/gcc/arm-none-eabi/13.2.1/../../../../arm-none-eabi/lib/thumb/v7e-m/nofp/libg_nano.a(libc_a-errno.o)
 .bss           0x00000000        0x0 /home/earlybeasts/.local/xPacks/@xpack-dev-tools/arm-none-eabi-gcc/13.2.1-1.1.1/.content/bin/../lib/gcc/arm-none-eabi/13.2.1/../../../../arm-none-eabi/lib/thumb/v7e-m/nofp/libg_nano.a(libc_a-errno.o)
 .text.__errno  0x00000000        0xc /home/earlybeasts/.local/xPacks/@xpack-dev-tools/arm-none-eabi-gcc/13.2.1-1.1.1/.content/bin/../lib/gcc/arm-none-eabi/13.2.1/../../../../arm-none-eabi/lib/thumb/v7e-m/nofp/libg_nano.a(libc_a-errno.o)
 .comment       0x00000000       0x3a /home/earlybeasts/.local/xPacks/@xpack-dev-tools/arm-none-eabi-gcc/13.2.1-1.1.1/.content/bin/../lib/gcc/arm-none-eabi/13.2.1/../../../../arm-none-eabi/lib/thumb/v7e-m/nofp/libg_nano.a(libc_a-errno.o)
 .ARM.attributes
                0x00000000       0x2e /home/earlybeasts/.local/xPacks/@xpack-dev-tools/arm-none-eabi-gcc/13.2.1-1.1.1/.content/bin/../lib/gcc/arm-none-eabi/13.2.1/../../../../arm-none-eabi/lib/thumb/v7e-m/nofp/libg_nano.a(libc_a-errno.o)
 .text          0x00000000        0x0 /home/earlybeasts/.local/xPacks/@xpack-dev-tools/arm-none-eabi-gcc/13.2.1-1.1.1/.content/bin/../lib/gcc/arm-none-eabi/13.2.1/../../../../arm-none-eabi/lib/thumb/v7e-m/nofp/libg_nano.a(libc_a-impure.o)
 .data          0x00000000        0x0 /home/earlybeasts/.local/xPacks/@xpack-dev-tools/arm-none-eabi-gcc/13.2.1-1.1.1/.content/bin/../lib/gcc/arm-none-eabi/13.2.1/../../../../arm-none-eabi/lib/thumb/v7e-m/nofp/libg_nano.a(libc_a-impure.o)
 .bss           0x00000000        0x0 /home/earlybeasts/.local/xPacks/@xpack-dev-tools/arm-none-eabi-gcc/13.2.1-1.1.1/.content/bin/../lib/gcc/arm-none-eabi/13.2.1/../../../../arm-none-eabi/lib/thumb/v7e-m/nofp/libg_nano.a(libc_a-impure.o)
 .data._impure_ptr
                0x00000000        0x4 /home/earlybeasts/.local/xPacks/@xpack-dev-tools/arm-none-eabi-gcc/13.2.1-1.1.1/.content/bin/../lib/gcc/arm-none-eabi/13.2.1/../../../../arm-none-eabi/lib/thumb/v7e-m/nofp/libg_nano.a(libc_a-impure.o)
 .data._impure_data
                0x00000000       0x4c /home/earlybeasts/.local/xPacks/@xpack-dev-tools/arm-none-eabi-gcc/13.2.1-1.1.1/.content/bin/../lib/gcc/arm-none-eabi/13.2.1/../../../../arm-none-eabi/lib/thumb/v7e-m/nofp/libg_nano.a(libc_a-impure.o)
 .comment       0x00000000       0x3a /home/earlybeasts/.local/xPacks/@xpack-dev-tools/arm-none-eabi-gcc/13.2.1-1.1.1/.content/bin/../lib/gcc/arm-none-eabi/13.2.1/../../../../arm-none-eabi/lib/thumb/v7e-m/nofp/libg_nano.a(libc_a-impure.o)
 .ARM.attributes
                0x00000000       0x2e /home/earlybeasts/.local/xPacks/@xpack-dev-tools/arm-none-eabi-gcc/13.2.1-1.1.1/.content/bin/../lib/gcc/arm-none-eabi/13.2.1/../../../../arm-none-eabi/lib/thumb/v7e-m/nofp/libg_nano.a(libc_a-impure.o)
 .text          0x00000000       0xa0 /home/earlybeasts/.local/xPacks/@xpack-dev-tools/arm-none-eabi-gcc/13.2.1-1.1.1/.content/bin/../lib/gcc/arm-none-eabi/13.2.1/thumb/v7e-m/nofp/libgcc.a(_aeabi_ldivmod.o)
 .data          0x00000000        0x0 /home/earlybeasts/.local/xPacks/@xpack-dev-tools/arm-none-eabi-gcc/13.2.1-1.1.1/.content/bin/../lib/gcc/arm-none-eabi/13.2.1/thumb/v7e-m/nofp/libgcc.a(_aeabi_ldivmod.o)
 .bss           0x00000000        0x0 /home/earlybeasts/.local/xPacks/@xpack-dev-tools/arm-none-eabi-gcc/13.2.1-1.1.1/.content/bin/../lib/gcc/arm-none-eabi/13.2.1/thumb/v7e-m/nofp/libgcc.a(_aeabi_ldivmod.o)
 .ARM.attributes
                0x00000000       0x1e /home/earlybeasts/.local/xPacks/@xpack-dev-tools/arm-none-eabi-gcc/13.2.1-1.1.1/.content/bin/../lib/gcc/arm-none-eabi/13.2.1/thumb/v7e-m/nofp/libgcc.a(_aeabi_ldivmod.o)
 .data          0x00000000        0x0 /home/earlybeasts/.local/xPacks/@xpack-dev-tools/arm-none-eabi-gcc/13.2.1-1.1.1/.content/bin/../lib/gcc/arm-none-eabi/13.2.1/thumb/v7e-m/nofp/libgcc.a(_aeabi_uldivmod.o)
 .bss           0x00000000        0x0 /home/earlybeasts/.local/xPacks/@xpack-dev-tools/arm-none-eabi-gcc/13.2.1-1.1.1/.content/bin/../lib/gcc/arm-none-eabi/13.2.1/thumb/v7e-m/nofp/libgcc.a(_aeabi_uldivmod.o)
 .text          0x00000000        0x0 /home/earlybeasts/.local/xPacks/@xpack-dev-tools/arm-none-eabi-gcc/13.2.1-1.1.1/.content/bin/../lib/gcc/arm-none-eabi/13.2.1/thumb/v7e-m/nofp/libgcc.a(_udivmoddi4.o)
 .data          0x00000000        0x0 /home/earlybeasts/.local/xPacks/@xpack-dev-tools/arm-none-eabi-gcc/13.2.1-1.1.1/.content/bin/../lib/gcc/arm-none-eabi/13.2.1/thumb/v7e-m/nofp/libgcc.a(_udivmoddi4.o)
 .bss           0x00000000        0x0 /home/earlybeasts/.local/xPacks/@xpack-dev-tools/arm-none-eabi-gcc/13.2.1-1.1.1/.content/bin/../lib/gcc/arm-none-eabi/13.2.1/thumb/v7e-m/nofp/libgcc.a(_udivmoddi4.o)
 .ARM.extab.text.__udivmoddi4
                0x00000000        0x0 /home/earlybeasts/.local/xPacks/@xpack-dev-tools/arm-none-eabi-gcc/13.2.1-1.1.1/.content/bin/../lib/gcc/arm-none-eabi/13.2.1/thumb/v7e-m/nofp/libgcc.a(_udivmoddi4.o)
 .data          0x00000000        0x0 /home/earlybeasts/.local/xPacks/@xpack-dev-tools/arm-none-eabi-gcc/13.2.1-1.1.1/.content/bin/../lib/gcc/arm-none-eabi/13.2.1/thumb/v7e-m/nofp/libgcc.a(_dvmd_tls.o)
 .bss           0x00000000        0x0 /home/earlybeasts/.local/xPacks/@xpack-dev-tools/arm-none-eabi-gcc/13.2.1-1.1.1/.content/bin/../lib/gcc/arm-none-eabi/13.2.1/thumb/v7e-m/nofp/libgcc.a(_dvmd_tls.o)

Memory Configuration

Name             Origin             Length             Attributes
RAM              0x20000000         0x00080000         xrw
CCMRAM           0x10000000         0x00000000         xrw
FLASH            0x08000000         0x00200000         xr
FLASHB1          0x00000000         0x00000000         xr
EXTMEMB0         0x00000000         0x00000000         xr
EXTMEMB1         0x00000000         0x00000000         xr
EXTMEMB2         0x00000000         0x00000000         xr
EXTMEMB3         0x00000000         0x00000000         xr
*default*        0x00000000         0xffffffff

Linker script and memory map

LOAD ./system/src/stm32f7-hal/stm32f7xx_hal.o
LOAD /tmp/cc1f2daT.ltrans0.ltrans.o
LOAD /tmp/ccEMuqcI.debug.temp.o
LOAD /tmp/ccamRh9V.debug.temp.o
LOAD /tmp/ccsy4aOj.debug.temp.o
LOAD /tmp/ccLHJyF0.debug.temp.o
LOAD /tmp/cctmDYos.debug.temp.o
LOAD /tmp/ccovM1DS.debug.temp.o
LOAD /tmp/cczSOOmJ.debug.temp.o
LOAD /tmp/cciBALg5.debug.temp.o
LOAD /tmp/ccw1CSkx.debug.temp.o
LOAD /tmp/ccBCvPik.debug.temp.o
LOAD /tmp/ccmWgeHg.debug.temp.o
LOAD /tmp/ccNIWAYN.debug.temp.o
LOAD /tmp/cc67lJEe.debug.temp.o
LOAD /tmp/ccrwqngT.debug.temp.o
LOAD /tmp/ccMdhVQc.debug.temp.o
LOAD /tmp/ccL8TxLE.debug.temp.o
LOAD /tmp/ccig2zOa.debug.temp.o
LOAD /tmp/cc9YZbcS.debug.temp.o
LOAD /tmp/ccJ4d0c5.debug.temp.o
LOAD /tmp/ccgrkvoS.debug.temp.o
LOAD /tmp/ccbqAdxb.debug.temp.o
LOAD /tmp/ccKtVp5n.debug.temp.o
LOAD /tmp/cc71mMik.debug.temp.o
LOAD /tmp/ccKyr9xX.debug.temp.o
LOAD /tmp/ccZKNYeB.debug.temp.o
LOAD /tmp/cc08vhxG.debug.temp.o
LOAD /tmp/cc1hBbAI.debug.temp.o
LOAD /tmp/ccykKt0e.debug.temp.o
LOAD /tmp/ccHd4vis.debug.temp.o
LOAD ./system/src/stm32f7-hal/stm32f7xx_hal_cortex.o
LOAD ./system/src/stm32f7-hal/stm32f7xx_hal_flash.o
LOAD ./system/src/stm32f7-hal/stm32f7xx_hal_flash_ex.o
LOAD ./system/src/stm32f7-hal/stm32f7xx_hal_gpio.o
LOAD ./system/src/stm32f7-hal/stm32f7xx_hal_iwdg.o
LOAD ./system/src/stm32f7-hal/stm32f7xx_hal_pwr.o
LOAD ./system/src/stm32f7-hal/stm32f7xx_hal_pwr_ex.o
LOAD ./system/src/stm32f7-hal/stm32f7xx_hal_rcc.o
LOAD ./system/src/stm32f7-hal/stm32f7xx_hal_rcc_ex.o
LOAD ./system/src/newlib/assert.o
LOAD ./system/src/newlib/cxx.o
LOAD ./system/src/newlib/exit.o
LOAD ./system/src/newlib/sbrk.o
LOAD ./system/src/newlib/startup.o
LOAD ./system/src/newlib/syscalls.o
LOAD ./system/src/diag/trace-impl.o
LOAD ./system/src/diag/trace.o
LOAD ./system/src/cortexm/exception-handlers.o
LOAD ./system/src/cortexm/initialize-hardware.o
LOAD ./system/src/cortexm/reset-hardware.o
LOAD ./system/src/cmsis/system_stm32f7xx.o
LOAD ./system/src/cmsis/vectors_stm32f767xx.o
LOAD ./src/initialize-hardware.o
LOAD ./src/led.o
LOAD ./src/main.o
LOAD ./src/stm32f7xx_hal_msp.o
LOAD ./src/timer.o
LOAD ./src/write.o
LOAD /home/earlybeasts/.local/xPacks/@xpack-dev-tools/arm-none-eabi-gcc/13.2.1-1.1.1/.content/bin/../lib/gcc/arm-none-eabi/13.2.1/../../../../arm-none-eabi/lib/thumb/v7e-m/nofp/libstdc++_nano.a
LOAD /home/earlybeasts/.local/xPacks/@xpack-dev-tools/arm-none-eabi-gcc/13.2.1-1.1.1/.content/bin/../lib/gcc/arm-none-eabi/13.2.1/../../../../arm-none-eabi/lib/thumb/v7e-m/nofp/libm.a
START GROUP
LOAD /home/earlybeasts/.local/xPacks/@xpack-dev-tools/arm-none-eabi-gcc/13.2.1-1.1.1/.content/bin/../lib/gcc/arm-none-eabi/13.2.1/thumb/v7e-m/nofp/libgcc.a
LOAD /home/earlybeasts/.local/xPacks/@xpack-dev-tools/arm-none-eabi-gcc/13.2.1-1.1.1/.content/bin/../lib/gcc/arm-none-eabi/13.2.1/../../../../arm-none-eabi/lib/thumb/v7e-m/nofp/libg_nano.a
LOAD /home/earlybeasts/.local/xPacks/@xpack-dev-tools/arm-none-eabi-gcc/13.2.1-1.1.1/.content/bin/../lib/gcc/arm-none-eabi/13.2.1/../../../../arm-none-eabi/lib/thumb/v7e-m/nofp/libc_nano.a
END GROUP
START GROUP
LOAD /home/earlybeasts/.local/xPacks/@xpack-dev-tools/arm-none-eabi-gcc/13.2.1-1.1.1/.content/bin/../lib/gcc/arm-none-eabi/13.2.1/thumb/v7e-m/nofp/libgcc.a
LOAD /home/earlybeasts/.local/xPacks/@xpack-dev-tools/arm-none-eabi-gcc/13.2.1-1.1.1/.content/bin/../lib/gcc/arm-none-eabi/13.2.1/../../../../arm-none-eabi/lib/thumb/v7e-m/nofp/libc_nano.a
END GROUP
                0x20080000                        __stack = (ORIGIN (RAM) + LENGTH (RAM))
                0x20080000                        _estack = __stack
                0x00000400                        __Main_Stack_Size = 0x400
                [!provide]                        PROVIDE (_Main_Stack_Size = __Main_Stack_Size)
                0x2007fc00                        __Main_Stack_Limit = (__stack - __Main_Stack_Size)
                [!provide]                        PROVIDE (_Main_Stack_Limit = __Main_Stack_Limit)
                0x00000100                        _Minimum_Stack_Size = 0x100
                0x20000010                        PROVIDE (_Heap_Begin = _end_noinit)
                0x2007fc00                        PROVIDE (_Heap_Limit = (__stack - __Main_Stack_Size))

.isr_vector     0x08000000      0x744
 FILL mask 0xff
                0x08000000                        __vectors_start = ABSOLUTE (.)
                0x08000000                        __vectors_start__ = ABSOLUTE (.)
 *(.isr_vector)
 .isr_vector    0x08000000      0x1f8 /tmp/cc1f2daT.ltrans0.ltrans.o
                0x08000000                __isr_vectors
 *(.cfmconfig)
 *(.after_vectors .after_vectors.*)
 .after_vectors
                0x080001f8      0x54c /tmp/cc1f2daT.ltrans0.ltrans.o
                0x080001f8                Reset_Handler
                0x08000200                HardFault_Handler
                0x08000218                BusFault_Handler
                0x0800022e                UsageFault_Handler
                0x0800024c                _start
                0x0800072c                HardFault_Handler_C
                0x0800072e                BusFault_Handler_C
                0x08000730                UsageFault_Handler_C

.inits          0x08000744       0x28
                0x08000744                        __data_regions_array_start = .
                0x08000744        0x4 LONG 0x8000b04 LOADADDR (.data)
                0x08000748        0x4 LONG 0x20000000 ADDR (.data)
                0x0800074c        0x4 LONG 0x20000008 (ADDR (.data) + SIZEOF (.data))
                0x08000750        0x4 LONG 0x8000b04 LOADADDR (.data_CCMRAM)
                0x08000754        0x4 LONG 0x10000000 ADDR (.data_CCMRAM)
                0x08000758        0x4 LONG 0x10000000 (ADDR (.data_CCMRAM) + SIZEOF (.data_CCMRAM))
                0x0800075c                        __data_regions_array_end = .
                0x0800075c                        __bss_regions_array_start = .
                0x0800075c        0x4 LONG 0x20000008 ADDR (.bss)
                0x08000760        0x4 LONG 0x20000010 (ADDR (.bss) + SIZEOF (.bss))
                0x08000764        0x4 LONG 0x10000000 ADDR (.bss_CCMRAM)
                0x08000768        0x4 LONG 0x10000000 (ADDR (.bss_CCMRAM) + SIZEOF (.bss_CCMRAM))
                0x0800076c                        __bss_regions_array_end = .
 *(.init)
 *(.fini)
                0x0800076c                        . = ALIGN (0x4)
                0x0800076c                        PROVIDE (__preinit_array_start = .)
 *(.preinit_array_sysinit .preinit_array_sysinit.*)
 *(.preinit_array_platform .preinit_array_platform.*)
 *(.preinit_array .preinit_array.*)
                0x0800076c                        PROVIDE (__preinit_array_end = .)
                0x0800076c                        . = ALIGN (0x4)
                0x0800076c                        PROVIDE (__init_array_start = .)
 *(SORT_BY_NAME(.init_array.*))
 *(.init_array)
                0x0800076c                        PROVIDE (__init_array_end = .)
                0x0800076c                        . = ALIGN (0x4)
                0x0800076c                        PROVIDE (__fini_array_start = .)
 *(SORT_BY_NAME(.fini_array.*))
 *(.fini_array)
                0x0800076c                        PROVIDE (__fini_array_end = .)

.flashtext
 *(.flashtext .flashtext.*)

.text           0x0800076c      0x390
 *(.text .text.*)
 .text.SysTick_Handler
                0x0800076c       0x20 /tmp/cc1f2daT.ltrans0.ltrans.o
 .text.HAL_InitTick.isra.0
                0x0800078c       0x70 /tmp/cc1f2daT.ltrans0.ltrans.o
 .text          0x080007fc       0x30 /home/earlybeasts/.local/xPacks/@xpack-dev-tools/arm-none-eabi-gcc/13.2.1-1.1.1/.content/bin/../lib/gcc/arm-none-eabi/13.2.1/thumb/v7e-m/nofp/libgcc.a(_aeabi_uldivmod.o)
                0x080007fc                __aeabi_uldivmod
 .text.__udivmoddi4
                0x0800082c      0x2bc /home/earlybeasts/.local/xPacks/@xpack-dev-tools/arm-none-eabi-gcc/13.2.1-1.1.1/.content/bin/../lib/gcc/arm-none-eabi/13.2.1/thumb/v7e-m/nofp/libgcc.a(_udivmoddi4.o)
                0x0800082c                __udivmoddi4
 .text          0x08000ae8        0x4 /home/earlybeasts/.local/xPacks/@xpack-dev-tools/arm-none-eabi-gcc/13.2.1-1.1.1/.content/bin/../lib/gcc/arm-none-eabi/13.2.1/thumb/v7e-m/nofp/libgcc.a(_dvmd_tls.o)
                0x08000ae8                __aeabi_ldiv0
                0x08000ae8                __aeabi_idiv0
 *(.rodata .rodata.* .constdata .constdata.*)
 .rodata.AHBPrescTable
                0x08000aec       0x10 /tmp/cc1f2daT.ltrans0.ltrans.o
 *(vtable)
 *(.eh_frame*)
 *(.glue_7)
 .glue_7        0x08000afc        0x0 linker stubs
 *(.glue_7t)
 .glue_7t       0x08000afc        0x0 linker stubs

.vfp11_veneer   0x08000afc        0x0
 .vfp11_veneer  0x08000afc        0x0 linker stubs

.v4_bx          0x08000afc        0x0
 .v4_bx         0x08000afc        0x0 linker stubs

.iplt           0x08000afc        0x0
 .iplt          0x08000afc        0x0 /tmp/cc1f2daT.ltrans0.ltrans.o

.ARM.extab
 *(.ARM.extab* .gnu.linkonce.armextab.*)
                0x08000afc                        . = ALIGN (0x4)
                0x08000afc                        __exidx_start = .

.ARM.exidx      0x08000afc        0x8
 *(.ARM.exidx* .gnu.linkonce.armexidx.*)
 .ARM.exidx.text.__udivmoddi4
                0x08000afc        0x8 /home/earlybeasts/.local/xPacks/@xpack-dev-tools/arm-none-eabi-gcc/13.2.1-1.1.1/.content/bin/../lib/gcc/arm-none-eabi/13.2.1/thumb/v7e-m/nofp/libgcc.a(_udivmoddi4.o)
                0x08000b04                        __exidx_end = .

.rel.dyn        0x08000b04        0x0
 .rel.iplt      0x08000b04        0x0 /tmp/cc1f2daT.ltrans0.ltrans.o
                0x08000b04                        . = ALIGN (0x4)
                0x08000b04                        _etext = .
                0x08000b04                        __etext = .

.data_CCMRAM    0x10000000        0x0 load address 0x08000b04
 FILL mask 0xff
 *(.data.CCMRAM .data.CCMRAM.*)
                0x10000000                        . = ALIGN (0x4)
                0x08000b04                        _sidata = LOADADDR (.data)

.data           0x20000000        0x8 load address 0x08000b04
 FILL mask 0xff
                0x20000000                        _sdata = .
                0x20000000                        __data_start__ = .
 *(.data_begin .data_begin.*)
 *(.data .data.*)
 .data.uwTickPrio
                0x20000000        0x4 /tmp/cc1f2daT.ltrans0.ltrans.o
 .data.SystemCoreClock
                0x20000004        0x4 /tmp/cc1f2daT.ltrans0.ltrans.o
 *(.data_end .data_end.*)
                0x20000008                        . = ALIGN (0x4)
                0x20000008                        _edata = .
                0x20000008                        __data_end__ = .

.igot.plt       0x20000008        0x0 load address 0x08000b0c
 .igot.plt      0x20000008        0x0 /tmp/cc1f2daT.ltrans0.ltrans.o

.bss_CCMRAM     0x10000000        0x0
 *(.bss.CCMRAM .bss.CCMRAM.*)

.bss            0x20000008        0x8
                0x20000008                        __bss_start__ = .
                0x20000008                        _sbss = .
 *(.bss_begin .bss_begin.*)
 *(.bss .bss.*)
 .bss.uwTick    0x20000008        0x4 /tmp/cc1f2daT.ltrans0.ltrans.o
 .bss.timer_delayCount
                0x2000000c        0x4 /tmp/cc1f2daT.ltrans0.ltrans.o
 *(COMMON)
 *(.bss_end .bss_end.*)
                0x20000010                        . = ALIGN (0x4)
                0x20000010                        __bss_end__ = .
                0x20000010                        _ebss = .

.noinit_CCMRAM
 *(.noinit.CCMRAM .noinit.CCMRAM.*)

.noinit         0x20000010        0x0
                0x20000010                        _noinit = .
 *(.noinit .noinit.*)
                0x20000010                        . = ALIGN (0x4)
                0x20000010                        _end_noinit = .
                [!provide]                        PROVIDE (end = _end_noinit)
                [!provide]                        PROVIDE (_end = _end_noinit)
                [!provide]                        PROVIDE (__end = _end_noinit)
                [!provide]                        PROVIDE (__end__ = _end_noinit)

._check_stack   0x20000010      0x100
                0x20000110                        . = (. + _Minimum_Stack_Size)
 *fill*         0x20000010      0x100 

.b1text
 *(.b1text)
 *(.b1rodata)
 *(.b1rodata.*)

.eb0text
 *(.eb0text)
 *(.eb0rodata)
 *(.eb0rodata.*)

.eb1text
 *(.eb1text)
 *(.eb1rodata)
 *(.eb1rodata.*)

.eb2text
 *(.eb2text)
 *(.eb2rodata)
 *(.eb2rodata.*)

.eb3text
 *(.eb3text)
 *(.eb3rodata)
 *(.eb3rodata.*)

.stab
 *(.stab)

.stabstr
 *(.stabstr)

.stab.excl
 *(.stab.excl)

.stab.exclstr
 *(.stab.exclstr)

.stab.index
 *(.stab.index)

.stab.indexstr
 *(.stab.indexstr)

.comment        0x00000000       0x39
 *(.comment)
 .comment       0x00000000       0x39 /tmp/cc1f2daT.ltrans0.ltrans.o
                                 0x3a (size before relaxing)
 .comment       0x00000039       0x3a /home/earlybeasts/.local/xPacks/@xpack-dev-tools/arm-none-eabi-gcc/13.2.1-1.1.1/.content/bin/../lib/gcc/arm-none-eabi/13.2.1/thumb/v7e-m/nofp/libgcc.a(_udivmoddi4.o)

.ARM.attributes
                0x00000000       0x2e
 .ARM.attributes
                0x00000000       0x2c /tmp/cc1f2daT.ltrans0.ltrans.o
 .ARM.attributes
                0x0000002c       0x1e /home/earlybeasts/.local/xPacks/@xpack-dev-tools/arm-none-eabi-gcc/13.2.1-1.1.1/.content/bin/../lib/gcc/arm-none-eabi/13.2.1/thumb/v7e-m/nofp/libgcc.a(_aeabi_uldivmod.o)
 .ARM.attributes
                0x0000004a       0x2e /home/earlybeasts/.local/xPacks/@xpack-dev-tools/arm-none-eabi-gcc/13.2.1-1.1.1/.content/bin/../lib/gcc/arm-none-eabi/13.2.1/thumb/v7e-m/nofp/libgcc.a(_udivmoddi4.o)
 .ARM.attributes
                0x00000078       0x1e /home/earlybeasts/.local/xPacks/@xpack-dev-tools/arm-none-eabi-gcc/13.2.1-1.1.1/.content/bin/../lib/gcc/arm-none-eabi/13.2.1/thumb/v7e-m/nofp/libgcc.a(_dvmd_tls.o)

.debug
 *(.debug)

.line
 *(.line)

.debug_srcinfo
 *(.debug_srcinfo)

.debug_sfnames
 *(.debug_sfnames)

.debug_aranges  0x00000000       0x98
 *(.debug_aranges)
 .debug_aranges
                0x00000000       0x98 /tmp/cc1f2daT.ltrans0.ltrans.o

.debug_pubnames
 *(.debug_pubnames)

.debug_info     0x00000000     0x6017
 *(.debug_info .gnu.linkonce.wi.*)
 .debug_info    0x00000000      0xe06 /tmp/cc1f2daT.ltrans0.ltrans.o
 .debug_info    0x00000e06      0x94e /tmp/ccEMuqcI.debug.temp.o
                0x00000e06                stm32f7xx_hal.c.3da4b1d1
 .debug_info    0x00001754      0xd10 /tmp/ccamRh9V.debug.temp.o
                0x00001754                stm32f7xx_hal_cortex.c.72333421
 .debug_info    0x00002464      0x60d /tmp/cctmDYos.debug.temp.o
                0x00002464                stm32f7xx_hal_gpio.c.a496d078
 .debug_info    0x00002a71      0x7d2 /tmp/cciBALg5.debug.temp.o
                0x00002a71                stm32f7xx_hal_pwr_ex.c.1de3d782
 .debug_info    0x00003243      0x802 /tmp/ccw1CSkx.debug.temp.o
                0x00003243                stm32f7xx_hal_rcc.c.c0dfc717
 .debug_info    0x00003a45      0x27f /tmp/ccMdhVQc.debug.temp.o
                0x00003a45                startup.c.2f8606ec
 .debug_info    0x00003cc4      0x1b3 /tmp/ccJ4d0c5.debug.temp.o
                0x00003cc4                exception_handlers.c.98dd581b
 .debug_info    0x00003e77      0x3e1 /tmp/ccgrkvoS.debug.temp.o
                0x00003e77                initialize_hardware.c.eaf7c648
 .debug_info    0x00004258      0x692 /tmp/ccKtVp5n.debug.temp.o
                0x00004258                system_stm32f7xx.c.33185977
 .debug_info    0x000048ea       0xf2 /tmp/cc71mMik.debug.temp.o
                0x000048ea                vectors_stm32f767xx.c.ac42d28c
 .debug_info    0x000049dc      0x8b4 /tmp/ccKyr9xX.debug.temp.o
                0x000049dc                initialize_hardware.c.a0362fdf
 .debug_info    0x00005290      0x39d /tmp/ccZKNYeB.debug.temp.o
                0x00005290                led.c.02873144
 .debug_info    0x0000562d      0x14d /tmp/cc08vhxG.debug.temp.o
                0x0000562d                main.c.b58b9385
 .debug_info    0x0000577a      0x89d /tmp/ccykKt0e.debug.temp.o
                0x0000577a                timer.c.f1bba272

.debug_abbrev   0x00000000     0x1619
 *(.debug_abbrev)
 .debug_abbrev  0x00000000      0x23b /tmp/cc1f2daT.ltrans0.ltrans.o
 .debug_abbrev  0x0000023b      0x1cd /tmp/ccEMuqcI.debug.temp.o
 .debug_abbrev  0x00000408      0x25d /tmp/ccamRh9V.debug.temp.o
 .debug_abbrev  0x00000665      0x18d /tmp/cctmDYos.debug.temp.o
 .debug_abbrev  0x000007f2      0x199 /tmp/cciBALg5.debug.temp.o
 .debug_abbrev  0x0000098b      0x20e /tmp/ccw1CSkx.debug.temp.o
 .debug_abbrev  0x00000b99      0x153 /tmp/ccMdhVQc.debug.temp.o
 .debug_abbrev  0x00000cec       0xcd /tmp/ccJ4d0c5.debug.temp.o
 .debug_abbrev  0x00000db9       0xe8 /tmp/ccgrkvoS.debug.temp.o
 .debug_abbrev  0x00000ea1      0x120 /tmp/ccKtVp5n.debug.temp.o
 .debug_abbrev  0x00000fc1       0xa8 /tmp/cc71mMik.debug.temp.o
 .debug_abbrev  0x00001069      0x1f5 /tmp/ccKyr9xX.debug.temp.o
 .debug_abbrev  0x0000125e      0x140 /tmp/ccZKNYeB.debug.temp.o
 .debug_abbrev  0x0000139e       0xe4 /tmp/cc08vhxG.debug.temp.o
 .debug_abbrev  0x00001482      0x197 /tmp/ccykKt0e.debug.temp.o

.debug_line     0x00000000     0x12da
 *(.debug_line)
 .debug_line    0x00000000      0xdc5 /tmp/cc1f2daT.ltrans0.ltrans.o
 .debug_line    0x00000dc5       0x69 /tmp/ccEMuqcI.debug.temp.o
 .debug_line    0x00000e2e       0x64 /tmp/ccamRh9V.debug.temp.o
 .debug_line    0x00000e92       0x5f /tmp/cctmDYos.debug.temp.o
 .debug_line    0x00000ef1       0x64 /tmp/cciBALg5.debug.temp.o
 .debug_line    0x00000f55       0x78 /tmp/ccw1CSkx.debug.temp.o
 .debug_line    0x00000fcd       0x3a /tmp/ccMdhVQc.debug.temp.o
 .debug_line    0x00001007       0x4c /tmp/ccJ4d0c5.debug.temp.o
 .debug_line    0x00001053       0x51 /tmp/ccgrkvoS.debug.temp.o
 .debug_line    0x000010a4       0x56 /tmp/ccKtVp5n.debug.temp.o
 .debug_line    0x000010fa       0x43 /tmp/cc71mMik.debug.temp.o
 .debug_line    0x0000113d       0x7d /tmp/ccKyr9xX.debug.temp.o
 .debug_line    0x000011ba       0x55 /tmp/ccZKNYeB.debug.temp.o
 .debug_line    0x0000120f       0x6c /tmp/cc08vhxG.debug.temp.o
 .debug_line    0x0000127b       0x5f /tmp/ccykKt0e.debug.temp.o

.debug_frame    0x00000000      0x120
 *(.debug_frame)
 .debug_frame   0x00000000      0x120 /tmp/cc1f2daT.ltrans0.ltrans.o

.debug_str      0x00000000     0x1f44
 *(.debug_str)
 .debug_str     0x00000000     0x1f44 /tmp/cc1f2daT.ltrans0.ltrans.o
                                0x160 (size before relaxing)
 .debug_str     0x00001f44      0xd60 /tmp/ccEMuqcI.debug.temp.o
 .debug_str     0x00001f44      0xe34 /tmp/ccamRh9V.debug.temp.o
 .debug_str     0x00001f44      0x4e5 /tmp/cctmDYos.debug.temp.o
 .debug_str     0x00001f44      0x63f /tmp/cciBALg5.debug.temp.o
 .debug_str     0x00001f44      0x703 /tmp/ccw1CSkx.debug.temp.o
 .debug_str     0x00001f44      0x353 /tmp/ccMdhVQc.debug.temp.o
 .debug_str     0x00001f44      0x2b7 /tmp/ccJ4d0c5.debug.temp.o
 .debug_str     0x00001f44      0x379 /tmp/ccgrkvoS.debug.temp.o
 .debug_str     0x00001f44      0x460 /tmp/ccKtVp5n.debug.temp.o
 .debug_str     0x00001f44      0x275 /tmp/cc71mMik.debug.temp.o
 .debug_str     0x00001f44      0x665 /tmp/ccKyr9xX.debug.temp.o
 .debug_str     0x00001f44      0x3a6 /tmp/ccZKNYeB.debug.temp.o
 .debug_str     0x00001f44      0x247 /tmp/cc08vhxG.debug.temp.o
 .debug_str     0x00001f44      0xa41 /tmp/ccykKt0e.debug.temp.o

.debug_loc
 *(.debug_loc)

.debug_macinfo
 *(.debug_macinfo)

.debug_weaknames
 *(.debug_weaknames)

.debug_funcnames
 *(.debug_funcnames)

.debug_typenames
 *(.debug_typenames)

.debug_varnames
 *(.debug_varnames)
OUTPUT(FerFoxPrototype2.elf elf32-littlearm)
LOAD linker stubs

.debug_loclists
                0x00000000      0x830
 .debug_loclists
                0x00000000      0x830 /tmp/cc1f2daT.ltrans0.ltrans.o

.debug_rnglists
                0x00000000      0x23b
 .debug_rnglists
                0x00000000      0x23b /tmp/cc1f2daT.ltrans0.ltrans.o

.debug_line_str
                0x00000000      0x58b
 .debug_line_str
                0x00000000      0x58b /tmp/ccEMuqcI.debug.temp.o
                                0x1b9 (size before relaxing)
 .debug_line_str
                0x0000058b      0x1a8 /tmp/ccamRh9V.debug.temp.o
 .debug_line_str
                0x0000058b      0x19f /tmp/cctmDYos.debug.temp.o
 .debug_line_str
                0x0000058b      0x1a9 /tmp/cciBALg5.debug.temp.o
 .debug_line_str
                0x0000058b      0x1f7 /tmp/ccw1CSkx.debug.temp.o
 .debug_line_str
                0x0000058b       0x7b /tmp/ccMdhVQc.debug.temp.o
 .debug_line_str
                0x0000058b      0x14d /tmp/ccJ4d0c5.debug.temp.o
 .debug_line_str
                0x0000058b      0x156 /tmp/ccgrkvoS.debug.temp.o
 .debug_line_str
                0x0000058b      0x15a /tmp/ccKtVp5n.debug.temp.o
 .debug_line_str
                0x0000058b       0xc0 /tmp/cc71mMik.debug.temp.o
 .debug_line_str
                0x0000058b      0x1ed /tmp/ccKyr9xX.debug.temp.o
 .debug_line_str
                0x0000058b      0x13b /tmp/ccZKNYeB.debug.temp.o
 .debug_line_str
                0x0000058b      0x1c1 /tmp/cc08vhxG.debug.temp.o
 .debug_line_str
                0x0000058b      0x13d /tmp/ccykKt0e.debug.temp.o
