Archive member included to satisfy reference by file (symbol)

/home/earlybeasts/.local/xPacks/@xpack-dev-tools/arm-none-eabi-gcc/13.2.1-1.1.1/.content/bin/../lib/gcc/arm-none-eabi/13.2.1/../../../../arm-none-eabi/lib/thumb/v7e-m/nofp/libg_nano.a(libc_a-malloc.o)
                              ./src/l2hal/drivers/sdcard/src/l2hal_sdcard.o (symbol from plugin) (malloc)
/home/earlybeasts/.local/xPacks/@xpack-dev-tools/arm-none-eabi-gcc/13.2.1-1.1.1/.content/bin/../lib/gcc/arm-none-eabi/13.2.1/../../../../arm-none-eabi/lib/thumb/v7e-m/nofp/libg_nano.a(libc_a-mallocr.o)
                              /home/earlybeasts/.local/xPacks/@xpack-dev-tools/arm-none-eabi-gcc/13.2.1-1.1.1/.content/bin/../lib/gcc/arm-none-eabi/13.2.1/../../../../arm-none-eabi/lib/thumb/v7e-m/nofp/libg_nano.a(libc_a-malloc.o) (_malloc_r)
/home/earlybeasts/.local/xPacks/@xpack-dev-tools/arm-none-eabi-gcc/13.2.1-1.1.1/.content/bin/../lib/gcc/arm-none-eabi/13.2.1/../../../../arm-none-eabi/lib/thumb/v7e-m/nofp/libg_nano.a(libc_a-mlock.o)
                              /home/earlybeasts/.local/xPacks/@xpack-dev-tools/arm-none-eabi-gcc/13.2.1-1.1.1/.content/bin/../lib/gcc/arm-none-eabi/13.2.1/../../../../arm-none-eabi/lib/thumb/v7e-m/nofp/libg_nano.a(libc_a-mallocr.o) (__malloc_lock)
/home/earlybeasts/.local/xPacks/@xpack-dev-tools/arm-none-eabi-gcc/13.2.1-1.1.1/.content/bin/../lib/gcc/arm-none-eabi/13.2.1/../../../../arm-none-eabi/lib/thumb/v7e-m/nofp/libg_nano.a(libc_a-realloc.o)
                              ./src/l2hal/drivers/input/encoders/src/l2hal_encoders.o (symbol from plugin) (realloc)
/home/earlybeasts/.local/xPacks/@xpack-dev-tools/arm-none-eabi-gcc/13.2.1-1.1.1/.content/bin/../lib/gcc/arm-none-eabi/13.2.1/../../../../arm-none-eabi/lib/thumb/v7e-m/nofp/libg_nano.a(libc_a-reallocr.o)
                              /home/earlybeasts/.local/xPacks/@xpack-dev-tools/arm-none-eabi-gcc/13.2.1-1.1.1/.content/bin/../lib/gcc/arm-none-eabi/13.2.1/../../../../arm-none-eabi/lib/thumb/v7e-m/nofp/libg_nano.a(libc_a-realloc.o) (_realloc_r)
/home/earlybeasts/.local/xPacks/@xpack-dev-tools/arm-none-eabi-gcc/13.2.1-1.1.1/.content/bin/../lib/gcc/arm-none-eabi/13.2.1/../../../../arm-none-eabi/lib/thumb/v7e-m/nofp/libg_nano.a(libc_a-snprintf.o)
                              ./src/l2hal/drivers/bluetooth/hc06/src/l2hal_hc06.o (symbol from plugin) (snprintf)
/home/earlybeasts/.local/xPacks/@xpack-dev-tools/arm-none-eabi-gcc/13.2.1-1.1.1/.content/bin/../lib/gcc/arm-none-eabi/13.2.1/../../../../arm-none-eabi/lib/thumb/v7e-m/nofp/libg_nano.a(libc_a-memcmp.o)
                              ./src/main.o (symbol from plugin) (memcmp)
/home/earlybeasts/.local/xPacks/@xpack-dev-tools/arm-none-eabi-gcc/13.2.1-1.1.1/.content/bin/../lib/gcc/arm-none-eabi/13.2.1/../../../../arm-none-eabi/lib/thumb/v7e-m/nofp/libg_nano.a(libc_a-memset.o)
                              ./src/l2hal/drivers/sdcard/src/l2hal_sdcard.o (symbol from plugin) (memset)
/home/earlybeasts/.local/xPacks/@xpack-dev-tools/arm-none-eabi-gcc/13.2.1-1.1.1/.content/bin/../lib/gcc/arm-none-eabi/13.2.1/../../../../arm-none-eabi/lib/thumb/v7e-m/nofp/libg_nano.a(libc_a-strncpy.o)
                              ./src/l2hal/drivers/bluetooth/hc06/src/l2hal_hc06.o (symbol from plugin) (strncpy)
/home/earlybeasts/.local/xPacks/@xpack-dev-tools/arm-none-eabi-gcc/13.2.1-1.1.1/.content/bin/../lib/gcc/arm-none-eabi/13.2.1/../../../../arm-none-eabi/lib/thumb/v7e-m/nofp/libg_nano.a(libc_a-impure.o)
                              /home/earlybeasts/.local/xPacks/@xpack-dev-tools/arm-none-eabi-gcc/13.2.1-1.1.1/.content/bin/../lib/gcc/arm-none-eabi/13.2.1/../../../../arm-none-eabi/lib/thumb/v7e-m/nofp/libg_nano.a(libc_a-malloc.o) (_impure_ptr)
/home/earlybeasts/.local/xPacks/@xpack-dev-tools/arm-none-eabi-gcc/13.2.1-1.1.1/.content/bin/../lib/gcc/arm-none-eabi/13.2.1/../../../../arm-none-eabi/lib/thumb/v7e-m/nofp/libg_nano.a(libc_a-sbrkr.o)
                              /home/earlybeasts/.local/xPacks/@xpack-dev-tools/arm-none-eabi-gcc/13.2.1-1.1.1/.content/bin/../lib/gcc/arm-none-eabi/13.2.1/../../../../arm-none-eabi/lib/thumb/v7e-m/nofp/libg_nano.a(libc_a-mallocr.o) (_sbrk_r)
/home/earlybeasts/.local/xPacks/@xpack-dev-tools/arm-none-eabi-gcc/13.2.1-1.1.1/.content/bin/../lib/gcc/arm-none-eabi/13.2.1/../../../../arm-none-eabi/lib/thumb/v7e-m/nofp/libg_nano.a(libc_a-errno.o)
                              ./system/src/newlib/sbrk.o (symbol from plugin) (__errno)
/home/earlybeasts/.local/xPacks/@xpack-dev-tools/arm-none-eabi-gcc/13.2.1-1.1.1/.content/bin/../lib/gcc/arm-none-eabi/13.2.1/../../../../arm-none-eabi/lib/thumb/v7e-m/nofp/libg_nano.a(libc_a-lock.o)
                              /home/earlybeasts/.local/xPacks/@xpack-dev-tools/arm-none-eabi-gcc/13.2.1-1.1.1/.content/bin/../lib/gcc/arm-none-eabi/13.2.1/../../../../arm-none-eabi/lib/thumb/v7e-m/nofp/libg_nano.a(libc_a-mlock.o) (__retarget_lock_acquire_recursive)
/home/earlybeasts/.local/xPacks/@xpack-dev-tools/arm-none-eabi-gcc/13.2.1-1.1.1/.content/bin/../lib/gcc/arm-none-eabi/13.2.1/../../../../arm-none-eabi/lib/thumb/v7e-m/nofp/libg_nano.a(libc_a-strcmp.o)
                              ./src/l2hal/drivers/bluetooth/hc06/src/l2hal_hc06.o (symbol from plugin) (strcmp)
/home/earlybeasts/.local/xPacks/@xpack-dev-tools/arm-none-eabi-gcc/13.2.1-1.1.1/.content/bin/../lib/gcc/arm-none-eabi/13.2.1/../../../../arm-none-eabi/lib/thumb/v7e-m/nofp/libg_nano.a(libc_a-memcpy-stub.o)
                              /home/earlybeasts/.local/xPacks/@xpack-dev-tools/arm-none-eabi-gcc/13.2.1-1.1.1/.content/bin/../lib/gcc/arm-none-eabi/13.2.1/../../../../arm-none-eabi/lib/thumb/v7e-m/nofp/libg_nano.a(libc_a-reallocr.o) (memcpy)
/home/earlybeasts/.local/xPacks/@xpack-dev-tools/arm-none-eabi-gcc/13.2.1-1.1.1/.content/bin/../lib/gcc/arm-none-eabi/13.2.1/../../../../arm-none-eabi/lib/thumb/v7e-m/nofp/libg_nano.a(libc_a-strlen.o)
                              ./src/l2hal/drivers/bluetooth/hc06/src/l2hal_hc06.o (symbol from plugin) (strlen)
/home/earlybeasts/.local/xPacks/@xpack-dev-tools/arm-none-eabi-gcc/13.2.1-1.1.1/.content/bin/../lib/gcc/arm-none-eabi/13.2.1/../../../../arm-none-eabi/lib/thumb/v7e-m/nofp/libg_nano.a(libc_a-freer.o)
                              /home/earlybeasts/.local/xPacks/@xpack-dev-tools/arm-none-eabi-gcc/13.2.1-1.1.1/.content/bin/../lib/gcc/arm-none-eabi/13.2.1/../../../../arm-none-eabi/lib/thumb/v7e-m/nofp/libg_nano.a(libc_a-malloc.o) (_free_r)
/home/earlybeasts/.local/xPacks/@xpack-dev-tools/arm-none-eabi-gcc/13.2.1-1.1.1/.content/bin/../lib/gcc/arm-none-eabi/13.2.1/../../../../arm-none-eabi/lib/thumb/v7e-m/nofp/libg_nano.a(libc_a-msizer.o)
                              /home/earlybeasts/.local/xPacks/@xpack-dev-tools/arm-none-eabi-gcc/13.2.1-1.1.1/.content/bin/../lib/gcc/arm-none-eabi/13.2.1/../../../../arm-none-eabi/lib/thumb/v7e-m/nofp/libg_nano.a(libc_a-reallocr.o) (_malloc_usable_size_r)
/home/earlybeasts/.local/xPacks/@xpack-dev-tools/arm-none-eabi-gcc/13.2.1-1.1.1/.content/bin/../lib/gcc/arm-none-eabi/13.2.1/../../../../arm-none-eabi/lib/thumb/v7e-m/nofp/libg_nano.a(libc_a-nano-svfprintf.o)
                              /home/earlybeasts/.local/xPacks/@xpack-dev-tools/arm-none-eabi-gcc/13.2.1-1.1.1/.content/bin/../lib/gcc/arm-none-eabi/13.2.1/../../../../arm-none-eabi/lib/thumb/v7e-m/nofp/libg_nano.a(libc_a-snprintf.o) (_svfprintf_r)
/home/earlybeasts/.local/xPacks/@xpack-dev-tools/arm-none-eabi-gcc/13.2.1-1.1.1/.content/bin/../lib/gcc/arm-none-eabi/13.2.1/../../../../arm-none-eabi/lib/thumb/v7e-m/nofp/libg_nano.a(libc_a-nano-vfprintf_i.o)
                              /home/earlybeasts/.local/xPacks/@xpack-dev-tools/arm-none-eabi-gcc/13.2.1-1.1.1/.content/bin/../lib/gcc/arm-none-eabi/13.2.1/../../../../arm-none-eabi/lib/thumb/v7e-m/nofp/libg_nano.a(libc_a-nano-svfprintf.o) (_printf_i)
/home/earlybeasts/.local/xPacks/@xpack-dev-tools/arm-none-eabi-gcc/13.2.1-1.1.1/.content/bin/../lib/gcc/arm-none-eabi/13.2.1/../../../../arm-none-eabi/lib/thumb/v7e-m/nofp/libg_nano.a(libc_a-memmove.o)
                              /home/earlybeasts/.local/xPacks/@xpack-dev-tools/arm-none-eabi-gcc/13.2.1-1.1.1/.content/bin/../lib/gcc/arm-none-eabi/13.2.1/../../../../arm-none-eabi/lib/thumb/v7e-m/nofp/libg_nano.a(libc_a-nano-svfprintf.o) (memmove)
/home/earlybeasts/.local/xPacks/@xpack-dev-tools/arm-none-eabi-gcc/13.2.1-1.1.1/.content/bin/../lib/gcc/arm-none-eabi/13.2.1/../../../../arm-none-eabi/lib/thumb/v7e-m/nofp/libg_nano.a(libc_a-memchr.o)
                              /home/earlybeasts/.local/xPacks/@xpack-dev-tools/arm-none-eabi-gcc/13.2.1-1.1.1/.content/bin/../lib/gcc/arm-none-eabi/13.2.1/../../../../arm-none-eabi/lib/thumb/v7e-m/nofp/libg_nano.a(libc_a-nano-svfprintf.o) (memchr)
/home/earlybeasts/.local/xPacks/@xpack-dev-tools/arm-none-eabi-gcc/13.2.1-1.1.1/.content/bin/../lib/gcc/arm-none-eabi/13.2.1/thumb/v7e-m/nofp/libgcc.a(_aeabi_ldivmod.o)
                              /tmp/cc7DcPDC.ltrans0.ltrans.o (__aeabi_ldivmod)
/home/earlybeasts/.local/xPacks/@xpack-dev-tools/arm-none-eabi-gcc/13.2.1-1.1.1/.content/bin/../lib/gcc/arm-none-eabi/13.2.1/thumb/v7e-m/nofp/libgcc.a(_aeabi_uldivmod.o)
                              /tmp/cc7DcPDC.ltrans0.ltrans.o (__aeabi_uldivmod)
/home/earlybeasts/.local/xPacks/@xpack-dev-tools/arm-none-eabi-gcc/13.2.1-1.1.1/.content/bin/../lib/gcc/arm-none-eabi/13.2.1/thumb/v7e-m/nofp/libgcc.a(_udivmoddi4.o)
                              /home/earlybeasts/.local/xPacks/@xpack-dev-tools/arm-none-eabi-gcc/13.2.1-1.1.1/.content/bin/../lib/gcc/arm-none-eabi/13.2.1/thumb/v7e-m/nofp/libgcc.a(_aeabi_ldivmod.o) (__udivmoddi4)
/home/earlybeasts/.local/xPacks/@xpack-dev-tools/arm-none-eabi-gcc/13.2.1-1.1.1/.content/bin/../lib/gcc/arm-none-eabi/13.2.1/thumb/v7e-m/nofp/libgcc.a(_dvmd_tls.o)
                              /home/earlybeasts/.local/xPacks/@xpack-dev-tools/arm-none-eabi-gcc/13.2.1-1.1.1/.content/bin/../lib/gcc/arm-none-eabi/13.2.1/thumb/v7e-m/nofp/libgcc.a(_aeabi_ldivmod.o) (__aeabi_ldiv0)

Discarded input sections

 .text          0x00000000        0x0 /tmp/cc7DcPDC.ltrans0.ltrans.o
 .data          0x00000000        0x0 /tmp/cc7DcPDC.ltrans0.ltrans.o
 .bss           0x00000000        0x0 /tmp/cc7DcPDC.ltrans0.ltrans.o
 .text._sbrk    0x00000000       0x3c /tmp/cc7DcPDC.ltrans0.ltrans.o
 .bss.errno     0x00000000        0x4 /tmp/cc7DcPDC.ltrans0.ltrans.o
 .bss.current_heap_end.0
                0x00000000        0x4 /tmp/cc7DcPDC.ltrans0.ltrans.o
 .comment       0x00000000       0x3a /tmp/ccMeKY9o.debug.temp.o
 .comment       0x00000000       0x3a /tmp/cc8ZQivg.debug.temp.o
 .comment       0x00000000       0x3a /tmp/cc1MiILy.debug.temp.o
 .debug_info    0x00000000      0x425 /tmp/ccLeHw9J.debug.temp.o
 .debug_abbrev  0x00000000      0x1c5 /tmp/ccLeHw9J.debug.temp.o
 .debug_line    0x00000000       0x6e /tmp/ccLeHw9J.debug.temp.o
 .debug_str     0x00000000      0x50a /tmp/ccLeHw9J.debug.temp.o
 .debug_line_str
                0x00000000      0x1d7 /tmp/ccLeHw9J.debug.temp.o
 .comment       0x00000000       0x3a /tmp/ccLeHw9J.debug.temp.o
 .debug_info    0x00000000      0x5bf /tmp/ccZGHB8c.debug.temp.o
 .debug_abbrev  0x00000000      0x1c3 /tmp/ccZGHB8c.debug.temp.o
 .debug_line    0x00000000       0x64 /tmp/ccZGHB8c.debug.temp.o
 .debug_str     0x00000000      0x5ef /tmp/ccZGHB8c.debug.temp.o
 .debug_line_str
                0x00000000      0x1c1 /tmp/ccZGHB8c.debug.temp.o
 .comment       0x00000000       0x3a /tmp/ccZGHB8c.debug.temp.o
 .comment       0x00000000       0x3a /tmp/ccaelk8P.debug.temp.o
 .debug_info    0x00000000      0x1bd /tmp/ccQztzO9.debug.temp.o
 .debug_abbrev  0x00000000      0x123 /tmp/ccQztzO9.debug.temp.o
 .debug_line    0x00000000       0x5f /tmp/ccQztzO9.debug.temp.o
 .debug_str     0x00000000      0x291 /tmp/ccQztzO9.debug.temp.o
 .debug_line_str
                0x00000000      0x1a3 /tmp/ccQztzO9.debug.temp.o
 .comment       0x00000000       0x3a /tmp/ccQztzO9.debug.temp.o
 .debug_info    0x00000000      0x7eb /tmp/ccIfmYXo.debug.temp.o
 .debug_abbrev  0x00000000      0x174 /tmp/ccIfmYXo.debug.temp.o
 .debug_line    0x00000000       0x64 /tmp/ccIfmYXo.debug.temp.o
 .debug_str     0x00000000      0x630 /tmp/ccIfmYXo.debug.temp.o
 .debug_line_str
                0x00000000      0x19f /tmp/ccIfmYXo.debug.temp.o
 .comment       0x00000000       0x3a /tmp/ccIfmYXo.debug.temp.o
 .comment       0x00000000       0x3a /tmp/ccuX0hS1.debug.temp.o
 .comment       0x00000000       0x3a /tmp/cc1xDZ1q.debug.temp.o
 .comment       0x00000000       0x3a /tmp/cc5ht8hu.debug.temp.o
 .debug_info    0x00000000      0x636 /tmp/ccBnZ6PQ.debug.temp.o
 .debug_abbrev  0x00000000      0x181 /tmp/ccBnZ6PQ.debug.temp.o
 .debug_line    0x00000000       0x64 /tmp/ccBnZ6PQ.debug.temp.o
 .debug_str     0x00000000      0x72c /tmp/ccBnZ6PQ.debug.temp.o
 .debug_line_str
                0x00000000      0x1b5 /tmp/ccBnZ6PQ.debug.temp.o
 .comment       0x00000000       0x3a /tmp/ccBnZ6PQ.debug.temp.o
 .debug_info    0x00000000       0xdd /tmp/ccl2iLcO.debug.temp.o
 .debug_abbrev  0x00000000       0x89 /tmp/ccl2iLcO.debug.temp.o
 .debug_line    0x00000000       0x51 /tmp/ccl2iLcO.debug.temp.o
 .debug_str     0x00000000      0x1ef /tmp/ccl2iLcO.debug.temp.o
 .debug_line_str
                0x00000000      0x119 /tmp/ccl2iLcO.debug.temp.o
 .comment       0x00000000       0x3a /tmp/ccl2iLcO.debug.temp.o
 .debug_info    0x00000000      0x11c /tmp/ccoWhdSz.debug.temp.o
 .debug_abbrev  0x00000000       0xdc /tmp/ccoWhdSz.debug.temp.o
 .debug_line    0x00000000       0x55 /tmp/ccoWhdSz.debug.temp.o
 .debug_str     0x00000000      0x286 /tmp/ccoWhdSz.debug.temp.o
 .debug_line_str
                0x00000000      0x1c2 /tmp/ccoWhdSz.debug.temp.o
 .comment       0x00000000       0x3a /tmp/ccoWhdSz.debug.temp.o
 .debug_info    0x00000000       0xbe /tmp/cckv45L0.debug.temp.o
 .debug_abbrev  0x00000000       0xa7 /tmp/cckv45L0.debug.temp.o
 .debug_line    0x00000000       0x55 /tmp/cckv45L0.debug.temp.o
 .debug_str     0x00000000      0x1d8 /tmp/cckv45L0.debug.temp.o
 .debug_line_str
                0x00000000      0x188 /tmp/cckv45L0.debug.temp.o
 .comment       0x00000000       0x3a /tmp/cckv45L0.debug.temp.o
 .comment       0x00000000       0x3a /tmp/ccLw0JV5.debug.temp.o
 .comment       0x00000000       0x3a /tmp/ccNvmKRV.debug.temp.o
 .comment       0x00000000       0x3a /tmp/cc2iMd6E.debug.temp.o
 .debug_info    0x00000000       0x1e /tmp/cco3LkVd.debug.temp.o
 .debug_abbrev  0x00000000       0x10 /tmp/cco3LkVd.debug.temp.o
 .debug_line    0x00000000       0x31 /tmp/cco3LkVd.debug.temp.o
 .debug_str     0x00000000      0x11a /tmp/cco3LkVd.debug.temp.o
 .debug_line_str
                0x00000000       0x5d /tmp/cco3LkVd.debug.temp.o
 .comment       0x00000000       0x3a /tmp/cco3LkVd.debug.temp.o
 .debug_info    0x00000000       0x1e /tmp/ccprYtdP.debug.temp.o
 .debug_abbrev  0x00000000       0x10 /tmp/ccprYtdP.debug.temp.o
 .debug_line    0x00000000       0x31 /tmp/ccprYtdP.debug.temp.o
 .debug_str     0x00000000      0x115 /tmp/ccprYtdP.debug.temp.o
 .debug_line_str
                0x00000000       0x58 /tmp/ccprYtdP.debug.temp.o
 .comment       0x00000000       0x3a /tmp/ccprYtdP.debug.temp.o
 .comment       0x00000000       0x3a /tmp/ccnBE4LW.debug.temp.o
 .comment       0x00000000       0x3a /tmp/ccqWnIsH.debug.temp.o
 .debug_info    0x00000000      0x3d7 /tmp/ccQRkFKv.debug.temp.o
 .debug_abbrev  0x00000000       0xe2 /tmp/ccQRkFKv.debug.temp.o
 .debug_line    0x00000000       0x51 /tmp/ccQRkFKv.debug.temp.o
 .debug_str     0x00000000      0x33b /tmp/ccQRkFKv.debug.temp.o
 .debug_line_str
                0x00000000      0x145 /tmp/ccQRkFKv.debug.temp.o
 .comment       0x00000000       0x3a /tmp/ccQRkFKv.debug.temp.o
 .comment       0x00000000       0x3a /tmp/ccJBzi1M.debug.temp.o
 .comment       0x00000000       0x3a /tmp/cczgrSMY.debug.temp.o
 .comment       0x00000000       0x3a /tmp/ccokTxRZ.debug.temp.o
 .debug_info    0x00000000       0x3b /tmp/ccWIlgCE.debug.temp.o
 .debug_abbrev  0x00000000       0x26 /tmp/ccWIlgCE.debug.temp.o
 .debug_line    0x00000000       0x31 /tmp/ccWIlgCE.debug.temp.o
 .debug_str     0x00000000      0x13e /tmp/ccWIlgCE.debug.temp.o
 .debug_line_str
                0x00000000       0x5a /tmp/ccWIlgCE.debug.temp.o
 .comment       0x00000000       0x3a /tmp/ccWIlgCE.debug.temp.o
 .comment       0x00000000       0x3a /tmp/cc3K28My.debug.temp.o
 .comment       0x00000000       0x3a /tmp/ccxfryFo.debug.temp.o
 .comment       0x00000000       0x3a /tmp/ccORIpTn.debug.temp.o
 .debug_info    0x00000000      0x4a7 /tmp/ccitNxnq.debug.temp.o
 .debug_abbrev  0x00000000      0x16a /tmp/ccitNxnq.debug.temp.o
 .debug_line    0x00000000       0x67 /tmp/ccitNxnq.debug.temp.o
 .debug_str     0x00000000      0x41a /tmp/ccitNxnq.debug.temp.o
 .debug_line_str
                0x00000000      0x25b /tmp/ccitNxnq.debug.temp.o
 .comment       0x00000000       0x3a /tmp/ccitNxnq.debug.temp.o
 .comment       0x00000000       0x3a /tmp/ccl1tPFx.debug.temp.o
 .debug_info    0x00000000      0xbcb /tmp/cc5oPJJZ.debug.temp.o
 .debug_abbrev  0x00000000      0x25d /tmp/cc5oPJJZ.debug.temp.o
 .debug_line    0x00000000       0x92 /tmp/cc5oPJJZ.debug.temp.o
 .debug_str     0x00000000      0xa7c /tmp/cc5oPJJZ.debug.temp.o
 .debug_line_str
                0x00000000      0x2e2 /tmp/cc5oPJJZ.debug.temp.o
 .comment       0x00000000       0x3a /tmp/cc5oPJJZ.debug.temp.o
 .comment       0x00000000       0x3a /tmp/ccHiuwH1.debug.temp.o
 .debug_info    0x00000000      0xac4 /tmp/ccCg1St5.debug.temp.o
 .debug_abbrev  0x00000000      0x1c1 /tmp/ccCg1St5.debug.temp.o
 .debug_line    0x00000000       0x97 /tmp/ccCg1St5.debug.temp.o
 .debug_str     0x00000000      0xa02 /tmp/ccCg1St5.debug.temp.o
 .debug_line_str
                0x00000000      0x310 /tmp/ccCg1St5.debug.temp.o
 .comment       0x00000000       0x3a /tmp/ccCg1St5.debug.temp.o
 .debug_info    0x00000000      0x504 /tmp/ccWmiHwS.debug.temp.o
 .debug_abbrev  0x00000000      0x1bd /tmp/ccWmiHwS.debug.temp.o
 .debug_line    0x00000000       0x83 /tmp/ccWmiHwS.debug.temp.o
 .debug_str     0x00000000      0x4e7 /tmp/ccWmiHwS.debug.temp.o
 .debug_line_str
                0x00000000      0x2b9 /tmp/ccWmiHwS.debug.temp.o
 .comment       0x00000000       0x3a /tmp/ccWmiHwS.debug.temp.o
 .debug_info    0x00000000      0x55a /tmp/cclCbbXp.debug.temp.o
 .debug_abbrev  0x00000000      0x1aa /tmp/cclCbbXp.debug.temp.o
 .debug_line    0x00000000       0x87 /tmp/cclCbbXp.debug.temp.o
 .debug_str     0x00000000      0x5e8 /tmp/cclCbbXp.debug.temp.o
 .debug_line_str
                0x00000000      0x2f6 /tmp/cclCbbXp.debug.temp.o
 .comment       0x00000000       0x3a /tmp/cclCbbXp.debug.temp.o
 .debug_info    0x00000000      0x530 /tmp/cczxdsKr.debug.temp.o
 .debug_abbrev  0x00000000      0x1ca /tmp/cczxdsKr.debug.temp.o
 .debug_line    0x00000000       0x91 /tmp/cczxdsKr.debug.temp.o
 .debug_str     0x00000000      0x5ad /tmp/cczxdsKr.debug.temp.o
 .debug_line_str
                0x00000000      0x349 /tmp/cczxdsKr.debug.temp.o
 .comment       0x00000000       0x3a /tmp/cczxdsKr.debug.temp.o
 .debug_info    0x00000000      0x9cf /tmp/ccPhCoKa.debug.temp.o
 .debug_abbrev  0x00000000      0x1c8 /tmp/ccPhCoKa.debug.temp.o
 .debug_line    0x00000000       0x7f /tmp/ccPhCoKa.debug.temp.o
 .debug_str     0x00000000      0x9d9 /tmp/ccPhCoKa.debug.temp.o
 .debug_line_str
                0x00000000      0x256 /tmp/ccPhCoKa.debug.temp.o
 .comment       0x00000000       0x3a /tmp/ccPhCoKa.debug.temp.o
 .debug_info    0x00000000      0xedf /tmp/ccP0eCOL.debug.temp.o
 .debug_abbrev  0x00000000      0x2a0 /tmp/ccP0eCOL.debug.temp.o
 .debug_line    0x00000000       0x96 /tmp/ccP0eCOL.debug.temp.o
 .debug_str     0x00000000      0xed3 /tmp/ccP0eCOL.debug.temp.o
 .debug_line_str
                0x00000000      0x30d /tmp/ccP0eCOL.debug.temp.o
 .comment       0x00000000       0x3a /tmp/ccP0eCOL.debug.temp.o
 .debug_info    0x00000000      0xac2 /tmp/ccW0aVYK.debug.temp.o
 .debug_abbrev  0x00000000      0x283 /tmp/ccW0aVYK.debug.temp.o
 .debug_line    0x00000000       0x83 /tmp/ccW0aVYK.debug.temp.o
 .debug_str     0x00000000      0xaa9 /tmp/ccW0aVYK.debug.temp.o
 .debug_line_str
                0x00000000      0x27c /tmp/ccW0aVYK.debug.temp.o
 .comment       0x00000000       0x3a /tmp/ccW0aVYK.debug.temp.o
 .debug_info    0x00000000     0x1087 /tmp/cc4x434K.debug.temp.o
 .debug_abbrev  0x00000000      0x264 /tmp/cc4x434K.debug.temp.o
 .debug_line    0x00000000       0xa9 /tmp/cc4x434K.debug.temp.o
 .debug_str     0x00000000      0xfa3 /tmp/cc4x434K.debug.temp.o
 .debug_line_str
                0x00000000      0x366 /tmp/cc4x434K.debug.temp.o
 .comment       0x00000000       0x3a /tmp/cc4x434K.debug.temp.o
 .debug_info    0x00000000      0xc01 /tmp/cccjAnKY.debug.temp.o
 .debug_abbrev  0x00000000      0x1c2 /tmp/cccjAnKY.debug.temp.o
 .debug_line    0x00000000       0x7b /tmp/cccjAnKY.debug.temp.o
 .debug_str     0x00000000      0xbc7 /tmp/cccjAnKY.debug.temp.o
 .debug_line_str
                0x00000000      0x258 /tmp/cccjAnKY.debug.temp.o
 .comment       0x00000000       0x3a /tmp/cccjAnKY.debug.temp.o
 .debug_info    0x00000000      0x80c /tmp/ccqBy0E2.debug.temp.o
 .debug_abbrev  0x00000000      0x1a9 /tmp/ccqBy0E2.debug.temp.o
 .debug_line    0x00000000       0x7a /tmp/ccqBy0E2.debug.temp.o
 .debug_str     0x00000000      0x848 /tmp/ccqBy0E2.debug.temp.o
 .debug_line_str
                0x00000000      0x24f /tmp/ccqBy0E2.debug.temp.o
 .comment       0x00000000       0x3a /tmp/ccqBy0E2.debug.temp.o
 .debug_info    0x00000000      0x9a9 /tmp/ccTzPhlg.debug.temp.o
 .debug_abbrev  0x00000000      0x202 /tmp/ccTzPhlg.debug.temp.o
 .debug_line    0x00000000       0x8d /tmp/ccTzPhlg.debug.temp.o
 .debug_str     0x00000000      0x7cd /tmp/ccTzPhlg.debug.temp.o
 .debug_line_str
                0x00000000      0x2df /tmp/ccTzPhlg.debug.temp.o
 .comment       0x00000000       0x3a /tmp/ccTzPhlg.debug.temp.o
 .debug_info    0x00000000      0xb88 /tmp/ccJhGykV.debug.temp.o
 .debug_abbrev  0x00000000      0x241 /tmp/ccJhGykV.debug.temp.o
 .debug_line    0x00000000       0x7a /tmp/ccJhGykV.debug.temp.o
 .debug_str     0x00000000      0x85e /tmp/ccJhGykV.debug.temp.o
 .debug_line_str
                0x00000000      0x231 /tmp/ccJhGykV.debug.temp.o
 .comment       0x00000000       0x3a /tmp/ccJhGykV.debug.temp.o
 .debug_info    0x00000000      0x645 /tmp/cc3GyD89.debug.temp.o
 .debug_abbrev  0x00000000      0x1e3 /tmp/cc3GyD89.debug.temp.o
 .debug_line    0x00000000       0x75 /tmp/cc3GyD89.debug.temp.o
 .debug_str     0x00000000      0x569 /tmp/cc3GyD89.debug.temp.o
 .debug_line_str
                0x00000000      0x232 /tmp/cc3GyD89.debug.temp.o
 .comment       0x00000000       0x3a /tmp/cc3GyD89.debug.temp.o
 .debug_info    0x00000000      0x28c /tmp/ccAe7UJM.debug.temp.o
 .debug_abbrev  0x00000000      0x13e /tmp/ccAe7UJM.debug.temp.o
 .debug_line    0x00000000       0x67 /tmp/ccAe7UJM.debug.temp.o
 .debug_str     0x00000000      0x32e /tmp/ccAe7UJM.debug.temp.o
 .debug_line_str
                0x00000000      0x1d1 /tmp/ccAe7UJM.debug.temp.o
 .comment       0x00000000       0x3a /tmp/ccAe7UJM.debug.temp.o
 .comment       0x00000000       0x3a /tmp/ccYGmGZU.debug.temp.o
 .comment       0x00000000       0x3a /tmp/ccFIQKc5.debug.temp.o
 .comment       0x00000000       0x3a /tmp/ccTjCGp6.debug.temp.o
 .debug_info    0x00000000       0x84 /tmp/ccMhBfRi.debug.temp.o
 .debug_abbrev  0x00000000       0x39 /tmp/ccMhBfRi.debug.temp.o
 .debug_line    0x00000000       0x3a /tmp/ccMhBfRi.debug.temp.o
 .debug_str     0x00000000      0x1e1 /tmp/ccMhBfRi.debug.temp.o
 .debug_line_str
                0x00000000       0x73 /tmp/ccMhBfRi.debug.temp.o
 .comment       0x00000000       0x3a /tmp/ccMhBfRi.debug.temp.o
 .debug_info    0x00000000       0x1e /tmp/ccICqm4y.debug.temp.o
 .debug_abbrev  0x00000000       0x10 /tmp/ccICqm4y.debug.temp.o
 .debug_line    0x00000000       0x31 /tmp/ccICqm4y.debug.temp.o
 .debug_str     0x00000000      0x109 /tmp/ccICqm4y.debug.temp.o
 .debug_line_str
                0x00000000       0x4c /tmp/ccICqm4y.debug.temp.o
 .comment       0x00000000       0x3a /tmp/ccICqm4y.debug.temp.o
 .text          0x00000000        0x0 /home/earlybeasts/.local/xPacks/@xpack-dev-tools/arm-none-eabi-gcc/13.2.1-1.1.1/.content/bin/../lib/gcc/arm-none-eabi/13.2.1/../../../../arm-none-eabi/lib/thumb/v7e-m/nofp/libg_nano.a(libc_a-malloc.o)
 .data          0x00000000        0x0 /home/earlybeasts/.local/xPacks/@xpack-dev-tools/arm-none-eabi-gcc/13.2.1-1.1.1/.content/bin/../lib/gcc/arm-none-eabi/13.2.1/../../../../arm-none-eabi/lib/thumb/v7e-m/nofp/libg_nano.a(libc_a-malloc.o)
 .bss           0x00000000        0x0 /home/earlybeasts/.local/xPacks/@xpack-dev-tools/arm-none-eabi-gcc/13.2.1-1.1.1/.content/bin/../lib/gcc/arm-none-eabi/13.2.1/../../../../arm-none-eabi/lib/thumb/v7e-m/nofp/libg_nano.a(libc_a-malloc.o)
 .text.malloc   0x00000000       0x10 /home/earlybeasts/.local/xPacks/@xpack-dev-tools/arm-none-eabi-gcc/13.2.1-1.1.1/.content/bin/../lib/gcc/arm-none-eabi/13.2.1/../../../../arm-none-eabi/lib/thumb/v7e-m/nofp/libg_nano.a(libc_a-malloc.o)
 .text.free     0x00000000       0x10 /home/earlybeasts/.local/xPacks/@xpack-dev-tools/arm-none-eabi-gcc/13.2.1-1.1.1/.content/bin/../lib/gcc/arm-none-eabi/13.2.1/../../../../arm-none-eabi/lib/thumb/v7e-m/nofp/libg_nano.a(libc_a-malloc.o)
 .comment       0x00000000       0x3a /home/earlybeasts/.local/xPacks/@xpack-dev-tools/arm-none-eabi-gcc/13.2.1-1.1.1/.content/bin/../lib/gcc/arm-none-eabi/13.2.1/../../../../arm-none-eabi/lib/thumb/v7e-m/nofp/libg_nano.a(libc_a-malloc.o)
 .ARM.attributes
                0x00000000       0x2e /home/earlybeasts/.local/xPacks/@xpack-dev-tools/arm-none-eabi-gcc/13.2.1-1.1.1/.content/bin/../lib/gcc/arm-none-eabi/13.2.1/../../../../arm-none-eabi/lib/thumb/v7e-m/nofp/libg_nano.a(libc_a-malloc.o)
 .text          0x00000000        0x0 /home/earlybeasts/.local/xPacks/@xpack-dev-tools/arm-none-eabi-gcc/13.2.1-1.1.1/.content/bin/../lib/gcc/arm-none-eabi/13.2.1/../../../../arm-none-eabi/lib/thumb/v7e-m/nofp/libg_nano.a(libc_a-mallocr.o)
 .data          0x00000000        0x0 /home/earlybeasts/.local/xPacks/@xpack-dev-tools/arm-none-eabi-gcc/13.2.1-1.1.1/.content/bin/../lib/gcc/arm-none-eabi/13.2.1/../../../../arm-none-eabi/lib/thumb/v7e-m/nofp/libg_nano.a(libc_a-mallocr.o)
 .bss           0x00000000        0x0 /home/earlybeasts/.local/xPacks/@xpack-dev-tools/arm-none-eabi-gcc/13.2.1-1.1.1/.content/bin/../lib/gcc/arm-none-eabi/13.2.1/../../../../arm-none-eabi/lib/thumb/v7e-m/nofp/libg_nano.a(libc_a-mallocr.o)
 .text.sbrk_aligned
                0x00000000       0x44 /home/earlybeasts/.local/xPacks/@xpack-dev-tools/arm-none-eabi-gcc/13.2.1-1.1.1/.content/bin/../lib/gcc/arm-none-eabi/13.2.1/../../../../arm-none-eabi/lib/thumb/v7e-m/nofp/libg_nano.a(libc_a-mallocr.o)
 .text._malloc_r
                0x00000000      0x100 /home/earlybeasts/.local/xPacks/@xpack-dev-tools/arm-none-eabi-gcc/13.2.1-1.1.1/.content/bin/../lib/gcc/arm-none-eabi/13.2.1/../../../../arm-none-eabi/lib/thumb/v7e-m/nofp/libg_nano.a(libc_a-mallocr.o)
 .bss.__malloc_sbrk_start
                0x00000000        0x4 /home/earlybeasts/.local/xPacks/@xpack-dev-tools/arm-none-eabi-gcc/13.2.1-1.1.1/.content/bin/../lib/gcc/arm-none-eabi/13.2.1/../../../../arm-none-eabi/lib/thumb/v7e-m/nofp/libg_nano.a(libc_a-mallocr.o)
 .bss.__malloc_free_list
                0x00000000        0x4 /home/earlybeasts/.local/xPacks/@xpack-dev-tools/arm-none-eabi-gcc/13.2.1-1.1.1/.content/bin/../lib/gcc/arm-none-eabi/13.2.1/../../../../arm-none-eabi/lib/thumb/v7e-m/nofp/libg_nano.a(libc_a-mallocr.o)
 .comment       0x00000000       0x3a /home/earlybeasts/.local/xPacks/@xpack-dev-tools/arm-none-eabi-gcc/13.2.1-1.1.1/.content/bin/../lib/gcc/arm-none-eabi/13.2.1/../../../../arm-none-eabi/lib/thumb/v7e-m/nofp/libg_nano.a(libc_a-mallocr.o)
 .ARM.attributes
                0x00000000       0x2e /home/earlybeasts/.local/xPacks/@xpack-dev-tools/arm-none-eabi-gcc/13.2.1-1.1.1/.content/bin/../lib/gcc/arm-none-eabi/13.2.1/../../../../arm-none-eabi/lib/thumb/v7e-m/nofp/libg_nano.a(libc_a-mallocr.o)
 .text          0x00000000        0x0 /home/earlybeasts/.local/xPacks/@xpack-dev-tools/arm-none-eabi-gcc/13.2.1-1.1.1/.content/bin/../lib/gcc/arm-none-eabi/13.2.1/../../../../arm-none-eabi/lib/thumb/v7e-m/nofp/libg_nano.a(libc_a-mlock.o)
 .data          0x00000000        0x0 /home/earlybeasts/.local/xPacks/@xpack-dev-tools/arm-none-eabi-gcc/13.2.1-1.1.1/.content/bin/../lib/gcc/arm-none-eabi/13.2.1/../../../../arm-none-eabi/lib/thumb/v7e-m/nofp/libg_nano.a(libc_a-mlock.o)
 .bss           0x00000000        0x0 /home/earlybeasts/.local/xPacks/@xpack-dev-tools/arm-none-eabi-gcc/13.2.1-1.1.1/.content/bin/../lib/gcc/arm-none-eabi/13.2.1/../../../../arm-none-eabi/lib/thumb/v7e-m/nofp/libg_nano.a(libc_a-mlock.o)
 .text.__malloc_lock
                0x00000000        0xc /home/earlybeasts/.local/xPacks/@xpack-dev-tools/arm-none-eabi-gcc/13.2.1-1.1.1/.content/bin/../lib/gcc/arm-none-eabi/13.2.1/../../../../arm-none-eabi/lib/thumb/v7e-m/nofp/libg_nano.a(libc_a-mlock.o)
 .text.__malloc_unlock
                0x00000000        0xc /home/earlybeasts/.local/xPacks/@xpack-dev-tools/arm-none-eabi-gcc/13.2.1-1.1.1/.content/bin/../lib/gcc/arm-none-eabi/13.2.1/../../../../arm-none-eabi/lib/thumb/v7e-m/nofp/libg_nano.a(libc_a-mlock.o)
 .comment       0x00000000       0x3a /home/earlybeasts/.local/xPacks/@xpack-dev-tools/arm-none-eabi-gcc/13.2.1-1.1.1/.content/bin/../lib/gcc/arm-none-eabi/13.2.1/../../../../arm-none-eabi/lib/thumb/v7e-m/nofp/libg_nano.a(libc_a-mlock.o)
 .ARM.attributes
                0x00000000       0x2e /home/earlybeasts/.local/xPacks/@xpack-dev-tools/arm-none-eabi-gcc/13.2.1-1.1.1/.content/bin/../lib/gcc/arm-none-eabi/13.2.1/../../../../arm-none-eabi/lib/thumb/v7e-m/nofp/libg_nano.a(libc_a-mlock.o)
 .text          0x00000000        0x0 /home/earlybeasts/.local/xPacks/@xpack-dev-tools/arm-none-eabi-gcc/13.2.1-1.1.1/.content/bin/../lib/gcc/arm-none-eabi/13.2.1/../../../../arm-none-eabi/lib/thumb/v7e-m/nofp/libg_nano.a(libc_a-realloc.o)
 .data          0x00000000        0x0 /home/earlybeasts/.local/xPacks/@xpack-dev-tools/arm-none-eabi-gcc/13.2.1-1.1.1/.content/bin/../lib/gcc/arm-none-eabi/13.2.1/../../../../arm-none-eabi/lib/thumb/v7e-m/nofp/libg_nano.a(libc_a-realloc.o)
 .bss           0x00000000        0x0 /home/earlybeasts/.local/xPacks/@xpack-dev-tools/arm-none-eabi-gcc/13.2.1-1.1.1/.content/bin/../lib/gcc/arm-none-eabi/13.2.1/../../../../arm-none-eabi/lib/thumb/v7e-m/nofp/libg_nano.a(libc_a-realloc.o)
 .text.realloc  0x00000000       0x10 /home/earlybeasts/.local/xPacks/@xpack-dev-tools/arm-none-eabi-gcc/13.2.1-1.1.1/.content/bin/../lib/gcc/arm-none-eabi/13.2.1/../../../../arm-none-eabi/lib/thumb/v7e-m/nofp/libg_nano.a(libc_a-realloc.o)
 .comment       0x00000000       0x3a /home/earlybeasts/.local/xPacks/@xpack-dev-tools/arm-none-eabi-gcc/13.2.1-1.1.1/.content/bin/../lib/gcc/arm-none-eabi/13.2.1/../../../../arm-none-eabi/lib/thumb/v7e-m/nofp/libg_nano.a(libc_a-realloc.o)
 .ARM.attributes
                0x00000000       0x2e /home/earlybeasts/.local/xPacks/@xpack-dev-tools/arm-none-eabi-gcc/13.2.1-1.1.1/.content/bin/../lib/gcc/arm-none-eabi/13.2.1/../../../../arm-none-eabi/lib/thumb/v7e-m/nofp/libg_nano.a(libc_a-realloc.o)
 .text          0x00000000        0x0 /home/earlybeasts/.local/xPacks/@xpack-dev-tools/arm-none-eabi-gcc/13.2.1-1.1.1/.content/bin/../lib/gcc/arm-none-eabi/13.2.1/../../../../arm-none-eabi/lib/thumb/v7e-m/nofp/libg_nano.a(libc_a-reallocr.o)
 .data          0x00000000        0x0 /home/earlybeasts/.local/xPacks/@xpack-dev-tools/arm-none-eabi-gcc/13.2.1-1.1.1/.content/bin/../lib/gcc/arm-none-eabi/13.2.1/../../../../arm-none-eabi/lib/thumb/v7e-m/nofp/libg_nano.a(libc_a-reallocr.o)
 .bss           0x00000000        0x0 /home/earlybeasts/.local/xPacks/@xpack-dev-tools/arm-none-eabi-gcc/13.2.1-1.1.1/.content/bin/../lib/gcc/arm-none-eabi/13.2.1/../../../../arm-none-eabi/lib/thumb/v7e-m/nofp/libg_nano.a(libc_a-reallocr.o)
 .text._realloc_r
                0x00000000       0x5c /home/earlybeasts/.local/xPacks/@xpack-dev-tools/arm-none-eabi-gcc/13.2.1-1.1.1/.content/bin/../lib/gcc/arm-none-eabi/13.2.1/../../../../arm-none-eabi/lib/thumb/v7e-m/nofp/libg_nano.a(libc_a-reallocr.o)
 .comment       0x00000000       0x3a /home/earlybeasts/.local/xPacks/@xpack-dev-tools/arm-none-eabi-gcc/13.2.1-1.1.1/.content/bin/../lib/gcc/arm-none-eabi/13.2.1/../../../../arm-none-eabi/lib/thumb/v7e-m/nofp/libg_nano.a(libc_a-reallocr.o)
 .ARM.attributes
                0x00000000       0x2e /home/earlybeasts/.local/xPacks/@xpack-dev-tools/arm-none-eabi-gcc/13.2.1-1.1.1/.content/bin/../lib/gcc/arm-none-eabi/13.2.1/../../../../arm-none-eabi/lib/thumb/v7e-m/nofp/libg_nano.a(libc_a-reallocr.o)
 .text          0x00000000        0x0 /home/earlybeasts/.local/xPacks/@xpack-dev-tools/arm-none-eabi-gcc/13.2.1-1.1.1/.content/bin/../lib/gcc/arm-none-eabi/13.2.1/../../../../arm-none-eabi/lib/thumb/v7e-m/nofp/libg_nano.a(libc_a-snprintf.o)
 .data          0x00000000        0x0 /home/earlybeasts/.local/xPacks/@xpack-dev-tools/arm-none-eabi-gcc/13.2.1-1.1.1/.content/bin/../lib/gcc/arm-none-eabi/13.2.1/../../../../arm-none-eabi/lib/thumb/v7e-m/nofp/libg_nano.a(libc_a-snprintf.o)
 .bss           0x00000000        0x0 /home/earlybeasts/.local/xPacks/@xpack-dev-tools/arm-none-eabi-gcc/13.2.1-1.1.1/.content/bin/../lib/gcc/arm-none-eabi/13.2.1/../../../../arm-none-eabi/lib/thumb/v7e-m/nofp/libg_nano.a(libc_a-snprintf.o)
 .text._snprintf_r
                0x00000000       0x5e /home/earlybeasts/.local/xPacks/@xpack-dev-tools/arm-none-eabi-gcc/13.2.1-1.1.1/.content/bin/../lib/gcc/arm-none-eabi/13.2.1/../../../../arm-none-eabi/lib/thumb/v7e-m/nofp/libg_nano.a(libc_a-snprintf.o)
 .text.snprintf
                0x00000000       0x68 /home/earlybeasts/.local/xPacks/@xpack-dev-tools/arm-none-eabi-gcc/13.2.1-1.1.1/.content/bin/../lib/gcc/arm-none-eabi/13.2.1/../../../../arm-none-eabi/lib/thumb/v7e-m/nofp/libg_nano.a(libc_a-snprintf.o)
 .comment       0x00000000       0x3a /home/earlybeasts/.local/xPacks/@xpack-dev-tools/arm-none-eabi-gcc/13.2.1-1.1.1/.content/bin/../lib/gcc/arm-none-eabi/13.2.1/../../../../arm-none-eabi/lib/thumb/v7e-m/nofp/libg_nano.a(libc_a-snprintf.o)
 .ARM.attributes
                0x00000000       0x2e /home/earlybeasts/.local/xPacks/@xpack-dev-tools/arm-none-eabi-gcc/13.2.1-1.1.1/.content/bin/../lib/gcc/arm-none-eabi/13.2.1/../../../../arm-none-eabi/lib/thumb/v7e-m/nofp/libg_nano.a(libc_a-snprintf.o)
 .text          0x00000000        0x0 /home/earlybeasts/.local/xPacks/@xpack-dev-tools/arm-none-eabi-gcc/13.2.1-1.1.1/.content/bin/../lib/gcc/arm-none-eabi/13.2.1/../../../../arm-none-eabi/lib/thumb/v7e-m/nofp/libg_nano.a(libc_a-memcmp.o)
 .data          0x00000000        0x0 /home/earlybeasts/.local/xPacks/@xpack-dev-tools/arm-none-eabi-gcc/13.2.1-1.1.1/.content/bin/../lib/gcc/arm-none-eabi/13.2.1/../../../../arm-none-eabi/lib/thumb/v7e-m/nofp/libg_nano.a(libc_a-memcmp.o)
 .bss           0x00000000        0x0 /home/earlybeasts/.local/xPacks/@xpack-dev-tools/arm-none-eabi-gcc/13.2.1-1.1.1/.content/bin/../lib/gcc/arm-none-eabi/13.2.1/../../../../arm-none-eabi/lib/thumb/v7e-m/nofp/libg_nano.a(libc_a-memcmp.o)
 .text          0x00000000        0x0 /home/earlybeasts/.local/xPacks/@xpack-dev-tools/arm-none-eabi-gcc/13.2.1-1.1.1/.content/bin/../lib/gcc/arm-none-eabi/13.2.1/../../../../arm-none-eabi/lib/thumb/v7e-m/nofp/libg_nano.a(libc_a-memset.o)
 .data          0x00000000        0x0 /home/earlybeasts/.local/xPacks/@xpack-dev-tools/arm-none-eabi-gcc/13.2.1-1.1.1/.content/bin/../lib/gcc/arm-none-eabi/13.2.1/../../../../arm-none-eabi/lib/thumb/v7e-m/nofp/libg_nano.a(libc_a-memset.o)
 .bss           0x00000000        0x0 /home/earlybeasts/.local/xPacks/@xpack-dev-tools/arm-none-eabi-gcc/13.2.1-1.1.1/.content/bin/../lib/gcc/arm-none-eabi/13.2.1/../../../../arm-none-eabi/lib/thumb/v7e-m/nofp/libg_nano.a(libc_a-memset.o)
 .text          0x00000000        0x0 /home/earlybeasts/.local/xPacks/@xpack-dev-tools/arm-none-eabi-gcc/13.2.1-1.1.1/.content/bin/../lib/gcc/arm-none-eabi/13.2.1/../../../../arm-none-eabi/lib/thumb/v7e-m/nofp/libg_nano.a(libc_a-strncpy.o)
 .data          0x00000000        0x0 /home/earlybeasts/.local/xPacks/@xpack-dev-tools/arm-none-eabi-gcc/13.2.1-1.1.1/.content/bin/../lib/gcc/arm-none-eabi/13.2.1/../../../../arm-none-eabi/lib/thumb/v7e-m/nofp/libg_nano.a(libc_a-strncpy.o)
 .bss           0x00000000        0x0 /home/earlybeasts/.local/xPacks/@xpack-dev-tools/arm-none-eabi-gcc/13.2.1-1.1.1/.content/bin/../lib/gcc/arm-none-eabi/13.2.1/../../../../arm-none-eabi/lib/thumb/v7e-m/nofp/libg_nano.a(libc_a-strncpy.o)
 .text.strncpy  0x00000000       0x26 /home/earlybeasts/.local/xPacks/@xpack-dev-tools/arm-none-eabi-gcc/13.2.1-1.1.1/.content/bin/../lib/gcc/arm-none-eabi/13.2.1/../../../../arm-none-eabi/lib/thumb/v7e-m/nofp/libg_nano.a(libc_a-strncpy.o)
 .comment       0x00000000       0x3a /home/earlybeasts/.local/xPacks/@xpack-dev-tools/arm-none-eabi-gcc/13.2.1-1.1.1/.content/bin/../lib/gcc/arm-none-eabi/13.2.1/../../../../arm-none-eabi/lib/thumb/v7e-m/nofp/libg_nano.a(libc_a-strncpy.o)
 .ARM.attributes
                0x00000000       0x2e /home/earlybeasts/.local/xPacks/@xpack-dev-tools/arm-none-eabi-gcc/13.2.1-1.1.1/.content/bin/../lib/gcc/arm-none-eabi/13.2.1/../../../../arm-none-eabi/lib/thumb/v7e-m/nofp/libg_nano.a(libc_a-strncpy.o)
 .text          0x00000000        0x0 /home/earlybeasts/.local/xPacks/@xpack-dev-tools/arm-none-eabi-gcc/13.2.1-1.1.1/.content/bin/../lib/gcc/arm-none-eabi/13.2.1/../../../../arm-none-eabi/lib/thumb/v7e-m/nofp/libg_nano.a(libc_a-impure.o)
 .data          0x00000000        0x0 /home/earlybeasts/.local/xPacks/@xpack-dev-tools/arm-none-eabi-gcc/13.2.1-1.1.1/.content/bin/../lib/gcc/arm-none-eabi/13.2.1/../../../../arm-none-eabi/lib/thumb/v7e-m/nofp/libg_nano.a(libc_a-impure.o)
 .bss           0x00000000        0x0 /home/earlybeasts/.local/xPacks/@xpack-dev-tools/arm-none-eabi-gcc/13.2.1-1.1.1/.content/bin/../lib/gcc/arm-none-eabi/13.2.1/../../../../arm-none-eabi/lib/thumb/v7e-m/nofp/libg_nano.a(libc_a-impure.o)
 .data._impure_ptr
                0x00000000        0x4 /home/earlybeasts/.local/xPacks/@xpack-dev-tools/arm-none-eabi-gcc/13.2.1-1.1.1/.content/bin/../lib/gcc/arm-none-eabi/13.2.1/../../../../arm-none-eabi/lib/thumb/v7e-m/nofp/libg_nano.a(libc_a-impure.o)
 .data._impure_data
                0x00000000       0x4c /home/earlybeasts/.local/xPacks/@xpack-dev-tools/arm-none-eabi-gcc/13.2.1-1.1.1/.content/bin/../lib/gcc/arm-none-eabi/13.2.1/../../../../arm-none-eabi/lib/thumb/v7e-m/nofp/libg_nano.a(libc_a-impure.o)
 .comment       0x00000000       0x3a /home/earlybeasts/.local/xPacks/@xpack-dev-tools/arm-none-eabi-gcc/13.2.1-1.1.1/.content/bin/../lib/gcc/arm-none-eabi/13.2.1/../../../../arm-none-eabi/lib/thumb/v7e-m/nofp/libg_nano.a(libc_a-impure.o)
 .ARM.attributes
                0x00000000       0x2e /home/earlybeasts/.local/xPacks/@xpack-dev-tools/arm-none-eabi-gcc/13.2.1-1.1.1/.content/bin/../lib/gcc/arm-none-eabi/13.2.1/../../../../arm-none-eabi/lib/thumb/v7e-m/nofp/libg_nano.a(libc_a-impure.o)
 .text          0x00000000        0x0 /home/earlybeasts/.local/xPacks/@xpack-dev-tools/arm-none-eabi-gcc/13.2.1-1.1.1/.content/bin/../lib/gcc/arm-none-eabi/13.2.1/../../../../arm-none-eabi/lib/thumb/v7e-m/nofp/libg_nano.a(libc_a-sbrkr.o)
 .data          0x00000000        0x0 /home/earlybeasts/.local/xPacks/@xpack-dev-tools/arm-none-eabi-gcc/13.2.1-1.1.1/.content/bin/../lib/gcc/arm-none-eabi/13.2.1/../../../../arm-none-eabi/lib/thumb/v7e-m/nofp/libg_nano.a(libc_a-sbrkr.o)
 .bss           0x00000000        0x0 /home/earlybeasts/.local/xPacks/@xpack-dev-tools/arm-none-eabi-gcc/13.2.1-1.1.1/.content/bin/../lib/gcc/arm-none-eabi/13.2.1/../../../../arm-none-eabi/lib/thumb/v7e-m/nofp/libg_nano.a(libc_a-sbrkr.o)
 .text._sbrk_r  0x00000000       0x20 /home/earlybeasts/.local/xPacks/@xpack-dev-tools/arm-none-eabi-gcc/13.2.1-1.1.1/.content/bin/../lib/gcc/arm-none-eabi/13.2.1/../../../../arm-none-eabi/lib/thumb/v7e-m/nofp/libg_nano.a(libc_a-sbrkr.o)
 .comment       0x00000000       0x3a /home/earlybeasts/.local/xPacks/@xpack-dev-tools/arm-none-eabi-gcc/13.2.1-1.1.1/.content/bin/../lib/gcc/arm-none-eabi/13.2.1/../../../../arm-none-eabi/lib/thumb/v7e-m/nofp/libg_nano.a(libc_a-sbrkr.o)
 .ARM.attributes
                0x00000000       0x2e /home/earlybeasts/.local/xPacks/@xpack-dev-tools/arm-none-eabi-gcc/13.2.1-1.1.1/.content/bin/../lib/gcc/arm-none-eabi/13.2.1/../../../../arm-none-eabi/lib/thumb/v7e-m/nofp/libg_nano.a(libc_a-sbrkr.o)
 .text          0x00000000        0x0 /home/earlybeasts/.local/xPacks/@xpack-dev-tools/arm-none-eabi-gcc/13.2.1-1.1.1/.content/bin/../lib/gcc/arm-none-eabi/13.2.1/../../../../arm-none-eabi/lib/thumb/v7e-m/nofp/libg_nano.a(libc_a-errno.o)
 .data          0x00000000        0x0 /home/earlybeasts/.local/xPacks/@xpack-dev-tools/arm-none-eabi-gcc/13.2.1-1.1.1/.content/bin/../lib/gcc/arm-none-eabi/13.2.1/../../../../arm-none-eabi/lib/thumb/v7e-m/nofp/libg_nano.a(libc_a-errno.o)
 .bss           0x00000000        0x0 /home/earlybeasts/.local/xPacks/@xpack-dev-tools/arm-none-eabi-gcc/13.2.1-1.1.1/.content/bin/../lib/gcc/arm-none-eabi/13.2.1/../../../../arm-none-eabi/lib/thumb/v7e-m/nofp/libg_nano.a(libc_a-errno.o)
 .text.__errno  0x00000000        0xc /home/earlybeasts/.local/xPacks/@xpack-dev-tools/arm-none-eabi-gcc/13.2.1-1.1.1/.content/bin/../lib/gcc/arm-none-eabi/13.2.1/../../../../arm-none-eabi/lib/thumb/v7e-m/nofp/libg_nano.a(libc_a-errno.o)
 .comment       0x00000000       0x3a /home/earlybeasts/.local/xPacks/@xpack-dev-tools/arm-none-eabi-gcc/13.2.1-1.1.1/.content/bin/../lib/gcc/arm-none-eabi/13.2.1/../../../../arm-none-eabi/lib/thumb/v7e-m/nofp/libg_nano.a(libc_a-errno.o)
 .ARM.attributes
                0x00000000       0x2e /home/earlybeasts/.local/xPacks/@xpack-dev-tools/arm-none-eabi-gcc/13.2.1-1.1.1/.content/bin/../lib/gcc/arm-none-eabi/13.2.1/../../../../arm-none-eabi/lib/thumb/v7e-m/nofp/libg_nano.a(libc_a-errno.o)
 .text          0x00000000        0x0 /home/earlybeasts/.local/xPacks/@xpack-dev-tools/arm-none-eabi-gcc/13.2.1-1.1.1/.content/bin/../lib/gcc/arm-none-eabi/13.2.1/../../../../arm-none-eabi/lib/thumb/v7e-m/nofp/libg_nano.a(libc_a-lock.o)
 .data          0x00000000        0x0 /home/earlybeasts/.local/xPacks/@xpack-dev-tools/arm-none-eabi-gcc/13.2.1-1.1.1/.content/bin/../lib/gcc/arm-none-eabi/13.2.1/../../../../arm-none-eabi/lib/thumb/v7e-m/nofp/libg_nano.a(libc_a-lock.o)
 .bss           0x00000000        0x0 /home/earlybeasts/.local/xPacks/@xpack-dev-tools/arm-none-eabi-gcc/13.2.1-1.1.1/.content/bin/../lib/gcc/arm-none-eabi/13.2.1/../../../../arm-none-eabi/lib/thumb/v7e-m/nofp/libg_nano.a(libc_a-lock.o)
 .text.__retarget_lock_init
                0x00000000        0x2 /home/earlybeasts/.local/xPacks/@xpack-dev-tools/arm-none-eabi-gcc/13.2.1-1.1.1/.content/bin/../lib/gcc/arm-none-eabi/13.2.1/../../../../arm-none-eabi/lib/thumb/v7e-m/nofp/libg_nano.a(libc_a-lock.o)
 .text.__retarget_lock_init_recursive
                0x00000000        0x2 /home/earlybeasts/.local/xPacks/@xpack-dev-tools/arm-none-eabi-gcc/13.2.1-1.1.1/.content/bin/../lib/gcc/arm-none-eabi/13.2.1/../../../../arm-none-eabi/lib/thumb/v7e-m/nofp/libg_nano.a(libc_a-lock.o)
 .text.__retarget_lock_close
                0x00000000        0x2 /home/earlybeasts/.local/xPacks/@xpack-dev-tools/arm-none-eabi-gcc/13.2.1-1.1.1/.content/bin/../lib/gcc/arm-none-eabi/13.2.1/../../../../arm-none-eabi/lib/thumb/v7e-m/nofp/libg_nano.a(libc_a-lock.o)
 .text.__retarget_lock_close_recursive
                0x00000000        0x2 /home/earlybeasts/.local/xPacks/@xpack-dev-tools/arm-none-eabi-gcc/13.2.1-1.1.1/.content/bin/../lib/gcc/arm-none-eabi/13.2.1/../../../../arm-none-eabi/lib/thumb/v7e-m/nofp/libg_nano.a(libc_a-lock.o)
 .text.__retarget_lock_acquire
                0x00000000        0x2 /home/earlybeasts/.local/xPacks/@xpack-dev-tools/arm-none-eabi-gcc/13.2.1-1.1.1/.content/bin/../lib/gcc/arm-none-eabi/13.2.1/../../../../arm-none-eabi/lib/thumb/v7e-m/nofp/libg_nano.a(libc_a-lock.o)
 .text.__retarget_lock_acquire_recursive
                0x00000000        0x2 /home/earlybeasts/.local/xPacks/@xpack-dev-tools/arm-none-eabi-gcc/13.2.1-1.1.1/.content/bin/../lib/gcc/arm-none-eabi/13.2.1/../../../../arm-none-eabi/lib/thumb/v7e-m/nofp/libg_nano.a(libc_a-lock.o)
 .text.__retarget_lock_try_acquire
                0x00000000        0x4 /home/earlybeasts/.local/xPacks/@xpack-dev-tools/arm-none-eabi-gcc/13.2.1-1.1.1/.content/bin/../lib/gcc/arm-none-eabi/13.2.1/../../../../arm-none-eabi/lib/thumb/v7e-m/nofp/libg_nano.a(libc_a-lock.o)
 .text.__retarget_lock_try_acquire_recursive
                0x00000000        0x4 /home/earlybeasts/.local/xPacks/@xpack-dev-tools/arm-none-eabi-gcc/13.2.1-1.1.1/.content/bin/../lib/gcc/arm-none-eabi/13.2.1/../../../../arm-none-eabi/lib/thumb/v7e-m/nofp/libg_nano.a(libc_a-lock.o)
 .text.__retarget_lock_release
                0x00000000        0x2 /home/earlybeasts/.local/xPacks/@xpack-dev-tools/arm-none-eabi-gcc/13.2.1-1.1.1/.content/bin/../lib/gcc/arm-none-eabi/13.2.1/../../../../arm-none-eabi/lib/thumb/v7e-m/nofp/libg_nano.a(libc_a-lock.o)
 .text.__retarget_lock_release_recursive
                0x00000000        0x2 /home/earlybeasts/.local/xPacks/@xpack-dev-tools/arm-none-eabi-gcc/13.2.1-1.1.1/.content/bin/../lib/gcc/arm-none-eabi/13.2.1/../../../../arm-none-eabi/lib/thumb/v7e-m/nofp/libg_nano.a(libc_a-lock.o)
 .bss.__lock___arc4random_mutex
                0x00000000        0x1 /home/earlybeasts/.local/xPacks/@xpack-dev-tools/arm-none-eabi-gcc/13.2.1-1.1.1/.content/bin/../lib/gcc/arm-none-eabi/13.2.1/../../../../arm-none-eabi/lib/thumb/v7e-m/nofp/libg_nano.a(libc_a-lock.o)
 .bss.__lock___dd_hash_mutex
                0x00000000        0x1 /home/earlybeasts/.local/xPacks/@xpack-dev-tools/arm-none-eabi-gcc/13.2.1-1.1.1/.content/bin/../lib/gcc/arm-none-eabi/13.2.1/../../../../arm-none-eabi/lib/thumb/v7e-m/nofp/libg_nano.a(libc_a-lock.o)
 .bss.__lock___tz_mutex
                0x00000000        0x1 /home/earlybeasts/.local/xPacks/@xpack-dev-tools/arm-none-eabi-gcc/13.2.1-1.1.1/.content/bin/../lib/gcc/arm-none-eabi/13.2.1/../../../../arm-none-eabi/lib/thumb/v7e-m/nofp/libg_nano.a(libc_a-lock.o)
 .bss.__lock___env_recursive_mutex
                0x00000000        0x1 /home/earlybeasts/.local/xPacks/@xpack-dev-tools/arm-none-eabi-gcc/13.2.1-1.1.1/.content/bin/../lib/gcc/arm-none-eabi/13.2.1/../../../../arm-none-eabi/lib/thumb/v7e-m/nofp/libg_nano.a(libc_a-lock.o)
 .bss.__lock___malloc_recursive_mutex
                0x00000000        0x1 /home/earlybeasts/.local/xPacks/@xpack-dev-tools/arm-none-eabi-gcc/13.2.1-1.1.1/.content/bin/../lib/gcc/arm-none-eabi/13.2.1/../../../../arm-none-eabi/lib/thumb/v7e-m/nofp/libg_nano.a(libc_a-lock.o)
 .bss.__lock___at_quick_exit_mutex
                0x00000000        0x1 /home/earlybeasts/.local/xPacks/@xpack-dev-tools/arm-none-eabi-gcc/13.2.1-1.1.1/.content/bin/../lib/gcc/arm-none-eabi/13.2.1/../../../../arm-none-eabi/lib/thumb/v7e-m/nofp/libg_nano.a(libc_a-lock.o)
 .bss.__lock___atexit_recursive_mutex
                0x00000000        0x1 /home/earlybeasts/.local/xPacks/@xpack-dev-tools/arm-none-eabi-gcc/13.2.1-1.1.1/.content/bin/../lib/gcc/arm-none-eabi/13.2.1/../../../../arm-none-eabi/lib/thumb/v7e-m/nofp/libg_nano.a(libc_a-lock.o)
 .bss.__lock___sfp_recursive_mutex
                0x00000000        0x1 /home/earlybeasts/.local/xPacks/@xpack-dev-tools/arm-none-eabi-gcc/13.2.1-1.1.1/.content/bin/../lib/gcc/arm-none-eabi/13.2.1/../../../../arm-none-eabi/lib/thumb/v7e-m/nofp/libg_nano.a(libc_a-lock.o)
 .comment       0x00000000       0x3a /home/earlybeasts/.local/xPacks/@xpack-dev-tools/arm-none-eabi-gcc/13.2.1-1.1.1/.content/bin/../lib/gcc/arm-none-eabi/13.2.1/../../../../arm-none-eabi/lib/thumb/v7e-m/nofp/libg_nano.a(libc_a-lock.o)
 .ARM.attributes
                0x00000000       0x2e /home/earlybeasts/.local/xPacks/@xpack-dev-tools/arm-none-eabi-gcc/13.2.1-1.1.1/.content/bin/../lib/gcc/arm-none-eabi/13.2.1/../../../../arm-none-eabi/lib/thumb/v7e-m/nofp/libg_nano.a(libc_a-lock.o)
 .text          0x00000000       0x14 /home/earlybeasts/.local/xPacks/@xpack-dev-tools/arm-none-eabi-gcc/13.2.1-1.1.1/.content/bin/../lib/gcc/arm-none-eabi/13.2.1/../../../../arm-none-eabi/lib/thumb/v7e-m/nofp/libg_nano.a(libc_a-strcmp.o)
 .data          0x00000000        0x0 /home/earlybeasts/.local/xPacks/@xpack-dev-tools/arm-none-eabi-gcc/13.2.1-1.1.1/.content/bin/../lib/gcc/arm-none-eabi/13.2.1/../../../../arm-none-eabi/lib/thumb/v7e-m/nofp/libg_nano.a(libc_a-strcmp.o)
 .bss           0x00000000        0x0 /home/earlybeasts/.local/xPacks/@xpack-dev-tools/arm-none-eabi-gcc/13.2.1-1.1.1/.content/bin/../lib/gcc/arm-none-eabi/13.2.1/../../../../arm-none-eabi/lib/thumb/v7e-m/nofp/libg_nano.a(libc_a-strcmp.o)
 .ARM.extab     0x00000000        0x0 /home/earlybeasts/.local/xPacks/@xpack-dev-tools/arm-none-eabi-gcc/13.2.1-1.1.1/.content/bin/../lib/gcc/arm-none-eabi/13.2.1/../../../../arm-none-eabi/lib/thumb/v7e-m/nofp/libg_nano.a(libc_a-strcmp.o)
 .ARM.exidx     0x00000000        0x8 /home/earlybeasts/.local/xPacks/@xpack-dev-tools/arm-none-eabi-gcc/13.2.1-1.1.1/.content/bin/../lib/gcc/arm-none-eabi/13.2.1/../../../../arm-none-eabi/lib/thumb/v7e-m/nofp/libg_nano.a(libc_a-strcmp.o)
 .ARM.attributes
                0x00000000       0x1c /home/earlybeasts/.local/xPacks/@xpack-dev-tools/arm-none-eabi-gcc/13.2.1-1.1.1/.content/bin/../lib/gcc/arm-none-eabi/13.2.1/../../../../arm-none-eabi/lib/thumb/v7e-m/nofp/libg_nano.a(libc_a-strcmp.o)
 .text          0x00000000        0x0 /home/earlybeasts/.local/xPacks/@xpack-dev-tools/arm-none-eabi-gcc/13.2.1-1.1.1/.content/bin/../lib/gcc/arm-none-eabi/13.2.1/../../../../arm-none-eabi/lib/thumb/v7e-m/nofp/libg_nano.a(libc_a-memcpy-stub.o)
 .data          0x00000000        0x0 /home/earlybeasts/.local/xPacks/@xpack-dev-tools/arm-none-eabi-gcc/13.2.1-1.1.1/.content/bin/../lib/gcc/arm-none-eabi/13.2.1/../../../../arm-none-eabi/lib/thumb/v7e-m/nofp/libg_nano.a(libc_a-memcpy-stub.o)
 .bss           0x00000000        0x0 /home/earlybeasts/.local/xPacks/@xpack-dev-tools/arm-none-eabi-gcc/13.2.1-1.1.1/.content/bin/../lib/gcc/arm-none-eabi/13.2.1/../../../../arm-none-eabi/lib/thumb/v7e-m/nofp/libg_nano.a(libc_a-memcpy-stub.o)
 .text.memcpy   0x00000000       0x1c /home/earlybeasts/.local/xPacks/@xpack-dev-tools/arm-none-eabi-gcc/13.2.1-1.1.1/.content/bin/../lib/gcc/arm-none-eabi/13.2.1/../../../../arm-none-eabi/lib/thumb/v7e-m/nofp/libg_nano.a(libc_a-memcpy-stub.o)
 .comment       0x00000000       0x3a /home/earlybeasts/.local/xPacks/@xpack-dev-tools/arm-none-eabi-gcc/13.2.1-1.1.1/.content/bin/../lib/gcc/arm-none-eabi/13.2.1/../../../../arm-none-eabi/lib/thumb/v7e-m/nofp/libg_nano.a(libc_a-memcpy-stub.o)
 .ARM.attributes
                0x00000000       0x2e /home/earlybeasts/.local/xPacks/@xpack-dev-tools/arm-none-eabi-gcc/13.2.1-1.1.1/.content/bin/../lib/gcc/arm-none-eabi/13.2.1/../../../../arm-none-eabi/lib/thumb/v7e-m/nofp/libg_nano.a(libc_a-memcpy-stub.o)
 .text          0x00000000       0x10 /home/earlybeasts/.local/xPacks/@xpack-dev-tools/arm-none-eabi-gcc/13.2.1-1.1.1/.content/bin/../lib/gcc/arm-none-eabi/13.2.1/../../../../arm-none-eabi/lib/thumb/v7e-m/nofp/libg_nano.a(libc_a-strlen.o)
 .data          0x00000000        0x0 /home/earlybeasts/.local/xPacks/@xpack-dev-tools/arm-none-eabi-gcc/13.2.1-1.1.1/.content/bin/../lib/gcc/arm-none-eabi/13.2.1/../../../../arm-none-eabi/lib/thumb/v7e-m/nofp/libg_nano.a(libc_a-strlen.o)
 .bss           0x00000000        0x0 /home/earlybeasts/.local/xPacks/@xpack-dev-tools/arm-none-eabi-gcc/13.2.1-1.1.1/.content/bin/../lib/gcc/arm-none-eabi/13.2.1/../../../../arm-none-eabi/lib/thumb/v7e-m/nofp/libg_nano.a(libc_a-strlen.o)
 .ARM.extab     0x00000000        0x0 /home/earlybeasts/.local/xPacks/@xpack-dev-tools/arm-none-eabi-gcc/13.2.1-1.1.1/.content/bin/../lib/gcc/arm-none-eabi/13.2.1/../../../../arm-none-eabi/lib/thumb/v7e-m/nofp/libg_nano.a(libc_a-strlen.o)
 .ARM.exidx     0x00000000        0x8 /home/earlybeasts/.local/xPacks/@xpack-dev-tools/arm-none-eabi-gcc/13.2.1-1.1.1/.content/bin/../lib/gcc/arm-none-eabi/13.2.1/../../../../arm-none-eabi/lib/thumb/v7e-m/nofp/libg_nano.a(libc_a-strlen.o)
 .text          0x00000000        0x0 /home/earlybeasts/.local/xPacks/@xpack-dev-tools/arm-none-eabi-gcc/13.2.1-1.1.1/.content/bin/../lib/gcc/arm-none-eabi/13.2.1/../../../../arm-none-eabi/lib/thumb/v7e-m/nofp/libg_nano.a(libc_a-freer.o)
 .data          0x00000000        0x0 /home/earlybeasts/.local/xPacks/@xpack-dev-tools/arm-none-eabi-gcc/13.2.1-1.1.1/.content/bin/../lib/gcc/arm-none-eabi/13.2.1/../../../../arm-none-eabi/lib/thumb/v7e-m/nofp/libg_nano.a(libc_a-freer.o)
 .bss           0x00000000        0x0 /home/earlybeasts/.local/xPacks/@xpack-dev-tools/arm-none-eabi-gcc/13.2.1-1.1.1/.content/bin/../lib/gcc/arm-none-eabi/13.2.1/../../../../arm-none-eabi/lib/thumb/v7e-m/nofp/libg_nano.a(libc_a-freer.o)
 .text._free_r  0x00000000       0x94 /home/earlybeasts/.local/xPacks/@xpack-dev-tools/arm-none-eabi-gcc/13.2.1-1.1.1/.content/bin/../lib/gcc/arm-none-eabi/13.2.1/../../../../arm-none-eabi/lib/thumb/v7e-m/nofp/libg_nano.a(libc_a-freer.o)
 .comment       0x00000000       0x3a /home/earlybeasts/.local/xPacks/@xpack-dev-tools/arm-none-eabi-gcc/13.2.1-1.1.1/.content/bin/../lib/gcc/arm-none-eabi/13.2.1/../../../../arm-none-eabi/lib/thumb/v7e-m/nofp/libg_nano.a(libc_a-freer.o)
 .ARM.attributes
                0x00000000       0x2e /home/earlybeasts/.local/xPacks/@xpack-dev-tools/arm-none-eabi-gcc/13.2.1-1.1.1/.content/bin/../lib/gcc/arm-none-eabi/13.2.1/../../../../arm-none-eabi/lib/thumb/v7e-m/nofp/libg_nano.a(libc_a-freer.o)
 .text          0x00000000        0x0 /home/earlybeasts/.local/xPacks/@xpack-dev-tools/arm-none-eabi-gcc/13.2.1-1.1.1/.content/bin/../lib/gcc/arm-none-eabi/13.2.1/../../../../arm-none-eabi/lib/thumb/v7e-m/nofp/libg_nano.a(libc_a-msizer.o)
 .data          0x00000000        0x0 /home/earlybeasts/.local/xPacks/@xpack-dev-tools/arm-none-eabi-gcc/13.2.1-1.1.1/.content/bin/../lib/gcc/arm-none-eabi/13.2.1/../../../../arm-none-eabi/lib/thumb/v7e-m/nofp/libg_nano.a(libc_a-msizer.o)
 .bss           0x00000000        0x0 /home/earlybeasts/.local/xPacks/@xpack-dev-tools/arm-none-eabi-gcc/13.2.1-1.1.1/.content/bin/../lib/gcc/arm-none-eabi/13.2.1/../../../../arm-none-eabi/lib/thumb/v7e-m/nofp/libg_nano.a(libc_a-msizer.o)
 .text._malloc_usable_size_r
                0x00000000       0x10 /home/earlybeasts/.local/xPacks/@xpack-dev-tools/arm-none-eabi-gcc/13.2.1-1.1.1/.content/bin/../lib/gcc/arm-none-eabi/13.2.1/../../../../arm-none-eabi/lib/thumb/v7e-m/nofp/libg_nano.a(libc_a-msizer.o)
 .comment       0x00000000       0x3a /home/earlybeasts/.local/xPacks/@xpack-dev-tools/arm-none-eabi-gcc/13.2.1-1.1.1/.content/bin/../lib/gcc/arm-none-eabi/13.2.1/../../../../arm-none-eabi/lib/thumb/v7e-m/nofp/libg_nano.a(libc_a-msizer.o)
 .ARM.attributes
                0x00000000       0x2e /home/earlybeasts/.local/xPacks/@xpack-dev-tools/arm-none-eabi-gcc/13.2.1-1.1.1/.content/bin/../lib/gcc/arm-none-eabi/13.2.1/../../../../arm-none-eabi/lib/thumb/v7e-m/nofp/libg_nano.a(libc_a-msizer.o)
 .text          0x00000000        0x0 /home/earlybeasts/.local/xPacks/@xpack-dev-tools/arm-none-eabi-gcc/13.2.1-1.1.1/.content/bin/../lib/gcc/arm-none-eabi/13.2.1/../../../../arm-none-eabi/lib/thumb/v7e-m/nofp/libg_nano.a(libc_a-nano-svfprintf.o)
 .data          0x00000000        0x0 /home/earlybeasts/.local/xPacks/@xpack-dev-tools/arm-none-eabi-gcc/13.2.1-1.1.1/.content/bin/../lib/gcc/arm-none-eabi/13.2.1/../../../../arm-none-eabi/lib/thumb/v7e-m/nofp/libg_nano.a(libc_a-nano-svfprintf.o)
 .bss           0x00000000        0x0 /home/earlybeasts/.local/xPacks/@xpack-dev-tools/arm-none-eabi-gcc/13.2.1-1.1.1/.content/bin/../lib/gcc/arm-none-eabi/13.2.1/../../../../arm-none-eabi/lib/thumb/v7e-m/nofp/libg_nano.a(libc_a-nano-svfprintf.o)
 .text.__ssputs_r
                0x00000000       0xb6 /home/earlybeasts/.local/xPacks/@xpack-dev-tools/arm-none-eabi-gcc/13.2.1-1.1.1/.content/bin/../lib/gcc/arm-none-eabi/13.2.1/../../../../arm-none-eabi/lib/thumb/v7e-m/nofp/libg_nano.a(libc_a-nano-svfprintf.o)
 .text.__ssprint_r
                0x00000000       0xfa /home/earlybeasts/.local/xPacks/@xpack-dev-tools/arm-none-eabi-gcc/13.2.1-1.1.1/.content/bin/../lib/gcc/arm-none-eabi/13.2.1/../../../../arm-none-eabi/lib/thumb/v7e-m/nofp/libg_nano.a(libc_a-nano-svfprintf.o)
 .rodata._svfprintf_r.str1.1
                0x00000000       0x11 /home/earlybeasts/.local/xPacks/@xpack-dev-tools/arm-none-eabi-gcc/13.2.1-1.1.1/.content/bin/../lib/gcc/arm-none-eabi/13.2.1/../../../../arm-none-eabi/lib/thumb/v7e-m/nofp/libg_nano.a(libc_a-nano-svfprintf.o)
 .text._svfprintf_r
                0x00000000      0x1f8 /home/earlybeasts/.local/xPacks/@xpack-dev-tools/arm-none-eabi-gcc/13.2.1-1.1.1/.content/bin/../lib/gcc/arm-none-eabi/13.2.1/../../../../arm-none-eabi/lib/thumb/v7e-m/nofp/libg_nano.a(libc_a-nano-svfprintf.o)
 .comment       0x00000000       0x3a /home/earlybeasts/.local/xPacks/@xpack-dev-tools/arm-none-eabi-gcc/13.2.1-1.1.1/.content/bin/../lib/gcc/arm-none-eabi/13.2.1/../../../../arm-none-eabi/lib/thumb/v7e-m/nofp/libg_nano.a(libc_a-nano-svfprintf.o)
 .ARM.attributes
                0x00000000       0x2e /home/earlybeasts/.local/xPacks/@xpack-dev-tools/arm-none-eabi-gcc/13.2.1-1.1.1/.content/bin/../lib/gcc/arm-none-eabi/13.2.1/../../../../arm-none-eabi/lib/thumb/v7e-m/nofp/libg_nano.a(libc_a-nano-svfprintf.o)
 .text          0x00000000        0x0 /home/earlybeasts/.local/xPacks/@xpack-dev-tools/arm-none-eabi-gcc/13.2.1-1.1.1/.content/bin/../lib/gcc/arm-none-eabi/13.2.1/../../../../arm-none-eabi/lib/thumb/v7e-m/nofp/libg_nano.a(libc_a-nano-vfprintf_i.o)
 .data          0x00000000        0x0 /home/earlybeasts/.local/xPacks/@xpack-dev-tools/arm-none-eabi-gcc/13.2.1-1.1.1/.content/bin/../lib/gcc/arm-none-eabi/13.2.1/../../../../arm-none-eabi/lib/thumb/v7e-m/nofp/libg_nano.a(libc_a-nano-vfprintf_i.o)
 .bss           0x00000000        0x0 /home/earlybeasts/.local/xPacks/@xpack-dev-tools/arm-none-eabi-gcc/13.2.1-1.1.1/.content/bin/../lib/gcc/arm-none-eabi/13.2.1/../../../../arm-none-eabi/lib/thumb/v7e-m/nofp/libg_nano.a(libc_a-nano-vfprintf_i.o)
 .text._printf_common
                0x00000000       0xda /home/earlybeasts/.local/xPacks/@xpack-dev-tools/arm-none-eabi-gcc/13.2.1-1.1.1/.content/bin/../lib/gcc/arm-none-eabi/13.2.1/../../../../arm-none-eabi/lib/thumb/v7e-m/nofp/libg_nano.a(libc_a-nano-vfprintf_i.o)
 .rodata._printf_i.str1.1
                0x00000000       0x22 /home/earlybeasts/.local/xPacks/@xpack-dev-tools/arm-none-eabi-gcc/13.2.1-1.1.1/.content/bin/../lib/gcc/arm-none-eabi/13.2.1/../../../../arm-none-eabi/lib/thumb/v7e-m/nofp/libg_nano.a(libc_a-nano-vfprintf_i.o)
 .text._printf_i
                0x00000000      0x23c /home/earlybeasts/.local/xPacks/@xpack-dev-tools/arm-none-eabi-gcc/13.2.1-1.1.1/.content/bin/../lib/gcc/arm-none-eabi/13.2.1/../../../../arm-none-eabi/lib/thumb/v7e-m/nofp/libg_nano.a(libc_a-nano-vfprintf_i.o)
 .comment       0x00000000       0x3a /home/earlybeasts/.local/xPacks/@xpack-dev-tools/arm-none-eabi-gcc/13.2.1-1.1.1/.content/bin/../lib/gcc/arm-none-eabi/13.2.1/../../../../arm-none-eabi/lib/thumb/v7e-m/nofp/libg_nano.a(libc_a-nano-vfprintf_i.o)
 .ARM.attributes
                0x00000000       0x2e /home/earlybeasts/.local/xPacks/@xpack-dev-tools/arm-none-eabi-gcc/13.2.1-1.1.1/.content/bin/../lib/gcc/arm-none-eabi/13.2.1/../../../../arm-none-eabi/lib/thumb/v7e-m/nofp/libg_nano.a(libc_a-nano-vfprintf_i.o)
 .text          0x00000000        0x0 /home/earlybeasts/.local/xPacks/@xpack-dev-tools/arm-none-eabi-gcc/13.2.1-1.1.1/.content/bin/../lib/gcc/arm-none-eabi/13.2.1/../../../../arm-none-eabi/lib/thumb/v7e-m/nofp/libg_nano.a(libc_a-memmove.o)
 .data          0x00000000        0x0 /home/earlybeasts/.local/xPacks/@xpack-dev-tools/arm-none-eabi-gcc/13.2.1-1.1.1/.content/bin/../lib/gcc/arm-none-eabi/13.2.1/../../../../arm-none-eabi/lib/thumb/v7e-m/nofp/libg_nano.a(libc_a-memmove.o)
 .bss           0x00000000        0x0 /home/earlybeasts/.local/xPacks/@xpack-dev-tools/arm-none-eabi-gcc/13.2.1-1.1.1/.content/bin/../lib/gcc/arm-none-eabi/13.2.1/../../../../arm-none-eabi/lib/thumb/v7e-m/nofp/libg_nano.a(libc_a-memmove.o)
 .text.memmove  0x00000000       0x34 /home/earlybeasts/.local/xPacks/@xpack-dev-tools/arm-none-eabi-gcc/13.2.1-1.1.1/.content/bin/../lib/gcc/arm-none-eabi/13.2.1/../../../../arm-none-eabi/lib/thumb/v7e-m/nofp/libg_nano.a(libc_a-memmove.o)
 .comment       0x00000000       0x3a /home/earlybeasts/.local/xPacks/@xpack-dev-tools/arm-none-eabi-gcc/13.2.1-1.1.1/.content/bin/../lib/gcc/arm-none-eabi/13.2.1/../../../../arm-none-eabi/lib/thumb/v7e-m/nofp/libg_nano.a(libc_a-memmove.o)
 .ARM.attributes
                0x00000000       0x2e /home/earlybeasts/.local/xPacks/@xpack-dev-tools/arm-none-eabi-gcc/13.2.1-1.1.1/.content/bin/../lib/gcc/arm-none-eabi/13.2.1/../../../../arm-none-eabi/lib/thumb/v7e-m/nofp/libg_nano.a(libc_a-memmove.o)
 .text          0x00000000       0xa0 /home/earlybeasts/.local/xPacks/@xpack-dev-tools/arm-none-eabi-gcc/13.2.1-1.1.1/.content/bin/../lib/gcc/arm-none-eabi/13.2.1/../../../../arm-none-eabi/lib/thumb/v7e-m/nofp/libg_nano.a(libc_a-memchr.o)
 .data          0x00000000        0x0 /home/earlybeasts/.local/xPacks/@xpack-dev-tools/arm-none-eabi-gcc/13.2.1-1.1.1/.content/bin/../lib/gcc/arm-none-eabi/13.2.1/../../../../arm-none-eabi/lib/thumb/v7e-m/nofp/libg_nano.a(libc_a-memchr.o)
 .bss           0x00000000        0x0 /home/earlybeasts/.local/xPacks/@xpack-dev-tools/arm-none-eabi-gcc/13.2.1-1.1.1/.content/bin/../lib/gcc/arm-none-eabi/13.2.1/../../../../arm-none-eabi/lib/thumb/v7e-m/nofp/libg_nano.a(libc_a-memchr.o)
 .ARM.extab     0x00000000        0x0 /home/earlybeasts/.local/xPacks/@xpack-dev-tools/arm-none-eabi-gcc/13.2.1-1.1.1/.content/bin/../lib/gcc/arm-none-eabi/13.2.1/../../../../arm-none-eabi/lib/thumb/v7e-m/nofp/libg_nano.a(libc_a-memchr.o)
 .ARM.exidx     0x00000000        0x8 /home/earlybeasts/.local/xPacks/@xpack-dev-tools/arm-none-eabi-gcc/13.2.1-1.1.1/.content/bin/../lib/gcc/arm-none-eabi/13.2.1/../../../../arm-none-eabi/lib/thumb/v7e-m/nofp/libg_nano.a(libc_a-memchr.o)
 .text          0x00000000       0xa0 /home/earlybeasts/.local/xPacks/@xpack-dev-tools/arm-none-eabi-gcc/13.2.1-1.1.1/.content/bin/../lib/gcc/arm-none-eabi/13.2.1/thumb/v7e-m/nofp/libgcc.a(_aeabi_ldivmod.o)
 .data          0x00000000        0x0 /home/earlybeasts/.local/xPacks/@xpack-dev-tools/arm-none-eabi-gcc/13.2.1-1.1.1/.content/bin/../lib/gcc/arm-none-eabi/13.2.1/thumb/v7e-m/nofp/libgcc.a(_aeabi_ldivmod.o)
 .bss           0x00000000        0x0 /home/earlybeasts/.local/xPacks/@xpack-dev-tools/arm-none-eabi-gcc/13.2.1-1.1.1/.content/bin/../lib/gcc/arm-none-eabi/13.2.1/thumb/v7e-m/nofp/libgcc.a(_aeabi_ldivmod.o)
 .ARM.attributes
                0x00000000       0x1e /home/earlybeasts/.local/xPacks/@xpack-dev-tools/arm-none-eabi-gcc/13.2.1-1.1.1/.content/bin/../lib/gcc/arm-none-eabi/13.2.1/thumb/v7e-m/nofp/libgcc.a(_aeabi_ldivmod.o)
 .data          0x00000000        0x0 /home/earlybeasts/.local/xPacks/@xpack-dev-tools/arm-none-eabi-gcc/13.2.1-1.1.1/.content/bin/../lib/gcc/arm-none-eabi/13.2.1/thumb/v7e-m/nofp/libgcc.a(_aeabi_uldivmod.o)
 .bss           0x00000000        0x0 /home/earlybeasts/.local/xPacks/@xpack-dev-tools/arm-none-eabi-gcc/13.2.1-1.1.1/.content/bin/../lib/gcc/arm-none-eabi/13.2.1/thumb/v7e-m/nofp/libgcc.a(_aeabi_uldivmod.o)
 .text          0x00000000        0x0 /home/earlybeasts/.local/xPacks/@xpack-dev-tools/arm-none-eabi-gcc/13.2.1-1.1.1/.content/bin/../lib/gcc/arm-none-eabi/13.2.1/thumb/v7e-m/nofp/libgcc.a(_udivmoddi4.o)
 .data          0x00000000        0x0 /home/earlybeasts/.local/xPacks/@xpack-dev-tools/arm-none-eabi-gcc/13.2.1-1.1.1/.content/bin/../lib/gcc/arm-none-eabi/13.2.1/thumb/v7e-m/nofp/libgcc.a(_udivmoddi4.o)
 .bss           0x00000000        0x0 /home/earlybeasts/.local/xPacks/@xpack-dev-tools/arm-none-eabi-gcc/13.2.1-1.1.1/.content/bin/../lib/gcc/arm-none-eabi/13.2.1/thumb/v7e-m/nofp/libgcc.a(_udivmoddi4.o)
 .ARM.extab.text.__udivmoddi4
                0x00000000        0x0 /home/earlybeasts/.local/xPacks/@xpack-dev-tools/arm-none-eabi-gcc/13.2.1-1.1.1/.content/bin/../lib/gcc/arm-none-eabi/13.2.1/thumb/v7e-m/nofp/libgcc.a(_udivmoddi4.o)
 .data          0x00000000        0x0 /home/earlybeasts/.local/xPacks/@xpack-dev-tools/arm-none-eabi-gcc/13.2.1-1.1.1/.content/bin/../lib/gcc/arm-none-eabi/13.2.1/thumb/v7e-m/nofp/libgcc.a(_dvmd_tls.o)
 .bss           0x00000000        0x0 /home/earlybeasts/.local/xPacks/@xpack-dev-tools/arm-none-eabi-gcc/13.2.1-1.1.1/.content/bin/../lib/gcc/arm-none-eabi/13.2.1/thumb/v7e-m/nofp/libgcc.a(_dvmd_tls.o)

Memory Configuration

Name             Origin             Length             Attributes
RAM              0x20000000         0x00080000         xrw
CCMRAM           0x10000000         0x00000000         xrw
FLASH            0x08000000         0x00200000         xr
FLASHB1          0x00000000         0x00000000         xr
EXTMEMB0         0x00000000         0x00000000         xr
EXTMEMB1         0x00000000         0x00000000         xr
EXTMEMB2         0x00000000         0x00000000         xr
EXTMEMB3         0x00000000         0x00000000         xr
*default*        0x00000000         0xffffffff

Linker script and memory map

LOAD ./system/src/stm32f7-hal/stm32f7xx_hal.o
LOAD /tmp/cc7DcPDC.ltrans0.ltrans.o
LOAD /tmp/ccMeKY9o.debug.temp.o
LOAD /tmp/cc8ZQivg.debug.temp.o
LOAD /tmp/cc1MiILy.debug.temp.o
LOAD /tmp/ccLeHw9J.debug.temp.o
LOAD /tmp/ccZGHB8c.debug.temp.o
LOAD /tmp/ccaelk8P.debug.temp.o
LOAD /tmp/ccQztzO9.debug.temp.o
LOAD /tmp/ccIfmYXo.debug.temp.o
LOAD /tmp/ccuX0hS1.debug.temp.o
LOAD /tmp/cc1xDZ1q.debug.temp.o
LOAD /tmp/cc5ht8hu.debug.temp.o
LOAD /tmp/ccBnZ6PQ.debug.temp.o
LOAD /tmp/ccl2iLcO.debug.temp.o
LOAD /tmp/ccoWhdSz.debug.temp.o
LOAD /tmp/cckv45L0.debug.temp.o
LOAD /tmp/ccLw0JV5.debug.temp.o
LOAD /tmp/ccNvmKRV.debug.temp.o
LOAD /tmp/cc2iMd6E.debug.temp.o
LOAD /tmp/cco3LkVd.debug.temp.o
LOAD /tmp/ccprYtdP.debug.temp.o
LOAD /tmp/ccnBE4LW.debug.temp.o
LOAD /tmp/ccqWnIsH.debug.temp.o
LOAD /tmp/ccQRkFKv.debug.temp.o
LOAD /tmp/ccJBzi1M.debug.temp.o
LOAD /tmp/cczgrSMY.debug.temp.o
LOAD /tmp/ccokTxRZ.debug.temp.o
LOAD /tmp/ccWIlgCE.debug.temp.o
LOAD /tmp/cc3K28My.debug.temp.o
LOAD /tmp/ccxfryFo.debug.temp.o
LOAD /tmp/ccORIpTn.debug.temp.o
LOAD /tmp/ccitNxnq.debug.temp.o
LOAD /tmp/ccl1tPFx.debug.temp.o
LOAD /tmp/cc5oPJJZ.debug.temp.o
LOAD /tmp/ccHiuwH1.debug.temp.o
LOAD /tmp/ccCg1St5.debug.temp.o
LOAD /tmp/ccWmiHwS.debug.temp.o
LOAD /tmp/cclCbbXp.debug.temp.o
LOAD /tmp/cczxdsKr.debug.temp.o
LOAD /tmp/ccPhCoKa.debug.temp.o
LOAD /tmp/ccP0eCOL.debug.temp.o
LOAD /tmp/ccW0aVYK.debug.temp.o
LOAD /tmp/cc4x434K.debug.temp.o
LOAD /tmp/cccjAnKY.debug.temp.o
LOAD /tmp/ccqBy0E2.debug.temp.o
LOAD /tmp/ccTzPhlg.debug.temp.o
LOAD /tmp/ccJhGykV.debug.temp.o
LOAD /tmp/cc3GyD89.debug.temp.o
LOAD /tmp/ccAe7UJM.debug.temp.o
LOAD /tmp/ccYGmGZU.debug.temp.o
LOAD /tmp/ccFIQKc5.debug.temp.o
LOAD /tmp/ccTjCGp6.debug.temp.o
LOAD /tmp/ccMhBfRi.debug.temp.o
LOAD /tmp/ccICqm4y.debug.temp.o
LOAD ./system/src/stm32f7-hal/stm32f7xx_hal_cortex.o
LOAD ./system/src/stm32f7-hal/stm32f7xx_hal_dma.o
LOAD ./system/src/stm32f7-hal/stm32f7xx_hal_flash.o
LOAD ./system/src/stm32f7-hal/stm32f7xx_hal_flash_ex.o
LOAD ./system/src/stm32f7-hal/stm32f7xx_hal_gpio.o
LOAD ./system/src/stm32f7-hal/stm32f7xx_hal_iwdg.o
LOAD ./system/src/stm32f7-hal/stm32f7xx_hal_pwr.o
LOAD ./system/src/stm32f7-hal/stm32f7xx_hal_pwr_ex.o
LOAD ./system/src/stm32f7-hal/stm32f7xx_hal_qspi.o
LOAD ./system/src/stm32f7-hal/stm32f7xx_hal_rcc.o
LOAD ./system/src/stm32f7-hal/stm32f7xx_hal_rcc_ex.o
LOAD ./system/src/newlib/assert.o
LOAD ./system/src/newlib/cxx.o
LOAD ./system/src/newlib/exit.o
LOAD ./system/src/newlib/sbrk.o
LOAD ./system/src/newlib/startup.o
LOAD ./system/src/newlib/syscalls.o
LOAD ./system/src/diag/trace-impl.o
LOAD ./system/src/diag/trace.o
LOAD ./system/src/cortexm/exception-handlers.o
LOAD ./system/src/cortexm/initialize-hardware.o
LOAD ./system/src/cortexm/reset-hardware.o
LOAD ./system/src/cmsis/system_stm32f7xx.o
LOAD ./system/src/cmsis/vectors_stm32f767xx.o
LOAD ./src/l2hal/src/l2hal.o
LOAD ./src/l2hal/src/l2hal_aux.o
LOAD ./src/l2hal/src/l2hal_custom.o
LOAD ./src/l2hal/src/l2hal_errors.o
LOAD ./src/l2hal/src/l2hal_systick.o
LOAD ./src/l2hal/mcu_dependent/mcus/stm32f767zit6u/drivers/input/buttons/src/l2hal_stm32f767zit6u_buttons.o
LOAD ./src/l2hal/mcu_dependent/mcus/stm32f767zit6u/l2hal_stm32f767zit6u.o
LOAD ./src/l2hal/drivers/sdcard/src/l2hal_sdcard.o
LOAD ./src/l2hal/drivers/ram/ly68l6400_qspi/src/l2hal_ly68l6400_qspi.o
LOAD ./src/l2hal/drivers/ram/ly68l6400/src/l2hal_ly68l6400.o
LOAD ./src/l2hal/drivers/internal/crc/src/l2hal_crc.o
LOAD ./src/l2hal/drivers/input/encoders/src/l2hal_encoders.o
LOAD ./src/l2hal/drivers/input/buttons/src/l2hal_buttons.o
LOAD ./src/l2hal/drivers/eeprom/24x/src/l2hal_24x.o
LOAD ./src/l2hal/drivers/display/ssd1327/src/l2hal_ssd1327.o
LOAD ./src/l2hal/drivers/display/ssd1306/src/l2hal_ssd1306.o
LOAD ./src/l2hal/drivers/display/gc9a01/src/l2hal_gc9a01.o
LOAD ./src/l2hal/drivers/dds/ad9835/src/l2hal_ad9835.o
LOAD ./src/l2hal/drivers/dac/ad5245/src/l2hal_ad5245.o
LOAD ./src/l2hal/drivers/bluetooth/hc06/src/l2hal_hc06.o
LOAD ./src/fmgl/src/fmgl.o
LOAD ./src/fmgl/src/fmgl_private.o
LOAD ./src/fmgl/fonts/src/terminusRegular12.o
LOAD ./src/hal.o
LOAD ./src/interrupts.o
LOAD ./src/main.o
LOAD ./src/stm32f7xx_hal_msp.o
LOAD ./src/write.o
LOAD /home/earlybeasts/.local/xPacks/@xpack-dev-tools/arm-none-eabi-gcc/13.2.1-1.1.1/.content/bin/../lib/gcc/arm-none-eabi/13.2.1/../../../../arm-none-eabi/lib/thumb/v7e-m/nofp/libstdc++_nano.a
LOAD /home/earlybeasts/.local/xPacks/@xpack-dev-tools/arm-none-eabi-gcc/13.2.1-1.1.1/.content/bin/../lib/gcc/arm-none-eabi/13.2.1/../../../../arm-none-eabi/lib/thumb/v7e-m/nofp/libm.a
START GROUP
LOAD /home/earlybeasts/.local/xPacks/@xpack-dev-tools/arm-none-eabi-gcc/13.2.1-1.1.1/.content/bin/../lib/gcc/arm-none-eabi/13.2.1/thumb/v7e-m/nofp/libgcc.a
LOAD /home/earlybeasts/.local/xPacks/@xpack-dev-tools/arm-none-eabi-gcc/13.2.1-1.1.1/.content/bin/../lib/gcc/arm-none-eabi/13.2.1/../../../../arm-none-eabi/lib/thumb/v7e-m/nofp/libg_nano.a
LOAD /home/earlybeasts/.local/xPacks/@xpack-dev-tools/arm-none-eabi-gcc/13.2.1-1.1.1/.content/bin/../lib/gcc/arm-none-eabi/13.2.1/../../../../arm-none-eabi/lib/thumb/v7e-m/nofp/libc_nano.a
END GROUP
START GROUP
LOAD /home/earlybeasts/.local/xPacks/@xpack-dev-tools/arm-none-eabi-gcc/13.2.1-1.1.1/.content/bin/../lib/gcc/arm-none-eabi/13.2.1/thumb/v7e-m/nofp/libgcc.a
LOAD /home/earlybeasts/.local/xPacks/@xpack-dev-tools/arm-none-eabi-gcc/13.2.1-1.1.1/.content/bin/../lib/gcc/arm-none-eabi/13.2.1/../../../../arm-none-eabi/lib/thumb/v7e-m/nofp/libc_nano.a
END GROUP
                0x20080000                        __stack = (ORIGIN (RAM) + LENGTH (RAM))
                0x20080000                        _estack = __stack
                0x00000400                        __Main_Stack_Size = 0x400
                [!provide]                        PROVIDE (_Main_Stack_Size = __Main_Stack_Size)
                0x2007fc00                        __Main_Stack_Limit = (__stack - __Main_Stack_Size)
                [!provide]                        PROVIDE (_Main_Stack_Limit = __Main_Stack_Limit)
                0x00000100                        _Minimum_Stack_Size = 0x100
                0x20000120                        PROVIDE (_Heap_Begin = _end_noinit)
                0x2007fc00                        PROVIDE (_Heap_Limit = (__stack - __Main_Stack_Size))

.isr_vector     0x08000000      0x370
 FILL mask 0xff
                0x08000000                        __vectors_start = ABSOLUTE (.)
                0x08000000                        __vectors_start__ = ABSOLUTE (.)
 *(.isr_vector)
 .isr_vector    0x08000000      0x1f8 /tmp/cc7DcPDC.ltrans0.ltrans.o
                0x08000000                __isr_vectors
 *(.cfmconfig)
 *(.after_vectors .after_vectors.*)
 .after_vectors
                0x080001f8      0x178 /tmp/cc7DcPDC.ltrans0.ltrans.o
                0x080001f8                Reset_Handler
                0x080001fe                HardFault_Handler
                0x08000214                BusFault_Handler
                0x08000228                UsageFault_Handler
                0x08000244                _start
                0x08000358                HardFault_Handler_C
                0x0800035a                BusFault_Handler_C
                0x0800035c                UsageFault_Handler_C

.inits          0x08000370       0x28
                0x08000370                        __data_regions_array_start = .
                0x08000370        0x4 LONG 0x8001fcc LOADADDR (.data)
                0x08000374        0x4 LONG 0x20000000 ADDR (.data)
                0x08000378        0x4 LONG 0x20000008 (ADDR (.data) + SIZEOF (.data))
                0x0800037c        0x4 LONG 0x8001fcc LOADADDR (.data_CCMRAM)
                0x08000380        0x4 LONG 0x10000000 ADDR (.data_CCMRAM)
                0x08000384        0x4 LONG 0x10000000 (ADDR (.data_CCMRAM) + SIZEOF (.data_CCMRAM))
                0x08000388                        __data_regions_array_end = .
                0x08000388                        __bss_regions_array_start = .
                0x08000388        0x4 LONG 0x20000008 ADDR (.bss)
                0x0800038c        0x4 LONG 0x20000120 (ADDR (.bss) + SIZEOF (.bss))
                0x08000390        0x4 LONG 0x10000000 ADDR (.bss_CCMRAM)
                0x08000394        0x4 LONG 0x10000000 (ADDR (.bss_CCMRAM) + SIZEOF (.bss_CCMRAM))
                0x08000398                        __bss_regions_array_end = .
 *(.init)
 *(.fini)
                0x08000398                        . = ALIGN (0x4)
                0x08000398                        PROVIDE (__preinit_array_start = .)
 *(.preinit_array_sysinit .preinit_array_sysinit.*)
 *(.preinit_array_platform .preinit_array_platform.*)
 *(.preinit_array .preinit_array.*)
                0x08000398                        PROVIDE (__preinit_array_end = .)
                0x08000398                        . = ALIGN (0x4)
                0x08000398                        PROVIDE (__init_array_start = .)
 *(SORT_BY_NAME(.init_array.*))
 *(.init_array)
                0x08000398                        PROVIDE (__init_array_end = .)
                0x08000398                        . = ALIGN (0x4)
                0x08000398                        PROVIDE (__fini_array_start = .)
 *(SORT_BY_NAME(.fini_array.*))
 *(.fini_array)
                0x08000398                        PROVIDE (__fini_array_end = .)

.flashtext
 *(.flashtext .flashtext.*)

.text           0x08000398     0x1c2c
 *(.text .text.*)
 .text.HAL_Delay
                0x08000398       0x14 /tmp/cc7DcPDC.ltrans0.ltrans.o
 .text.HAL_DMA_Start_IT
                0x080003ac       0x7a /tmp/cc7DcPDC.ltrans0.ltrans.o
 *fill*         0x08000426        0x2 
 .text.HAL_GPIO_Init
                0x08000428      0x1bc /tmp/cc7DcPDC.ltrans0.ltrans.o
 .text.HAL_GPIO_DeInit
                0x080005e4      0x134 /tmp/cc7DcPDC.ltrans0.ltrans.o
 .text.QSPI_DMARxCplt
                0x08000718       0x12 /tmp/cc7DcPDC.ltrans0.ltrans.o
 .text.QSPI_DMATxCplt
                0x0800072a       0x12 /tmp/cc7DcPDC.ltrans0.ltrans.o
 .text.QSPI_DMATxHalfCplt
                0x0800073c        0x2 /tmp/cc7DcPDC.ltrans0.ltrans.o
 .text.QSPI_DMARxHalfCplt
                0x0800073e        0x2 /tmp/cc7DcPDC.ltrans0.ltrans.o
 .text.QSPI_DMAError
                0x08000740       0x90 /tmp/cc7DcPDC.ltrans0.ltrans.o
 .text.QSPI_DMAAbortCplt
                0x080007d0       0x30 /tmp/cc7DcPDC.ltrans0.ltrans.o
 .text.SysTick_Handler
                0x08000800       0x30 /tmp/cc7DcPDC.ltrans0.ltrans.o
 .text.QUADSPI_IRQHandler
                0x08000830      0x1ac /tmp/cc7DcPDC.ltrans0.ltrans.o
 .text.DMA2_Stream7_IRQHandler
                0x080009dc      0x180 /tmp/cc7DcPDC.ltrans0.ltrans.o
 .text.HAL_QSPI_Command_IT.constprop.0
                0x08000b5c      0x1c0 /tmp/cc7DcPDC.ltrans0.ltrans.o
 .text.L2HAL_Error.constprop.0
                0x08000d1c       0x3c /tmp/cc7DcPDC.ltrans0.ltrans.o
 .text.L2HAL_MCU_ClockPortIn.part.0
                0x08000d58      0x120 /tmp/cc7DcPDC.ltrans0.ltrans.o
 .text.L2HAL_MCU_ClockPortIn
                0x08000e78       0x50 /tmp/cc7DcPDC.ltrans0.ltrans.o
 .text.DMA_CalcBaseAndBitshift.constprop.0
                0x08000ec8       0x2c /tmp/cc7DcPDC.ltrans0.ltrans.o
 .text.HAL_NVIC_SetPriority.constprop.0
                0x08000ef4       0x50 /tmp/cc7DcPDC.ltrans0.ltrans.o
 .text.L2HAL_LY68L6400_QSPI_InitQspi.constprop.0
                0x08000f44      0x250 /tmp/cc7DcPDC.ltrans0.ltrans.o
 .text.HAL_QSPI_DeInit.isra.0
                0x08001194       0xfc /tmp/cc7DcPDC.ltrans0.ltrans.o
 .text.HAL_InitTick.isra.0
                0x08001290       0x50 /tmp/cc7DcPDC.ltrans0.ltrans.o
 .text.L2HAL_LY68L6400_QSPI_SoftSpi_SwapBytes.constprop.0
                0x080012e0       0x70 /tmp/cc7DcPDC.ltrans0.ltrans.o
 .text.main.isra.0
                0x08001350      0x8c4 /tmp/cc7DcPDC.ltrans0.ltrans.o
 .text.memcmp   0x08001c14       0x20 /home/earlybeasts/.local/xPacks/@xpack-dev-tools/arm-none-eabi-gcc/13.2.1-1.1.1/.content/bin/../lib/gcc/arm-none-eabi/13.2.1/../../../../arm-none-eabi/lib/thumb/v7e-m/nofp/libg_nano.a(libc_a-memcmp.o)
                0x08001c14                memcmp
 .text.memset   0x08001c34       0x10 /home/earlybeasts/.local/xPacks/@xpack-dev-tools/arm-none-eabi-gcc/13.2.1-1.1.1/.content/bin/../lib/gcc/arm-none-eabi/13.2.1/../../../../arm-none-eabi/lib/thumb/v7e-m/nofp/libg_nano.a(libc_a-memset.o)
                0x08001c34                memset
 .text          0x08001c44       0x30 /home/earlybeasts/.local/xPacks/@xpack-dev-tools/arm-none-eabi-gcc/13.2.1-1.1.1/.content/bin/../lib/gcc/arm-none-eabi/13.2.1/thumb/v7e-m/nofp/libgcc.a(_aeabi_uldivmod.o)
                0x08001c44                __aeabi_uldivmod
 .text.__udivmoddi4
                0x08001c74      0x2bc /home/earlybeasts/.local/xPacks/@xpack-dev-tools/arm-none-eabi-gcc/13.2.1-1.1.1/.content/bin/../lib/gcc/arm-none-eabi/13.2.1/thumb/v7e-m/nofp/libgcc.a(_udivmoddi4.o)
                0x08001c74                __udivmoddi4
 .text          0x08001f30        0x4 /home/earlybeasts/.local/xPacks/@xpack-dev-tools/arm-none-eabi-gcc/13.2.1-1.1.1/.content/bin/../lib/gcc/arm-none-eabi/13.2.1/thumb/v7e-m/nofp/libgcc.a(_dvmd_tls.o)
                0x08001f30                __aeabi_ldiv0
                0x08001f30                __aeabi_idiv0
 *(.rodata .rodata.* .constdata .constdata.*)
 .rodata.flagBitshiftOffset.0
                0x08001f34        0x8 /tmp/cc7DcPDC.ltrans0.ltrans.o
 .rodata.AHBPrescTable
                0x08001f3c       0x10 /tmp/cc7DcPDC.ltrans0.ltrans.o
 *(vtable)
 *(.eh_frame*)
 .eh_frame      0x08001f4c       0x28 /home/earlybeasts/.local/xPacks/@xpack-dev-tools/arm-none-eabi-gcc/13.2.1-1.1.1/.content/bin/../lib/gcc/arm-none-eabi/13.2.1/../../../../arm-none-eabi/lib/thumb/v7e-m/nofp/libg_nano.a(libc_a-strlen.o)
 .eh_frame      0x08001f74       0x50 /home/earlybeasts/.local/xPacks/@xpack-dev-tools/arm-none-eabi-gcc/13.2.1-1.1.1/.content/bin/../lib/gcc/arm-none-eabi/13.2.1/../../../../arm-none-eabi/lib/thumb/v7e-m/nofp/libg_nano.a(libc_a-memchr.o)
 *(.glue_7)
 .glue_7        0x08001fc4        0x0 linker stubs
 *(.glue_7t)
 .glue_7t       0x08001fc4        0x0 linker stubs

.vfp11_veneer   0x08001fc4        0x0
 .vfp11_veneer  0x08001fc4        0x0 linker stubs

.v4_bx          0x08001fc4        0x0
 .v4_bx         0x08001fc4        0x0 linker stubs

.iplt           0x08001fc4        0x0
 .iplt          0x08001fc4        0x0 /home/earlybeasts/.local/xPacks/@xpack-dev-tools/arm-none-eabi-gcc/13.2.1-1.1.1/.content/bin/../lib/gcc/arm-none-eabi/13.2.1/../../../../arm-none-eabi/lib/thumb/v7e-m/nofp/libg_nano.a(libc_a-strlen.o)

.ARM.extab
 *(.ARM.extab* .gnu.linkonce.armextab.*)
                0x08001fc4                        . = ALIGN (0x4)
                0x08001fc4                        __exidx_start = .

.ARM.exidx      0x08001fc4        0x8
 *(.ARM.exidx* .gnu.linkonce.armexidx.*)
 .ARM.exidx.text.__udivmoddi4
                0x08001fc4        0x8 /home/earlybeasts/.local/xPacks/@xpack-dev-tools/arm-none-eabi-gcc/13.2.1-1.1.1/.content/bin/../lib/gcc/arm-none-eabi/13.2.1/thumb/v7e-m/nofp/libgcc.a(_udivmoddi4.o)
                0x08001fcc                        __exidx_end = .

.rel.dyn        0x08001fcc        0x0
 .rel.iplt      0x08001fcc        0x0 /home/earlybeasts/.local/xPacks/@xpack-dev-tools/arm-none-eabi-gcc/13.2.1-1.1.1/.content/bin/../lib/gcc/arm-none-eabi/13.2.1/../../../../arm-none-eabi/lib/thumb/v7e-m/nofp/libg_nano.a(libc_a-strlen.o)
                0x08001fcc                        . = ALIGN (0x4)
                0x08001fcc                        _etext = .
                0x08001fcc                        __etext = .

.data_CCMRAM    0x10000000        0x0 load address 0x08001fcc
 FILL mask 0xff
 *(.data.CCMRAM .data.CCMRAM.*)
                0x10000000                        . = ALIGN (0x4)
                0x08001fcc                        _sidata = LOADADDR (.data)

.data           0x20000000        0x8 load address 0x08001fcc
 FILL mask 0xff
                0x20000000                        _sdata = .
                0x20000000                        __data_start__ = .
 *(.data_begin .data_begin.*)
 *(.data .data.*)
 .data.uwTickPrio
                0x20000000        0x4 /tmp/cc7DcPDC.ltrans0.ltrans.o
 .data.SystemCoreClock
                0x20000004        0x4 /tmp/cc7DcPDC.ltrans0.ltrans.o
 *(.data_end .data_end.*)
                0x20000008                        . = ALIGN (0x4)
                0x20000008                        _edata = .
                0x20000008                        __data_end__ = .

.igot.plt       0x20000008        0x0 load address 0x08001fd4
 .igot.plt      0x20000008        0x0 /home/earlybeasts/.local/xPacks/@xpack-dev-tools/arm-none-eabi-gcc/13.2.1-1.1.1/.content/bin/../lib/gcc/arm-none-eabi/13.2.1/../../../../arm-none-eabi/lib/thumb/v7e-m/nofp/libg_nano.a(libc_a-strlen.o)

.bss_CCMRAM     0x10000000        0x0
 *(.bss.CCMRAM .bss.CCMRAM.*)

.bss            0x20000008      0x118
                0x20000008                        __bss_start__ = .
                0x20000008                        _sbss = .
 *(.bss_begin .bss_begin.*)
 *(.bss .bss.*)
 .bss.QspiDmaHandle
                0x20000008       0x60 /tmp/cc7DcPDC.ltrans0.ltrans.o
 .bss.RamContext
                0x20000068       0x24 /tmp/cc7DcPDC.ltrans0.ltrans.o
 .bss.QspiHandle
                0x2000008c       0x4c /tmp/cc7DcPDC.ltrans0.ltrans.o
 .bss.L2HAL_SysTick_Context
                0x200000d8       0x44 /tmp/cc7DcPDC.ltrans0.ltrans.o
 .bss.uwTick    0x2000011c        0x4 /tmp/cc7DcPDC.ltrans0.ltrans.o
 *(COMMON)
 *(.bss_end .bss_end.*)
                0x20000120                        . = ALIGN (0x4)
                0x20000120                        __bss_end__ = .
                0x20000120                        _ebss = .

.noinit_CCMRAM
 *(.noinit.CCMRAM .noinit.CCMRAM.*)

.noinit         0x20000120        0x0
                0x20000120                        _noinit = .
 *(.noinit .noinit.*)
                0x20000120                        . = ALIGN (0x4)
                0x20000120                        _end_noinit = .
                [!provide]                        PROVIDE (end = _end_noinit)
                [!provide]                        PROVIDE (_end = _end_noinit)
                [!provide]                        PROVIDE (__end = _end_noinit)
                [!provide]                        PROVIDE (__end__ = _end_noinit)

._check_stack   0x20000120      0x100
                0x20000220                        . = (. + _Minimum_Stack_Size)
 *fill*         0x20000120      0x100 

.b1text
 *(.b1text)
 *(.b1rodata)
 *(.b1rodata.*)

.eb0text
 *(.eb0text)
 *(.eb0rodata)
 *(.eb0rodata.*)

.eb1text
 *(.eb1text)
 *(.eb1rodata)
 *(.eb1rodata.*)

.eb2text
 *(.eb2text)
 *(.eb2rodata)
 *(.eb2rodata.*)

.eb3text
 *(.eb3text)
 *(.eb3rodata)
 *(.eb3rodata.*)

.stab
 *(.stab)

.stabstr
 *(.stabstr)

.stab.excl
 *(.stab.excl)

.stab.exclstr
 *(.stab.exclstr)

.stab.index
 *(.stab.index)

.stab.indexstr
 *(.stab.indexstr)

.comment        0x00000000       0x39
 *(.comment)
 .comment       0x00000000       0x3a /tmp/cc7DcPDC.ltrans0.ltrans.o
 .comment       0x00000000       0x39 /home/earlybeasts/.local/xPacks/@xpack-dev-tools/arm-none-eabi-gcc/13.2.1-1.1.1/.content/bin/../lib/gcc/arm-none-eabi/13.2.1/../../../../arm-none-eabi/lib/thumb/v7e-m/nofp/libg_nano.a(libc_a-memcmp.o)
                                 0x3a (size before relaxing)
 .comment       0x00000039       0x3a /home/earlybeasts/.local/xPacks/@xpack-dev-tools/arm-none-eabi-gcc/13.2.1-1.1.1/.content/bin/../lib/gcc/arm-none-eabi/13.2.1/../../../../arm-none-eabi/lib/thumb/v7e-m/nofp/libg_nano.a(libc_a-memset.o)
 .comment       0x00000039       0x3a /home/earlybeasts/.local/xPacks/@xpack-dev-tools/arm-none-eabi-gcc/13.2.1-1.1.1/.content/bin/../lib/gcc/arm-none-eabi/13.2.1/thumb/v7e-m/nofp/libgcc.a(_udivmoddi4.o)

.ARM.attributes
                0x00000000       0x2c
 .ARM.attributes
                0x00000000       0x2c /tmp/cc7DcPDC.ltrans0.ltrans.o
 .ARM.attributes
                0x0000002c       0x2e /home/earlybeasts/.local/xPacks/@xpack-dev-tools/arm-none-eabi-gcc/13.2.1-1.1.1/.content/bin/../lib/gcc/arm-none-eabi/13.2.1/../../../../arm-none-eabi/lib/thumb/v7e-m/nofp/libg_nano.a(libc_a-memcmp.o)
 .ARM.attributes
                0x0000005a       0x2e /home/earlybeasts/.local/xPacks/@xpack-dev-tools/arm-none-eabi-gcc/13.2.1-1.1.1/.content/bin/../lib/gcc/arm-none-eabi/13.2.1/../../../../arm-none-eabi/lib/thumb/v7e-m/nofp/libg_nano.a(libc_a-memset.o)
 .ARM.attributes
                0x00000088       0x17 /home/earlybeasts/.local/xPacks/@xpack-dev-tools/arm-none-eabi-gcc/13.2.1-1.1.1/.content/bin/../lib/gcc/arm-none-eabi/13.2.1/../../../../arm-none-eabi/lib/thumb/v7e-m/nofp/libg_nano.a(libc_a-strlen.o)
 .ARM.attributes
                0x0000009f       0x1c /home/earlybeasts/.local/xPacks/@xpack-dev-tools/arm-none-eabi-gcc/13.2.1-1.1.1/.content/bin/../lib/gcc/arm-none-eabi/13.2.1/../../../../arm-none-eabi/lib/thumb/v7e-m/nofp/libg_nano.a(libc_a-memchr.o)
 .ARM.attributes
                0x000000bb       0x1e /home/earlybeasts/.local/xPacks/@xpack-dev-tools/arm-none-eabi-gcc/13.2.1-1.1.1/.content/bin/../lib/gcc/arm-none-eabi/13.2.1/thumb/v7e-m/nofp/libgcc.a(_aeabi_uldivmod.o)
 .ARM.attributes
                0x000000d9       0x2e /home/earlybeasts/.local/xPacks/@xpack-dev-tools/arm-none-eabi-gcc/13.2.1-1.1.1/.content/bin/../lib/gcc/arm-none-eabi/13.2.1/thumb/v7e-m/nofp/libgcc.a(_udivmoddi4.o)
 .ARM.attributes
                0x00000107       0x1e /home/earlybeasts/.local/xPacks/@xpack-dev-tools/arm-none-eabi-gcc/13.2.1-1.1.1/.content/bin/../lib/gcc/arm-none-eabi/13.2.1/thumb/v7e-m/nofp/libgcc.a(_dvmd_tls.o)

.debug
 *(.debug)

.line
 *(.line)

.debug_srcinfo
 *(.debug_srcinfo)

.debug_sfnames
 *(.debug_sfnames)

.debug_aranges  0x00000000      0x150
 *(.debug_aranges)
 .debug_aranges
                0x00000000      0x150 /tmp/cc7DcPDC.ltrans0.ltrans.o

.debug_pubnames
 *(.debug_pubnames)

.debug_info     0x00000000     0xc0cc
 *(.debug_info .gnu.linkonce.wi.*)
 .debug_info    0x00000000     0x2937 /tmp/cc7DcPDC.ltrans0.ltrans.o
 .debug_info    0x00002937      0x94e /tmp/ccMeKY9o.debug.temp.o
                0x00002937                stm32f7xx_hal.c.3da4b1d1
 .debug_info    0x00003285      0xd10 /tmp/cc8ZQivg.debug.temp.o
                0x00003285                stm32f7xx_hal_cortex.c.72333421
 .debug_info    0x00003f95      0x790 /tmp/cc1MiILy.debug.temp.o
                0x00003f95                stm32f7xx_hal_dma.c.2bda47cf
 .debug_info    0x00004725      0x60d /tmp/ccaelk8P.debug.temp.o
                0x00004725                stm32f7xx_hal_gpio.c.a496d078
 .debug_info    0x00004d32      0x7d2 /tmp/ccuX0hS1.debug.temp.o
                0x00004d32                stm32f7xx_hal_pwr_ex.c.1de3d782
 .debug_info    0x00005504      0xf06 /tmp/cc1xDZ1q.debug.temp.o
                0x00005504                stm32f7xx_hal_qspi.c.a2e3c57b
 .debug_info    0x0000640a      0x802 /tmp/cc5ht8hu.debug.temp.o
                0x0000640a                stm32f7xx_hal_rcc.c.c0dfc717
 .debug_info    0x00006c0c       0xd8 /tmp/ccLw0JV5.debug.temp.o
                0x00006c0c                sbrk.c.aff48a13
 .debug_info    0x00006ce4      0x27f /tmp/ccNvmKRV.debug.temp.o
                0x00006ce4                startup.c.2f8606ec
 .debug_info    0x00006f63      0x157 /tmp/cc2iMd6E.debug.temp.o
                0x00006f63                syscalls.c.52cbc233
 .debug_info    0x000070ba      0x1b3 /tmp/ccnBE4LW.debug.temp.o
                0x000070ba                exception_handlers.c.98dd581b
 .debug_info    0x0000726d      0x3e1 /tmp/ccqWnIsH.debug.temp.o
                0x0000726d                initialize_hardware.c.eaf7c648
 .debug_info    0x0000764e      0x692 /tmp/ccJBzi1M.debug.temp.o
                0x0000764e                system_stm32f7xx.c.33185977
 .debug_info    0x00007ce0       0xf2 /tmp/cczgrSMY.debug.temp.o
                0x00007ce0                vectors_stm32f767xx.c.ac42d28c
 .debug_info    0x00007dd2      0x925 /tmp/ccokTxRZ.debug.temp.o
                0x00007dd2                l2hal.c.f89ef6ef
 .debug_info    0x000086f7      0xe59 /tmp/cc3K28My.debug.temp.o
                0x000086f7                l2hal_custom.c.748e0a44
 .debug_info    0x00009550      0x42a /tmp/ccxfryFo.debug.temp.o
                0x00009550                l2hal_errors.c.b197c0df
 .debug_info    0x0000997a      0x248 /tmp/ccORIpTn.debug.temp.o
                0x0000997a                l2hal_systick.c.91648249
 .debug_info    0x00009bc2      0x422 /tmp/ccl1tPFx.debug.temp.o
                0x00009bc2                l2hal_stm32f767zit6u.c.6ef63df5
 .debug_info    0x00009fe4      0xc87 /tmp/ccHiuwH1.debug.temp.o
                0x00009fe4                l2hal_ly68l6400_qspi.c.6145c6fd
 .debug_info    0x0000ac6b      0x256 /tmp/ccYGmGZU.debug.temp.o
                0x0000ac6b                hal.c.f4a3bf61
 .debug_info    0x0000aec1      0x67a /tmp/ccFIQKc5.debug.temp.o
                0x0000aec1                interrupts.c.3357131a
 .debug_info    0x0000b53b      0xb91 /tmp/ccTjCGp6.debug.temp.o
                0x0000b53b                main.c.f670928a

.debug_abbrev   0x00000000     0x256a
 *(.debug_abbrev)
 .debug_abbrev  0x00000000      0x2ef /tmp/cc7DcPDC.ltrans0.ltrans.o
 .debug_abbrev  0x000002ef      0x1cd /tmp/ccMeKY9o.debug.temp.o
 .debug_abbrev  0x000004bc      0x25d /tmp/cc8ZQivg.debug.temp.o
 .debug_abbrev  0x00000719      0x20b /tmp/cc1MiILy.debug.temp.o
 .debug_abbrev  0x00000924      0x18d /tmp/ccaelk8P.debug.temp.o
 .debug_abbrev  0x00000ab1      0x199 /tmp/ccuX0hS1.debug.temp.o
 .debug_abbrev  0x00000c4a      0x1bf /tmp/cc1xDZ1q.debug.temp.o
 .debug_abbrev  0x00000e09      0x20e /tmp/cc5ht8hu.debug.temp.o
 .debug_abbrev  0x00001017       0x9b /tmp/ccLw0JV5.debug.temp.o
 .debug_abbrev  0x000010b2      0x153 /tmp/ccNvmKRV.debug.temp.o
 .debug_abbrev  0x00001205       0xe0 /tmp/cc2iMd6E.debug.temp.o
 .debug_abbrev  0x000012e5       0xcd /tmp/ccnBE4LW.debug.temp.o
 .debug_abbrev  0x000013b2       0xe8 /tmp/ccqWnIsH.debug.temp.o
 .debug_abbrev  0x0000149a      0x120 /tmp/ccJBzi1M.debug.temp.o
 .debug_abbrev  0x000015ba       0xa8 /tmp/cczgrSMY.debug.temp.o
 .debug_abbrev  0x00001662      0x21a /tmp/ccokTxRZ.debug.temp.o
 .debug_abbrev  0x0000187c      0x1e1 /tmp/cc3K28My.debug.temp.o
 .debug_abbrev  0x00001a5d      0x165 /tmp/ccxfryFo.debug.temp.o
 .debug_abbrev  0x00001bc2      0x179 /tmp/ccORIpTn.debug.temp.o
 .debug_abbrev  0x00001d3b      0x138 /tmp/ccl1tPFx.debug.temp.o
 .debug_abbrev  0x00001e73      0x21a /tmp/ccHiuwH1.debug.temp.o
 .debug_abbrev  0x0000208d      0x13f /tmp/ccYGmGZU.debug.temp.o
 .debug_abbrev  0x000021cc      0x16f /tmp/ccFIQKc5.debug.temp.o
 .debug_abbrev  0x0000233b      0x22f /tmp/ccTjCGp6.debug.temp.o

.debug_line     0x00000000     0x2ddd
 *(.debug_line)
 .debug_line    0x00000000     0x24a5 /tmp/cc7DcPDC.ltrans0.ltrans.o
 .debug_line    0x000024a5       0x69 /tmp/ccMeKY9o.debug.temp.o
 .debug_line    0x0000250e       0x64 /tmp/cc8ZQivg.debug.temp.o
 .debug_line    0x00002572       0x69 /tmp/cc1MiILy.debug.temp.o
 .debug_line    0x000025db       0x5f /tmp/ccaelk8P.debug.temp.o
 .debug_line    0x0000263a       0x64 /tmp/ccuX0hS1.debug.temp.o
 .debug_line    0x0000269e       0x69 /tmp/cc1xDZ1q.debug.temp.o
 .debug_line    0x00002707       0x78 /tmp/cc5ht8hu.debug.temp.o
 .debug_line    0x0000277f       0x48 /tmp/ccLw0JV5.debug.temp.o
 .debug_line    0x000027c7       0x3a /tmp/ccNvmKRV.debug.temp.o
 .debug_line    0x00002801       0x5b /tmp/cc2iMd6E.debug.temp.o
 .debug_line    0x0000285c       0x4c /tmp/ccnBE4LW.debug.temp.o
 .debug_line    0x000028a8       0x51 /tmp/ccqWnIsH.debug.temp.o
 .debug_line    0x000028f9       0x56 /tmp/ccJBzi1M.debug.temp.o
 .debug_line    0x0000294f       0x43 /tmp/cczgrSMY.debug.temp.o
 .debug_line    0x00002992       0x8a /tmp/ccokTxRZ.debug.temp.o
 .debug_line    0x00002a1c       0x80 /tmp/cc3K28My.debug.temp.o
 .debug_line    0x00002a9c       0x67 /tmp/ccxfryFo.debug.temp.o
 .debug_line    0x00002b03       0x63 /tmp/ccORIpTn.debug.temp.o
 .debug_line    0x00002b66       0x5a /tmp/ccl1tPFx.debug.temp.o
 .debug_line    0x00002bc0       0x84 /tmp/ccHiuwH1.debug.temp.o
 .debug_line    0x00002c44       0x5e /tmp/ccYGmGZU.debug.temp.o
 .debug_line    0x00002ca2       0x7f /tmp/ccFIQKc5.debug.temp.o
 .debug_line    0x00002d21       0xbc /tmp/ccTjCGp6.debug.temp.o

.debug_frame    0x00000000      0x39c
 *(.debug_frame)
 .debug_frame   0x00000000      0x39c /tmp/cc7DcPDC.ltrans0.ltrans.o

.debug_str      0x00000000     0x3350
 *(.debug_str)
 .debug_str     0x00000000     0x3350 /tmp/cc7DcPDC.ltrans0.ltrans.o
                                0x19d (size before relaxing)
 .debug_str     0x00003350      0xd60 /tmp/ccMeKY9o.debug.temp.o
 .debug_str     0x00003350      0xe34 /tmp/cc8ZQivg.debug.temp.o
 .debug_str     0x00003350      0x769 /tmp/cc1MiILy.debug.temp.o
 .debug_str     0x00003350      0x4e5 /tmp/ccaelk8P.debug.temp.o
 .debug_str     0x00003350      0x63f /tmp/ccuX0hS1.debug.temp.o
 .debug_str     0x00003350      0xbd0 /tmp/cc1xDZ1q.debug.temp.o
 .debug_str     0x00003350      0x703 /tmp/cc5ht8hu.debug.temp.o
 .debug_str     0x00003350      0x205 /tmp/ccLw0JV5.debug.temp.o
 .debug_str     0x00003350      0x353 /tmp/ccNvmKRV.debug.temp.o
 .debug_str     0x00003350      0x20d /tmp/cc2iMd6E.debug.temp.o
 .debug_str     0x00003350      0x2b7 /tmp/ccnBE4LW.debug.temp.o
 .debug_str     0x00003350      0x379 /tmp/ccqWnIsH.debug.temp.o
 .debug_str     0x00003350      0x460 /tmp/ccJBzi1M.debug.temp.o
 .debug_str     0x00003350      0x275 /tmp/cczgrSMY.debug.temp.o
 .debug_str     0x00003350      0xc6c /tmp/ccokTxRZ.debug.temp.o
 .debug_str     0x00003350     0x106e /tmp/cc3K28My.debug.temp.o
 .debug_str     0x00003350      0x3ee /tmp/ccxfryFo.debug.temp.o
 .debug_str     0x00003350      0x2f0 /tmp/ccORIpTn.debug.temp.o
 .debug_str     0x00003350      0x39c /tmp/ccl1tPFx.debug.temp.o
 .debug_str     0x00003350      0xc19 /tmp/ccHiuwH1.debug.temp.o
 .debug_str     0x00003350      0x2a1 /tmp/ccYGmGZU.debug.temp.o
 .debug_str     0x00003350      0x6d0 /tmp/ccFIQKc5.debug.temp.o
 .debug_str     0x00003350      0xa1f /tmp/ccTjCGp6.debug.temp.o

.debug_loc
 *(.debug_loc)

.debug_macinfo
 *(.debug_macinfo)

.debug_weaknames
 *(.debug_weaknames)

.debug_funcnames
 *(.debug_funcnames)

.debug_typenames
 *(.debug_typenames)

.debug_varnames
 *(.debug_varnames)
OUTPUT(FerFoxPrototype2.elf elf32-littlearm)
LOAD linker stubs

.debug_loclists
                0x00000000     0x190a
 .debug_loclists
                0x00000000     0x190a /tmp/cc7DcPDC.ltrans0.ltrans.o

.debug_rnglists
                0x00000000      0x5bc
 .debug_rnglists
                0x00000000      0x5bc /tmp/cc7DcPDC.ltrans0.ltrans.o

.debug_line_str
                0x00000000      0x8fe
 .debug_line_str
                0x00000000      0x8fe /tmp/ccMeKY9o.debug.temp.o
                                0x1b9 (size before relaxing)
 .debug_line_str
                0x000008fe      0x1a8 /tmp/cc8ZQivg.debug.temp.o
 .debug_line_str
                0x000008fe      0x1bf /tmp/cc1MiILy.debug.temp.o
 .debug_line_str
                0x000008fe      0x19f /tmp/ccaelk8P.debug.temp.o
 .debug_line_str
                0x000008fe      0x1a9 /tmp/ccuX0hS1.debug.temp.o
 .debug_line_str
                0x000008fe      0x1c3 /tmp/cc1xDZ1q.debug.temp.o
 .debug_line_str
                0x000008fe      0x1f7 /tmp/cc5ht8hu.debug.temp.o
 .debug_line_str
                0x000008fe       0xf8 /tmp/ccLw0JV5.debug.temp.o
 .debug_line_str
                0x000008fe       0x7b /tmp/ccNvmKRV.debug.temp.o
 .debug_line_str
                0x000008fe      0x181 /tmp/cc2iMd6E.debug.temp.o
 .debug_line_str
                0x000008fe      0x14d /tmp/ccnBE4LW.debug.temp.o
 .debug_line_str
                0x000008fe      0x156 /tmp/ccqWnIsH.debug.temp.o
 .debug_line_str
                0x000008fe      0x15a /tmp/ccJBzi1M.debug.temp.o
 .debug_line_str
                0x000008fe       0xc0 /tmp/cczgrSMY.debug.temp.o
 .debug_line_str
                0x000008fe      0x248 /tmp/ccokTxRZ.debug.temp.o
 .debug_line_str
                0x000008fe      0x233 /tmp/cc3K28My.debug.temp.o
 .debug_line_str
                0x000008fe      0x1cb /tmp/ccxfryFo.debug.temp.o
 .debug_line_str
                0x000008fe      0x1aa /tmp/ccORIpTn.debug.temp.o
 .debug_line_str
                0x000008fe      0x1b5 /tmp/ccl1tPFx.debug.temp.o
 .debug_line_str
                0x000008fe      0x2a5 /tmp/ccHiuwH1.debug.temp.o
 .debug_line_str
                0x000008fe      0x181 /tmp/ccYGmGZU.debug.temp.o
 .debug_line_str
                0x000008fe      0x204 /tmp/ccFIQKc5.debug.temp.o
 .debug_line_str
                0x000008fe      0x3ff /tmp/ccTjCGp6.debug.temp.o
