Archive member included to satisfy reference by file (symbol)

/home/earlybeasts/.local/xPacks/@xpack-dev-tools/arm-none-eabi-gcc/13.2.1-1.1.1/.content/bin/../lib/gcc/arm-none-eabi/13.2.1/thumb/v7e-m+dp/hard/libgcc.a(_aeabi_ldivmod.o)
                              ./system/src/stm32f7-hal/stm32f7xx_hal_rcc.o (__aeabi_ldivmod)
/home/earlybeasts/.local/xPacks/@xpack-dev-tools/arm-none-eabi-gcc/13.2.1-1.1.1/.content/bin/../lib/gcc/arm-none-eabi/13.2.1/thumb/v7e-m+dp/hard/libgcc.a(_aeabi_uldivmod.o)
                              ./system/src/stm32f7-hal/stm32f7xx_hal_rcc.o (__aeabi_uldivmod)
/home/earlybeasts/.local/xPacks/@xpack-dev-tools/arm-none-eabi-gcc/13.2.1-1.1.1/.content/bin/../lib/gcc/arm-none-eabi/13.2.1/thumb/v7e-m+dp/hard/libgcc.a(_udivmoddi4.o)
                              /home/earlybeasts/.local/xPacks/@xpack-dev-tools/arm-none-eabi-gcc/13.2.1-1.1.1/.content/bin/../lib/gcc/arm-none-eabi/13.2.1/thumb/v7e-m+dp/hard/libgcc.a(_aeabi_ldivmod.o) (__udivmoddi4)
/home/earlybeasts/.local/xPacks/@xpack-dev-tools/arm-none-eabi-gcc/13.2.1-1.1.1/.content/bin/../lib/gcc/arm-none-eabi/13.2.1/thumb/v7e-m+dp/hard/libgcc.a(_dvmd_tls.o)
                              /home/earlybeasts/.local/xPacks/@xpack-dev-tools/arm-none-eabi-gcc/13.2.1-1.1.1/.content/bin/../lib/gcc/arm-none-eabi/13.2.1/thumb/v7e-m+dp/hard/libgcc.a(_aeabi_ldivmod.o) (__aeabi_ldiv0)
/home/earlybeasts/.local/xPacks/@xpack-dev-tools/arm-none-eabi-gcc/13.2.1-1.1.1/.content/bin/../lib/gcc/arm-none-eabi/13.2.1/../../../../arm-none-eabi/lib/thumb/v7e-m+dp/hard/libg_nano.a(libc_a-malloc.o)
                              ./src/l2hal/drivers/sdcard/src/l2hal_sdcard.o (malloc)
/home/earlybeasts/.local/xPacks/@xpack-dev-tools/arm-none-eabi-gcc/13.2.1-1.1.1/.content/bin/../lib/gcc/arm-none-eabi/13.2.1/../../../../arm-none-eabi/lib/thumb/v7e-m+dp/hard/libg_nano.a(libc_a-mallocr.o)
                              /home/earlybeasts/.local/xPacks/@xpack-dev-tools/arm-none-eabi-gcc/13.2.1-1.1.1/.content/bin/../lib/gcc/arm-none-eabi/13.2.1/../../../../arm-none-eabi/lib/thumb/v7e-m+dp/hard/libg_nano.a(libc_a-malloc.o) (_malloc_r)
/home/earlybeasts/.local/xPacks/@xpack-dev-tools/arm-none-eabi-gcc/13.2.1-1.1.1/.content/bin/../lib/gcc/arm-none-eabi/13.2.1/../../../../arm-none-eabi/lib/thumb/v7e-m+dp/hard/libg_nano.a(libc_a-mlock.o)
                              /home/earlybeasts/.local/xPacks/@xpack-dev-tools/arm-none-eabi-gcc/13.2.1-1.1.1/.content/bin/../lib/gcc/arm-none-eabi/13.2.1/../../../../arm-none-eabi/lib/thumb/v7e-m+dp/hard/libg_nano.a(libc_a-mallocr.o) (__malloc_lock)
/home/earlybeasts/.local/xPacks/@xpack-dev-tools/arm-none-eabi-gcc/13.2.1-1.1.1/.content/bin/../lib/gcc/arm-none-eabi/13.2.1/../../../../arm-none-eabi/lib/thumb/v7e-m+dp/hard/libg_nano.a(libc_a-realloc.o)
                              ./src/l2hal/drivers/input/encoders/src/l2hal_encoders.o (realloc)
/home/earlybeasts/.local/xPacks/@xpack-dev-tools/arm-none-eabi-gcc/13.2.1-1.1.1/.content/bin/../lib/gcc/arm-none-eabi/13.2.1/../../../../arm-none-eabi/lib/thumb/v7e-m+dp/hard/libg_nano.a(libc_a-reallocr.o)
                              /home/earlybeasts/.local/xPacks/@xpack-dev-tools/arm-none-eabi-gcc/13.2.1-1.1.1/.content/bin/../lib/gcc/arm-none-eabi/13.2.1/../../../../arm-none-eabi/lib/thumb/v7e-m+dp/hard/libg_nano.a(libc_a-realloc.o) (_realloc_r)
/home/earlybeasts/.local/xPacks/@xpack-dev-tools/arm-none-eabi-gcc/13.2.1-1.1.1/.content/bin/../lib/gcc/arm-none-eabi/13.2.1/../../../../arm-none-eabi/lib/thumb/v7e-m+dp/hard/libg_nano.a(libc_a-snprintf.o)
                              ./src/l2hal/drivers/bluetooth/hc06/src/l2hal_hc06.o (snprintf)
/home/earlybeasts/.local/xPacks/@xpack-dev-tools/arm-none-eabi-gcc/13.2.1-1.1.1/.content/bin/../lib/gcc/arm-none-eabi/13.2.1/../../../../arm-none-eabi/lib/thumb/v7e-m+dp/hard/libg_nano.a(libc_a-sprintf.o)
                              ./src/main.o (sprintf)
/home/earlybeasts/.local/xPacks/@xpack-dev-tools/arm-none-eabi-gcc/13.2.1-1.1.1/.content/bin/../lib/gcc/arm-none-eabi/13.2.1/../../../../arm-none-eabi/lib/thumb/v7e-m+dp/hard/libg_nano.a(libc_a-memcmp.o)
                              ./libs/fatfs/ff.o (memcmp)
/home/earlybeasts/.local/xPacks/@xpack-dev-tools/arm-none-eabi-gcc/13.2.1-1.1.1/.content/bin/../lib/gcc/arm-none-eabi/13.2.1/../../../../arm-none-eabi/lib/thumb/v7e-m+dp/hard/libg_nano.a(libc_a-memset.o)
                              ./src/l2hal/drivers/sdcard/src/l2hal_sdcard.o (memset)
/home/earlybeasts/.local/xPacks/@xpack-dev-tools/arm-none-eabi-gcc/13.2.1-1.1.1/.content/bin/../lib/gcc/arm-none-eabi/13.2.1/../../../../arm-none-eabi/lib/thumb/v7e-m+dp/hard/libg_nano.a(libc_a-strchr.o)
                              ./libs/fatfs/ff.o (strchr)
/home/earlybeasts/.local/xPacks/@xpack-dev-tools/arm-none-eabi-gcc/13.2.1-1.1.1/.content/bin/../lib/gcc/arm-none-eabi/13.2.1/../../../../arm-none-eabi/lib/thumb/v7e-m+dp/hard/libg_nano.a(libc_a-strncpy.o)
                              ./src/l2hal/drivers/bluetooth/hc06/src/l2hal_hc06.o (strncpy)
[...]
Memory Configuration

Name             Origin             Length             Attributes
RAM              0x20000000         0x00080000         xrw
CCMRAM           0x10000000         0x00000000         xrw
FLASH            0x08000000         0x00200000         xr
FLASHB1          0x00000000         0x00000000         xr
EXTMEMB0         0x00000000         0x00000000         xr
EXTMEMB1         0x00000000         0x00000000         xr
EXTMEMB2         0x00000000         0x00000000         xr
EXTMEMB3         0x00000000         0x00000000         xr
*default*        0x00000000         0xffffffff

Linker script and memory map

LOAD ./system/src/stm32f7-hal/stm32f7xx_hal.o
LOAD ./system/src/stm32f7-hal/stm32f7xx_hal_cortex.o
LOAD ./system/src/stm32f7-hal/stm32f7xx_hal_crc.o
LOAD ./system/src/stm32f7-hal/stm32f7xx_hal_crc_ex.o
LOAD ./system/src/stm32f7-hal/stm32f7xx_hal_dma.o
LOAD ./system/src/stm32f7-hal/stm32f7xx_hal_flash.o
LOAD ./system/src/stm32f7-hal/stm32f7xx_hal_flash_ex.o
LOAD ./system/src/stm32f7-hal/stm32f7xx_hal_gpio.o
LOAD ./system/src/stm32f7-hal/stm32f7xx_hal_iwdg.o
LOAD ./system/src/stm32f7-hal/stm32f7xx_hal_jpeg.o
LOAD ./system/src/stm32f7-hal/stm32f7xx_hal_pwr.o
LOAD ./system/src/stm32f7-hal/stm32f7xx_hal_pwr_ex.o
LOAD ./system/src/stm32f7-hal/stm32f7xx_hal_qspi.o
LOAD ./system/src/stm32f7-hal/stm32f7xx_hal_rcc.o
LOAD ./system/src/stm32f7-hal/stm32f7xx_hal_rcc_ex.o
LOAD ./system/src/stm32f7-hal/stm32f7xx_hal_sd.o
LOAD ./system/src/stm32f7-hal/stm32f7xx_hal_spi.o
LOAD ./system/src/stm32f7-hal/stm32f7xx_hal_tim.o
LOAD ./system/src/stm32f7-hal/stm32f7xx_ll_sdmmc.o
LOAD ./system/src/newlib/assert.o
LOAD ./system/src/newlib/cxx.o
LOAD ./system/src/newlib/exit.o
LOAD ./system/src/newlib/sbrk.o
LOAD ./system/src/newlib/startup.o
LOAD ./system/src/newlib/syscalls.o
LOAD ./system/src/diag/trace-impl.o
LOAD ./system/src/diag/trace.o
LOAD ./system/src/cortexm/exception-handlers.o
LOAD ./system/src/cortexm/initialize-hardware.o
LOAD ./system/src/cortexm/reset-hardware.o
LOAD ./system/src/cmsis/system_stm32f7xx.o
LOAD ./system/src/cmsis/vectors_stm32f767xx.o
LOAD ./src/l2hal/src/l2hal.o
LOAD ./src/l2hal/src/l2hal_aux.o
LOAD ./src/l2hal/src/l2hal_custom.o
LOAD ./src/l2hal/src/l2hal_errors.o
LOAD ./src/l2hal/src/l2hal_systick.o
LOAD ./src/l2hal/mcu_dependent/mcus/stm32f767zit6u/drivers/input/buttons/src/l2hal_stm32f767zit6u_buttons.o
LOAD ./src/l2hal/mcu_dependent/mcus/stm32f767zit6u/l2hal_stm32f767zit6u.o
LOAD ./src/l2hal/drivers/sdcard/src/l2hal_sdcard.o
LOAD ./src/l2hal/drivers/ram/ly68l6400_qspi/src/l2hal_ly68l6400_qspi.o
LOAD ./src/l2hal/drivers/ram/ly68l6400/src/l2hal_ly68l6400.o
LOAD ./src/l2hal/drivers/internal/crc/src/l2hal_crc.o
LOAD ./src/l2hal/drivers/input/encoders/src/l2hal_encoders.o
LOAD ./src/l2hal/drivers/input/buttons/src/l2hal_buttons.o
LOAD ./src/l2hal/drivers/eeprom/24x/src/l2hal_24x.o
LOAD ./src/l2hal/drivers/display/ssd1327/src/l2hal_ssd1327.o
LOAD ./src/l2hal/drivers/display/ssd1306/src/l2hal_ssd1306.o
LOAD ./src/l2hal/drivers/display/gc9a01_local_framebuffer/src/l2hal_gc9a01_lfb.o
LOAD ./src/l2hal/drivers/display/gc9a01/src/l2hal_gc9a01.o
LOAD ./src/l2hal/drivers/dds/ad9835/src/l2hal_ad9835.o
LOAD ./src/l2hal/drivers/dac/ad5245/src/l2hal_ad5245.o
LOAD ./src/l2hal/drivers/bluetooth/hc06/src/l2hal_hc06.o
LOAD ./src/fmgl/src/fmgl.o
LOAD ./src/fmgl/src/fmgl_private.o
LOAD ./src/fmgl/fonts/src/terminusRegular12.o
LOAD ./src/filesystem.o
LOAD ./src/hal.o
LOAD ./src/interrupts.o
LOAD ./src/jpeg_decoder.o
LOAD ./src/main.o
LOAD ./src/stm32f7xx_hal_msp.o
LOAD ./src/write.o
LOAD ./libs/tjpgd/tjpgd.o
LOAD ./libs/libhwjpeg/jpeg_utils.o
LOAD ./libs/libhwjpeg/libhwjpeg.o
LOAD ./libs/fatfs/diskio.o
LOAD ./libs/fatfs/ff.o
LOAD ./libs/fatfs/ffsystem.o
LOAD ./libs/fatfs/ffunicode.o
LOAD /home/earlybeasts/.local/xPacks/@xpack-dev-tools/arm-none-eabi-gcc/13.2.1-1.1.1/.content/bin/../lib/gcc/arm-none-eabi/13.2.1/../../../../arm-none-eabi/lib/thumb/v7e-m+dp/hard/libstdc++_nano.a
LOAD /home/earlybeasts/.local/xPacks/@xpack-dev-tools/arm-none-eabi-gcc/13.2.1-1.1.1/.content/bin/../lib/gcc/arm-none-eabi/13.2.1/../../../../arm-none-eabi/lib/thumb/v7e-m+dp/hard/libm.a
START GROUP
LOAD /home/earlybeasts/.local/xPacks/@xpack-dev-tools/arm-none-eabi-gcc/13.2.1-1.1.1/.content/bin/../lib/gcc/arm-none-eabi/13.2.1/thumb/v7e-m+dp/hard/libgcc.a
LOAD /home/earlybeasts/.local/xPacks/@xpack-dev-tools/arm-none-eabi-gcc/13.2.1-1.1.1/.content/bin/../lib/gcc/arm-none-eabi/13.2.1/../../../../arm-none-eabi/lib/thumb/v7e-m+dp/hard/libg_nano.a
LOAD /home/earlybeasts/.local/xPacks/@xpack-dev-tools/arm-none-eabi-gcc/13.2.1-1.1.1/.content/bin/../lib/gcc/arm-none-eabi/13.2.1/../../../../arm-none-eabi/lib/thumb/v7e-m+dp/hard/libc_nano.a
END GROUP
START GROUP
LOAD /home/earlybeasts/.local/xPacks/@xpack-dev-tools/arm-none-eabi-gcc/13.2.1-1.1.1/.content/bin/../lib/gcc/arm-none-eabi/13.2.1/thumb/v7e-m+dp/hard/libgcc.a
LOAD /home/earlybeasts/.local/xPacks/@xpack-dev-tools/arm-none-eabi-gcc/13.2.1-1.1.1/.content/bin/../lib/gcc/arm-none-eabi/13.2.1/../../../../arm-none-eabi/lib/thumb/v7e-m+dp/hard/libc_nano.a
END GROUP
                0x20080000                        __stack = (ORIGIN (RAM) + LENGTH (RAM))
                0x20080000                        _estack = __stack
                0x00000400                        __Main_Stack_Size = 0x400
                [!provide]                        PROVIDE (_Main_Stack_Size = __Main_Stack_Size)
                0x2007fc00                        __Main_Stack_Limit = (__stack - __Main_Stack_Size)
                [!provide]                        PROVIDE (_Main_Stack_Limit = __Main_Stack_Limit)
                0x00000100                        _Minimum_Stack_Size = 0x100
                0x2002c100                        PROVIDE (_Heap_Begin = _end_noinit)
                0x2007fc00                        PROVIDE (_Heap_Limit = (__stack - __Main_Stack_Size))

.isr_vector     0x08000000      0x32e
 FILL mask 0xff
                0x08000000                        __vectors_start = ABSOLUTE (.)
                0x08000000                        __vectors_start__ = ABSOLUTE (.)
 *(.isr_vector)
 .isr_vector    0x08000000      0x1f8 ./system/src/cmsis/vectors_stm32f767xx.o
                0x08000000                __isr_vectors
 *(.cfmconfig)
 *(.after_vectors .after_vectors.*)
 .after_vectors
                0x080001f8       0xd0 ./system/src/newlib/startup.o
                0x080001f8                _start
 .after_vectors
                0x080002c8       0x64 ./system/src/cortexm/exception-handlers.o
                0x080002c8                Reset_Handler
                0x080002cc                NMI_Handler
                0x080002ce                HardFault_Handler
                0x080002e2                HardFault_Handler_C
                0x080002e4                MemManage_Handler
                0x080002e6                BusFault_Handler
                0x080002fa                BusFault_Handler_C
                0x080002fc                UsageFault_Handler
                0x08000310                UsageFault_Handler_C
                0x08000312                SVC_Handler
                0x08000314                DebugMon_Handler
                0x08000316                PendSV_Handler
 .after_vectors
                0x0800032c        0x2 ./system/src/cmsis/vectors_stm32f767xx.o
                0x0800032c                RTC_Alarm_IRQHandler
                0x0800032c                EXTI2_IRQHandler
                0x0800032c                TIM8_CC_IRQHandler
                0x0800032c                UART8_IRQHandler
                0x0800032c                SPI4_IRQHandler
                0x0800032c                TIM1_CC_IRQHandler
                0x0800032c                DMA2_Stream5_IRQHandler
                0x0800032c                DMA1_Stream5_IRQHandler
                0x0800032c                CAN3_RX1_IRQHandler
                0x0800032c                PVD_IRQHandler
                0x0800032c                TAMP_STAMP_IRQHandler
                0x0800032c                CAN2_RX1_IRQHandler
                0x0800032c                EXTI3_IRQHandler
                0x0800032c                TIM8_TRG_COM_TIM14_IRQHandler
                0x0800032c                DFSDM1_FLT1_IRQHandler
                0x0800032c                TIM1_UP_TIM10_IRQHandler
                0x0800032c                TIM8_UP_TIM13_IRQHandler
                0x0800032c                I2C3_ER_IRQHandler
                0x0800032c                DFSDM1_FLT2_IRQHandler
                0x0800032c                EXTI0_IRQHandler
                0x0800032c                I2C2_EV_IRQHandler
                0x0800032c                DMA1_Stream2_IRQHandler
                0x0800032c                CAN1_RX0_IRQHandler
                0x0800032c                FPU_IRQHandler
                0x0800032c                OTG_HS_WKUP_IRQHandler
                0x0800032c                CAN3_SCE_IRQHandler
                0x0800032c                LTDC_ER_IRQHandler
                0x0800032c                CAN2_SCE_IRQHandler
                0x0800032c                SPI1_IRQHandler
                0x0800032c                TIM6_DAC_IRQHandler
                0x0800032c                TIM1_BRK_TIM9_IRQHandler
                0x0800032c                DCMI_IRQHandler
                0x0800032c                CAN2_RX0_IRQHandler
                0x0800032c                SAI2_IRQHandler
                0x0800032c                DFSDM1_FLT3_IRQHandler
                0x0800032c                USART6_IRQHandler
                0x0800032c                CAN3_RX0_IRQHandler
                0x0800032c                USART3_IRQHandler
                0x0800032c                CAN1_RX1_IRQHandler
                0x0800032c                UART5_IRQHandler
                0x0800032c                TIM4_IRQHandler
                0x0800032c                I2C1_EV_IRQHandler
                0x0800032c                DMA1_Stream6_IRQHandler
                0x0800032c                DMA1_Stream1_IRQHandler
                0x0800032c                UART4_IRQHandler
                0x0800032c                TIM3_IRQHandler
                0x0800032c                RCC_IRQHandler
                0x0800032c                TIM8_BRK_TIM12_IRQHandler
                0x0800032c                Default_Handler
                0x0800032c                CEC_IRQHandler
                0x0800032c                EXTI15_10_IRQHandler
                0x0800032c                ADC_IRQHandler
                0x0800032c                DMA1_Stream7_IRQHandler
                0x0800032c                SPI5_IRQHandler
                0x0800032c                TIM7_IRQHandler
                0x0800032c                SDMMC1_IRQHandler
                0x0800032c                CAN2_TX_IRQHandler
                0x0800032c                TIM5_IRQHandler
                0x0800032c                I2C3_EV_IRQHandler
                0x0800032c                EXTI9_5_IRQHandler
                0x0800032c                RTC_WKUP_IRQHandler
                0x0800032c                LTDC_IRQHandler
                0x0800032c                ETH_WKUP_IRQHandler
                0x0800032c                SPDIF_RX_IRQHandler
                0x0800032c                SPI2_IRQHandler
                0x0800032c                OTG_HS_EP1_IN_IRQHandler
                0x0800032c                DMA1_Stream0_IRQHandler
                0x0800032c                CAN1_TX_IRQHandler
                0x0800032c                EXTI4_IRQHandler
                0x0800032c                RNG_IRQHandler
                0x0800032c                ETH_IRQHandler
                0x0800032c                OTG_HS_EP1_OUT_IRQHandler
                0x0800032c                WWDG_IRQHandler
                0x0800032c                SPI6_IRQHandler
                0x0800032c                I2C4_EV_IRQHandler
                0x0800032c                MDIOS_IRQHandler
                0x0800032c                CAN3_TX_IRQHandler
                0x0800032c                TIM2_IRQHandler
                0x0800032c                OTG_FS_WKUP_IRQHandler
                0x0800032c                TIM1_TRG_COM_TIM11_IRQHandler
                0x0800032c                OTG_HS_IRQHandler
                0x0800032c                DMA2D_IRQHandler
                0x0800032c                EXTI1_IRQHandler
                0x0800032c                SDMMC2_IRQHandler
                0x0800032c                UART7_IRQHandler
                0x0800032c                USART2_IRQHandler
                0x0800032c                DFSDM1_FLT0_IRQHandler
                0x0800032c                I2C2_ER_IRQHandler
                0x0800032c                CAN1_SCE_IRQHandler
                0x0800032c                FLASH_IRQHandler
                0x0800032c                DMA2_Stream4_IRQHandler
                0x0800032c                USART1_IRQHandler
                0x0800032c                OTG_FS_IRQHandler
                0x0800032c                SPI3_IRQHandler
                0x0800032c                DMA1_Stream4_IRQHandler
                0x0800032c                I2C1_ER_IRQHandler
                0x0800032c                FMC_IRQHandler
                0x0800032c                LPTIM1_IRQHandler
                0x0800032c                I2C4_ER_IRQHandler
                0x0800032c                DMA2_Stream6_IRQHandler
                0x0800032c                SAI1_IRQHandler
                0x0800032c                DMA1_Stream3_IRQHandler

.inits          0x08000330       0x28
                0x08000330                        __data_regions_array_start = .
                0x08000330        0x4 LONG 0x800a394 LOADADDR (.data)
                0x08000334        0x4 LONG 0x20000000 ADDR (.data)
                0x08000338        0x4 LONG 0x20000064 (ADDR (.data) + SIZEOF (.data))
                0x0800033c        0x4 LONG 0x800a394 LOADADDR (.data_CCMRAM)
                0x08000340        0x4 LONG 0x10000000 ADDR (.data_CCMRAM)
                0x08000344        0x4 LONG 0x10000000 (ADDR (.data_CCMRAM) + SIZEOF (.data_CCMRAM))
                0x08000348                        __data_regions_array_end = .
                0x08000348                        __bss_regions_array_start = .
                0x08000348        0x4 LONG 0x20000064 ADDR (.bss)
                0x0800034c        0x4 LONG 0x2002c100 (ADDR (.bss) + SIZEOF (.bss))
                0x08000350        0x4 LONG 0x10000000 ADDR (.bss_CCMRAM)
                0x08000354        0x4 LONG 0x10000000 (ADDR (.bss_CCMRAM) + SIZEOF (.bss_CCMRAM))
                0x08000358                        __bss_regions_array_end = .
 *(.init)
 *(.fini)
                0x08000358                        . = ALIGN (0x4)
                0x08000358                        PROVIDE (__preinit_array_start = .)
 *(.preinit_array_sysinit .preinit_array_sysinit.*)
 *(.preinit_array_platform .preinit_array_platform.*)
 *(.preinit_array .preinit_array.*)
                0x08000358                        PROVIDE (__preinit_array_end = .)
                0x08000358                        . = ALIGN (0x4)
                0x08000358                        PROVIDE (__init_array_start = .)
 *(SORT_BY_NAME(.init_array.*))
 *(.init_array)
                0x08000358                        PROVIDE (__init_array_end = .)
                0x08000358                        . = ALIGN (0x4)
                0x08000358                        PROVIDE (__fini_array_start = .)
 *(SORT_BY_NAME(.fini_array.*))
 *(.fini_array)
                0x08000358                        PROVIDE (__fini_array_end = .)

.flashtext
 *(.flashtext .flashtext.*)

.text           0x08000360     0xa02c
 *(.text .text.*)
 .text.HAL_InitTick
                0x08000360       0x48 ./system/src/stm32f7-hal/stm32f7xx_hal.o
                0x08000360                HAL_InitTick
 .text.HAL_Init
                0x080003a8       0x2c ./system/src/stm32f7-hal/stm32f7xx_hal.o
                0x080003a8                HAL_Init
 .text.HAL_IncTick
                0x080003d4       0x18 ./system/src/stm32f7-hal/stm32f7xx_hal.o
                0x080003d4                HAL_IncTick
 .text.HAL_GetTick
                0x080003ec        0xc ./system/src/stm32f7-hal/stm32f7xx_hal.o
                0x080003ec                HAL_GetTick
 .text.HAL_Delay
                0x080003f8       0x24 ./system/src/stm32f7-hal/stm32f7xx_hal.o
                0x080003f8                HAL_Delay
 .text.HAL_NVIC_SetPriorityGrouping
                0x0800041c       0x24 ./system/src/stm32f7-hal/stm32f7xx_hal_cortex.o
                0x0800041c                HAL_NVIC_SetPriorityGrouping
 .text.HAL_NVIC_SetPriority
                0x08000440       0x64 ./system/src/stm32f7-hal/stm32f7xx_hal_cortex.o
                0x08000440                HAL_NVIC_SetPriority
 .text.HAL_NVIC_EnableIRQ
                0x080004a4       0x1c ./system/src/stm32f7-hal/stm32f7xx_hal_cortex.o
                0x080004a4                HAL_NVIC_EnableIRQ
 .text.HAL_NVIC_DisableIRQ
                0x080004c0       0x24 ./system/src/stm32f7-hal/stm32f7xx_hal_cortex.o
                0x080004c0                HAL_NVIC_DisableIRQ
 .text.HAL_SYSTICK_Config
                0x080004e4       0x28 ./system/src/stm32f7-hal/stm32f7xx_hal_cortex.o
                0x080004e4                HAL_SYSTICK_Config
 .text.HAL_SYSTICK_CLKSourceConfig
                0x0800050c       0x16 ./system/src/stm32f7-hal/stm32f7xx_hal_cortex.o
                0x0800050c                HAL_SYSTICK_CLKSourceConfig
 *fill*         0x08000522        0x2 
 .text.DMA_CalcBaseAndBitshift
                0x08000524       0x2c ./system/src/stm32f7-hal/stm32f7xx_hal_dma.o
 .text.HAL_DMA_Init
                0x08000550       0xfc ./system/src/stm32f7-hal/stm32f7xx_hal_dma.o
                0x08000550                HAL_DMA_Init
 .text.HAL_DMA_DeInit
                0x0800064c       0x54 ./system/src/stm32f7-hal/stm32f7xx_hal_dma.o
                0x0800064c                HAL_DMA_DeInit
 .text.HAL_DMA_Start_IT
                0x080006a0       0x7a ./system/src/stm32f7-hal/stm32f7xx_hal_dma.o
                0x080006a0                HAL_DMA_Start_IT
 .text.HAL_DMA_Abort_IT
                0x0800071a       0x24 ./system/src/stm32f7-hal/stm32f7xx_hal_dma.o
                0x0800071a                HAL_DMA_Abort_IT
 *fill*         0x0800073e        0x2 
 .text.HAL_DMA_IRQHandler
                0x08000740      0x17c ./system/src/stm32f7-hal/stm32f7xx_hal_dma.o
                0x08000740                HAL_DMA_IRQHandler
 .text.HAL_DMA_GetError
                0x080008bc        0x4 ./system/src/stm32f7-hal/stm32f7xx_hal_dma.o
                0x080008bc                HAL_DMA_GetError
 .text.HAL_GPIO_Init
                0x080008c0      0x1bc ./system/src/stm32f7-hal/stm32f7xx_hal_gpio.o
                0x080008c0                HAL_GPIO_Init
 .text.HAL_GPIO_DeInit
                0x08000a7c      0x134 ./system/src/stm32f7-hal/stm32f7xx_hal_gpio.o
                0x08000a7c                HAL_GPIO_DeInit
 .text.HAL_GPIO_ReadPin
                0x08000bb0        0xc ./system/src/stm32f7-hal/stm32f7xx_hal_gpio.o
                0x08000bb0                HAL_GPIO_ReadPin
 .text.HAL_GPIO_WritePin
                0x08000bbc        0xa ./system/src/stm32f7-hal/stm32f7xx_hal_gpio.o
                0x08000bbc                HAL_GPIO_WritePin
 .text.JPEG_Bits_To_SizeCodes
                0x08000bc6       0x62 ./system/src/stm32f7-hal/stm32f7xx_hal_jpeg.o
 .text.JPEG_DCHuff_BitsVals_To_SizeCodes
                0x08000c28       0x50 ./system/src/stm32f7-hal/stm32f7xx_hal_jpeg.o
 .text.JPEG_Set_HuffDC_Mem
                0x08000c78       0x70 ./system/src/stm32f7-hal/stm32f7xx_hal_jpeg.o
 .text.JPEG_Set_HuffAC_Mem
                0x08000ce8       0xf0 ./system/src/stm32f7-hal/stm32f7xx_hal_jpeg.o
 .text.JPEG_Init_Process
                0x08000dd8       0x7e ./system/src/stm32f7-hal/stm32f7xx_hal_jpeg.o
 *fill*         0x08000e56        0x2 
 .text.JPEG_DMA_StartProcess
                0x08000e58       0x90 ./system/src/stm32f7-hal/stm32f7xx_hal_jpeg.o
 .text.HAL_JPEG_Init
                0x08000ee8      0x274 ./system/src/stm32f7-hal/stm32f7xx_hal_jpeg.o
                0x08000ee8                HAL_JPEG_Init
 .text.HAL_JPEG_GetInfo
                0x0800115c       0xf0 ./system/src/stm32f7-hal/stm32f7xx_hal_jpeg.o
                0x0800115c                HAL_JPEG_GetInfo
 .text.HAL_JPEG_Decode_DMA
                0x0800124c       0x68 ./system/src/stm32f7-hal/stm32f7xx_hal_jpeg.o
                0x0800124c                HAL_JPEG_Decode_DMA
 .text.HAL_JPEG_Pause
                0x080012b4       0x66 ./system/src/stm32f7-hal/stm32f7xx_hal_jpeg.o
                0x080012b4                HAL_JPEG_Pause
 .text.HAL_JPEG_ConfigInputBuffer
                0x0800131a        0x6 ./system/src/stm32f7-hal/stm32f7xx_hal_jpeg.o
                0x0800131a                HAL_JPEG_ConfigInputBuffer
 .text.HAL_JPEG_ConfigOutputBuffer
                0x08001320        0x6 ./system/src/stm32f7-hal/stm32f7xx_hal_jpeg.o
                0x08001320                HAL_JPEG_ConfigOutputBuffer
 .text.HAL_JPEG_EncodeCpltCallback
                0x08001326        0x2 ./system/src/stm32f7-hal/stm32f7xx_hal_jpeg.o
                0x08001326                HAL_JPEG_EncodeCpltCallback
 .text.JPEG_DMAErrorCallback
                0x08001328       0x3c ./system/src/stm32f7-hal/stm32f7xx_hal_jpeg.o
 .text.JPEG_ReadInputData
                0x08001364       0xda ./system/src/stm32f7-hal/stm32f7xx_hal_jpeg.o
 *fill*         0x0800143e        0x2 
 .text.JPEG_DMAInCpltCallback
                0x08001440       0xa0 ./system/src/stm32f7-hal/stm32f7xx_hal_jpeg.o
 .text.JPEG_StoreOutputData
                0x080014e0      0x10c ./system/src/stm32f7-hal/stm32f7xx_hal_jpeg.o
 .text.JPEG_Process
                0x080015ec       0xee ./system/src/stm32f7-hal/stm32f7xx_hal_jpeg.o
 .text.JPEG_DMA_PollResidualData
                0x080016da       0xb2 ./system/src/stm32f7-hal/stm32f7xx_hal_jpeg.o
 .text.JPEG_DMA_EndProcess
                0x0800178c       0x90 ./system/src/stm32f7-hal/stm32f7xx_hal_jpeg.o
 .text.JPEG_DMAOutAbortCallback
                0x0800181c        0xe ./system/src/stm32f7-hal/stm32f7xx_hal_jpeg.o
 *fill*         0x0800182a        0x2 
 .text.JPEG_DMAOutCpltCallback
                0x0800182c       0x90 ./system/src/stm32f7-hal/stm32f7xx_hal_jpeg.o
 .text.HAL_JPEG_IRQHandler
                0x080018bc       0xba ./system/src/stm32f7-hal/stm32f7xx_hal_jpeg.o
                0x080018bc                HAL_JPEG_IRQHandler
 *fill*         0x08001976        0x2 
 .text.HAL_PWREx_EnableOverDrive
                0x08001978       0x70 ./system/src/stm32f7-hal/stm32f7xx_hal_pwr_ex.o
                0x08001978                HAL_PWREx_EnableOverDrive
 .text.QSPI_DMARxCplt
                0x080019e8       0x12 ./system/src/stm32f7-hal/stm32f7xx_hal_qspi.o
 .text.QSPI_DMATxCplt
                0x080019fa       0x12 ./system/src/stm32f7-hal/stm32f7xx_hal_qspi.o
 .text.QSPI_Config
                0x08001a0c      0x166 ./system/src/stm32f7-hal/stm32f7xx_hal_qspi.o
 .text.QSPI_WaitFlagStateUntilTimeout
                0x08001b72       0x50 ./system/src/stm32f7-hal/stm32f7xx_hal_qspi.o
 *fill*         0x08001bc2        0x2 
 .text.HAL_QSPI_Init
                0x08001bc4       0xa4 ./system/src/stm32f7-hal/stm32f7xx_hal_qspi.o
                0x08001bc4                HAL_QSPI_Init
 .text.HAL_QSPI_DeInit
                0x08001c68       0x26 ./system/src/stm32f7-hal/stm32f7xx_hal_qspi.o
                0x08001c68                HAL_QSPI_DeInit
 .text.HAL_QSPI_Command_IT
                0x08001c8e       0x84 ./system/src/stm32f7-hal/stm32f7xx_hal_qspi.o
                0x08001c8e                HAL_QSPI_Command_IT
 *fill*         0x08001d12        0x2 
 .text.HAL_QSPI_Transmit_DMA
                0x08001d14      0x108 ./system/src/stm32f7-hal/stm32f7xx_hal_qspi.o
                0x08001d14                HAL_QSPI_Transmit_DMA
 .text.HAL_QSPI_Receive_DMA
                0x08001e1c      0x108 ./system/src/stm32f7-hal/stm32f7xx_hal_qspi.o
                0x08001e1c                HAL_QSPI_Receive_DMA
 .text.HAL_QSPI_ErrorCallback
                0x08001f24        0x2 ./system/src/stm32f7-hal/stm32f7xx_hal_qspi.o
                0x08001f24                HAL_QSPI_ErrorCallback
 .text.QSPI_DMAAbortCplt
                0x08001f26       0x36 ./system/src/stm32f7-hal/stm32f7xx_hal_qspi.o
 .text.HAL_QSPI_AbortCpltCallback
                0x08001f5c        0x2 ./system/src/stm32f7-hal/stm32f7xx_hal_qspi.o
                0x08001f5c                HAL_QSPI_AbortCpltCallback
 .text.HAL_QSPI_CmdCpltCallback
                0x08001f5e        0x2 ./system/src/stm32f7-hal/stm32f7xx_hal_qspi.o
                0x08001f5e                HAL_QSPI_CmdCpltCallback
 .text.HAL_QSPI_RxCpltCallback
                0x08001f60        0x2 ./system/src/stm32f7-hal/stm32f7xx_hal_qspi.o
                0x08001f60                HAL_QSPI_RxCpltCallback
 .text.HAL_QSPI_TxCpltCallback
                0x08001f62        0x2 ./system/src/stm32f7-hal/stm32f7xx_hal_qspi.o
                0x08001f62                HAL_QSPI_TxCpltCallback
 .text.HAL_QSPI_RxHalfCpltCallback
                0x08001f64        0x2 ./system/src/stm32f7-hal/stm32f7xx_hal_qspi.o
                0x08001f64                HAL_QSPI_RxHalfCpltCallback
 .text.QSPI_DMARxHalfCplt
                0x08001f66        0xa ./system/src/stm32f7-hal/stm32f7xx_hal_qspi.o
 .text.HAL_QSPI_TxHalfCpltCallback
                0x08001f70        0x2 ./system/src/stm32f7-hal/stm32f7xx_hal_qspi.o
                0x08001f70                HAL_QSPI_TxHalfCpltCallback
 .text.QSPI_DMATxHalfCplt
                0x08001f72        0xa ./system/src/stm32f7-hal/stm32f7xx_hal_qspi.o
 .text.HAL_QSPI_FifoThresholdCallback
                0x08001f7c        0x2 ./system/src/stm32f7-hal/stm32f7xx_hal_qspi.o
                0x08001f7c                HAL_QSPI_FifoThresholdCallback
 .text.HAL_QSPI_StatusMatchCallback
                0x08001f7e        0x2 ./system/src/stm32f7-hal/stm32f7xx_hal_qspi.o
                0x08001f7e                HAL_QSPI_StatusMatchCallback
 .text.HAL_QSPI_TimeOutCallback
                0x08001f80        0x2 ./system/src/stm32f7-hal/stm32f7xx_hal_qspi.o
                0x08001f80                HAL_QSPI_TimeOutCallback
 *fill*         0x08001f82        0x2 
 .text.HAL_QSPI_IRQHandler
                0x08001f84      0x1e0 ./system/src/stm32f7-hal/stm32f7xx_hal_qspi.o
                0x08001f84                HAL_QSPI_IRQHandler
 .text.HAL_QSPI_Abort_IT
                0x08002164       0x68 ./system/src/stm32f7-hal/stm32f7xx_hal_qspi.o
                0x08002164                HAL_QSPI_Abort_IT
 .text.QSPI_DMAError
                0x080021cc       0x30 ./system/src/stm32f7-hal/stm32f7xx_hal_qspi.o
 .text.HAL_RCC_OscConfig
                0x080021fc      0x388 ./system/src/stm32f7-hal/stm32f7xx_hal_rcc.o
                0x080021fc                HAL_RCC_OscConfig
 .text.HAL_RCC_GetSysClockFreq
                0x08002584       0x5c ./system/src/stm32f7-hal/stm32f7xx_hal_rcc.o
                0x08002584                HAL_RCC_GetSysClockFreq
 .text.HAL_RCC_ClockConfig
                0x080025e0      0x13c ./system/src/stm32f7-hal/stm32f7xx_hal_rcc.o
                0x080025e0                HAL_RCC_ClockConfig
 .text.HAL_RCC_GetHCLKFreq
                0x0800271c        0xc ./system/src/stm32f7-hal/stm32f7xx_hal_rcc.o
                0x0800271c                HAL_RCC_GetHCLKFreq
 .text.SD_FindSCR.constprop.0
                0x08002728       0xca ./system/src/stm32f7-hal/stm32f7xx_hal_sd.o
 *fill*         0x080027f2        0x2 
 .text.HAL_SD_ReadBlocks
                0x080027f4      0x210 ./system/src/stm32f7-hal/stm32f7xx_hal_sd.o
                0x080027f4                HAL_SD_ReadBlocks
 .text.HAL_SD_WriteBlocks
                0x08002a04      0x1a4 ./system/src/stm32f7-hal/stm32f7xx_hal_sd.o
                0x08002a04                HAL_SD_WriteBlocks
 .text.HAL_SD_GetCardCSD
                0x08002ba8      0x16c ./system/src/stm32f7-hal/stm32f7xx_hal_sd.o
                0x08002ba8                HAL_SD_GetCardCSD
 .text.HAL_SD_InitCard
                0x08002d14      0x1dc ./system/src/stm32f7-hal/stm32f7xx_hal_sd.o
                0x08002d14                HAL_SD_InitCard
 .text.HAL_SD_Init
                0x08002ef0       0x36 ./system/src/stm32f7-hal/stm32f7xx_hal_sd.o
                0x08002ef0                HAL_SD_Init
 .text.HAL_SD_GetCardInfo
                0x08002f26       0x24 ./system/src/stm32f7-hal/stm32f7xx_hal_sd.o
                0x08002f26                HAL_SD_GetCardInfo
 *fill*         0x08002f4a        0x2 
 .text.HAL_SD_ConfigWideBusOperation
                0x08002f4c       0xf4 ./system/src/stm32f7-hal/stm32f7xx_hal_sd.o
                0x08002f4c                HAL_SD_ConfigWideBusOperation
 .text.HAL_SD_GetCardState
                0x08003040       0x28 ./system/src/stm32f7-hal/stm32f7xx_hal_sd.o
                0x08003040                HAL_SD_GetCardState
 .text.SPI_WaitFlagStateUntilTimeout.part.0
                0x08003068       0x50 ./system/src/stm32f7-hal/stm32f7xx_hal_spi.o
 .text.SPI_WaitFlagStateUntilTimeout
                0x080030b8       0x42 ./system/src/stm32f7-hal/stm32f7xx_hal_spi.o
 .text.SPI_WaitFifoStateUntilTimeout
                0x080030fa       0x44 ./system/src/stm32f7-hal/stm32f7xx_hal_spi.o
 .text.SPI_EndRxTxTransaction
                0x0800313e       0x4e ./system/src/stm32f7-hal/stm32f7xx_hal_spi.o
 .text.HAL_SPI_Init
                0x0800318c       0xc6 ./system/src/stm32f7-hal/stm32f7xx_hal_spi.o
                0x0800318c                HAL_SPI_Init
 *fill*         0x08003252        0x2 
 .text.HAL_SPI_Transmit_DMA
                0x08003254      0x11c ./system/src/stm32f7-hal/stm32f7xx_hal_spi.o
                0x08003254                HAL_SPI_Transmit_DMA
 .text.HAL_SPI_TxCpltCallback
                0x08003370        0x2 ./system/src/stm32f7-hal/stm32f7xx_hal_spi.o
                0x08003370                HAL_SPI_TxCpltCallback
 .text.HAL_SPI_TxHalfCpltCallback
                0x08003372        0x2 ./system/src/stm32f7-hal/stm32f7xx_hal_spi.o
                0x08003372                HAL_SPI_TxHalfCpltCallback
 .text.SPI_DMAHalfTransmitCplt
                0x08003374        0xa ./system/src/stm32f7-hal/stm32f7xx_hal_spi.o
 .text.HAL_SPI_ErrorCallback
                0x0800337e        0x2 ./system/src/stm32f7-hal/stm32f7xx_hal_spi.o
                0x0800337e                HAL_SPI_ErrorCallback
 .text.SPI_DMAError
                0x08003380       0x22 ./system/src/stm32f7-hal/stm32f7xx_hal_spi.o
 .text.SPI_DMATransmitCplt
                0x080033a2       0x6a ./system/src/stm32f7-hal/stm32f7xx_hal_spi.o
 .text.HAL_SPI_GetState
                0x0800340c        0x6 ./system/src/stm32f7-hal/stm32f7xx_hal_spi.o
                0x0800340c                HAL_SPI_GetState
 *fill*         0x08003412        0x2 
 .text.TIM_OC1_SetConfig
                0x08003414       0x5c ./system/src/stm32f7-hal/stm32f7xx_hal_tim.o
 .text.TIM_OC3_SetConfig
                0x08003470       0x60 ./system/src/stm32f7-hal/stm32f7xx_hal_tim.o
 .text.TIM_OC4_SetConfig
                0x080034d0       0x50 ./system/src/stm32f7-hal/stm32f7xx_hal_tim.o
 .text.TIM_OC5_SetConfig
                0x08003520       0x50 ./system/src/stm32f7-hal/stm32f7xx_hal_tim.o
 .text.TIM_OC6_SetConfig
                0x08003570       0x50 ./system/src/stm32f7-hal/stm32f7xx_hal_tim.o
 .text.TIM_Base_SetConfig
                0x080035c0       0xa0 ./system/src/stm32f7-hal/stm32f7xx_hal_tim.o
                0x080035c0                TIM_Base_SetConfig
 .text.HAL_TIM_PWM_Init
                0x08003660       0x34 ./system/src/stm32f7-hal/stm32f7xx_hal_tim.o
                0x08003660                HAL_TIM_PWM_Init
 .text.TIM_OC2_SetConfig
                0x08003694       0x64 ./system/src/stm32f7-hal/stm32f7xx_hal_tim.o
                0x08003694                TIM_OC2_SetConfig
 .text.HAL_TIM_PWM_ConfigChannel
                0x080036f8       0xfe ./system/src/stm32f7-hal/stm32f7xx_hal_tim.o
                0x080036f8                HAL_TIM_PWM_ConfigChannel
 .text.TIM_CCxChannelCmd
                0x080037f6       0x1c ./system/src/stm32f7-hal/stm32f7xx_hal_tim.o
                0x080037f6                TIM_CCxChannelCmd
 *fill*         0x08003812        0x2 
 .text.HAL_TIM_OC_Start
                0x08003814       0x44 ./system/src/stm32f7-hal/stm32f7xx_hal_tim.o
                0x08003814                HAL_TIM_OC_Start
 .text.HAL_TIM_PWM_Start
                0x08003858        0x4 ./system/src/stm32f7-hal/stm32f7xx_hal_tim.o
                0x08003858                HAL_TIM_PWM_Start
 .text.SDMMC_GetCmdResp2
                0x0800385c       0x4c ./system/src/stm32f7-hal/stm32f7xx_ll_sdmmc.o
 .text.SDMMC_GetCmdResp3
                0x080038a8       0x44 ./system/src/stm32f7-hal/stm32f7xx_ll_sdmmc.o
 .text.SDMMC_GetCmdResp1
                0x080038ec      0x11c ./system/src/stm32f7-hal/stm32f7xx_ll_sdmmc.o
 .text.SDMMC_Init
                0x08003a08       0x38 ./system/src/stm32f7-hal/stm32f7xx_ll_sdmmc.o
                0x08003a08                SDMMC_Init
 .text.SDMMC_ReadFIFO
                0x08003a40        0x6 ./system/src/stm32f7-hal/stm32f7xx_ll_sdmmc.o
                0x08003a40                SDMMC_ReadFIFO
 .text.SDMMC_WriteFIFO
                0x08003a46        0xa ./system/src/stm32f7-hal/stm32f7xx_ll_sdmmc.o
                0x08003a46                SDMMC_WriteFIFO
 .text.SDMMC_PowerState_ON
                0x08003a50       0x10 ./system/src/stm32f7-hal/stm32f7xx_ll_sdmmc.o
                0x08003a50                SDMMC_PowerState_ON
 .text.SDMMC_GetPowerState
                0x08003a60        0x8 ./system/src/stm32f7-hal/stm32f7xx_ll_sdmmc.o
                0x08003a60                SDMMC_GetPowerState
 .text.SDMMC_SendCommand
                0x08003a68       0x22 ./system/src/stm32f7-hal/stm32f7xx_ll_sdmmc.o
                0x08003a68                SDMMC_SendCommand
 .text.SDMMC_GetResponse
                0x08003a8a        0x6 ./system/src/stm32f7-hal/stm32f7xx_ll_sdmmc.o
                0x08003a8a                SDMMC_GetResponse
 .text.SDMMC_ConfigData
                0x08003a90       0x26 ./system/src/stm32f7-hal/stm32f7xx_ll_sdmmc.o
                0x08003a90                SDMMC_ConfigData
 .text.SDMMC_CmdBlockLength
                0x08003ab6       0x32 ./system/src/stm32f7-hal/stm32f7xx_ll_sdmmc.o
                0x08003ab6                SDMMC_CmdBlockLength
 .text.SDMMC_CmdReadSingleBlock
                0x08003ae8       0x32 ./system/src/stm32f7-hal/stm32f7xx_ll_sdmmc.o
                0x08003ae8                SDMMC_CmdReadSingleBlock
 .text.SDMMC_CmdReadMultiBlock
                0x08003b1a       0x32 ./system/src/stm32f7-hal/stm32f7xx_ll_sdmmc.o
                0x08003b1a                SDMMC_CmdReadMultiBlock
 .text.SDMMC_CmdWriteSingleBlock
                0x08003b4c       0x32 ./system/src/stm32f7-hal/stm32f7xx_ll_sdmmc.o
                0x08003b4c                SDMMC_CmdWriteSingleBlock
 .text.SDMMC_CmdWriteMultiBlock
                0x08003b7e       0x32 ./system/src/stm32f7-hal/stm32f7xx_ll_sdmmc.o
                0x08003b7e                SDMMC_CmdWriteMultiBlock
 .text.SDMMC_CmdStopTransfer
                0x08003bb0       0x34 ./system/src/stm32f7-hal/stm32f7xx_ll_sdmmc.o
                0x08003bb0                SDMMC_CmdStopTransfer
 .text.SDMMC_CmdSelDesel
                0x08003be4       0x32 ./system/src/stm32f7-hal/stm32f7xx_ll_sdmmc.o
                0x08003be4                SDMMC_CmdSelDesel
 *fill*         0x08003c16        0x2 
 .text.SDMMC_CmdGoIdleState
                0x08003c18       0x4c ./system/src/stm32f7-hal/stm32f7xx_ll_sdmmc.o
                0x08003c18                SDMMC_CmdGoIdleState
 .text.SDMMC_CmdOperCond
                0x08003c64       0x7c ./system/src/stm32f7-hal/stm32f7xx_ll_sdmmc.o
                0x08003c64                SDMMC_CmdOperCond
 .text.SDMMC_CmdAppCommand
                0x08003ce0       0x32 ./system/src/stm32f7-hal/stm32f7xx_ll_sdmmc.o
                0x08003ce0                SDMMC_CmdAppCommand
 .text.SDMMC_CmdAppOperCommand
                0x08003d12       0x34 ./system/src/stm32f7-hal/stm32f7xx_ll_sdmmc.o
                0x08003d12                SDMMC_CmdAppOperCommand
 .text.SDMMC_CmdBusWidth
                0x08003d46       0x32 ./system/src/stm32f7-hal/stm32f7xx_ll_sdmmc.o
                0x08003d46                SDMMC_CmdBusWidth
 .text.SDMMC_CmdSendSCR
                0x08003d78       0x32 ./system/src/stm32f7-hal/stm32f7xx_ll_sdmmc.o
                0x08003d78                SDMMC_CmdSendSCR
 .text.SDMMC_CmdSendCID
                0x08003daa       0x2c ./system/src/stm32f7-hal/stm32f7xx_ll_sdmmc.o
                0x08003daa                SDMMC_CmdSendCID
 .text.SDMMC_CmdSendCSD
                0x08003dd6       0x2c ./system/src/stm32f7-hal/stm32f7xx_ll_sdmmc.o
                0x08003dd6                SDMMC_CmdSendCSD
 *fill*         0x08003e02        0x2 
 .text.SDMMC_CmdSetRelAdd
                0x08003e04       0xa0 ./system/src/stm32f7-hal/stm32f7xx_ll_sdmmc.o
                0x08003e04                SDMMC_CmdSetRelAdd
 .text.SDMMC_CmdSendStatus
                0x08003ea4       0x32 ./system/src/stm32f7-hal/stm32f7xx_ll_sdmmc.o
                0x08003ea4                SDMMC_CmdSendStatus
 .text._exit    0x08003ed6        0x6 ./system/src/newlib/exit.o
                0x08003ed6                _exit
 .text._sbrk    0x08003edc       0x3c ./system/src/newlib/sbrk.o
                0x08003edc                _sbrk
 .text.__initialize_args
                0x08003f18       0x10 ./system/src/newlib/syscalls.o
                0x08003f18                __initialize_args
 .text.__initialize_hardware_early
                0x08003f28       0x24 ./system/src/cortexm/initialize-hardware.o
                0x08003f28                __initialize_hardware_early
 .text.__initialize_hardware
                0x08003f4c        0x4 ./system/src/cortexm/initialize-hardware.o
                0x08003f4c                __initialize_hardware
 .text.__reset_hardware
                0x08003f50       0x24 ./system/src/cortexm/reset-hardware.o
                0x08003f50                __reset_hardware
 .text.SystemInit
                0x08003f74       0x1c ./system/src/cmsis/system_stm32f7xx.o
                0x08003f74                SystemInit
 .text.SystemCoreClockUpdate
                0x08003f90       0x70 ./system/src/cmsis/system_stm32f7xx.o
                0x08003f90                SystemCoreClockUpdate
 .text.L2HAL_SetupClocks
                0x08004000       0xac ./src/l2hal/src/l2hal.o
                0x08004000                L2HAL_SetupClocks
 .text.L2HAL_Init
                0x080040ac       0x12 ./src/l2hal/src/l2hal.o
                0x080040ac                L2HAL_Init
 *fill*         0x080040be        0x2 
 .text.HAL_QSPI_MspInit
                0x080040c0      0x12c ./src/l2hal/src/l2hal_custom.o
                0x080040c0                HAL_QSPI_MspInit
 .text.HAL_QSPI_MspDeInit
                0x080041ec       0x80 ./src/l2hal/src/l2hal_custom.o
                0x080041ec                HAL_QSPI_MspDeInit
 .text.L2HAL_SetupBacklighTimer
                0x0800426c       0x4c ./src/l2hal/src/l2hal_custom.o
                0x0800426c                L2HAL_SetupBacklighTimer
 .text.HAL_TIM_PWM_MspInit
                0x080042b8       0x50 ./src/l2hal/src/l2hal_custom.o
                0x080042b8                HAL_TIM_PWM_MspInit
 .text.L2HAL_SetupSPI
                0x08004308       0x44 ./src/l2hal/src/l2hal_custom.o
                0x08004308                L2HAL_SetupSPI
 .text.HAL_SPI_MspInit
                0x0800434c      0x130 ./src/l2hal/src/l2hal_custom.o
                0x0800434c                HAL_SPI_MspInit
 .text.L2HAL_DisplayDmaCompleted
                0x0800447c        0xc ./src/l2hal/src/l2hal_custom.o
                0x0800447c                L2HAL_DisplayDmaCompleted
 .text.HAL_SD_MspInit
                0x08004488       0xd4 ./src/l2hal/src/l2hal_custom.o
                0x08004488                HAL_SD_MspInit
 .text.L2HAL_SetupSdcard
                0x0800455c       0x5c ./src/l2hal/src/l2hal_custom.o
                0x0800455c                L2HAL_SetupSdcard
 .text.L2HAL_InitCustomHardware
                0x080045b8       0x12 ./src/l2hal/src/l2hal_custom.o
                0x080045b8                L2HAL_InitCustomHardware
 *fill*         0x080045ca        0x2 
 .text.HAL_JPEG_MspInit
                0x080045cc      0x114 ./src/l2hal/src/l2hal_custom.o
                0x080045cc                HAL_JPEG_MspInit
 .text.L2HAL_Error
                0x080046e0       0x44 ./src/l2hal/src/l2hal_errors.o
                0x080046e0                L2HAL_Error
 .text.L2HAL_SysTick_Init
                0x08004724        0xc ./src/l2hal/src/l2hal_systick.o
                0x08004724                L2HAL_SysTick_Init
 .text.L2HAL_SysTick_RegisterHandler
                0x08004730       0x24 ./src/l2hal/src/l2hal_systick.o
                0x08004730                L2HAL_SysTick_RegisterHandler
 .text.L2HAL_SysTick_Callback
                0x08004754       0x24 ./src/l2hal/src/l2hal_systick.o
                0x08004754                L2HAL_SysTick_Callback
 .text.L2HAL_MCU_ClockPortIn
                0x08004778      0x184 ./src/l2hal/mcu_dependent/mcus/stm32f767zit6u/l2hal_stm32f767zit6u.o
                0x08004778                L2HAL_MCU_ClockPortIn
 .text.L2HAL_LY68L6400_QSPI_SoftSpi_Init
                0x080048fc       0x90 ./src/l2hal/drivers/ram/ly68l6400_qspi/src/l2hal_ly68l6400_qspi.o
                0x080048fc                L2HAL_LY68L6400_QSPI_SoftSpi_Init
 .text.L2HAL_LY68L6400_QSPI_SoftSpi_SelectChip
                0x0800498c       0x20 ./src/l2hal/drivers/ram/ly68l6400_qspi/src/l2hal_ly68l6400_qspi.o
                0x0800498c                L2HAL_LY68L6400_QSPI_SoftSpi_SelectChip
 .text.L2HAL_LY68L6400_QSPI_SoftSpi_SetClockState
                0x080049ac       0x10 ./src/l2hal/drivers/ram/ly68l6400_qspi/src/l2hal_ly68l6400_qspi.o
                0x080049ac                L2HAL_LY68L6400_QSPI_SoftSpi_SetClockState
 .text.L2HAL_LY68L6400_QSPI_SoftSpi_SetMosiState
                0x080049bc       0x10 ./src/l2hal/drivers/ram/ly68l6400_qspi/src/l2hal_ly68l6400_qspi.o
                0x080049bc                L2HAL_LY68L6400_QSPI_SoftSpi_SetMosiState
 .text.L2HAL_LY68L6400_QSPI_SoftSpi_ReadMisoState
                0x080049cc        0x8 ./src/l2hal/drivers/ram/ly68l6400_qspi/src/l2hal_ly68l6400_qspi.o
                0x080049cc                L2HAL_LY68L6400_QSPI_SoftSpi_ReadMisoState
 .text.L2HAL_LY68L6400_QSPI_SoftSpi_SwapBytes
                0x080049d4       0x60 ./src/l2hal/drivers/ram/ly68l6400_qspi/src/l2hal_ly68l6400_qspi.o
                0x080049d4                L2HAL_LY68L6400_QSPI_SoftSpi_SwapBytes
 .text.L2HAL_LY68L6400_QSPI_MemoryReadInternal
                0x08004a34       0x76 ./src/l2hal/drivers/ram/ly68l6400_qspi/src/l2hal_ly68l6400_qspi.o
                0x08004a34                L2HAL_LY68L6400_QSPI_MemoryReadInternal
 .text.L2HAL_LY68L6400_QSPI_MemoryWriteInternal
                0x08004aaa       0x68 ./src/l2hal/drivers/ram/ly68l6400_qspi/src/l2hal_ly68l6400_qspi.o
                0x08004aaa                L2HAL_LY68L6400_QSPI_MemoryWriteInternal
 .text.L2HAL_LY68L6400_QSPI_MemoryRead
                0x08004b12       0x40 ./src/l2hal/drivers/ram/ly68l6400_qspi/src/l2hal_ly68l6400_qspi.o
                0x08004b12                L2HAL_LY68L6400_QSPI_MemoryRead
 .text.L2HAL_LY68L6400_QSPI_MemoryWrite
                0x08004b52       0x40 ./src/l2hal/drivers/ram/ly68l6400_qspi/src/l2hal_ly68l6400_qspi.o
                0x08004b52                L2HAL_LY68L6400_QSPI_MemoryWrite
 .text.L2HAL_LY68L6400_QSPI_InitQspi
                0x08004b92       0x2e ./src/l2hal/drivers/ram/ly68l6400_qspi/src/l2hal_ly68l6400_qspi.o
                0x08004b92                L2HAL_LY68L6400_QSPI_InitQspi
 .text.L2HAL_LY68L6400_QSPI_ExitQspiMode
                0x08004bc0       0x34 ./src/l2hal/drivers/ram/ly68l6400_qspi/src/l2hal_ly68l6400_qspi.o
                0x08004bc0                L2HAL_LY68L6400_QSPI_ExitQspiMode
 .text.L2HAL_LY68L6400_QSPI_Init
                0x08004bf4       0xf6 ./src/l2hal/drivers/ram/ly68l6400_qspi/src/l2hal_ly68l6400_qspi.o
                0x08004bf4                L2HAL_LY68L6400_QSPI_Init
 .text.L2HAL_GC9A01_LFB_SelectChip
                0x08004cea       0x14 ./src/l2hal/drivers/display/gc9a01_local_framebuffer/src/l2hal_gc9a01_lfb.o
                0x08004cea                L2HAL_GC9A01_LFB_SelectChip
 .text.L2HAL_GC9A01_LFB_ResetDisplay
                0x08004cfe       0x34 ./src/l2hal/drivers/display/gc9a01_local_framebuffer/src/l2hal_gc9a01_lfb.o
                0x08004cfe                L2HAL_GC9A01_LFB_ResetDisplay
 .text.L2HAL_GC9A01_LFB_GetWidth
                0x08004d32        0x4 ./src/l2hal/drivers/display/gc9a01_local_framebuffer/src/l2hal_gc9a01_lfb.o
                0x08004d32                L2HAL_GC9A01_LFB_GetWidth
 .text.L2HAL_GC9A01_LFB_GetHeight
                0x08004d36        0x4 ./src/l2hal/drivers/display/gc9a01_local_framebuffer/src/l2hal_gc9a01_lfb.o
                0x08004d36                L2HAL_GC9A01_LFB_GetHeight
 .text.L2HAL_GC9A01_LFB_DrawPixel
                0x08004d3a       0x38 ./src/l2hal/drivers/display/gc9a01_local_framebuffer/src/l2hal_gc9a01_lfb.o
                0x08004d3a                L2HAL_GC9A01_LFB_DrawPixel
 .text.L2HAL_GC9A01_LFB_GetPixel
                0x08004d72       0x28 ./src/l2hal/drivers/display/gc9a01_local_framebuffer/src/l2hal_gc9a01_lfb.o
                0x08004d72                L2HAL_GC9A01_LFB_GetPixel
 .text.L2HAL_GC9A01_LFB_SetActiveColor
                0x08004d9a       0x14 ./src/l2hal/drivers/display/gc9a01_local_framebuffer/src/l2hal_gc9a01_lfb.o
                0x08004d9a                L2HAL_GC9A01_LFB_SetActiveColor
 .text.L2HAL_GC9A01_LFB_MarkDataTransferAsCompleted
                0x08004dae        0xc ./src/l2hal/drivers/display/gc9a01_local_framebuffer/src/l2hal_gc9a01_lfb.o
                0x08004dae                L2HAL_GC9A01_LFB_MarkDataTransferAsCompleted
 .text.L2HAL_GC9A01_LFB_WaitForDataTransferCompletion
                0x08004dba       0x1c ./src/l2hal/drivers/display/gc9a01_local_framebuffer/src/l2hal_gc9a01_lfb.o
                0x08004dba                L2HAL_GC9A01_LFB_WaitForDataTransferCompletion
 .text.L2HAL_GC9A01_LFB_WriteCommand
                0x08004dd6       0x4c ./src/l2hal/drivers/display/gc9a01_local_framebuffer/src/l2hal_gc9a01_lfb.o
                0x08004dd6                L2HAL_GC9A01_LFB_WriteCommand
 .text.L2HAL_GC9A01_LFB_WriteData
                0x08004e22       0x4a ./src/l2hal/drivers/display/gc9a01_local_framebuffer/src/l2hal_gc9a01_lfb.o
                0x08004e22                L2HAL_GC9A01_LFB_WriteData
 .text.L2HAL_GC9A01_LFB_WriteByteData
                0x08004e6c       0x16 ./src/l2hal/drivers/display/gc9a01_local_framebuffer/src/l2hal_gc9a01_lfb.o
                0x08004e6c                L2HAL_GC9A01_LFB_WriteByteData
 .text.L2HAL_GC9A01_LFB_SetColumnsRange
                0x08004e82       0x2a ./src/l2hal/drivers/display/gc9a01_local_framebuffer/src/l2hal_gc9a01_lfb.o
                0x08004e82                L2HAL_GC9A01_LFB_SetColumnsRange
 .text.L2HAL_GC9A01_LFB_SetRowsRange
                0x08004eac       0x2a ./src/l2hal/drivers/display/gc9a01_local_framebuffer/src/l2hal_gc9a01_lfb.o
                0x08004eac                L2HAL_GC9A01_LFB_SetRowsRange
 .text.L2HAL_GC9A01_LFB_PushFramebuffer
                0x08004ed6       0x62 ./src/l2hal/drivers/display/gc9a01_local_framebuffer/src/l2hal_gc9a01_lfb.o
                0x08004ed6                L2HAL_GC9A01_LFB_PushFramebuffer
 .text.L2HAL_GC9A01_LFB_MarkFramebufferAsDirty
                0x08004f38       0x10 ./src/l2hal/drivers/display/gc9a01_local_framebuffer/src/l2hal_gc9a01_lfb.o
                0x08004f38                L2HAL_GC9A01_LFB_MarkFramebufferAsDirty
 .text.L2HAL_GC9A01_LFB_ClearFramebuffer
                0x08004f48       0x1c ./src/l2hal/drivers/display/gc9a01_local_framebuffer/src/l2hal_gc9a01_lfb.o
                0x08004f48                L2HAL_GC9A01_LFB_ClearFramebuffer
 .text.L2HAL_GC9A01_LFB_ClearDisplay
                0x08004f64       0x12 ./src/l2hal/drivers/display/gc9a01_local_framebuffer/src/l2hal_gc9a01_lfb.o
                0x08004f64                L2HAL_GC9A01_LFB_ClearDisplay
 .text.L2HAL_GC9A01_LFB_Init
                0x08004f76      0x632 ./src/l2hal/drivers/display/gc9a01_local_framebuffer/src/l2hal_gc9a01_lfb.o
                0x08004f76                L2HAL_GC9A01_LFB_Init
 .text.FMGL_API_AttachToDriver
                0x080055a8       0x46 ./src/fmgl/src/fmgl.o
                0x080055a8                FMGL_API_AttachToDriver
 .text.FMGL_API_SetActiveColor
                0x080055ee       0x14 ./src/fmgl/src/fmgl.o
                0x080055ee                FMGL_API_SetActiveColor
 .text.FMGL_API_DrawPixel
                0x08005602        0x6 ./src/fmgl/src/fmgl.o
                0x08005602                FMGL_API_DrawPixel
 .text.FMGL_API_PushFramebuffer
                0x08005608        0x6 ./src/fmgl/src/fmgl.o
                0x08005608                FMGL_API_PushFramebuffer
 .text.FMGL_API_RenderXBM
                0x0800560e       0xe2 ./src/fmgl/src/fmgl.o
                0x0800560e                FMGL_API_RenderXBM
 .text.FMGL_API_DrawLineHorizontal
                0x080056f0       0x3e ./src/fmgl/src/fmgl.o
                0x080056f0                FMGL_API_DrawLineHorizontal
 .text.FMGL_API_DrawLineVertical
                0x0800572e       0x3e ./src/fmgl/src/fmgl.o
                0x0800572e                FMGL_API_DrawLineVertical
 .text.FMGL_API_DrawRectangleFilled
                0x0800576c      0x100 ./src/fmgl/src/fmgl.o
                0x0800576c                FMGL_API_DrawRectangleFilled
 .text.FMGL_API_RenderOneLineDumb
                0x0800586c       0x76 ./src/fmgl/src/fmgl.o
                0x0800586c                FMGL_API_RenderOneLineDumb
 .text.FMGL_API_RenderTextWithLineBreaks
                0x080058e2       0xb2 ./src/fmgl/src/fmgl.o
                0x080058e2                FMGL_API_RenderTextWithLineBreaks
 .text.FMGL_Priv_IsActiveXBMPixel
                0x08005994       0x38 ./src/fmgl/src/fmgl_private.o
                0x08005994                FMGL_Priv_IsActiveXBMPixel
 .text.FMGL_Priv_RenderCharacter
                0x080059cc       0x68 ./src/fmgl/src/fmgl_private.o
                0x080059cc                FMGL_Priv_RenderCharacter
 .text.FMGL_Priv_RenderSubstring
                0x08005a34       0x7e ./src/fmgl/src/fmgl_private.o
                0x08005a34                FMGL_Priv_RenderSubstring
 .text.FMGL_FontTerminusRegular12GetCharacterWidth
                0x08005ab2        0x4 ./src/fmgl/fonts/src/terminusRegular12.o
                0x08005ab2                FMGL_FontTerminusRegular12GetCharacterWidth
 *fill*         0x08005ab6        0x2 
 .text.FMGL_FontTerminusRegular12GetCharacterRaster
                0x08005ab8       0x1c ./src/fmgl/fonts/src/terminusRegular12.o
                0x08005ab8                FMGL_FontTerminusRegular12GetCharacterRaster
 .text.FMGL_FontTerminusRegular12Init
                0x08005ad4       0x18 ./src/fmgl/fonts/src/terminusRegular12.o
                0x08005ad4                FMGL_FontTerminusRegular12Init
 .text.MountSdCardFs
                0x08005aec       0x30 ./src/filesystem.o
                0x08005aec                MountSdCardFs
 .text.HAL_IntiHardware
                0x08005b1c      0x150 ./src/hal.o
                0x08005b1c                HAL_IntiHardware
 .text.HAL_SetBacklightLevel
                0x08005c6c       0x50 ./src/hal.o
                0x08005c6c                HAL_SetBacklightLevel
 .text.SysTick_Handler
                0x08005cbc        0xe ./src/interrupts.o
                0x08005cbc                SysTick_Handler
 *fill*         0x08005cca        0x2 
 .text.QUADSPI_IRQHandler
                0x08005ccc        0xc ./src/interrupts.o
                0x08005ccc                QUADSPI_IRQHandler
 .text.DMA2_Stream7_IRQHandler
                0x08005cd8        0xc ./src/interrupts.o
                0x08005cd8                DMA2_Stream7_IRQHandler
 .text.DMA2_Stream3_IRQHandler
                0x08005ce4       0x18 ./src/interrupts.o
                0x08005ce4                DMA2_Stream3_IRQHandler
 .text.DMA2_Stream2_IRQHandler
                0x08005cfc        0xc ./src/interrupts.o
                0x08005cfc                DMA2_Stream2_IRQHandler
 .text.JPEG_IRQHandler
                0x08005d08        0xc ./src/interrupts.o
                0x08005d08                JPEG_IRQHandler
 .text.DMA2_Stream0_IRQHandler
                0x08005d14        0xc ./src/interrupts.o
                0x08005d14                DMA2_Stream0_IRQHandler
 .text.DMA2_Stream1_IRQHandler
                0x08005d20        0xc ./src/interrupts.o
                0x08005d20                DMA2_Stream1_IRQHandler
 .text.OnJpegDecodeToPsramBlockingCompleted
                0x08005d2c       0x20 ./src/jpeg_decoder.o
                0x08005d2c                OnJpegDecodeToPsramBlockingCompleted
 .text.JpegDecodeToPsramBlocking
                0x08005d4c       0x58 ./src/jpeg_decoder.o
                0x08005d4c                JpegDecodeToPsramBlocking
 .text.MainTickHandler
                0x08005da4       0x18 ./src/main.o
                0x08005da4                MainTickHandler
 .text.startup.main
                0x08005dbc      0x260 ./src/main.o
                0x08005dbc                main
 .text.HAL_MspInit
                0x0800601c        0x2 ./src/stm32f7xx_hal_msp.o
                0x0800601c                HAL_MspInit
 *fill*         0x0800601e        0x2 
 .text.JPEG_MCU_YCbCr420_ARGB_ConvertBlocks
                0x08006020      0x1d8 ./libs/libhwjpeg/jpeg_utils.o
 .text.JPEG_MCU_YCbCr422_ARGB_ConvertBlocks
                0x080061f8      0x154 ./libs/libhwjpeg/jpeg_utils.o
 .text.JPEG_MCU_YCbCr444_ARGB_ConvertBlocks
                0x0800634c      0x104 ./libs/libhwjpeg/jpeg_utils.o
 .text.JPEG_MCU_Gray_ARGB_ConvertBlocks
                0x08006450       0x74 ./libs/libhwjpeg/jpeg_utils.o
 .text.JPEG_MCU_YCCK_ARGB_ConvertBlocks
                0x080064c4       0xb4 ./libs/libhwjpeg/jpeg_utils.o
 .text.JPEG_GetDecodeColorConvertFunc
                0x08006578       0xc4 ./libs/libhwjpeg/jpeg_utils.o
                0x08006578                JPEG_GetDecodeColorConvertFunc
 .text.JPEG_InitColorTables
                0x0800663c       0x88 ./libs/libhwjpeg/jpeg_utils.o
                0x0800663c                JPEG_InitColorTables
 .text.LIBHWJPEG_Init
                0x080066c4       0x18 ./libs/libhwjpeg/libhwjpeg.o
                0x080066c4                LIBHWJPEG_Init
 .text.LIBHWJPEG_Private_FileRead
                0x080066dc       0x38 ./libs/libhwjpeg/libhwjpeg.o
                0x080066dc                LIBHWJPEG_Private_FileRead
 .text.LIBHWJPEG_DecodeFile
                0x08006714       0x78 ./libs/libhwjpeg/libhwjpeg.o
                0x08006714                LIBHWJPEG_DecodeFile
 .text.HAL_JPEG_InfoReadyCallback
                0x0800678c       0x98 ./libs/libhwjpeg/libhwjpeg.o
                0x0800678c                HAL_JPEG_InfoReadyCallback
 .text.HAL_JPEG_GetDataCallback
                0x08006824       0x28 ./libs/libhwjpeg/libhwjpeg.o
                0x08006824                HAL_JPEG_GetDataCallback
 .text.HAL_JPEG_DataReadyCallback
                0x0800684c       0x40 ./libs/libhwjpeg/libhwjpeg.o
                0x0800684c                HAL_JPEG_DataReadyCallback
 .text.HAL_JPEG_DecodeCpltCallback
                0x0800688c       0x48 ./libs/libhwjpeg/libhwjpeg.o
                0x0800688c                HAL_JPEG_DecodeCpltCallback
 .text.HAL_JPEG_ErrorCallback
                0x080068d4        0x6 ./libs/libhwjpeg/libhwjpeg.o
                0x080068d4                HAL_JPEG_ErrorCallback
 .text.disk_status
                0x080068da        0x4 ./libs/fatfs/diskio.o
                0x080068da                disk_status
 .text.disk_initialize
                0x080068de        0x4 ./libs/fatfs/diskio.o
                0x080068de                disk_initialize
 *fill*         0x080068e2        0x2 
 .text.disk_read
                0x080068e4       0x2c ./libs/fatfs/diskio.o
                0x080068e4                disk_read
 .text.disk_write
                0x08006910       0x2c ./libs/fatfs/diskio.o
                0x08006910                disk_write
 .text.disk_ioctl
                0x0800693c       0x4c ./libs/fatfs/diskio.o
                0x0800693c                disk_ioctl
 .text.ld_dword
                0x08006988        0x4 ./libs/fatfs/ff.o
 .text.st_dword
                0x0800698c       0x10 ./libs/fatfs/ff.o
 .text.clst2sect
                0x0800699c       0x16 ./libs/fatfs/ff.o
 .text.clmt_clust
                0x080069b2       0x22 ./libs/fatfs/ff.o
 .text.sum_sfn  0x080069d4       0x1e ./libs/fatfs/ff.o
 .text.get_ldnumber
                0x080069f2       0x30 ./libs/fatfs/ff.o
 .text.validate
                0x08006a22       0x34 ./libs/fatfs/ff.o
 .text.sync_window
                0x08006a56       0x42 ./libs/fatfs/ff.o
 .text.st_clust
                0x08006a98       0x18 ./libs/fatfs/ff.o
 .text.move_window
                0x08006ab0       0x32 ./libs/fatfs/ff.o
 *fill*         0x08006ae2        0x2 
 .text.check_fs
                0x08006ae4       0xb0 ./libs/fatfs/ff.o
 .text.put_fat  0x08006b94       0xf0 ./libs/fatfs/ff.o
 .text.dir_clear
                0x08006c84       0xaa ./libs/fatfs/ff.o
 .text.sync_fs  0x08006d2e       0x96 ./libs/fatfs/ff.o
 .text.mount_volume
                0x08006dc4      0x240 ./libs/fatfs/ff.o
 .text.ld_clust.isra.0
                0x08007004       0x10 ./libs/fatfs/ff.o
 .text.get_fat.isra.0
                0x08007014       0xac ./libs/fatfs/ff.o
 .text.remove_chain
                0x080070c0       0x6e ./libs/fatfs/ff.o
 .text.create_chain
                0x0800712e       0xee ./libs/fatfs/ff.o
 .text.dir_next
                0x0800721c       0xaa ./libs/fatfs/ff.o
 .text.dir_sdi  0x080072c6       0x80 ./libs/fatfs/ff.o
 *fill*         0x08007346        0x2 
 .text.dir_find
                0x08007348      0x144 ./libs/fatfs/ff.o
 .text.follow_path
                0x0800748c      0x2d0 ./libs/fatfs/ff.o
 .text.dir_register
                0x0800775c      0x280 ./libs/fatfs/ff.o
 .text.f_mount  0x080079dc       0x50 ./libs/fatfs/ff.o
                0x080079dc                f_mount
 .text.f_open   0x08007a2c      0x1e2 ./libs/fatfs/ff.o
                0x08007a2c                f_open
 .text.f_read   0x08007c0e      0x16c ./libs/fatfs/ff.o
                0x08007c0e                f_read
 .text.f_sync   0x08007d7a       0x8e ./libs/fatfs/ff.o
                0x08007d7a                f_sync
 .text.f_close  0x08007e08       0x1a ./libs/fatfs/ff.o
                0x08007e08                f_close
 .text.f_lseek  0x08007e22      0x236 ./libs/fatfs/ff.o
                0x08007e22                f_lseek
 .text.ff_memalloc
                0x08008058        0x4 ./libs/fatfs/ffsystem.o
                0x08008058                ff_memalloc
 .text.ff_memfree
                0x0800805c        0x4 ./libs/fatfs/ffsystem.o
                0x0800805c                ff_memfree
 .text.ff_uni2oem
                0x08008060       0x3c ./libs/fatfs/ffunicode.o
                0x08008060                ff_uni2oem
 .text.ff_oem2uni
                0x0800809c       0x28 ./libs/fatfs/ffunicode.o
                0x0800809c                ff_oem2uni
 .text.ff_wtoupper
                0x080080c4       0x90 ./libs/fatfs/ffunicode.o
                0x080080c4                ff_wtoupper
 .text          0x08008154       0x30 /home/earlybeasts/.local/xPacks/@xpack-dev-tools/arm-none-eabi-gcc/13.2.1-1.1.1/.content/bin/../lib/gcc/arm-none-eabi/13.2.1/thumb/v7e-m+dp/hard/libgcc.a(_aeabi_uldivmod.o)
                0x08008154                __aeabi_uldivmod
 .text.__udivmoddi4
                0x08008184      0x2bc /home/earlybeasts/.local/xPacks/@xpack-dev-tools/arm-none-eabi-gcc/13.2.1-1.1.1/.content/bin/../lib/gcc/arm-none-eabi/13.2.1/thumb/v7e-m+dp/hard/libgcc.a(_udivmoddi4.o)
                0x08008184                __udivmoddi4
 .text          0x08008440        0x4 /home/earlybeasts/.local/xPacks/@xpack-dev-tools/arm-none-eabi-gcc/13.2.1-1.1.1/.content/bin/../lib/gcc/arm-none-eabi/13.2.1/thumb/v7e-m+dp/hard/libgcc.a(_dvmd_tls.o)
                0x08008440                __aeabi_ldiv0
                0x08008440                __aeabi_idiv0
 .text.malloc   0x08008444       0x10 /home/earlybeasts/.local/xPacks/@xpack-dev-tools/arm-none-eabi-gcc/13.2.1-1.1.1/.content/bin/../lib/gcc/arm-none-eabi/13.2.1/../../../../arm-none-eabi/lib/thumb/v7e-m+dp/hard/libg_nano.a(libc_a-malloc.o)
                0x08008444                malloc
 .text.free     0x08008454       0x10 /home/earlybeasts/.local/xPacks/@xpack-dev-tools/arm-none-eabi-gcc/13.2.1-1.1.1/.content/bin/../lib/gcc/arm-none-eabi/13.2.1/../../../../arm-none-eabi/lib/thumb/v7e-m+dp/hard/libg_nano.a(libc_a-malloc.o)
                0x08008454                free
 .text.sbrk_aligned
                0x08008464       0x44 /home/earlybeasts/.local/xPacks/@xpack-dev-tools/arm-none-eabi-gcc/13.2.1-1.1.1/.content/bin/../lib/gcc/arm-none-eabi/13.2.1/../../../../arm-none-eabi/lib/thumb/v7e-m+dp/hard/libg_nano.a(libc_a-mallocr.o)
 .text._malloc_r
                0x080084a8      0x100 /home/earlybeasts/.local/xPacks/@xpack-dev-tools/arm-none-eabi-gcc/13.2.1-1.1.1/.content/bin/../lib/gcc/arm-none-eabi/13.2.1/../../../../arm-none-eabi/lib/thumb/v7e-m+dp/hard/libg_nano.a(libc_a-mallocr.o)
                0x080084a8                _malloc_r
 .text.__malloc_lock
                0x080085a8        0xc /home/earlybeasts/.local/xPacks/@xpack-dev-tools/arm-none-eabi-gcc/13.2.1-1.1.1/.content/bin/../lib/gcc/arm-none-eabi/13.2.1/../../../../arm-none-eabi/lib/thumb/v7e-m+dp/hard/libg_nano.a(libc_a-mlock.o)
                0x080085a8                __malloc_lock
 .text.__malloc_unlock
                0x080085b4        0xc /home/earlybeasts/.local/xPacks/@xpack-dev-tools/arm-none-eabi-gcc/13.2.1-1.1.1/.content/bin/../lib/gcc/arm-none-eabi/13.2.1/../../../../arm-none-eabi/lib/thumb/v7e-m+dp/hard/libg_nano.a(libc_a-mlock.o)
                0x080085b4                __malloc_unlock
 .text._realloc_r
                0x080085c0       0x5c /home/earlybeasts/.local/xPacks/@xpack-dev-tools/arm-none-eabi-gcc/13.2.1-1.1.1/.content/bin/../lib/gcc/arm-none-eabi/13.2.1/../../../../arm-none-eabi/lib/thumb/v7e-m+dp/hard/libg_nano.a(libc_a-reallocr.o)
                0x080085c0                _realloc_r
 .text.sprintf  0x0800861c       0x40 /home/earlybeasts/.local/xPacks/@xpack-dev-tools/arm-none-eabi-gcc/13.2.1-1.1.1/.content/bin/../lib/gcc/arm-none-eabi/13.2.1/../../../../arm-none-eabi/lib/thumb/v7e-m+dp/hard/libg_nano.a(libc_a-sprintf.o)
                0x0800861c                sprintf
                0x0800861c                siprintf
 .text.memcmp   0x0800865c       0x20 /home/earlybeasts/.local/xPacks/@xpack-dev-tools/arm-none-eabi-gcc/13.2.1-1.1.1/.content/bin/../lib/gcc/arm-none-eabi/13.2.1/../../../../arm-none-eabi/lib/thumb/v7e-m+dp/hard/libg_nano.a(libc_a-memcmp.o)
                0x0800865c                memcmp
 .text.memset   0x0800867c       0x10 /home/earlybeasts/.local/xPacks/@xpack-dev-tools/arm-none-eabi-gcc/13.2.1-1.1.1/.content/bin/../lib/gcc/arm-none-eabi/13.2.1/../../../../arm-none-eabi/lib/thumb/v7e-m+dp/hard/libg_nano.a(libc_a-memset.o)
                0x0800867c                memset
 .text.strchr   0x0800868c       0x1a /home/earlybeasts/.local/xPacks/@xpack-dev-tools/arm-none-eabi-gcc/13.2.1-1.1.1/.content/bin/../lib/gcc/arm-none-eabi/13.2.1/../../../../arm-none-eabi/lib/thumb/v7e-m+dp/hard/libg_nano.a(libc_a-strchr.o)
                0x0800868c                strchr
 *fill*         0x080086a6        0x2 
 .text._sbrk_r  0x080086a8       0x20 /home/earlybeasts/.local/xPacks/@xpack-dev-tools/arm-none-eabi-gcc/13.2.1-1.1.1/.content/bin/../lib/gcc/arm-none-eabi/13.2.1/../../../../arm-none-eabi/lib/thumb/v7e-m+dp/hard/libg_nano.a(libc_a-sbrkr.o)
                0x080086a8                _sbrk_r
 .text.__errno  0x080086c8        0xc /home/earlybeasts/.local/xPacks/@xpack-dev-tools/arm-none-eabi-gcc/13.2.1-1.1.1/.content/bin/../lib/gcc/arm-none-eabi/13.2.1/../../../../arm-none-eabi/lib/thumb/v7e-m+dp/hard/libg_nano.a(libc_a-errno.o)
                0x080086c8                __errno
 .text.__retarget_lock_acquire_recursive
                0x080086d4        0x2 /home/earlybeasts/.local/xPacks/@xpack-dev-tools/arm-none-eabi-gcc/13.2.1-1.1.1/.content/bin/../lib/gcc/arm-none-eabi/13.2.1/../../../../arm-none-eabi/lib/thumb/v7e-m+dp/hard/libg_nano.a(libc_a-lock.o)
                0x080086d4                __retarget_lock_acquire_recursive
 .text.__retarget_lock_release_recursive
                0x080086d6        0x2 /home/earlybeasts/.local/xPacks/@xpack-dev-tools/arm-none-eabi-gcc/13.2.1-1.1.1/.content/bin/../lib/gcc/arm-none-eabi/13.2.1/../../../../arm-none-eabi/lib/thumb/v7e-m+dp/hard/libg_nano.a(libc_a-lock.o)
                0x080086d6                __retarget_lock_release_recursive
 .text.memcpy   0x080086d8       0x1c /home/earlybeasts/.local/xPacks/@xpack-dev-tools/arm-none-eabi-gcc/13.2.1-1.1.1/.content/bin/../lib/gcc/arm-none-eabi/13.2.1/../../../../arm-none-eabi/lib/thumb/v7e-m+dp/hard/libg_nano.a(libc_a-memcpy-stub.o)
                0x080086d8                memcpy
 .text          0x080086f4       0x10 /home/earlybeasts/.local/xPacks/@xpack-dev-tools/arm-none-eabi-gcc/13.2.1-1.1.1/.content/bin/../lib/gcc/arm-none-eabi/13.2.1/../../../../arm-none-eabi/lib/thumb/v7e-m+dp/hard/libg_nano.a(libc_a-strlen.o)
                0x080086f4                strlen
 .text._free_r  0x08008704       0x94 /home/earlybeasts/.local/xPacks/@xpack-dev-tools/arm-none-eabi-gcc/13.2.1-1.1.1/.content/bin/../lib/gcc/arm-none-eabi/13.2.1/../../../../arm-none-eabi/lib/thumb/v7e-m+dp/hard/libg_nano.a(libc_a-freer.o)
                0x08008704                _free_r
 .text._malloc_usable_size_r
                0x08008798       0x10 /home/earlybeasts/.local/xPacks/@xpack-dev-tools/arm-none-eabi-gcc/13.2.1-1.1.1/.content/bin/../lib/gcc/arm-none-eabi/13.2.1/../../../../arm-none-eabi/lib/thumb/v7e-m+dp/hard/libg_nano.a(libc_a-msizer.o)
                0x08008798                _malloc_usable_size_r
 .text.__ssputs_r
                0x080087a8       0xb6 /home/earlybeasts/.local/xPacks/@xpack-dev-tools/arm-none-eabi-gcc/13.2.1-1.1.1/.content/bin/../lib/gcc/arm-none-eabi/13.2.1/../../../../arm-none-eabi/lib/thumb/v7e-m+dp/hard/libg_nano.a(libc_a-nano-svfprintf.o)
                0x080087a8                __ssputs_r
 *fill*         0x0800885e        0x2 
 .text._svfprintf_r
                0x08008860      0x1f8 /home/earlybeasts/.local/xPacks/@xpack-dev-tools/arm-none-eabi-gcc/13.2.1-1.1.1/.content/bin/../lib/gcc/arm-none-eabi/13.2.1/../../../../arm-none-eabi/lib/thumb/v7e-m+dp/hard/libg_nano.a(libc_a-nano-svfprintf.o)
                0x08008860                _svfprintf_r
                0x08008860                _svfiprintf_r
 .text._printf_common
                0x08008a58       0xda /home/earlybeasts/.local/xPacks/@xpack-dev-tools/arm-none-eabi-gcc/13.2.1-1.1.1/.content/bin/../lib/gcc/arm-none-eabi/13.2.1/../../../../arm-none-eabi/lib/thumb/v7e-m+dp/hard/libg_nano.a(libc_a-nano-vfprintf_i.o)
                0x08008a58                _printf_common
 *fill*         0x08008b32        0x2 
 .text._printf_i
                0x08008b34      0x23c /home/earlybeasts/.local/xPacks/@xpack-dev-tools/arm-none-eabi-gcc/13.2.1-1.1.1/.content/bin/../lib/gcc/arm-none-eabi/13.2.1/../../../../arm-none-eabi/lib/thumb/v7e-m+dp/hard/libg_nano.a(libc_a-nano-vfprintf_i.o)
                0x08008b34                _printf_i
 .text.memmove  0x08008d70       0x34 /home/earlybeasts/.local/xPacks/@xpack-dev-tools/arm-none-eabi-gcc/13.2.1-1.1.1/.content/bin/../lib/gcc/arm-none-eabi/13.2.1/../../../../arm-none-eabi/lib/thumb/v7e-m+dp/hard/libg_nano.a(libc_a-memmove.o)
                0x08008d70                memmove
 *fill*         0x08008da4        0xc 
 .text          0x08008db0       0xa0 /home/earlybeasts/.local/xPacks/@xpack-dev-tools/arm-none-eabi-gcc/13.2.1-1.1.1/.content/bin/../lib/gcc/arm-none-eabi/13.2.1/../../../../arm-none-eabi/lib/thumb/v7e-m+dp/hard/libg_nano.a(libc_a-memchr.o)
                0x08008db0                memchr
 *(.rodata .rodata.* .constdata .constdata.*)
 .rodata.flagBitshiftOffset.0
                0x08008e50        0x8 ./system/src/stm32f7-hal/stm32f7xx_hal_dma.o
 .rodata.JPEG_CHROM_QuantTable.0
                0x08008e58       0x40 ./system/src/stm32f7-hal/stm32f7xx_hal_jpeg.o
 .rodata.JPEG_LUM_QuantTable.1
                0x08008e98       0x40 ./system/src/stm32f7-hal/stm32f7xx_hal_jpeg.o
 .rodata.JPEG_ZIGZAG_ORDER
                0x08008ed8       0x40 ./system/src/stm32f7-hal/stm32f7xx_hal_jpeg.o
 .rodata.JPEG_ACCHROM_HuffTable
                0x08008f18       0xb2 ./system/src/stm32f7-hal/stm32f7xx_hal_jpeg.o
 .rodata.JPEG_ACLUM_HuffTable
                0x08008fca       0xb2 ./system/src/stm32f7-hal/stm32f7xx_hal_jpeg.o
 .rodata.JPEG_DCCHROM_HuffTable
                0x0800907c       0x1c ./system/src/stm32f7-hal/stm32f7xx_hal_jpeg.o
 .rodata.JPEG_DCLUM_HuffTable
                0x08009098       0x1c ./system/src/stm32f7-hal/stm32f7xx_hal_jpeg.o
 .rodata.AHBPrescTable
                0x080090b4       0x10 ./system/src/cmsis/system_stm32f7xx.o
                0x080090b4                AHBPrescTable
 .rodata.FMGL_FontTerminusRegular12_WrongCharacterCode
                0x080090c4        0xc ./src/fmgl/fonts/src/terminusRegular12.o
 .rodata.FMGL_FontTerminusRegular12Characters
                0x080090d0      0xa80 ./src/fmgl/fonts/src/terminusRegular12.o
 .rodata.MountSdCardFs.str1.1
                0x08009b50       0x88 ./src/filesystem.o
                                  0x2 (size before relaxing)
 .rodata.main.str1.1
                0x08009bd8       0x3a ./src/main.o
 .rodata.CLAMP_LUT
                0x08009bd8      0x300 ./libs/libhwjpeg/jpeg_utils.o
 .rodata.check_fs.str1.1
                0x08009ed8        0x9 ./libs/fatfs/ff.o
 .rodata.follow_path.str1.1
                0x08009ed8       0x10 ./libs/fatfs/ff.o
 .rodata.ExCvt  0x08009ed8       0x80 ./libs/fatfs/ff.o
 .rodata.LfnOfs
                0x08009f58        0xd ./libs/fatfs/ff.o
 *fill*         0x08009f65        0x1 
 .rodata.cvt2.0
                0x08009f66       0xbc ./libs/fatfs/ffunicode.o
 .rodata.cvt1.1
                0x0800a022      0x1f2 ./libs/fatfs/ffunicode.o
 .rodata.uc850  0x0800a214      0x100 ./libs/fatfs/ffunicode.o
 .rodata._svfprintf_r.str1.1
                0x0800a314       0x11 /home/earlybeasts/.local/xPacks/@xpack-dev-tools/arm-none-eabi-gcc/13.2.1-1.1.1/.content/bin/../lib/gcc/arm-none-eabi/13.2.1/../../../../arm-none-eabi/lib/thumb/v7e-m+dp/hard/libg_nano.a(libc_a-nano-svfprintf.o)
 .rodata._printf_i.str1.1
                0x0800a314       0x22 /home/earlybeasts/.local/xPacks/@xpack-dev-tools/arm-none-eabi-gcc/13.2.1-1.1.1/.content/bin/../lib/gcc/arm-none-eabi/13.2.1/../../../../arm-none-eabi/lib/thumb/v7e-m+dp/hard/libg_nano.a(libc_a-nano-vfprintf_i.o)
 *(vtable)
 *(.eh_frame*)
 .eh_frame      0x0800a314       0x28 /home/earlybeasts/.local/xPacks/@xpack-dev-tools/arm-none-eabi-gcc/13.2.1-1.1.1/.content/bin/../lib/gcc/arm-none-eabi/13.2.1/../../../../arm-none-eabi/lib/thumb/v7e-m+dp/hard/libg_nano.a(libc_a-strlen.o)
 .eh_frame      0x0800a33c       0x50 /home/earlybeasts/.local/xPacks/@xpack-dev-tools/arm-none-eabi-gcc/13.2.1-1.1.1/.content/bin/../lib/gcc/arm-none-eabi/13.2.1/../../../../arm-none-eabi/lib/thumb/v7e-m+dp/hard/libg_nano.a(libc_a-memchr.o)
 *(.glue_7)
 .glue_7        0x0800a38c        0x0 linker stubs
 *(.glue_7t)
 .glue_7t       0x0800a38c        0x0 linker stubs

.vfp11_veneer   0x0800a38c        0x0
 .vfp11_veneer  0x0800a38c        0x0 linker stubs

.v4_bx          0x0800a38c        0x0
 .v4_bx         0x0800a38c        0x0 linker stubs

.iplt           0x0800a38c        0x0
 .iplt          0x0800a38c        0x0 ./system/src/stm32f7-hal/stm32f7xx_hal.o

.ARM.extab
 *(.ARM.extab* .gnu.linkonce.armextab.*)
                0x0800a38c                        . = ALIGN (0x4)
                0x0800a38c                        __exidx_start = .

.ARM.exidx      0x0800a38c        0x8
 *(.ARM.exidx* .gnu.linkonce.armexidx.*)
 .ARM.exidx.text.__udivmoddi4
                0x0800a38c        0x8 /home/earlybeasts/.local/xPacks/@xpack-dev-tools/arm-none-eabi-gcc/13.2.1-1.1.1/.content/bin/../lib/gcc/arm-none-eabi/13.2.1/thumb/v7e-m+dp/hard/libgcc.a(_udivmoddi4.o)
 .ARM.exidx     0x0800a394        0x0 /home/earlybeasts/.local/xPacks/@xpack-dev-tools/arm-none-eabi-gcc/13.2.1-1.1.1/.content/bin/../lib/gcc/arm-none-eabi/13.2.1/../../../../arm-none-eabi/lib/thumb/v7e-m+dp/hard/libg_nano.a(libc_a-strlen.o)
                                  0x8 (size before relaxing)
 .ARM.exidx     0x0800a394        0x0 /home/earlybeasts/.local/xPacks/@xpack-dev-tools/arm-none-eabi-gcc/13.2.1-1.1.1/.content/bin/../lib/gcc/arm-none-eabi/13.2.1/../../../../arm-none-eabi/lib/thumb/v7e-m+dp/hard/libg_nano.a(libc_a-memchr.o)
                                  0x8 (size before relaxing)
                0x0800a394                        __exidx_end = .

.rel.dyn        0x0800a394        0x0
 .rel.iplt      0x0800a394        0x0 ./system/src/stm32f7-hal/stm32f7xx_hal.o
                0x0800a394                        . = ALIGN (0x4)
                0x0800a394                        _etext = .
                0x0800a394                        __etext = .

.data_CCMRAM    0x10000000        0x0 load address 0x0800a394
 FILL mask 0xff
 *(.data.CCMRAM .data.CCMRAM.*)
                0x10000000                        . = ALIGN (0x4)
                0x0800a394                        _sidata = LOADADDR (.data)

.data           0x20000000       0x64 load address 0x0800a394
 FILL mask 0xff
                0x20000000                        _sdata = .
                0x20000000                        __data_start__ = .
 *(.data_begin .data_begin.*)
 *(.data .data.*)
 .data.uwTickFreq
                0x20000000        0x1 ./system/src/stm32f7-hal/stm32f7xx_hal.o
                0x20000000                uwTickFreq
 *fill*         0x20000001        0x3 ff
 .data.uwTickPrio
                0x20000004        0x4 ./system/src/stm32f7-hal/stm32f7xx_hal.o
                0x20000004                uwTickPrio
 .data.argv.1   0x20000008        0x8 ./system/src/newlib/syscalls.o
 .data.SystemCoreClock
                0x20000010        0x4 ./system/src/cmsis/system_stm32f7xx.o
                0x20000010                SystemCoreClock
 .data._impure_ptr
                0x20000014        0x4 /home/earlybeasts/.local/xPacks/@xpack-dev-tools/arm-none-eabi-gcc/13.2.1-1.1.1/.content/bin/../lib/gcc/arm-none-eabi/13.2.1/../../../../arm-none-eabi/lib/thumb/v7e-m+dp/hard/libg_nano.a(libc_a-impure.o)
                0x20000014                _impure_ptr
 .data._impure_data
                0x20000018       0x4c /home/earlybeasts/.local/xPacks/@xpack-dev-tools/arm-none-eabi-gcc/13.2.1-1.1.1/.content/bin/../lib/gcc/arm-none-eabi/13.2.1/../../../../arm-none-eabi/lib/thumb/v7e-m+dp/hard/libg_nano.a(libc_a-impure.o)
                0x20000018                _impure_data
 *(.data_end .data_end.*)
                0x20000064                        . = ALIGN (0x4)
                0x20000064                        _edata = .
                0x20000064                        __data_end__ = .

.igot.plt       0x20000064        0x0 load address 0x0800a3f8
 .igot.plt      0x20000064        0x0 ./system/src/stm32f7-hal/stm32f7xx_hal.o

.bss_CCMRAM     0x10000000        0x0
 *(.bss.CCMRAM .bss.CCMRAM.*)

.bss            0x20000064    0x2c09c
                0x20000064                        __bss_start__ = .
                0x20000064                        _sbss = .
 *(.bss_begin .bss_begin.*)
 *(.bss .bss.*)
 .bss.uwTick    0x20000064        0x4 ./system/src/stm32f7-hal/stm32f7xx_hal.o
                0x20000064                uwTick
 .bss.current_heap_end.0
                0x20000068        0x4 ./system/src/newlib/sbrk.o
 .bss.name.0    0x2000006c        0x1 ./system/src/newlib/syscalls.o
 *fill*         0x2000006d        0x3 
 .bss.errno     0x20000070        0x4 ./system/src/newlib/syscalls.o
                0x20000070                errno
 .bss.JpegImageDataPtr
                0x20000074        0x4 ./src/jpeg_decoder.o
 .bss.JpegHeight
                0x20000078        0x2 ./src/jpeg_decoder.o
 .bss.JpegWidth
                0x2000007a        0x2 ./src/jpeg_decoder.o
 .bss.framebuffersAddresses
                0x2000007c       0x40 ./src/main.o
                0x2000007c                framebuffersAddresses
 .bss.mainTickHandlerCounter
                0x200000bc        0x4 ./src/main.o
                0x200000bc                mainTickHandlerCounter
 .bss.font      0x200000c0       0x18 ./src/main.o
                0x200000c0                font
 .bss.JpegOutDmaHandle
                0x200000d8       0x60 ./src/main.o
                0x200000d8                JpegOutDmaHandle
 .bss.JpegInDmaHandle
                0x20000138       0x60 ./src/main.o
                0x20000138                JpegInDmaHandle
 .bss.JpegCodecHandle
                0x20000198       0x58 ./src/main.o
                0x20000198                JpegCodecHandle
 .bss.SdFsPtr   0x200001f0        0x4 ./src/main.o
                0x200001f0                SdFsPtr
 .bss.SdcardHandle
                0x200001f4       0x84 ./src/main.o
                0x200001f4                SdcardHandle
 .bss.FmglContext
                0x20000278       0x28 ./src/main.o
                0x20000278                FmglContext
 .bss.DisplayContext
                0x200002a0    0x2a33c ./src/main.o
                0x200002a0                DisplayContext
 .bss.Spi1RxDmaHandle
                0x2002a5dc       0x60 ./src/main.o
                0x2002a5dc                Spi1RxDmaHandle
 .bss.Spi1TxDmaHandle
                0x2002a63c       0x60 ./src/main.o
                0x2002a63c                Spi1TxDmaHandle
 .bss.Spi1Handle
                0x2002a69c       0x64 ./src/main.o
                0x2002a69c                Spi1Handle
 .bss.BacklightTimerHandle
                0x2002a700       0x40 ./src/main.o
                0x2002a700                BacklightTimerHandle
 .bss.RamContext
                0x2002a740       0x24 ./src/main.o
                0x2002a740                RamContext
 .bss.QspiDmaHandle
                0x2002a764       0x60 ./src/main.o
                0x2002a764                QspiDmaHandle
 .bss.QspiHandle
                0x2002a7c4       0x4c ./src/main.o
                0x2002a7c4                QspiHandle
 .bss.L2HAL_SysTick_Context
                0x2002a810       0x44 ./src/main.o
                0x2002a810                L2HAL_SysTick_Context
 .bss.CB_GREEN_LUT
                0x2002a854      0x400 ./libs/libhwjpeg/jpeg_utils.o
 .bss.CR_GREEN_LUT
                0x2002ac54      0x400 ./libs/libhwjpeg/jpeg_utils.o
 .bss.CB_BLUE_LUT
                0x2002b054      0x400 ./libs/libhwjpeg/jpeg_utils.o
 .bss.CR_RED_LUT
                0x2002b454      0x400 ./libs/libhwjpeg/jpeg_utils.o
 .bss.JPEG_ConvertorParams
                0x2002b854       0x40 ./libs/libhwjpeg/jpeg_utils.o
 .bss.LIBHWJPEG_CompletionHandler
                0x2002b894        0x4 ./libs/libhwjpeg/libhwjpeg.o
 .bss.LIBHWJPEG_ResultArbitraryDataPtr
                0x2002b898        0x4 ./libs/libhwjpeg/libhwjpeg.o
 .bss.LIBHWJPEG_IsReadyPtr
                0x2002b89c        0x4 ./libs/libhwjpeg/libhwjpeg.o
 .bss.LIBHWJPEG_ResultBuffer
                0x2002b8a0        0x4 ./libs/libhwjpeg/libhwjpeg.o
 .bss.LIBHWJPEG_CurrentMcu
                0x2002b8a4        0x4 ./libs/libhwjpeg/libhwjpeg.o
 .bss.LIBHWJPEG_McusCount
                0x2002b8a8        0x4 ./libs/libhwjpeg/libhwjpeg.o
 .bss.LIBHWJPEG_YCbCrToRgbFunction
                0x2002b8ac        0x4 ./libs/libhwjpeg/libhwjpeg.o
 .bss.LIBHWJPEG_ImageHeight
                0x2002b8b0        0x4 ./libs/libhwjpeg/libhwjpeg.o
 .bss.LIBHWJPEG_ImageWidth
                0x2002b8b4        0x4 ./libs/libhwjpeg/libhwjpeg.o
 .bss.LIBHWJPEG_ReadBytes
                0x2002b8b8        0x4 ./libs/libhwjpeg/libhwjpeg.o
 .bss.LIBHWJPEG_OutBuffer
                0x2002b8bc      0x300 ./libs/libhwjpeg/libhwjpeg.o
 .bss.LIBHWJPEG_InBuffer
                0x2002bbbc      0x300 ./libs/libhwjpeg/libhwjpeg.o
 .bss.LIBHWJPEG_FileHandler
                0x2002bebc      0x22c ./libs/libhwjpeg/libhwjpeg.o
 .bss.LIBHWJPEG_CodecPtr
                0x2002c0e8        0x4 ./libs/libhwjpeg/libhwjpeg.o
 .bss.Fsid      0x2002c0ec        0x2 ./libs/fatfs/ff.o
 *fill*         0x2002c0ee        0x2 
 .bss.FatFs     0x2002c0f0        0x4 ./libs/fatfs/ff.o
 .bss.__malloc_sbrk_start
                0x2002c0f4        0x4 /home/earlybeasts/.local/xPacks/@xpack-dev-tools/arm-none-eabi-gcc/13.2.1-1.1.1/.content/bin/../lib/gcc/arm-none-eabi/13.2.1/../../../../arm-none-eabi/lib/thumb/v7e-m+dp/hard/libg_nano.a(libc_a-mallocr.o)
                0x2002c0f4                __malloc_sbrk_start
 .bss.__malloc_free_list
                0x2002c0f8        0x4 /home/earlybeasts/.local/xPacks/@xpack-dev-tools/arm-none-eabi-gcc/13.2.1-1.1.1/.content/bin/../lib/gcc/arm-none-eabi/13.2.1/../../../../arm-none-eabi/lib/thumb/v7e-m+dp/hard/libg_nano.a(libc_a-mallocr.o)
                0x2002c0f8                __malloc_free_list
 .bss.__lock___malloc_recursive_mutex
                0x2002c0fc        0x1 /home/earlybeasts/.local/xPacks/@xpack-dev-tools/arm-none-eabi-gcc/13.2.1-1.1.1/.content/bin/../lib/gcc/arm-none-eabi/13.2.1/../../../../arm-none-eabi/lib/thumb/v7e-m+dp/hard/libg_nano.a(libc_a-lock.o)
                0x2002c0fc                __lock___malloc_recursive_mutex
 *(COMMON)
 *(.bss_end .bss_end.*)
                0x2002c100                        . = ALIGN (0x4)
 *fill*         0x2002c0fd        0x3 
                0x2002c100                        __bss_end__ = .
                0x2002c100                        _ebss = .

.noinit_CCMRAM
 *(.noinit.CCMRAM .noinit.CCMRAM.*)

.noinit         0x2002c100        0x0
                0x2002c100                        _noinit = .
 *(.noinit .noinit.*)
                0x2002c100                        . = ALIGN (0x4)
                0x2002c100                        _end_noinit = .
                [!provide]                        PROVIDE (end = _end_noinit)
                [!provide]                        PROVIDE (_end = _end_noinit)
                [!provide]                        PROVIDE (__end = _end_noinit)
                [!provide]                        PROVIDE (__end__ = _end_noinit)

._check_stack   0x2002c100      0x100
                0x2002c200                        . = (. + _Minimum_Stack_Size)
 *fill*         0x2002c100      0x100 

.b1text
 *(.b1text)
 *(.b1rodata)
 *(.b1rodata.*)

.eb0text
 *(.eb0text)
 *(.eb0rodata)
 *(.eb0rodata.*)

.eb1text
 *(.eb1text)
 *(.eb1rodata)
 *(.eb1rodata.*)

.eb2text
 *(.eb2text)
 *(.eb2rodata)
 *(.eb2rodata.*)

.eb3text
 *(.eb3text)
 *(.eb3rodata)
 *(.eb3rodata.*)

.stab
 *(.stab)

.stabstr
 *(.stabstr)

.stab.excl
 *(.stab.excl)

.stab.exclstr
 *(.stab.exclstr)

.stab.index
 *(.stab.index)

.stab.indexstr
 *(.stab.indexstr)

.comment        0x00000000       0x39
 *(.comment)
 .comment       0x00000000       0x39 ./system/src/stm32f7-hal/stm32f7xx_hal.o
                                 0x3a (size before relaxing)
 .comment       0x00000039       0x3a ./system/src/stm32f7-hal/stm32f7xx_hal_cortex.o
 .comment       0x00000039       0x3a ./system/src/stm32f7-hal/stm32f7xx_hal_dma.o
 .comment       0x00000039       0x3a ./system/src/stm32f7-hal/stm32f7xx_hal_gpio.o
 .comment       0x00000039       0x3a ./system/src/stm32f7-hal/stm32f7xx_hal_jpeg.o
 .comment       0x00000039       0x3a ./system/src/stm32f7-hal/stm32f7xx_hal_pwr_ex.o
 .comment       0x00000039       0x3a ./system/src/stm32f7-hal/stm32f7xx_hal_qspi.o
 .comment       0x00000039       0x3a ./system/src/stm32f7-hal/stm32f7xx_hal_rcc.o
 .comment       0x00000039       0x3a ./system/src/stm32f7-hal/stm32f7xx_hal_sd.o
 .comment       0x00000039       0x3a ./system/src/stm32f7-hal/stm32f7xx_hal_spi.o
 .comment       0x00000039       0x3a ./system/src/stm32f7-hal/stm32f7xx_hal_tim.o
 .comment       0x00000039       0x3a ./system/src/stm32f7-hal/stm32f7xx_ll_sdmmc.o
 .comment       0x00000039       0x3a ./system/src/newlib/exit.o
 .comment       0x00000039       0x3a ./system/src/newlib/sbrk.o
 .comment       0x00000039       0x3a ./system/src/newlib/startup.o
 .comment       0x00000039       0x3a ./system/src/newlib/syscalls.o
 .comment       0x00000039       0x3a ./system/src/cortexm/exception-handlers.o
 .comment       0x00000039       0x3a ./system/src/cortexm/initialize-hardware.o
 .comment       0x00000039       0x3a ./system/src/cortexm/reset-hardware.o
 .comment       0x00000039       0x3a ./system/src/cmsis/system_stm32f7xx.o
 .comment       0x00000039       0x3a ./system/src/cmsis/vectors_stm32f767xx.o
 .comment       0x00000039       0x3a ./src/l2hal/src/l2hal.o
 .comment       0x00000039       0x3a ./src/l2hal/src/l2hal_custom.o
 .comment       0x00000039       0x3a ./src/l2hal/src/l2hal_errors.o
 .comment       0x00000039       0x3a ./src/l2hal/src/l2hal_systick.o
 .comment       0x00000039       0x3a ./src/l2hal/mcu_dependent/mcus/stm32f767zit6u/l2hal_stm32f767zit6u.o
 .comment       0x00000039       0x3a ./src/l2hal/drivers/ram/ly68l6400_qspi/src/l2hal_ly68l6400_qspi.o
 .comment       0x00000039       0x3a ./src/l2hal/drivers/display/gc9a01_local_framebuffer/src/l2hal_gc9a01_lfb.o
 .comment       0x00000039       0x3a ./src/fmgl/src/fmgl.o
 .comment       0x00000039       0x3a ./src/fmgl/src/fmgl_private.o
 .comment       0x00000039       0x3a ./src/fmgl/fonts/src/terminusRegular12.o
 .comment       0x00000039       0x3a ./src/filesystem.o
 .comment       0x00000039       0x3a ./src/hal.o
 .comment       0x00000039       0x3a ./src/interrupts.o
 .comment       0x00000039       0x3a ./src/jpeg_decoder.o
 .comment       0x00000039       0x3a ./src/main.o
 .comment       0x00000039       0x3a ./src/stm32f7xx_hal_msp.o
 .comment       0x00000039       0x3a ./libs/libhwjpeg/jpeg_utils.o
 .comment       0x00000039       0x3a ./libs/libhwjpeg/libhwjpeg.o
 .comment       0x00000039       0x3a ./libs/fatfs/diskio.o
 .comment       0x00000039       0x3a ./libs/fatfs/ff.o
 .comment       0x00000039       0x3a ./libs/fatfs/ffsystem.o
 .comment       0x00000039       0x3a ./libs/fatfs/ffunicode.o
 .comment       0x00000039       0x3a /home/earlybeasts/.local/xPacks/@xpack-dev-tools/arm-none-eabi-gcc/13.2.1-1.1.1/.content/bin/../lib/gcc/arm-none-eabi/13.2.1/thumb/v7e-m+dp/hard/libgcc.a(_udivmoddi4.o)
 .comment       0x00000039       0x3a /home/earlybeasts/.local/xPacks/@xpack-dev-tools/arm-none-eabi-gcc/13.2.1-1.1.1/.content/bin/../lib/gcc/arm-none-eabi/13.2.1/../../../../arm-none-eabi/lib/thumb/v7e-m+dp/hard/libg_nano.a(libc_a-malloc.o)
 .comment       0x00000039       0x3a /home/earlybeasts/.local/xPacks/@xpack-dev-tools/arm-none-eabi-gcc/13.2.1-1.1.1/.content/bin/../lib/gcc/arm-none-eabi/13.2.1/../../../../arm-none-eabi/lib/thumb/v7e-m+dp/hard/libg_nano.a(libc_a-mallocr.o)
 .comment       0x00000039       0x3a /home/earlybeasts/.local/xPacks/@xpack-dev-tools/arm-none-eabi-gcc/13.2.1-1.1.1/.content/bin/../lib/gcc/arm-none-eabi/13.2.1/../../../../arm-none-eabi/lib/thumb/v7e-m+dp/hard/libg_nano.a(libc_a-mlock.o)
 .comment       0x00000039       0x3a /home/earlybeasts/.local/xPacks/@xpack-dev-tools/arm-none-eabi-gcc/13.2.1-1.1.1/.content/bin/../lib/gcc/arm-none-eabi/13.2.1/../../../../arm-none-eabi/lib/thumb/v7e-m+dp/hard/libg_nano.a(libc_a-reallocr.o)
 .comment       0x00000039       0x3a /home/earlybeasts/.local/xPacks/@xpack-dev-tools/arm-none-eabi-gcc/13.2.1-1.1.1/.content/bin/../lib/gcc/arm-none-eabi/13.2.1/../../../../arm-none-eabi/lib/thumb/v7e-m+dp/hard/libg_nano.a(libc_a-sprintf.o)
 .comment       0x00000039       0x3a /home/earlybeasts/.local/xPacks/@xpack-dev-tools/arm-none-eabi-gcc/13.2.1-1.1.1/.content/bin/../lib/gcc/arm-none-eabi/13.2.1/../../../../arm-none-eabi/lib/thumb/v7e-m+dp/hard/libg_nano.a(libc_a-memcmp.o)
 .comment       0x00000039       0x3a /home/earlybeasts/.local/xPacks/@xpack-dev-tools/arm-none-eabi-gcc/13.2.1-1.1.1/.content/bin/../lib/gcc/arm-none-eabi/13.2.1/../../../../arm-none-eabi/lib/thumb/v7e-m+dp/hard/libg_nano.a(libc_a-memset.o)
 .comment       0x00000039       0x3a /home/earlybeasts/.local/xPacks/@xpack-dev-tools/arm-none-eabi-gcc/13.2.1-1.1.1/.content/bin/../lib/gcc/arm-none-eabi/13.2.1/../../../../arm-none-eabi/lib/thumb/v7e-m+dp/hard/libg_nano.a(libc_a-strchr.o)
 .comment       0x00000039       0x3a /home/earlybeasts/.local/xPacks/@xpack-dev-tools/arm-none-eabi-gcc/13.2.1-1.1.1/.content/bin/../lib/gcc/arm-none-eabi/13.2.1/../../../../arm-none-eabi/lib/thumb/v7e-m+dp/hard/libg_nano.a(libc_a-impure.o)
 .comment       0x00000039       0x3a /home/earlybeasts/.local/xPacks/@xpack-dev-tools/arm-none-eabi-gcc/13.2.1-1.1.1/.content/bin/../lib/gcc/arm-none-eabi/13.2.1/../../../../arm-none-eabi/lib/thumb/v7e-m+dp/hard/libg_nano.a(libc_a-sbrkr.o)
 .comment       0x00000039       0x3a /home/earlybeasts/.local/xPacks/@xpack-dev-tools/arm-none-eabi-gcc/13.2.1-1.1.1/.content/bin/../lib/gcc/arm-none-eabi/13.2.1/../../../../arm-none-eabi/lib/thumb/v7e-m+dp/hard/libg_nano.a(libc_a-errno.o)
 .comment       0x00000039       0x3a /home/earlybeasts/.local/xPacks/@xpack-dev-tools/arm-none-eabi-gcc/13.2.1-1.1.1/.content/bin/../lib/gcc/arm-none-eabi/13.2.1/../../../../arm-none-eabi/lib/thumb/v7e-m+dp/hard/libg_nano.a(libc_a-lock.o)
 .comment       0x00000039       0x3a /home/earlybeasts/.local/xPacks/@xpack-dev-tools/arm-none-eabi-gcc/13.2.1-1.1.1/.content/bin/../lib/gcc/arm-none-eabi/13.2.1/../../../../arm-none-eabi/lib/thumb/v7e-m+dp/hard/libg_nano.a(libc_a-memcpy-stub.o)
 .comment       0x00000039       0x3a /home/earlybeasts/.local/xPacks/@xpack-dev-tools/arm-none-eabi-gcc/13.2.1-1.1.1/.content/bin/../lib/gcc/arm-none-eabi/13.2.1/../../../../arm-none-eabi/lib/thumb/v7e-m+dp/hard/libg_nano.a(libc_a-freer.o)
 .comment       0x00000039       0x3a /home/earlybeasts/.local/xPacks/@xpack-dev-tools/arm-none-eabi-gcc/13.2.1-1.1.1/.content/bin/../lib/gcc/arm-none-eabi/13.2.1/../../../../arm-none-eabi/lib/thumb/v7e-m+dp/hard/libg_nano.a(libc_a-msizer.o)
 .comment       0x00000039       0x3a /home/earlybeasts/.local/xPacks/@xpack-dev-tools/arm-none-eabi-gcc/13.2.1-1.1.1/.content/bin/../lib/gcc/arm-none-eabi/13.2.1/../../../../arm-none-eabi/lib/thumb/v7e-m+dp/hard/libg_nano.a(libc_a-nano-svfprintf.o)
 .comment       0x00000039       0x3a /home/earlybeasts/.local/xPacks/@xpack-dev-tools/arm-none-eabi-gcc/13.2.1-1.1.1/.content/bin/../lib/gcc/arm-none-eabi/13.2.1/../../../../arm-none-eabi/lib/thumb/v7e-m+dp/hard/libg_nano.a(libc_a-nano-vfprintf_i.o)
 .comment       0x00000039       0x3a /home/earlybeasts/.local/xPacks/@xpack-dev-tools/arm-none-eabi-gcc/13.2.1-1.1.1/.content/bin/../lib/gcc/arm-none-eabi/13.2.1/../../../../arm-none-eabi/lib/thumb/v7e-m+dp/hard/libg_nano.a(libc_a-memmove.o)

.ARM.attributes
                0x00000000       0x30
 .ARM.attributes
                0x00000000       0x32 ./system/src/stm32f7-hal/stm32f7xx_hal.o
 .ARM.attributes
                0x00000032       0x32 ./system/src/stm32f7-hal/stm32f7xx_hal_cortex.o
 .ARM.attributes
                0x00000064       0x32 ./system/src/stm32f7-hal/stm32f7xx_hal_dma.o
 .ARM.attributes
                0x00000096       0x32 ./system/src/stm32f7-hal/stm32f7xx_hal_gpio.o
 .ARM.attributes
                0x000000c8       0x32 ./system/src/stm32f7-hal/stm32f7xx_hal_jpeg.o
 .ARM.attributes
                0x000000fa       0x32 ./system/src/stm32f7-hal/stm32f7xx_hal_pwr_ex.o
 .ARM.attributes
                0x0000012c       0x32 ./system/src/stm32f7-hal/stm32f7xx_hal_qspi.o
 .ARM.attributes
                0x0000015e       0x32 ./system/src/stm32f7-hal/stm32f7xx_hal_rcc.o
 .ARM.attributes
                0x00000190       0x32 ./system/src/stm32f7-hal/stm32f7xx_hal_sd.o
 .ARM.attributes
                0x000001c2       0x32 ./system/src/stm32f7-hal/stm32f7xx_hal_spi.o
 .ARM.attributes
                0x000001f4       0x32 ./system/src/stm32f7-hal/stm32f7xx_hal_tim.o
 .ARM.attributes
                0x00000226       0x32 ./system/src/stm32f7-hal/stm32f7xx_ll_sdmmc.o
 .ARM.attributes
                0x00000258       0x32 ./system/src/newlib/exit.o
 .ARM.attributes
                0x0000028a       0x32 ./system/src/newlib/sbrk.o
 .ARM.attributes
                0x000002bc       0x32 ./system/src/newlib/startup.o
 .ARM.attributes
                0x000002ee       0x32 ./system/src/newlib/syscalls.o
 .ARM.attributes
                0x00000320       0x32 ./system/src/cortexm/exception-handlers.o
 .ARM.attributes
                0x00000352       0x32 ./system/src/cortexm/initialize-hardware.o
 .ARM.attributes
                0x00000384       0x32 ./system/src/cortexm/reset-hardware.o
 .ARM.attributes
                0x000003b6       0x32 ./system/src/cmsis/system_stm32f7xx.o
 .ARM.attributes
                0x000003e8       0x32 ./system/src/cmsis/vectors_stm32f767xx.o
 .ARM.attributes
                0x0000041a       0x32 ./src/l2hal/src/l2hal.o
 .ARM.attributes
                0x0000044c       0x32 ./src/l2hal/src/l2hal_custom.o
 .ARM.attributes
                0x0000047e       0x32 ./src/l2hal/src/l2hal_errors.o
 .ARM.attributes
                0x000004b0       0x32 ./src/l2hal/src/l2hal_systick.o
 .ARM.attributes
                0x000004e2       0x32 ./src/l2hal/mcu_dependent/mcus/stm32f767zit6u/l2hal_stm32f767zit6u.o
 .ARM.attributes
                0x00000514       0x32 ./src/l2hal/drivers/ram/ly68l6400_qspi/src/l2hal_ly68l6400_qspi.o
 .ARM.attributes
                0x00000546       0x32 ./src/l2hal/drivers/display/gc9a01_local_framebuffer/src/l2hal_gc9a01_lfb.o
 .ARM.attributes
                0x00000578       0x32 ./src/fmgl/src/fmgl.o
 .ARM.attributes
                0x000005aa       0x32 ./src/fmgl/src/fmgl_private.o
 .ARM.attributes
                0x000005dc       0x32 ./src/fmgl/fonts/src/terminusRegular12.o
 .ARM.attributes
                0x0000060e       0x32 ./src/filesystem.o
 .ARM.attributes
                0x00000640       0x32 ./src/hal.o
 .ARM.attributes