Archive member included to satisfy reference by file (symbol)

/home/earlybeasts/.local/xPacks/@xpack-dev-tools/arm-none-eabi-gcc/13.2.1-1.1.1/.content/bin/../lib/gcc/arm-none-eabi/13.2.1/thumb/v7e-m+dp/hard/libgcc.a(_aeabi_ldivmod.o)
                              ./system/src/stm32f7-hal/stm32f7xx_hal_rcc.o (__aeabi_ldivmod)
/home/earlybeasts/.local/xPacks/@xpack-dev-tools/arm-none-eabi-gcc/13.2.1-1.1.1/.content/bin/../lib/gcc/arm-none-eabi/13.2.1/thumb/v7e-m+dp/hard/libgcc.a(_aeabi_uldivmod.o)
                              ./system/src/stm32f7-hal/stm32f7xx_hal_rcc.o (__aeabi_uldivmod)
/home/earlybeasts/.local/xPacks/@xpack-dev-tools/arm-none-eabi-gcc/13.2.1-1.1.1/.content/bin/../lib/gcc/arm-none-eabi/13.2.1/thumb/v7e-m+dp/hard/libgcc.a(_udivmoddi4.o)
                              /home/earlybeasts/.local/xPacks/@xpack-dev-tools/arm-none-eabi-gcc/13.2.1-1.1.1/.content/bin/../lib/gcc/arm-none-eabi/13.2.1/thumb/v7e-m+dp/hard/libgcc.a(_aeabi_ldivmod.o) (__udivmoddi4)
/home/earlybeasts/.local/xPacks/@xpack-dev-tools/arm-none-eabi-gcc/13.2.1-1.1.1/.content/bin/../lib/gcc/arm-none-eabi/13.2.1/thumb/v7e-m+dp/hard/libgcc.a(_dvmd_tls.o)
                              /home/earlybeasts/.local/xPacks/@xpack-dev-tools/arm-none-eabi-gcc/13.2.1-1.1.1/.content/bin/../lib/gcc/arm-none-eabi/13.2.1/thumb/v7e-m+dp/hard/libgcc.a(_aeabi_ldivmod.o) (__aeabi_ldiv0)
/home/earlybeasts/.local/xPacks/@xpack-dev-tools/arm-none-eabi-gcc/13.2.1-1.1.1/.content/bin/../lib/gcc/arm-none-eabi/13.2.1/../../../../arm-none-eabi/lib/thumb/v7e-m+dp/hard/libg_nano.a(libc_a-malloc.o)
                              ./src/l2hal/drivers/sdcard/src/l2hal_sdcard.o (malloc)
/home/earlybeasts/.local/xPacks/@xpack-dev-tools/arm-none-eabi-gcc/13.2.1-1.1.1/.content/bin/../lib/gcc/arm-none-eabi/13.2.1/../../../../arm-none-eabi/lib/thumb/v7e-m+dp/hard/libg_nano.a(libc_a-mallocr.o)
                              /home/earlybeasts/.local/xPacks/@xpack-dev-tools/arm-none-eabi-gcc/13.2.1-1.1.1/.content/bin/../lib/gcc/arm-none-eabi/13.2.1/../../../../arm-none-eabi/lib/thumb/v7e-m+dp/hard/libg_nano.a(libc_a-malloc.o) (_malloc_r)
/home/earlybeasts/.local/xPacks/@xpack-dev-tools/arm-none-eabi-gcc/13.2.1-1.1.1/.content/bin/../lib/gcc/arm-none-eabi/13.2.1/../../../../arm-none-eabi/lib/thumb/v7e-m+dp/hard/libg_nano.a(libc_a-mlock.o)
                              /home/earlybeasts/.local/xPacks/@xpack-dev-tools/arm-none-eabi-gcc/13.2.1-1.1.1/.content/bin/../lib/gcc/arm-none-eabi/13.2.1/../../../../arm-none-eabi/lib/thumb/v7e-m+dp/hard/libg_nano.a(libc_a-mallocr.o) (__malloc_lock)
/home/earlybeasts/.local/xPacks/@xpack-dev-tools/arm-none-eabi-gcc/13.2.1-1.1.1/.content/bin/../lib/gcc/arm-none-eabi/13.2.1/../../../../arm-none-eabi/lib/thumb/v7e-m+dp/hard/libg_nano.a(libc_a-realloc.o)
                              ./src/l2hal/drivers/input/encoders/src/l2hal_encoders.o (realloc)
/home/earlybeasts/.local/xPacks/@xpack-dev-tools/arm-none-eabi-gcc/13.2.1-1.1.1/.content/bin/../lib/gcc/arm-none-eabi/13.2.1/../../../../arm-none-eabi/lib/thumb/v7e-m+dp/hard/libg_nano.a(libc_a-reallocr.o)
                              /home/earlybeasts/.local/xPacks/@xpack-dev-tools/arm-none-eabi-gcc/13.2.1-1.1.1/.content/bin/../lib/gcc/arm-none-eabi/13.2.1/../../../../arm-none-eabi/lib/thumb/v7e-m+dp/hard/libg_nano.a(libc_a-realloc.o) (_realloc_r)
/home/earlybeasts/.local/xPacks/@xpack-dev-tools/arm-none-eabi-gcc/13.2.1-1.1.1/.content/bin/../lib/gcc/arm-none-eabi/13.2.1/../../../../arm-none-eabi/lib/thumb/v7e-m+dp/hard/libg_nano.a(libc_a-snprintf.o)
                              ./src/l2hal/drivers/bluetooth/hc06/src/l2hal_hc06.o (snprintf)
/home/earlybeasts/.local/xPacks/@xpack-dev-tools/arm-none-eabi-gcc/13.2.1-1.1.1/.content/bin/../lib/gcc/arm-none-eabi/13.2.1/../../../../arm-none-eabi/lib/thumb/v7e-m+dp/hard/libg_nano.a(libc_a-sprintf.o)
                              ./src/main.o (sprintf)
/home/earlybeasts/.local/xPacks/@xpack-dev-tools/arm-none-eabi-gcc/13.2.1-1.1.1/.content/bin/../lib/gcc/arm-none-eabi/13.2.1/../../../../arm-none-eabi/lib/thumb/v7e-m+dp/hard/libg_nano.a(libc_a-memset.o)
                              ./src/l2hal/drivers/sdcard/src/l2hal_sdcard.o (memset)
/home/earlybeasts/.local/xPacks/@xpack-dev-tools/arm-none-eabi-gcc/13.2.1-1.1.1/.content/bin/../lib/gcc/arm-none-eabi/13.2.1/../../../../arm-none-eabi/lib/thumb/v7e-m+dp/hard/libg_nano.a(libc_a-strncpy.o)
                              ./src/l2hal/drivers/bluetooth/hc06/src/l2hal_hc06.o (strncpy)
/home/earlybeasts/.local/xPacks/@xpack-dev-tools/arm-none-eabi-gcc/13.2.1-1.1.1/.content/bin/../lib/gcc/arm-none-eabi/13.2.1/../../../../arm-none-eabi/lib/thumb/v7e-m+dp/hard/libg_nano.a(libc_a-impure.o)
                              /home/earlybeasts/.local/xPacks/@xpack-dev-tools/arm-none-eabi-gcc/13.2.1-1.1.1/.content/bin/../lib/gcc/arm-none-eabi/13.2.1/../../../../arm-none-eabi/lib/thumb/v7e-m+dp/hard/libg_nano.a(libc_a-malloc.o) (_impure_ptr)
[...]
Memory Configuration

Name             Origin             Length             Attributes
RAM              0x20000000         0x00080000         xrw
CCMRAM           0x10000000         0x00000000         xrw
FLASH            0x08000000         0x00200000         xr
FLASHB1          0x00000000         0x00000000         xr
EXTMEMB0         0x00000000         0x00000000         xr
EXTMEMB1         0x00000000         0x00000000         xr
EXTMEMB2         0x00000000         0x00000000         xr
EXTMEMB3         0x00000000         0x00000000         xr
*default*        0x00000000         0xffffffff

Linker script and memory map

LOAD ./system/src/stm32f7-hal/stm32f7xx_hal.o
LOAD ./system/src/stm32f7-hal/stm32f7xx_hal_cortex.o
LOAD ./system/src/stm32f7-hal/stm32f7xx_hal_crc.o
LOAD ./system/src/stm32f7-hal/stm32f7xx_hal_crc_ex.o
LOAD ./system/src/stm32f7-hal/stm32f7xx_hal_dma.o
LOAD ./system/src/stm32f7-hal/stm32f7xx_hal_flash.o
LOAD ./system/src/stm32f7-hal/stm32f7xx_hal_flash_ex.o
LOAD ./system/src/stm32f7-hal/stm32f7xx_hal_gpio.o
LOAD ./system/src/stm32f7-hal/stm32f7xx_hal_iwdg.o
LOAD ./system/src/stm32f7-hal/stm32f7xx_hal_pwr.o
LOAD ./system/src/stm32f7-hal/stm32f7xx_hal_pwr_ex.o
LOAD ./system/src/stm32f7-hal/stm32f7xx_hal_qspi.o
LOAD ./system/src/stm32f7-hal/stm32f7xx_hal_rcc.o
LOAD ./system/src/stm32f7-hal/stm32f7xx_hal_rcc_ex.o
LOAD ./system/src/stm32f7-hal/stm32f7xx_hal_spi.o
LOAD ./system/src/stm32f7-hal/stm32f7xx_hal_tim.o
LOAD ./system/src/newlib/assert.o
LOAD ./system/src/newlib/cxx.o
LOAD ./system/src/newlib/exit.o
LOAD ./system/src/newlib/sbrk.o
LOAD ./system/src/newlib/startup.o
LOAD ./system/src/newlib/syscalls.o
LOAD ./system/src/diag/trace-impl.o
LOAD ./system/src/diag/trace.o
LOAD ./system/src/cortexm/exception-handlers.o
LOAD ./system/src/cortexm/initialize-hardware.o
LOAD ./system/src/cortexm/reset-hardware.o
LOAD ./system/src/cmsis/system_stm32f7xx.o
LOAD ./system/src/cmsis/vectors_stm32f767xx.o
LOAD ./src/l2hal/src/l2hal.o
LOAD ./src/l2hal/src/l2hal_aux.o
LOAD ./src/l2hal/src/l2hal_custom.o
LOAD ./src/l2hal/src/l2hal_errors.o
LOAD ./src/l2hal/src/l2hal_systick.o
LOAD ./src/l2hal/mcu_dependent/mcus/stm32f767zit6u/drivers/input/buttons/src/l2hal_stm32f767zit6u_buttons.o
LOAD ./src/l2hal/mcu_dependent/mcus/stm32f767zit6u/l2hal_stm32f767zit6u.o
LOAD ./src/l2hal/drivers/sdcard/src/l2hal_sdcard.o
LOAD ./src/l2hal/drivers/ram/ly68l6400_qspi/src/l2hal_ly68l6400_qspi.o
LOAD ./src/l2hal/drivers/ram/ly68l6400/src/l2hal_ly68l6400.o
LOAD ./src/l2hal/drivers/internal/crc/src/l2hal_crc.o
LOAD ./src/l2hal/drivers/input/encoders/src/l2hal_encoders.o
LOAD ./src/l2hal/drivers/input/buttons/src/l2hal_buttons.o
LOAD ./src/l2hal/drivers/eeprom/24x/src/l2hal_24x.o
LOAD ./src/l2hal/drivers/display/ssd1327/src/l2hal_ssd1327.o
LOAD ./src/l2hal/drivers/display/ssd1306/src/l2hal_ssd1306.o
LOAD ./src/l2hal/drivers/display/gc9a01_local_framebuffer/src/l2hal_gc9a01_lfb.o
LOAD ./src/l2hal/drivers/display/gc9a01/src/l2hal_gc9a01.o
LOAD ./src/l2hal/drivers/dds/ad9835/src/l2hal_ad9835.o
LOAD ./src/l2hal/drivers/dac/ad5245/src/l2hal_ad5245.o
LOAD ./src/l2hal/drivers/bluetooth/hc06/src/l2hal_hc06.o
LOAD ./src/fmgl/src/fmgl.o
LOAD ./src/fmgl/src/fmgl_private.o
LOAD ./src/fmgl/fonts/src/terminusRegular12.o
LOAD ./src/hal.o
LOAD ./src/interrupts.o
LOAD ./src/main.o
LOAD ./src/stm32f7xx_hal_msp.o
LOAD ./src/write.o
LOAD /home/earlybeasts/.local/xPacks/@xpack-dev-tools/arm-none-eabi-gcc/13.2.1-1.1.1/.content/bin/../lib/gcc/arm-none-eabi/13.2.1/../../../../arm-none-eabi/lib/thumb/v7e-m+dp/hard/libstdc++_nano.a
LOAD /home/earlybeasts/.local/xPacks/@xpack-dev-tools/arm-none-eabi-gcc/13.2.1-1.1.1/.content/bin/../lib/gcc/arm-none-eabi/13.2.1/../../../../arm-none-eabi/lib/thumb/v7e-m+dp/hard/libm.a
START GROUP
LOAD /home/earlybeasts/.local/xPacks/@xpack-dev-tools/arm-none-eabi-gcc/13.2.1-1.1.1/.content/bin/../lib/gcc/arm-none-eabi/13.2.1/thumb/v7e-m+dp/hard/libgcc.a
LOAD /home/earlybeasts/.local/xPacks/@xpack-dev-tools/arm-none-eabi-gcc/13.2.1-1.1.1/.content/bin/../lib/gcc/arm-none-eabi/13.2.1/../../../../arm-none-eabi/lib/thumb/v7e-m+dp/hard/libg_nano.a
LOAD /home/earlybeasts/.local/xPacks/@xpack-dev-tools/arm-none-eabi-gcc/13.2.1-1.1.1/.content/bin/../lib/gcc/arm-none-eabi/13.2.1/../../../../arm-none-eabi/lib/thumb/v7e-m+dp/hard/libc_nano.a
END GROUP
START GROUP
LOAD /home/earlybeasts/.local/xPacks/@xpack-dev-tools/arm-none-eabi-gcc/13.2.1-1.1.1/.content/bin/../lib/gcc/arm-none-eabi/13.2.1/thumb/v7e-m+dp/hard/libgcc.a
LOAD /home/earlybeasts/.local/xPacks/@xpack-dev-tools/arm-none-eabi-gcc/13.2.1-1.1.1/.content/bin/../lib/gcc/arm-none-eabi/13.2.1/../../../../arm-none-eabi/lib/thumb/v7e-m+dp/hard/libc_nano.a
END GROUP
                0x20080000                        __stack = (ORIGIN (RAM) + LENGTH (RAM))
                0x20080000                        _estack = __stack
                0x00000400                        __Main_Stack_Size = 0x400
                [!provide]                        PROVIDE (_Main_Stack_Size = __Main_Stack_Size)
                0x2007fc00                        __Main_Stack_Limit = (__stack - __Main_Stack_Size)
                [!provide]                        PROVIDE (_Main_Stack_Limit = __Main_Stack_Limit)
                0x00000100                        _Minimum_Stack_Size = 0x100
                0x2002a6a8                        PROVIDE (_Heap_Begin = _end_noinit)
                0x2007fc00                        PROVIDE (_Heap_Limit = (__stack - __Main_Stack_Size))

.isr_vector     0x08000000      0x32e
 FILL mask 0xff
                0x08000000                        __vectors_start = ABSOLUTE (.)
                0x08000000                        __vectors_start__ = ABSOLUTE (.)
 *(.isr_vector)
 .isr_vector    0x08000000      0x1f8 ./system/src/cmsis/vectors_stm32f767xx.o
                0x08000000                __isr_vectors
 *(.cfmconfig)
 *(.after_vectors .after_vectors.*)
 .after_vectors
                0x080001f8       0xd0 ./system/src/newlib/startup.o
                0x080001f8                _start
 .after_vectors
                0x080002c8       0x64 ./system/src/cortexm/exception-handlers.o
                0x080002c8                Reset_Handler
                0x080002cc                NMI_Handler
                0x080002ce                HardFault_Handler
                0x080002e2                HardFault_Handler_C
                0x080002e4                MemManage_Handler
                0x080002e6                BusFault_Handler
                0x080002fa                BusFault_Handler_C
                0x080002fc                UsageFault_Handler
                0x08000310                UsageFault_Handler_C
                0x08000312                SVC_Handler
                0x08000314                DebugMon_Handler
                0x08000316                PendSV_Handler
 .after_vectors
                0x0800032c        0x2 ./system/src/cmsis/vectors_stm32f767xx.o
                0x0800032c                RTC_Alarm_IRQHandler
                0x0800032c                EXTI2_IRQHandler
                0x0800032c                TIM8_CC_IRQHandler
                0x0800032c                UART8_IRQHandler
                0x0800032c                SPI4_IRQHandler
                0x0800032c                TIM1_CC_IRQHandler
                0x0800032c                DMA2_Stream5_IRQHandler
                0x0800032c                JPEG_IRQHandler
                0x0800032c                DMA1_Stream5_IRQHandler
                0x0800032c                CAN3_RX1_IRQHandler
                0x0800032c                PVD_IRQHandler
                0x0800032c                TAMP_STAMP_IRQHandler
                0x0800032c                CAN2_RX1_IRQHandler
                0x0800032c                EXTI3_IRQHandler
                0x0800032c                TIM8_TRG_COM_TIM14_IRQHandler
                0x0800032c                DFSDM1_FLT1_IRQHandler
                0x0800032c                TIM1_UP_TIM10_IRQHandler
                0x0800032c                TIM8_UP_TIM13_IRQHandler
                0x0800032c                I2C3_ER_IRQHandler
                0x0800032c                DFSDM1_FLT2_IRQHandler
                0x0800032c                EXTI0_IRQHandler
                0x0800032c                I2C2_EV_IRQHandler
                0x0800032c                DMA1_Stream2_IRQHandler
                0x0800032c                CAN1_RX0_IRQHandler
                0x0800032c                FPU_IRQHandler
                0x0800032c                OTG_HS_WKUP_IRQHandler
                0x0800032c                CAN3_SCE_IRQHandler
                0x0800032c                LTDC_ER_IRQHandler
                0x0800032c                CAN2_SCE_IRQHandler
                0x0800032c                SPI1_IRQHandler
                0x0800032c                TIM6_DAC_IRQHandler
                0x0800032c                TIM1_BRK_TIM9_IRQHandler
                0x0800032c                DCMI_IRQHandler
                0x0800032c                CAN2_RX0_IRQHandler
                0x0800032c                SAI2_IRQHandler
                0x0800032c                DFSDM1_FLT3_IRQHandler
                0x0800032c                USART6_IRQHandler
                0x0800032c                CAN3_RX0_IRQHandler
                0x0800032c                USART3_IRQHandler
                0x0800032c                CAN1_RX1_IRQHandler
                0x0800032c                UART5_IRQHandler
                0x0800032c                DMA2_Stream0_IRQHandler
                0x0800032c                TIM4_IRQHandler
                0x0800032c                I2C1_EV_IRQHandler
                0x0800032c                DMA1_Stream6_IRQHandler
                0x0800032c                DMA1_Stream1_IRQHandler
                0x0800032c                UART4_IRQHandler
                0x0800032c                TIM3_IRQHandler
                0x0800032c                RCC_IRQHandler
                0x0800032c                TIM8_BRK_TIM12_IRQHandler
                0x0800032c                Default_Handler
                0x0800032c                CEC_IRQHandler
                0x0800032c                EXTI15_10_IRQHandler
                0x0800032c                ADC_IRQHandler
                0x0800032c                DMA1_Stream7_IRQHandler
                0x0800032c                SPI5_IRQHandler
                0x0800032c                TIM7_IRQHandler
                0x0800032c                SDMMC1_IRQHandler
                0x0800032c                CAN2_TX_IRQHandler
                0x0800032c                TIM5_IRQHandler
                0x0800032c                I2C3_EV_IRQHandler
                0x0800032c                EXTI9_5_IRQHandler
                0x0800032c                RTC_WKUP_IRQHandler
                0x0800032c                LTDC_IRQHandler
                0x0800032c                ETH_WKUP_IRQHandler
                0x0800032c                SPDIF_RX_IRQHandler
                0x0800032c                SPI2_IRQHandler
                0x0800032c                OTG_HS_EP1_IN_IRQHandler
                0x0800032c                DMA1_Stream0_IRQHandler
                0x0800032c                CAN1_TX_IRQHandler
                0x0800032c                EXTI4_IRQHandler
                0x0800032c                RNG_IRQHandler
                0x0800032c                ETH_IRQHandler
                0x0800032c                OTG_HS_EP1_OUT_IRQHandler
                0x0800032c                WWDG_IRQHandler
                0x0800032c                SPI6_IRQHandler
                0x0800032c                I2C4_EV_IRQHandler
                0x0800032c                MDIOS_IRQHandler
                0x0800032c                CAN3_TX_IRQHandler
                0x0800032c                TIM2_IRQHandler
                0x0800032c                OTG_FS_WKUP_IRQHandler
                0x0800032c                TIM1_TRG_COM_TIM11_IRQHandler
                0x0800032c                OTG_HS_IRQHandler
                0x0800032c                DMA2D_IRQHandler
                0x0800032c                EXTI1_IRQHandler
                0x0800032c                SDMMC2_IRQHandler
                0x0800032c                UART7_IRQHandler
                0x0800032c                USART2_IRQHandler
                0x0800032c                DFSDM1_FLT0_IRQHandler
                0x0800032c                I2C2_ER_IRQHandler
                0x0800032c                DMA2_Stream1_IRQHandler
                0x0800032c                CAN1_SCE_IRQHandler
                0x0800032c                FLASH_IRQHandler
                0x0800032c                DMA2_Stream4_IRQHandler
                0x0800032c                USART1_IRQHandler
                0x0800032c                OTG_FS_IRQHandler
                0x0800032c                SPI3_IRQHandler
                0x0800032c                DMA1_Stream4_IRQHandler
                0x0800032c                I2C1_ER_IRQHandler
                0x0800032c                FMC_IRQHandler
                0x0800032c                LPTIM1_IRQHandler
                0x0800032c                I2C4_ER_IRQHandler
                0x0800032c                DMA2_Stream6_IRQHandler
                0x0800032c                SAI1_IRQHandler
                0x0800032c                DMA1_Stream3_IRQHandler

.inits          0x08000330       0x28
                0x08000330                        __data_regions_array_start = .
                0x08000330        0x4 LONG 0x80051f0 LOADADDR (.data)
                0x08000334        0x4 LONG 0x20000000 ADDR (.data)
                0x08000338        0x4 LONG 0x20000064 (ADDR (.data) + SIZEOF (.data))
                0x0800033c        0x4 LONG 0x80051f0 LOADADDR (.data_CCMRAM)
                0x08000340        0x4 LONG 0x10000000 ADDR (.data_CCMRAM)
                0x08000344        0x4 LONG 0x10000000 (ADDR (.data_CCMRAM) + SIZEOF (.data_CCMRAM))
                0x08000348                        __data_regions_array_end = .
                0x08000348                        __bss_regions_array_start = .
                0x08000348        0x4 LONG 0x20000064 ADDR (.bss)
                0x0800034c        0x4 LONG 0x2002a6a8 (ADDR (.bss) + SIZEOF (.bss))
                0x08000350        0x4 LONG 0x10000000 ADDR (.bss_CCMRAM)
                0x08000354        0x4 LONG 0x10000000 (ADDR (.bss_CCMRAM) + SIZEOF (.bss_CCMRAM))
                0x08000358                        __bss_regions_array_end = .
 *(.init)
 *(.fini)
                0x08000358                        . = ALIGN (0x4)
                0x08000358                        PROVIDE (__preinit_array_start = .)
 *(.preinit_array_sysinit .preinit_array_sysinit.*)
 *(.preinit_array_platform .preinit_array_platform.*)
 *(.preinit_array .preinit_array.*)
                0x08000358                        PROVIDE (__preinit_array_end = .)
                0x08000358                        . = ALIGN (0x4)
                0x08000358                        PROVIDE (__init_array_start = .)
 *(SORT_BY_NAME(.init_array.*))
 *(.init_array)
                0x08000358                        PROVIDE (__init_array_end = .)
                0x08000358                        . = ALIGN (0x4)
                0x08000358                        PROVIDE (__fini_array_start = .)
 *(SORT_BY_NAME(.fini_array.*))
 *(.fini_array)
                0x08000358                        PROVIDE (__fini_array_end = .)

.flashtext
 *(.flashtext .flashtext.*)

.text           0x08000360     0x4e88
 *(.text .text.*)
 .text.HAL_InitTick
                0x08000360       0x48 ./system/src/stm32f7-hal/stm32f7xx_hal.o
                0x08000360                HAL_InitTick
 .text.HAL_Init
                0x080003a8       0x2c ./system/src/stm32f7-hal/stm32f7xx_hal.o
                0x080003a8                HAL_Init
 .text.HAL_IncTick
                0x080003d4       0x18 ./system/src/stm32f7-hal/stm32f7xx_hal.o
                0x080003d4                HAL_IncTick
 .text.HAL_GetTick
                0x080003ec        0xc ./system/src/stm32f7-hal/stm32f7xx_hal.o
                0x080003ec                HAL_GetTick
 .text.HAL_Delay
                0x080003f8       0x24 ./system/src/stm32f7-hal/stm32f7xx_hal.o
                0x080003f8                HAL_Delay
 .text.HAL_NVIC_SetPriorityGrouping
                0x0800041c       0x24 ./system/src/stm32f7-hal/stm32f7xx_hal_cortex.o
                0x0800041c                HAL_NVIC_SetPriorityGrouping
 .text.HAL_NVIC_SetPriority
                0x08000440       0x64 ./system/src/stm32f7-hal/stm32f7xx_hal_cortex.o
                0x08000440                HAL_NVIC_SetPriority
 .text.HAL_NVIC_EnableIRQ
                0x080004a4       0x1c ./system/src/stm32f7-hal/stm32f7xx_hal_cortex.o
                0x080004a4                HAL_NVIC_EnableIRQ
 .text.HAL_NVIC_DisableIRQ
                0x080004c0       0x24 ./system/src/stm32f7-hal/stm32f7xx_hal_cortex.o
                0x080004c0                HAL_NVIC_DisableIRQ
 .text.HAL_SYSTICK_Config
                0x080004e4       0x28 ./system/src/stm32f7-hal/stm32f7xx_hal_cortex.o
                0x080004e4                HAL_SYSTICK_Config
 .text.HAL_SYSTICK_CLKSourceConfig
                0x0800050c       0x16 ./system/src/stm32f7-hal/stm32f7xx_hal_cortex.o
                0x0800050c                HAL_SYSTICK_CLKSourceConfig
 *fill*         0x08000522        0x2 
 .text.HAL_CRC_Init
                0x08000524       0x74 ./system/src/stm32f7-hal/stm32f7xx_hal_crc.o
                0x08000524                HAL_CRC_Init
 .text.HAL_CRCEx_Polynomial_Set
                0x08000598       0x4a ./system/src/stm32f7-hal/stm32f7xx_hal_crc_ex.o
                0x08000598                HAL_CRCEx_Polynomial_Set
 *fill*         0x080005e2        0x2 
 .text.DMA_CalcBaseAndBitshift
                0x080005e4       0x2c ./system/src/stm32f7-hal/stm32f7xx_hal_dma.o
 .text.HAL_DMA_Init
                0x08000610       0xfc ./system/src/stm32f7-hal/stm32f7xx_hal_dma.o
                0x08000610                HAL_DMA_Init
 .text.HAL_DMA_DeInit
                0x0800070c       0x54 ./system/src/stm32f7-hal/stm32f7xx_hal_dma.o
                0x0800070c                HAL_DMA_DeInit
 .text.HAL_DMA_Start_IT
                0x08000760       0x7a ./system/src/stm32f7-hal/stm32f7xx_hal_dma.o
                0x08000760                HAL_DMA_Start_IT
 .text.HAL_DMA_Abort_IT
                0x080007da       0x24 ./system/src/stm32f7-hal/stm32f7xx_hal_dma.o
                0x080007da                HAL_DMA_Abort_IT
 *fill*         0x080007fe        0x2 
 .text.HAL_DMA_IRQHandler
                0x08000800      0x17c ./system/src/stm32f7-hal/stm32f7xx_hal_dma.o
                0x08000800                HAL_DMA_IRQHandler
 .text.HAL_GPIO_Init
                0x0800097c      0x1bc ./system/src/stm32f7-hal/stm32f7xx_hal_gpio.o
                0x0800097c                HAL_GPIO_Init
 .text.HAL_GPIO_DeInit
                0x08000b38      0x134 ./system/src/stm32f7-hal/stm32f7xx_hal_gpio.o
                0x08000b38                HAL_GPIO_DeInit
 .text.HAL_GPIO_ReadPin
                0x08000c6c        0xc ./system/src/stm32f7-hal/stm32f7xx_hal_gpio.o
                0x08000c6c                HAL_GPIO_ReadPin
 .text.HAL_GPIO_WritePin
                0x08000c78        0xa ./system/src/stm32f7-hal/stm32f7xx_hal_gpio.o
                0x08000c78                HAL_GPIO_WritePin
 *fill*         0x08000c82        0x2 
 .text.HAL_PWREx_EnableOverDrive
                0x08000c84       0x70 ./system/src/stm32f7-hal/stm32f7xx_hal_pwr_ex.o
                0x08000c84                HAL_PWREx_EnableOverDrive
 .text.QSPI_Config
                0x08000cf4      0x166 ./system/src/stm32f7-hal/stm32f7xx_hal_qspi.o
 .text.QSPI_WaitFlagStateUntilTimeout
                0x08000e5a       0x50 ./system/src/stm32f7-hal/stm32f7xx_hal_qspi.o
 *fill*         0x08000eaa        0x2 
 .text.HAL_QSPI_Init
                0x08000eac       0xa4 ./system/src/stm32f7-hal/stm32f7xx_hal_qspi.o
                0x08000eac                HAL_QSPI_Init
 .text.HAL_QSPI_DeInit
                0x08000f50       0x26 ./system/src/stm32f7-hal/stm32f7xx_hal_qspi.o
                0x08000f50                HAL_QSPI_DeInit
 .text.HAL_QSPI_Command_IT
                0x08000f76       0x84 ./system/src/stm32f7-hal/stm32f7xx_hal_qspi.o
                0x08000f76                HAL_QSPI_Command_IT
 .text.HAL_QSPI_ErrorCallback
                0x08000ffa        0x2 ./system/src/stm32f7-hal/stm32f7xx_hal_qspi.o
                0x08000ffa                HAL_QSPI_ErrorCallback
 .text.QSPI_DMAAbortCplt
                0x08000ffc       0x36 ./system/src/stm32f7-hal/stm32f7xx_hal_qspi.o
 .text.HAL_QSPI_AbortCpltCallback
                0x08001032        0x2 ./system/src/stm32f7-hal/stm32f7xx_hal_qspi.o
                0x08001032                HAL_QSPI_AbortCpltCallback
 .text.HAL_QSPI_CmdCpltCallback
                0x08001034        0x2 ./system/src/stm32f7-hal/stm32f7xx_hal_qspi.o
                0x08001034                HAL_QSPI_CmdCpltCallback
 .text.HAL_QSPI_RxCpltCallback
                0x08001036        0x2 ./system/src/stm32f7-hal/stm32f7xx_hal_qspi.o
                0x08001036                HAL_QSPI_RxCpltCallback
 .text.HAL_QSPI_TxCpltCallback
                0x08001038        0x2 ./system/src/stm32f7-hal/stm32f7xx_hal_qspi.o
                0x08001038                HAL_QSPI_TxCpltCallback
 .text.HAL_QSPI_FifoThresholdCallback
                0x0800103a        0x2 ./system/src/stm32f7-hal/stm32f7xx_hal_qspi.o
                0x0800103a                HAL_QSPI_FifoThresholdCallback
 .text.HAL_QSPI_StatusMatchCallback
                0x0800103c        0x2 ./system/src/stm32f7-hal/stm32f7xx_hal_qspi.o
                0x0800103c                HAL_QSPI_StatusMatchCallback
 .text.HAL_QSPI_TimeOutCallback
                0x0800103e        0x2 ./system/src/stm32f7-hal/stm32f7xx_hal_qspi.o
                0x0800103e                HAL_QSPI_TimeOutCallback
 .text.HAL_QSPI_IRQHandler
                0x08001040      0x1e0 ./system/src/stm32f7-hal/stm32f7xx_hal_qspi.o
                0x08001040                HAL_QSPI_IRQHandler
 .text.HAL_RCC_OscConfig
                0x08001220      0x388 ./system/src/stm32f7-hal/stm32f7xx_hal_rcc.o
                0x08001220                HAL_RCC_OscConfig
 .text.HAL_RCC_GetSysClockFreq
                0x080015a8       0x5c ./system/src/stm32f7-hal/stm32f7xx_hal_rcc.o
                0x080015a8                HAL_RCC_GetSysClockFreq
 .text.HAL_RCC_ClockConfig
                0x08001604      0x13c ./system/src/stm32f7-hal/stm32f7xx_hal_rcc.o
                0x08001604                HAL_RCC_ClockConfig
 .text.HAL_RCC_GetHCLKFreq
                0x08001740        0xc ./system/src/stm32f7-hal/stm32f7xx_hal_rcc.o
                0x08001740                HAL_RCC_GetHCLKFreq
 .text.SPI_WaitFlagStateUntilTimeout.part.0
                0x0800174c       0x50 ./system/src/stm32f7-hal/stm32f7xx_hal_spi.o
 .text.SPI_WaitFlagStateUntilTimeout
                0x0800179c       0x42 ./system/src/stm32f7-hal/stm32f7xx_hal_spi.o
 .text.SPI_WaitFifoStateUntilTimeout
                0x080017de       0x44 ./system/src/stm32f7-hal/stm32f7xx_hal_spi.o
 .text.SPI_EndRxTxTransaction
                0x08001822       0x4e ./system/src/stm32f7-hal/stm32f7xx_hal_spi.o
 .text.HAL_SPI_Init
                0x08001870       0xc6 ./system/src/stm32f7-hal/stm32f7xx_hal_spi.o
                0x08001870                HAL_SPI_Init
 *fill*         0x08001936        0x2 
 .text.HAL_SPI_Transmit_DMA
                0x08001938      0x11c ./system/src/stm32f7-hal/stm32f7xx_hal_spi.o
                0x08001938                HAL_SPI_Transmit_DMA
 .text.HAL_SPI_TxCpltCallback
                0x08001a54        0x2 ./system/src/stm32f7-hal/stm32f7xx_hal_spi.o
                0x08001a54                HAL_SPI_TxCpltCallback
 .text.HAL_SPI_TxHalfCpltCallback
                0x08001a56        0x2 ./system/src/stm32f7-hal/stm32f7xx_hal_spi.o
                0x08001a56                HAL_SPI_TxHalfCpltCallback
 .text.SPI_DMAHalfTransmitCplt
                0x08001a58        0xa ./system/src/stm32f7-hal/stm32f7xx_hal_spi.o
 .text.HAL_SPI_ErrorCallback
                0x08001a62        0x2 ./system/src/stm32f7-hal/stm32f7xx_hal_spi.o
                0x08001a62                HAL_SPI_ErrorCallback
 .text.SPI_DMAError
                0x08001a64       0x22 ./system/src/stm32f7-hal/stm32f7xx_hal_spi.o
 .text.SPI_DMATransmitCplt
                0x08001a86       0x6a ./system/src/stm32f7-hal/stm32f7xx_hal_spi.o
 .text.HAL_SPI_GetState
                0x08001af0        0x6 ./system/src/stm32f7-hal/stm32f7xx_hal_spi.o
                0x08001af0                HAL_SPI_GetState
 *fill*         0x08001af6        0x2 
 .text.TIM_OC1_SetConfig
                0x08001af8       0x5c ./system/src/stm32f7-hal/stm32f7xx_hal_tim.o
 .text.TIM_OC3_SetConfig
                0x08001b54       0x60 ./system/src/stm32f7-hal/stm32f7xx_hal_tim.o
 .text.TIM_OC4_SetConfig
                0x08001bb4       0x50 ./system/src/stm32f7-hal/stm32f7xx_hal_tim.o
 .text.TIM_OC5_SetConfig
                0x08001c04       0x50 ./system/src/stm32f7-hal/stm32f7xx_hal_tim.o
 .text.TIM_OC6_SetConfig
                0x08001c54       0x50 ./system/src/stm32f7-hal/stm32f7xx_hal_tim.o
 .text.TIM_Base_SetConfig
                0x08001ca4       0xa0 ./system/src/stm32f7-hal/stm32f7xx_hal_tim.o
                0x08001ca4                TIM_Base_SetConfig
 .text.HAL_TIM_PWM_Init
                0x08001d44       0x34 ./system/src/stm32f7-hal/stm32f7xx_hal_tim.o
                0x08001d44                HAL_TIM_PWM_Init
 .text.TIM_OC2_SetConfig
                0x08001d78       0x64 ./system/src/stm32f7-hal/stm32f7xx_hal_tim.o
                0x08001d78                TIM_OC2_SetConfig
 .text.HAL_TIM_PWM_ConfigChannel
                0x08001ddc       0xfe ./system/src/stm32f7-hal/stm32f7xx_hal_tim.o
                0x08001ddc                HAL_TIM_PWM_ConfigChannel
 .text.TIM_CCxChannelCmd
                0x08001eda       0x1c ./system/src/stm32f7-hal/stm32f7xx_hal_tim.o
                0x08001eda                TIM_CCxChannelCmd
 *fill*         0x08001ef6        0x2 
 .text.HAL_TIM_OC_Start
                0x08001ef8       0x44 ./system/src/stm32f7-hal/stm32f7xx_hal_tim.o
                0x08001ef8                HAL_TIM_OC_Start
 .text.HAL_TIM_PWM_Start
                0x08001f3c        0x4 ./system/src/stm32f7-hal/stm32f7xx_hal_tim.o
                0x08001f3c                HAL_TIM_PWM_Start
 .text._exit    0x08001f40        0x6 ./system/src/newlib/exit.o
                0x08001f40                _exit
 *fill*         0x08001f46        0x2 
 .text._sbrk    0x08001f48       0x3c ./system/src/newlib/sbrk.o
                0x08001f48                _sbrk
 .text.__initialize_args
                0x08001f84       0x10 ./system/src/newlib/syscalls.o
                0x08001f84                __initialize_args
 .text.__initialize_hardware_early
                0x08001f94       0x24 ./system/src/cortexm/initialize-hardware.o
                0x08001f94                __initialize_hardware_early
 .text.__initialize_hardware
                0x08001fb8        0x4 ./system/src/cortexm/initialize-hardware.o
                0x08001fb8                __initialize_hardware
 .text.__reset_hardware
                0x08001fbc       0x24 ./system/src/cortexm/reset-hardware.o
                0x08001fbc                __reset_hardware
 .text.SystemInit
                0x08001fe0       0x1c ./system/src/cmsis/system_stm32f7xx.o
                0x08001fe0                SystemInit
 .text.SystemCoreClockUpdate
                0x08001ffc       0x70 ./system/src/cmsis/system_stm32f7xx.o
                0x08001ffc                SystemCoreClockUpdate
 .text.L2HAL_SetupClocks
                0x0800206c       0xac ./src/l2hal/src/l2hal.o
                0x0800206c                L2HAL_SetupClocks
 .text.L2HAL_Init
                0x08002118       0x12 ./src/l2hal/src/l2hal.o
                0x08002118                L2HAL_Init
 *fill*         0x0800212a        0x2 
 .text.HAL_QSPI_MspInit
                0x0800212c      0x12c ./src/l2hal/src/l2hal_custom.o
                0x0800212c                HAL_QSPI_MspInit
 .text.HAL_QSPI_MspDeInit
                0x08002258       0x80 ./src/l2hal/src/l2hal_custom.o
                0x08002258                HAL_QSPI_MspDeInit
 .text.HAL_CRC_MspInit
                0x080022d8       0x20 ./src/l2hal/src/l2hal_custom.o
                0x080022d8                HAL_CRC_MspInit
 .text.L2HAL_SetupBacklighTimer
                0x080022f8       0x4c ./src/l2hal/src/l2hal_custom.o
                0x080022f8                L2HAL_SetupBacklighTimer
 .text.HAL_TIM_PWM_MspInit
                0x08002344       0x50 ./src/l2hal/src/l2hal_custom.o
                0x08002344                HAL_TIM_PWM_MspInit
 .text.L2HAL_SetupSPI
                0x08002394       0x44 ./src/l2hal/src/l2hal_custom.o
                0x08002394                L2HAL_SetupSPI
 .text.L2HAL_InitCustomHardware
                0x080023d8        0xe ./src/l2hal/src/l2hal_custom.o
                0x080023d8                L2HAL_InitCustomHardware
 *fill*         0x080023e6        0x2 
 .text.HAL_SPI_MspInit
                0x080023e8      0x130 ./src/l2hal/src/l2hal_custom.o
                0x080023e8                HAL_SPI_MspInit
 .text.L2HAL_DisplayDmaCompleted
                0x08002518        0xc ./src/l2hal/src/l2hal_custom.o
                0x08002518                L2HAL_DisplayDmaCompleted
 .text.L2HAL_Error
                0x08002524       0x44 ./src/l2hal/src/l2hal_errors.o
                0x08002524                L2HAL_Error
 .text.L2HAL_SysTick_Init
                0x08002568        0xc ./src/l2hal/src/l2hal_systick.o
                0x08002568                L2HAL_SysTick_Init
 .text.L2HAL_SysTick_RegisterHandler
                0x08002574       0x24 ./src/l2hal/src/l2hal_systick.o
                0x08002574                L2HAL_SysTick_RegisterHandler
 .text.L2HAL_SysTick_Callback
                0x08002598       0x24 ./src/l2hal/src/l2hal_systick.o
                0x08002598                L2HAL_SysTick_Callback
 .text.L2HAL_MCU_ClockPortIn
                0x080025bc      0x184 ./src/l2hal/mcu_dependent/mcus/stm32f767zit6u/l2hal_stm32f767zit6u.o
                0x080025bc                L2HAL_MCU_ClockPortIn
 .text.L2HAL_LY68L6400_QSPI_SoftSpi_Init
                0x08002740       0x90 ./src/l2hal/drivers/ram/ly68l6400_qspi/src/l2hal_ly68l6400_qspi.o
                0x08002740                L2HAL_LY68L6400_QSPI_SoftSpi_Init
 .text.L2HAL_LY68L6400_QSPI_SoftSpi_SelectChip
                0x080027d0       0x20 ./src/l2hal/drivers/ram/ly68l6400_qspi/src/l2hal_ly68l6400_qspi.o
                0x080027d0                L2HAL_LY68L6400_QSPI_SoftSpi_SelectChip
 .text.L2HAL_LY68L6400_QSPI_SoftSpi_SetClockState
                0x080027f0       0x10 ./src/l2hal/drivers/ram/ly68l6400_qspi/src/l2hal_ly68l6400_qspi.o
                0x080027f0                L2HAL_LY68L6400_QSPI_SoftSpi_SetClockState
 .text.L2HAL_LY68L6400_QSPI_SoftSpi_SetMosiState
                0x08002800       0x10 ./src/l2hal/drivers/ram/ly68l6400_qspi/src/l2hal_ly68l6400_qspi.o
                0x08002800                L2HAL_LY68L6400_QSPI_SoftSpi_SetMosiState
 .text.L2HAL_LY68L6400_QSPI_SoftSpi_ReadMisoState
                0x08002810        0x8 ./src/l2hal/drivers/ram/ly68l6400_qspi/src/l2hal_ly68l6400_qspi.o
                0x08002810                L2HAL_LY68L6400_QSPI_SoftSpi_ReadMisoState
 .text.L2HAL_LY68L6400_QSPI_SoftSpi_SwapBytes
                0x08002818       0x60 ./src/l2hal/drivers/ram/ly68l6400_qspi/src/l2hal_ly68l6400_qspi.o
                0x08002818                L2HAL_LY68L6400_QSPI_SoftSpi_SwapBytes
 .text.L2HAL_LY68L6400_QSPI_InitQspi
                0x08002878       0x32 ./src/l2hal/drivers/ram/ly68l6400_qspi/src/l2hal_ly68l6400_qspi.o
                0x08002878                L2HAL_LY68L6400_QSPI_InitQspi
 .text.L2HAL_LY68L6400_QSPI_ExitQspiMode
                0x080028aa       0x34 ./src/l2hal/drivers/ram/ly68l6400_qspi/src/l2hal_ly68l6400_qspi.o
                0x080028aa                L2HAL_LY68L6400_QSPI_ExitQspiMode
 .text.L2HAL_LY68L6400_QSPI_Init
                0x080028de       0xf6 ./src/l2hal/drivers/ram/ly68l6400_qspi/src/l2hal_ly68l6400_qspi.o
                0x080028de                L2HAL_LY68L6400_QSPI_Init
 .text.L2HAL_CRC_Init
                0x080029d4       0x40 ./src/l2hal/drivers/internal/crc/src/l2hal_crc.o
                0x080029d4                L2HAL_CRC_Init
 .text.L2HAL_GC9A01_LFB_SelectChip
                0x08002a14       0x14 ./src/l2hal/drivers/display/gc9a01_local_framebuffer/src/l2hal_gc9a01_lfb.o
                0x08002a14                L2HAL_GC9A01_LFB_SelectChip
 .text.L2HAL_GC9A01_LFB_ResetDisplay
                0x08002a28       0x34 ./src/l2hal/drivers/display/gc9a01_local_framebuffer/src/l2hal_gc9a01_lfb.o
                0x08002a28                L2HAL_GC9A01_LFB_ResetDisplay
 .text.L2HAL_GC9A01_LFB_GetWidth
                0x08002a5c        0x4 ./src/l2hal/drivers/display/gc9a01_local_framebuffer/src/l2hal_gc9a01_lfb.o
                0x08002a5c                L2HAL_GC9A01_LFB_GetWidth
 .text.L2HAL_GC9A01_LFB_GetHeight
                0x08002a60        0x4 ./src/l2hal/drivers/display/gc9a01_local_framebuffer/src/l2hal_gc9a01_lfb.o
                0x08002a60                L2HAL_GC9A01_LFB_GetHeight
 .text.L2HAL_GC9A01_LFB_DrawPixel
                0x08002a64       0x1c ./src/l2hal/drivers/display/gc9a01_local_framebuffer/src/l2hal_gc9a01_lfb.o
                0x08002a64                L2HAL_GC9A01_LFB_DrawPixel
 .text.L2HAL_GC9A01_LFB_GetPixel
                0x08002a80       0x28 ./src/l2hal/drivers/display/gc9a01_local_framebuffer/src/l2hal_gc9a01_lfb.o
                0x08002a80                L2HAL_GC9A01_LFB_GetPixel
 .text.L2HAL_GC9A01_LFB_SetActiveColor
                0x08002aa8       0x14 ./src/l2hal/drivers/display/gc9a01_local_framebuffer/src/l2hal_gc9a01_lfb.o
                0x08002aa8                L2HAL_GC9A01_LFB_SetActiveColor
 .text.L2HAL_GC9A01_LFB_ClearFramebuffer
                0x08002abc       0x10 ./src/l2hal/drivers/display/gc9a01_local_framebuffer/src/l2hal_gc9a01_lfb.o
                0x08002abc                L2HAL_GC9A01_LFB_ClearFramebuffer
 .text.L2HAL_GC9A01_LFB_MarkDataTransferAsCompleted
                0x08002acc        0xc ./src/l2hal/drivers/display/gc9a01_local_framebuffer/src/l2hal_gc9a01_lfb.o
                0x08002acc                L2HAL_GC9A01_LFB_MarkDataTransferAsCompleted
 .text.L2HAL_GC9A01_LFB_WaitForDataTransferCompletion
                0x08002ad8       0x1c ./src/l2hal/drivers/display/gc9a01_local_framebuffer/src/l2hal_gc9a01_lfb.o
                0x08002ad8                L2HAL_GC9A01_LFB_WaitForDataTransferCompletion
 .text.L2HAL_GC9A01_LFB_WriteCommand
                0x08002af4       0x4c ./src/l2hal/drivers/display/gc9a01_local_framebuffer/src/l2hal_gc9a01_lfb.o
                0x08002af4                L2HAL_GC9A01_LFB_WriteCommand
 .text.L2HAL_GC9A01_LFB_WriteData
                0x08002b40       0x4a ./src/l2hal/drivers/display/gc9a01_local_framebuffer/src/l2hal_gc9a01_lfb.o
                0x08002b40                L2HAL_GC9A01_LFB_WriteData
 .text.L2HAL_GC9A01_LFB_WriteByteData
                0x08002b8a       0x16 ./src/l2hal/drivers/display/gc9a01_local_framebuffer/src/l2hal_gc9a01_lfb.o
                0x08002b8a                L2HAL_GC9A01_LFB_WriteByteData
 .text.L2HAL_GC9A01_LFB_SetColumnsRange
                0x08002ba0       0x2a ./src/l2hal/drivers/display/gc9a01_local_framebuffer/src/l2hal_gc9a01_lfb.o
                0x08002ba0                L2HAL_GC9A01_LFB_SetColumnsRange
 .text.L2HAL_GC9A01_LFB_SetRowsRange
                0x08002bca       0x2a ./src/l2hal/drivers/display/gc9a01_local_framebuffer/src/l2hal_gc9a01_lfb.o
                0x08002bca                L2HAL_GC9A01_LFB_SetRowsRange
 .text.L2HAL_GC9A01_LFB_PushFramebuffer
                0x08002bf4       0x40 ./src/l2hal/drivers/display/gc9a01_local_framebuffer/src/l2hal_gc9a01_lfb.o
                0x08002bf4                L2HAL_GC9A01_LFB_PushFramebuffer
 .text.L2HAL_GC9A01_LFB_ClearDisplay
                0x08002c34       0x12 ./src/l2hal/drivers/display/gc9a01_local_framebuffer/src/l2hal_gc9a01_lfb.o
                0x08002c34                L2HAL_GC9A01_LFB_ClearDisplay
 .text.L2HAL_GC9A01_LFB_Init
                0x08002c46      0x638 ./src/l2hal/drivers/display/gc9a01_local_framebuffer/src/l2hal_gc9a01_lfb.o
                0x08002c46                L2HAL_GC9A01_LFB_Init
 .text.FMGL_API_AttachToDriver
                0x0800327e       0x46 ./src/fmgl/src/fmgl.o
                0x0800327e                FMGL_API_AttachToDriver
 .text.FMGL_API_SetActiveColor
                0x080032c4       0x14 ./src/fmgl/src/fmgl.o
                0x080032c4                FMGL_API_SetActiveColor
 .text.FMGL_API_DrawPixel
                0x080032d8        0x6 ./src/fmgl/src/fmgl.o
                0x080032d8                FMGL_API_DrawPixel
 .text.FMGL_API_PushFramebuffer
                0x080032de        0x6 ./src/fmgl/src/fmgl.o
                0x080032de                FMGL_API_PushFramebuffer
 .text.FMGL_API_RenderXBM
                0x080032e4       0xe2 ./src/fmgl/src/fmgl.o
                0x080032e4                FMGL_API_RenderXBM
 .text.FMGL_API_RenderOneLineDumb
                0x080033c6       0x76 ./src/fmgl/src/fmgl.o
                0x080033c6                FMGL_API_RenderOneLineDumb
 .text.FMGL_API_RenderTextWithLineBreaks
                0x0800343c       0xb2 ./src/fmgl/src/fmgl.o
                0x0800343c                FMGL_API_RenderTextWithLineBreaks
 .text.FMGL_Priv_IsActiveXBMPixel
                0x080034ee       0x38 ./src/fmgl/src/fmgl_private.o
                0x080034ee                FMGL_Priv_IsActiveXBMPixel
 .text.FMGL_Priv_RenderCharacter
                0x08003526       0x68 ./src/fmgl/src/fmgl_private.o
                0x08003526                FMGL_Priv_RenderCharacter
 .text.FMGL_Priv_RenderSubstring
                0x0800358e       0x7e ./src/fmgl/src/fmgl_private.o
                0x0800358e                FMGL_Priv_RenderSubstring
 .text.FMGL_FontTerminusRegular12GetCharacterWidth
                0x0800360c        0x4 ./src/fmgl/fonts/src/terminusRegular12.o
                0x0800360c                FMGL_FontTerminusRegular12GetCharacterWidth
 .text.FMGL_FontTerminusRegular12GetCharacterRaster
                0x08003610       0x1c ./src/fmgl/fonts/src/terminusRegular12.o
                0x08003610                FMGL_FontTerminusRegular12GetCharacterRaster
 .text.FMGL_FontTerminusRegular12Init
                0x0800362c       0x18 ./src/fmgl/fonts/src/terminusRegular12.o
                0x0800362c                FMGL_FontTerminusRegular12Init
 .text.HAL_IntiHardware
                0x08003644      0x150 ./src/hal.o
                0x08003644                HAL_IntiHardware
 .text.HAL_SetBacklightLevel
                0x08003794       0x50 ./src/hal.o
                0x08003794                HAL_SetBacklightLevel
 .text.SysTick_Handler
                0x080037e4        0xe ./src/interrupts.o
                0x080037e4                SysTick_Handler
 *fill*         0x080037f2        0x2 
 .text.QUADSPI_IRQHandler
                0x080037f4        0xc ./src/interrupts.o
                0x080037f4                QUADSPI_IRQHandler
 .text.DMA2_Stream7_IRQHandler
                0x08003800        0xc ./src/interrupts.o
                0x08003800                DMA2_Stream7_IRQHandler
 .text.DMA2_Stream3_IRQHandler
                0x0800380c       0x18 ./src/interrupts.o
                0x0800380c                DMA2_Stream3_IRQHandler
 .text.DMA2_Stream2_IRQHandler
                0x08003824        0xc ./src/interrupts.o
                0x08003824                DMA2_Stream2_IRQHandler
 .text.FpsHandler
                0x08003830       0x3c ./src/main.o
                0x08003830                FpsHandler
 .text.startup.main
                0x0800386c      0x180 ./src/main.o
                0x0800386c                main
 .text.HAL_MspInit
                0x080039ec        0x2 ./src/stm32f7xx_hal_msp.o
                0x080039ec                HAL_MspInit
 *fill*         0x080039ee        0x2 
 .text          0x080039f0       0x30 /home/earlybeasts/.local/xPacks/@xpack-dev-tools/arm-none-eabi-gcc/13.2.1-1.1.1/.content/bin/../lib/gcc/arm-none-eabi/13.2.1/thumb/v7e-m+dp/hard/libgcc.a(_aeabi_uldivmod.o)
                0x080039f0                __aeabi_uldivmod
 .text.__udivmoddi4
                0x08003a20      0x2bc /home/earlybeasts/.local/xPacks/@xpack-dev-tools/arm-none-eabi-gcc/13.2.1-1.1.1/.content/bin/../lib/gcc/arm-none-eabi/13.2.1/thumb/v7e-m+dp/hard/libgcc.a(_udivmoddi4.o)
                0x08003a20                __udivmoddi4
 .text          0x08003cdc        0x4 /home/earlybeasts/.local/xPacks/@xpack-dev-tools/arm-none-eabi-gcc/13.2.1-1.1.1/.content/bin/../lib/gcc/arm-none-eabi/13.2.1/thumb/v7e-m+dp/hard/libgcc.a(_dvmd_tls.o)
                0x08003cdc                __aeabi_ldiv0
                0x08003cdc                __aeabi_idiv0
 .text.sbrk_aligned
                0x08003ce0       0x44 /home/earlybeasts/.local/xPacks/@xpack-dev-tools/arm-none-eabi-gcc/13.2.1-1.1.1/.content/bin/../lib/gcc/arm-none-eabi/13.2.1/../../../../arm-none-eabi/lib/thumb/v7e-m+dp/hard/libg_nano.a(libc_a-mallocr.o)
 .text._malloc_r
                0x08003d24      0x100 /home/earlybeasts/.local/xPacks/@xpack-dev-tools/arm-none-eabi-gcc/13.2.1-1.1.1/.content/bin/../lib/gcc/arm-none-eabi/13.2.1/../../../../arm-none-eabi/lib/thumb/v7e-m+dp/hard/libg_nano.a(libc_a-mallocr.o)
                0x08003d24                _malloc_r
 .text.__malloc_lock
                0x08003e24        0xc /home/earlybeasts/.local/xPacks/@xpack-dev-tools/arm-none-eabi-gcc/13.2.1-1.1.1/.content/bin/../lib/gcc/arm-none-eabi/13.2.1/../../../../arm-none-eabi/lib/thumb/v7e-m+dp/hard/libg_nano.a(libc_a-mlock.o)
                0x08003e24                __malloc_lock
 .text.__malloc_unlock
                0x08003e30        0xc /home/earlybeasts/.local/xPacks/@xpack-dev-tools/arm-none-eabi-gcc/13.2.1-1.1.1/.content/bin/../lib/gcc/arm-none-eabi/13.2.1/../../../../arm-none-eabi/lib/thumb/v7e-m+dp/hard/libg_nano.a(libc_a-mlock.o)
                0x08003e30                __malloc_unlock
 .text._realloc_r
                0x08003e3c       0x5c /home/earlybeasts/.local/xPacks/@xpack-dev-tools/arm-none-eabi-gcc/13.2.1-1.1.1/.content/bin/../lib/gcc/arm-none-eabi/13.2.1/../../../../arm-none-eabi/lib/thumb/v7e-m+dp/hard/libg_nano.a(libc_a-reallocr.o)
                0x08003e3c                _realloc_r
 .text.sprintf  0x08003e98       0x40 /home/earlybeasts/.local/xPacks/@xpack-dev-tools/arm-none-eabi-gcc/13.2.1-1.1.1/.content/bin/../lib/gcc/arm-none-eabi/13.2.1/../../../../arm-none-eabi/lib/thumb/v7e-m+dp/hard/libg_nano.a(libc_a-sprintf.o)
                0x08003e98                sprintf
                0x08003e98                siprintf
 .text.memset   0x08003ed8       0x10 /home/earlybeasts/.local/xPacks/@xpack-dev-tools/arm-none-eabi-gcc/13.2.1-1.1.1/.content/bin/../lib/gcc/arm-none-eabi/13.2.1/../../../../arm-none-eabi/lib/thumb/v7e-m+dp/hard/libg_nano.a(libc_a-memset.o)
                0x08003ed8                memset
 .text._sbrk_r  0x08003ee8       0x20 /home/earlybeasts/.local/xPacks/@xpack-dev-tools/arm-none-eabi-gcc/13.2.1-1.1.1/.content/bin/../lib/gcc/arm-none-eabi/13.2.1/../../../../arm-none-eabi/lib/thumb/v7e-m+dp/hard/libg_nano.a(libc_a-sbrkr.o)
                0x08003ee8                _sbrk_r
 .text.__errno  0x08003f08        0xc /home/earlybeasts/.local/xPacks/@xpack-dev-tools/arm-none-eabi-gcc/13.2.1-1.1.1/.content/bin/../lib/gcc/arm-none-eabi/13.2.1/../../../../arm-none-eabi/lib/thumb/v7e-m+dp/hard/libg_nano.a(libc_a-errno.o)
                0x08003f08                __errno
 .text.__retarget_lock_acquire_recursive
                0x08003f14        0x2 /home/earlybeasts/.local/xPacks/@xpack-dev-tools/arm-none-eabi-gcc/13.2.1-1.1.1/.content/bin/../lib/gcc/arm-none-eabi/13.2.1/../../../../arm-none-eabi/lib/thumb/v7e-m+dp/hard/libg_nano.a(libc_a-lock.o)
                0x08003f14                __retarget_lock_acquire_recursive
 .text.__retarget_lock_release_recursive
                0x08003f16        0x2 /home/earlybeasts/.local/xPacks/@xpack-dev-tools/arm-none-eabi-gcc/13.2.1-1.1.1/.content/bin/../lib/gcc/arm-none-eabi/13.2.1/../../../../arm-none-eabi/lib/thumb/v7e-m+dp/hard/libg_nano.a(libc_a-lock.o)
                0x08003f16                __retarget_lock_release_recursive
 .text.memcpy   0x08003f18       0x1c /home/earlybeasts/.local/xPacks/@xpack-dev-tools/arm-none-eabi-gcc/13.2.1-1.1.1/.content/bin/../lib/gcc/arm-none-eabi/13.2.1/../../../../arm-none-eabi/lib/thumb/v7e-m+dp/hard/libg_nano.a(libc_a-memcpy-stub.o)
                0x08003f18                memcpy
 .text          0x08003f34       0x10 /home/earlybeasts/.local/xPacks/@xpack-dev-tools/arm-none-eabi-gcc/13.2.1-1.1.1/.content/bin/../lib/gcc/arm-none-eabi/13.2.1/../../../../arm-none-eabi/lib/thumb/v7e-m+dp/hard/libg_nano.a(libc_a-strlen.o)
                0x08003f34                strlen
 .text._free_r  0x08003f44       0x94 /home/earlybeasts/.local/xPacks/@xpack-dev-tools/arm-none-eabi-gcc/13.2.1-1.1.1/.content/bin/../lib/gcc/arm-none-eabi/13.2.1/../../../../arm-none-eabi/lib/thumb/v7e-m+dp/hard/libg_nano.a(libc_a-freer.o)
                0x08003f44                _free_r
 .text._malloc_usable_size_r
                0x08003fd8       0x10 /home/earlybeasts/.local/xPacks/@xpack-dev-tools/arm-none-eabi-gcc/13.2.1-1.1.1/.content/bin/../lib/gcc/arm-none-eabi/13.2.1/../../../../arm-none-eabi/lib/thumb/v7e-m+dp/hard/libg_nano.a(libc_a-msizer.o)
                0x08003fd8                _malloc_usable_size_r
 .text.__ssputs_r
                0x08003fe8       0xb6 /home/earlybeasts/.local/xPacks/@xpack-dev-tools/arm-none-eabi-gcc/13.2.1-1.1.1/.content/bin/../lib/gcc/arm-none-eabi/13.2.1/../../../../arm-none-eabi/lib/thumb/v7e-m+dp/hard/libg_nano.a(libc_a-nano-svfprintf.o)
                0x08003fe8                __ssputs_r
 *fill*         0x0800409e        0x2 
 .text._svfprintf_r
                0x080040a0      0x1f8 /home/earlybeasts/.local/xPacks/@xpack-dev-tools/arm-none-eabi-gcc/13.2.1-1.1.1/.content/bin/../lib/gcc/arm-none-eabi/13.2.1/../../../../arm-none-eabi/lib/thumb/v7e-m+dp/hard/libg_nano.a(libc_a-nano-svfprintf.o)
                0x080040a0                _svfprintf_r
                0x080040a0                _svfiprintf_r
 .text._printf_common
                0x08004298       0xda /home/earlybeasts/.local/xPacks/@xpack-dev-tools/arm-none-eabi-gcc/13.2.1-1.1.1/.content/bin/../lib/gcc/arm-none-eabi/13.2.1/../../../../arm-none-eabi/lib/thumb/v7e-m+dp/hard/libg_nano.a(libc_a-nano-vfprintf_i.o)
                0x08004298                _printf_common
 *fill*         0x08004372        0x2 
 .text._printf_i
                0x08004374      0x23c /home/earlybeasts/.local/xPacks/@xpack-dev-tools/arm-none-eabi-gcc/13.2.1-1.1.1/.content/bin/../lib/gcc/arm-none-eabi/13.2.1/../../../../arm-none-eabi/lib/thumb/v7e-m+dp/hard/libg_nano.a(libc_a-nano-vfprintf_i.o)
                0x08004374                _printf_i
 .text.memmove  0x080045b0       0x34 /home/earlybeasts/.local/xPacks/@xpack-dev-tools/arm-none-eabi-gcc/13.2.1-1.1.1/.content/bin/../lib/gcc/arm-none-eabi/13.2.1/../../../../arm-none-eabi/lib/thumb/v7e-m+dp/hard/libg_nano.a(libc_a-memmove.o)
                0x080045b0                memmove
 *fill*         0x080045e4        0xc 
 .text          0x080045f0       0xa0 /home/earlybeasts/.local/xPacks/@xpack-dev-tools/arm-none-eabi-gcc/13.2.1-1.1.1/.content/bin/../lib/gcc/arm-none-eabi/13.2.1/../../../../arm-none-eabi/lib/thumb/v7e-m+dp/hard/libg_nano.a(libc_a-memchr.o)
                0x080045f0                memchr
 *(.rodata .rodata.* .constdata .constdata.*)
 .rodata.flagBitshiftOffset.0
                0x08004690        0x8 ./system/src/stm32f7-hal/stm32f7xx_hal_dma.o
 .rodata.AHBPrescTable
                0x08004698       0x10 ./system/src/cmsis/system_stm32f7xx.o
                0x08004698                AHBPrescTable
 .rodata.FMGL_FontTerminusRegular12_WrongCharacterCode
                0x080046a8        0xc ./src/fmgl/fonts/src/terminusRegular12.o
 .rodata.FMGL_FontTerminusRegular12Characters
                0x080046b4      0xa80 ./src/fmgl/fonts/src/terminusRegular12.o
 .rodata.FpsHandler.str1.1
                0x08005134       0x3b ./src/main.o
                                  0x8 (size before relaxing)
 .rodata._svfprintf_r.str1.1
                0x0800516f       0x11 /home/earlybeasts/.local/xPacks/@xpack-dev-tools/arm-none-eabi-gcc/13.2.1-1.1.1/.content/bin/../lib/gcc/arm-none-eabi/13.2.1/../../../../arm-none-eabi/lib/thumb/v7e-m+dp/hard/libg_nano.a(libc_a-nano-svfprintf.o)
 .rodata._printf_i.str1.1
                0x0800516f       0x22 /home/earlybeasts/.local/xPacks/@xpack-dev-tools/arm-none-eabi-gcc/13.2.1-1.1.1/.content/bin/../lib/gcc/arm-none-eabi/13.2.1/../../../../arm-none-eabi/lib/thumb/v7e-m+dp/hard/libg_nano.a(libc_a-nano-vfprintf_i.o)
 *(vtable)
 *(.eh_frame*)
 *fill*         0x0800516f        0x1 
 .eh_frame      0x08005170       0x28 /home/earlybeasts/.local/xPacks/@xpack-dev-tools/arm-none-eabi-gcc/13.2.1-1.1.1/.content/bin/../lib/gcc/arm-none-eabi/13.2.1/../../../../arm-none-eabi/lib/thumb/v7e-m+dp/hard/libg_nano.a(libc_a-strlen.o)
 .eh_frame      0x08005198       0x50 /home/earlybeasts/.local/xPacks/@xpack-dev-tools/arm-none-eabi-gcc/13.2.1-1.1.1/.content/bin/../lib/gcc/arm-none-eabi/13.2.1/../../../../arm-none-eabi/lib/thumb/v7e-m+dp/hard/libg_nano.a(libc_a-memchr.o)
 *(.glue_7)
 .glue_7        0x080051e8        0x0 linker stubs
 *(.glue_7t)
 .glue_7t       0x080051e8        0x0 linker stubs

.vfp11_veneer   0x080051e8        0x0
 .vfp11_veneer  0x080051e8        0x0 linker stubs

.v4_bx          0x080051e8        0x0
 .v4_bx         0x080051e8        0x0 linker stubs

.iplt           0x080051e8        0x0
 .iplt          0x080051e8        0x0 ./system/src/stm32f7-hal/stm32f7xx_hal.o

.ARM.extab
 *(.ARM.extab* .gnu.linkonce.armextab.*)
                0x080051e8                        . = ALIGN (0x4)
                0x080051e8                        __exidx_start = .

.ARM.exidx      0x080051e8        0x8
 *(.ARM.exidx* .gnu.linkonce.armexidx.*)
 .ARM.exidx.text.__udivmoddi4
                0x080051e8        0x8 /home/earlybeasts/.local/xPacks/@xpack-dev-tools/arm-none-eabi-gcc/13.2.1-1.1.1/.content/bin/../lib/gcc/arm-none-eabi/13.2.1/thumb/v7e-m+dp/hard/libgcc.a(_udivmoddi4.o)
 .ARM.exidx     0x080051f0        0x0 /home/earlybeasts/.local/xPacks/@xpack-dev-tools/arm-none-eabi-gcc/13.2.1-1.1.1/.content/bin/../lib/gcc/arm-none-eabi/13.2.1/../../../../arm-none-eabi/lib/thumb/v7e-m+dp/hard/libg_nano.a(libc_a-strlen.o)
                                  0x8 (size before relaxing)
 .ARM.exidx     0x080051f0        0x0 /home/earlybeasts/.local/xPacks/@xpack-dev-tools/arm-none-eabi-gcc/13.2.1-1.1.1/.content/bin/../lib/gcc/arm-none-eabi/13.2.1/../../../../arm-none-eabi/lib/thumb/v7e-m+dp/hard/libg_nano.a(libc_a-memchr.o)
                                  0x8 (size before relaxing)
                0x080051f0                        __exidx_end = .

.rel.dyn        0x080051f0        0x0
 .rel.iplt      0x080051f0        0x0 ./system/src/stm32f7-hal/stm32f7xx_hal.o
                0x080051f0                        . = ALIGN (0x4)
                0x080051f0                        _etext = .
                0x080051f0                        __etext = .

.data_CCMRAM    0x10000000        0x0 load address 0x080051f0
 FILL mask 0xff
 *(.data.CCMRAM .data.CCMRAM.*)
                0x10000000                        . = ALIGN (0x4)
                0x080051f0                        _sidata = LOADADDR (.data)

.data           0x20000000       0x64 load address 0x080051f0
 FILL mask 0xff
                0x20000000                        _sdata = .
                0x20000000                        __data_start__ = .
 *(.data_begin .data_begin.*)
 *(.data .data.*)
 .data.uwTickFreq
                0x20000000        0x1 ./system/src/stm32f7-hal/stm32f7xx_hal.o
                0x20000000                uwTickFreq
 *fill*         0x20000001        0x3 ff
 .data.uwTickPrio
                0x20000004        0x4 ./system/src/stm32f7-hal/stm32f7xx_hal.o
                0x20000004                uwTickPrio
 .data.argv.1   0x20000008        0x8 ./system/src/newlib/syscalls.o
 .data.SystemCoreClock
                0x20000010        0x4 ./system/src/cmsis/system_stm32f7xx.o
                0x20000010                SystemCoreClock
 .data._impure_ptr
                0x20000014        0x4 /home/earlybeasts/.local/xPacks/@xpack-dev-tools/arm-none-eabi-gcc/13.2.1-1.1.1/.content/bin/../lib/gcc/arm-none-eabi/13.2.1/../../../../arm-none-eabi/lib/thumb/v7e-m+dp/hard/libg_nano.a(libc_a-impure.o)
                0x20000014                _impure_ptr
 .data._impure_data
                0x20000018       0x4c /home/earlybeasts/.local/xPacks/@xpack-dev-tools/arm-none-eabi-gcc/13.2.1-1.1.1/.content/bin/../lib/gcc/arm-none-eabi/13.2.1/../../../../arm-none-eabi/lib/thumb/v7e-m+dp/hard/libg_nano.a(libc_a-impure.o)
                0x20000018                _impure_data
 *(.data_end .data_end.*)
                0x20000064                        . = ALIGN (0x4)
                0x20000064                        _edata = .
                0x20000064                        __data_end__ = .

.igot.plt       0x20000064        0x0 load address 0x08005254
 .igot.plt      0x20000064        0x0 ./system/src/stm32f7-hal/stm32f7xx_hal.o

.bss_CCMRAM     0x10000000        0x0
 *(.bss.CCMRAM .bss.CCMRAM.*)

.bss            0x20000064    0x2a644
                0x20000064                        __bss_start__ = .
                0x20000064                        _sbss = .
 *(.bss_begin .bss_begin.*)
 *(.bss .bss.*)
 .bss.uwTick    0x20000064        0x4 ./system/src/stm32f7-hal/stm32f7xx_hal.o
                0x20000064                uwTick
 .bss.current_heap_end.0
                0x20000068        0x4 ./system/src/newlib/sbrk.o
 .bss.name.0    0x2000006c        0x1 ./system/src/newlib/syscalls.o
 *fill*         0x2000006d        0x3 
 .bss.errno     0x20000070        0x4 ./system/src/newlib/syscalls.o
                0x20000070                errno
 .bss.fpsMessageBuffer
                0x20000074       0x20 ./src/main.o
                0x20000074                fpsMessageBuffer
 .bss.fps       0x20000094        0x2 ./src/main.o
                0x20000094                fps
 .bss.fpsHandlerCounter
                0x20000096        0x2 ./src/main.o
                0x20000096                fpsHandlerCounter
 .bss.fpsCounter
                0x20000098        0x2 ./src/main.o
                0x20000098                fpsCounter
 *fill*         0x2000009a        0x2 
 .bss.font      0x2000009c       0x18 ./src/main.o
                0x2000009c                font
 .bss.FmglContext
                0x200000b4       0x28 ./src/main.o
                0x200000b4                FmglContext
 .bss.DisplayContext
                0x200000dc    0x2a324 ./src/main.o
                0x200000dc                DisplayContext
 .bss.Spi1RxDmaHandle
                0x2002a400       0x60 ./src/main.o
                0x2002a400                Spi1RxDmaHandle
 .bss.Spi1TxDmaHandle
                0x2002a460       0x60 ./src/main.o
                0x2002a460                Spi1TxDmaHandle
 .bss.Spi1Handle
                0x2002a4c0       0x64 ./src/main.o
                0x2002a4c0                Spi1Handle
 .bss.CRC_Context
                0x2002a524       0x24 ./src/main.o
                0x2002a524                CRC_Context
 .bss.BacklightTimerHandle
                0x2002a548       0x40 ./src/main.o
                0x2002a548                BacklightTimerHandle
 .bss.RamContext
                0x2002a588       0x24 ./src/main.o
                0x2002a588                RamContext
 .bss.QspiDmaHandle
                0x2002a5ac       0x60 ./src/main.o
                0x2002a5ac                QspiDmaHandle
 .bss.QspiHandle
                0x2002a60c       0x4c ./src/main.o
                0x2002a60c                QspiHandle
 .bss.L2HAL_SysTick_Context
                0x2002a658       0x44 ./src/main.o
                0x2002a658                L2HAL_SysTick_Context
 .bss.__malloc_sbrk_start
                0x2002a69c        0x4 /home/earlybeasts/.local/xPacks/@xpack-dev-tools/arm-none-eabi-gcc/13.2.1-1.1.1/.content/bin/../lib/gcc/arm-none-eabi/13.2.1/../../../../arm-none-eabi/lib/thumb/v7e-m+dp/hard/libg_nano.a(libc_a-mallocr.o)
                0x2002a69c                __malloc_sbrk_start
 .bss.__malloc_free_list
                0x2002a6a0        0x4 /home/earlybeasts/.local/xPacks/@xpack-dev-tools/arm-none-eabi-gcc/13.2.1-1.1.1/.content/bin/../lib/gcc/arm-none-eabi/13.2.1/../../../../arm-none-eabi/lib/thumb/v7e-m+dp/hard/libg_nano.a(libc_a-mallocr.o)
                0x2002a6a0                __malloc_free_list
 .bss.__lock___malloc_recursive_mutex
                0x2002a6a4        0x1 /home/earlybeasts/.local/xPacks/@xpack-dev-tools/arm-none-eabi-gcc/13.2.1-1.1.1/.content/bin/../lib/gcc/arm-none-eabi/13.2.1/../../../../arm-none-eabi/lib/thumb/v7e-m+dp/hard/libg_nano.a(libc_a-lock.o)
                0x2002a6a4                __lock___malloc_recursive_mutex
 *(COMMON)
 *(.bss_end .bss_end.*)
                0x2002a6a8                        . = ALIGN (0x4)
 *fill*         0x2002a6a5        0x3 
                0x2002a6a8                        __bss_end__ = .
                0x2002a6a8                        _ebss = .

.noinit_CCMRAM
 *(.noinit.CCMRAM .noinit.CCMRAM.*)

.noinit         0x2002a6a8        0x0
                0x2002a6a8                        _noinit = .
 *(.noinit .noinit.*)
                0x2002a6a8                        . = ALIGN (0x4)
                0x2002a6a8                        _end_noinit = .
                [!provide]                        PROVIDE (end = _end_noinit)
                [!provide]                        PROVIDE (_end = _end_noinit)
                [!provide]                        PROVIDE (__end = _end_noinit)
                [!provide]                        PROVIDE (__end__ = _end_noinit)

._check_stack   0x2002a6a8      0x100
                0x2002a7a8                        . = (. + _Minimum_Stack_Size)
 *fill*         0x2002a6a8      0x100 

.b1text
 *(.b1text)
 *(.b1rodata)
 *(.b1rodata.*)

.eb0text
 *(.eb0text)
 *(.eb0rodata)
 *(.eb0rodata.*)

.eb1text
 *(.eb1text)
 *(.eb1rodata)
 *(.eb1rodata.*)

.eb2text
 *(.eb2text)
 *(.eb2rodata)
 *(.eb2rodata.*)

.eb3text
 *(.eb3text)
 *(.eb3rodata)
 *(.eb3rodata.*)

.stab
 *(.stab)

.stabstr
 *(.stabstr)

.stab.excl
 *(.stab.excl)

.stab.exclstr
 *(.stab.exclstr)

.stab.index
 *(.stab.index)

.stab.indexstr
 *(.stab.indexstr)

.comment        0x00000000       0x39
 *(.comment)
 .comment       0x00000000       0x39 ./system/src/stm32f7-hal/stm32f7xx_hal.o
                                 0x3a (size before relaxing)
 .comment       0x00000039       0x3a ./system/src/stm32f7-hal/stm32f7xx_hal_cortex.o
 .comment       0x00000039       0x3a ./system/src/stm32f7-hal/stm32f7xx_hal_crc.o
 .comment       0x00000039       0x3a ./system/src/stm32f7-hal/stm32f7xx_hal_crc_ex.o
 .comment       0x00000039       0x3a ./system/src/stm32f7-hal/stm32f7xx_hal_dma.o
 .comment       0x00000039       0x3a ./system/src/stm32f7-hal/stm32f7xx_hal_gpio.o
 .comment       0x00000039       0x3a ./system/src/stm32f7-hal/stm32f7xx_hal_pwr_ex.o
 .comment       0x00000039       0x3a ./system/src/stm32f7-hal/stm32f7xx_hal_qspi.o
 .comment       0x00000039       0x3a ./system/src/stm32f7-hal/stm32f7xx_hal_rcc.o
 .comment       0x00000039       0x3a ./system/src/stm32f7-hal/stm32f7xx_hal_spi.o
 .comment       0x00000039       0x3a ./system/src/stm32f7-hal/stm32f7xx_hal_tim.o
 .comment       0x00000039       0x3a ./system/src/newlib/exit.o
 .comment       0x00000039       0x3a ./system/src/newlib/sbrk.o
 .comment       0x00000039       0x3a ./system/src/newlib/startup.o
 .comment       0x00000039       0x3a ./system/src/newlib/syscalls.o
 .comment       0x00000039       0x3a ./system/src/cortexm/exception-handlers.o
 .comment       0x00000039       0x3a ./system/src/cortexm/initialize-hardware.o
 .comment       0x00000039       0x3a ./system/src/cortexm/reset-hardware.o
 .comment       0x00000039       0x3a ./system/src/cmsis/system_stm32f7xx.o
 .comment       0x00000039       0x3a ./system/src/cmsis/vectors_stm32f767xx.o
 .comment       0x00000039       0x3a ./src/l2hal/src/l2hal.o
 .comment       0x00000039       0x3a ./src/l2hal/src/l2hal_custom.o
 .comment       0x00000039       0x3a ./src/l2hal/src/l2hal_errors.o
 .comment       0x00000039       0x3a ./src/l2hal/src/l2hal_systick.o
 .comment       0x00000039       0x3a ./src/l2hal/mcu_dependent/mcus/stm32f767zit6u/l2hal_stm32f767zit6u.o
 .comment       0x00000039       0x3a ./src/l2hal/drivers/ram/ly68l6400_qspi/src/l2hal_ly68l6400_qspi.o
 .comment       0x00000039       0x3a ./src/l2hal/drivers/internal/crc/src/l2hal_crc.o
 .comment       0x00000039       0x3a ./src/l2hal/drivers/display/gc9a01_local_framebuffer/src/l2hal_gc9a01_lfb.o
 .comment       0x00000039       0x3a ./src/fmgl/src/fmgl.o
 .comment       0x00000039       0x3a ./src/fmgl/src/fmgl_private.o
 .comment       0x00000039       0x3a ./src/fmgl/fonts/src/terminusRegular12.o
 .comment       0x00000039       0x3a ./src/hal.o
 .comment       0x00000039       0x3a ./src/interrupts.o
 .comment       0x00000039       0x3a ./src/main.o
 .comment       0x00000039       0x3a ./src/stm32f7xx_hal_msp.o
 .comment       0x00000039       0x3a /home/earlybeasts/.local/xPacks/@xpack-dev-tools/arm-none-eabi-gcc/13.2.1-1.1.1/.content/bin/../lib/gcc/arm-none-eabi/13.2.1/thumb/v7e-m+dp/hard/libgcc.a(_udivmoddi4.o)
 .comment       0x00000039       0x3a /home/earlybeasts/.local/xPacks/@xpack-dev-tools/arm-none-eabi-gcc/13.2.1-1.1.1/.content/bin/../lib/gcc/arm-none-eabi/13.2.1/../../../../arm-none-eabi/lib/thumb/v7e-m+dp/hard/libg_nano.a(libc_a-mallocr.o)
 .comment       0x00000039       0x3a /home/earlybeasts/.local/xPacks/@xpack-dev-tools/arm-none-eabi-gcc/13.2.1-1.1.1/.content/bin/../lib/gcc/arm-none-eabi/13.2.1/../../../../arm-none-eabi/lib/thumb/v7e-m+dp/hard/libg_nano.a(libc_a-mlock.o)
 .comment       0x00000039       0x3a /home/earlybeasts/.local/xPacks/@xpack-dev-tools/arm-none-eabi-gcc/13.2.1-1.1.1/.content/bin/../lib/gcc/arm-none-eabi/13.2.1/../../../../arm-none-eabi/lib/thumb/v7e-m+dp/hard/libg_nano.a(libc_a-reallocr.o)
 .comment       0x00000039       0x3a /home/earlybeasts/.local/xPacks/@xpack-dev-tools/arm-none-eabi-gcc/13.2.1-1.1.1/.content/bin/../lib/gcc/arm-none-eabi/13.2.1/../../../../arm-none-eabi/lib/thumb/v7e-m+dp/hard/libg_nano.a(libc_a-sprintf.o)
 .comment       0x00000039       0x3a /home/earlybeasts/.local/xPacks/@xpack-dev-tools/arm-none-eabi-gcc/13.2.1-1.1.1/.content/bin/../lib/gcc/arm-none-eabi/13.2.1/../../../../arm-none-eabi/lib/thumb/v7e-m+dp/hard/libg_nano.a(libc_a-memset.o)
 .comment       0x00000039       0x3a /home/earlybeasts/.local/xPacks/@xpack-dev-tools/arm-none-eabi-gcc/13.2.1-1.1.1/.content/bin/../lib/gcc/arm-none-eabi/13.2.1/../../../../arm-none-eabi/lib/thumb/v7e-m+dp/hard/libg_nano.a(libc_a-impure.o)
 .comment       0x00000039       0x3a /home/earlybeasts/.local/xPacks/@xpack-dev-tools/arm-none-eabi-gcc/13.2.1-1.1.1/.content/bin/../lib/gcc/arm-none-eabi/13.2.1/../../../../arm-none-eabi/lib/thumb/v7e-m+dp/hard/libg_nano.a(libc_a-sbrkr.o)
 .comment       0x00000039       0x3a /home/earlybeasts/.local/xPacks/@xpack-dev-tools/arm-none-eabi-gcc/13.2.1-1.1.1/.content/bin/../lib/gcc/arm-none-eabi/13.2.1/../../../../arm-none-eabi/lib/thumb/v7e-m+dp/hard/libg_nano.a(libc_a-errno.o)
 .comment       0x00000039       0x3a /home/earlybeasts/.local/xPacks/@xpack-dev-tools/arm-none-eabi-gcc/13.2.1-1.1.1/.content/bin/../lib/gcc/arm-none-eabi/13.2.1/../../../../arm-none-eabi/lib/thumb/v7e-m+dp/hard/libg_nano.a(libc_a-lock.o)
 .comment       0x00000039       0x3a /home/earlybeasts/.local/xPacks/@xpack-dev-tools/arm-none-eabi-gcc/13.2.1-1.1.1/.content/bin/../lib/gcc/arm-none-eabi/13.2.1/../../../../arm-none-eabi/lib/thumb/v7e-m+dp/hard/libg_nano.a(libc_a-memcpy-stub.o)
 .comment       0x00000039       0x3a /home/earlybeasts/.local/xPacks/@xpack-dev-tools/arm-none-eabi-gcc/13.2.1-1.1.1/.content/bin/../lib/gcc/arm-none-eabi/13.2.1/../../../../arm-none-eabi/lib/thumb/v7e-m+dp/hard/libg_nano.a(libc_a-freer.o)
 .comment       0x00000039       0x3a /home/earlybeasts/.local/xPacks/@xpack-dev-tools/arm-none-eabi-gcc/13.2.1-1.1.1/.content/bin/../lib/gcc/arm-none-eabi/13.2.1/../../../../arm-none-eabi/lib/thumb/v7e-m+dp/hard/libg_nano.a(libc_a-msizer.o)
 .comment       0x00000039       0x3a /home/earlybeasts/.local/xPacks/@xpack-dev-tools/arm-none-eabi-gcc/13.2.1-1.1.1/.content/bin/../lib/gcc/arm-none-eabi/13.2.1/../../../../arm-none-eabi/lib/thumb/v7e-m+dp/hard/libg_nano.a(libc_a-nano-svfprintf.o)
 .comment       0x00000039       0x3a /home/earlybeasts/.local/xPacks/@xpack-dev-tools/arm-none-eabi-gcc/13.2.1-1.1.1/.content/bin/../lib/gcc/arm-none-eabi/13.2.1/../../../../arm-none-eabi/lib/thumb/v7e-m+dp/hard/libg_nano.a(libc_a-nano-vfprintf_i.o)
 .comment       0x00000039       0x3a /home/earlybeasts/.local/xPacks/@xpack-dev-tools/arm-none-eabi-gcc/13.2.1-1.1.1/.content/bin/../lib/gcc/arm-none-eabi/13.2.1/../../../../arm-none-eabi/lib/thumb/v7e-m+dp/hard/libg_nano.a(libc_a-memmove.o)

.ARM.attributes
                0x00000000       0x30
 .ARM.attributes
                0x00000000       0x32 ./system/src/stm32f7-hal/stm32f7xx_hal.o
 .ARM.attributes
                0x00000032       0x32 ./system/src/stm32f7-hal/stm32f7xx_hal_cortex.o
 .ARM.attributes
                0x00000064       0x32 ./system/src/stm32f7-hal/stm32f7xx_hal_crc.o
 .ARM.attributes
                0x00000096       0x32 ./system/src/stm32f7-hal/stm32f7xx_hal_crc_ex.o
 .ARM.attributes
                0x000000c8       0x32 ./system/src/stm32f7-hal/stm32f7xx_hal_dma.o
 .ARM.attributes
                0x000000fa       0x32 ./system/src/stm32f7-hal/stm32f7xx_hal_gpio.o
 .ARM.attributes
                0x0000012c       0x32 ./system/src/stm32f7-hal/stm32f7xx_hal_pwr_ex.o
 .ARM.attributes
                0x0000015e       0x32 ./system/src/stm32f7-hal/stm32f7xx_hal_qspi.o
 .ARM.attributes
                0x00000190       0x32 ./system/src/stm32f7-hal/stm32f7xx_hal_rcc.o
 .ARM.attributes
                0x000001c2       0x32 ./system/src/stm32f7-hal/stm32f7xx_hal_spi.o
 .ARM.attributes
                0x000001f4       0x32 ./system/src/stm32f7-hal/stm32f7xx_hal_tim.o
 .ARM.attributes
                0x00000226       0x32 ./system/src/newlib/exit.o
 .ARM.attributes
                0x00000258       0x32 ./system/src/newlib/sbrk.o
 .ARM.attributes
                0x0000028a       0x32 ./system/src/newlib/startup.o
 .ARM.attributes
                0x000002bc       0x32 ./system/src/newlib/syscalls.o
 .ARM.attributes
                0x000002ee       0x32 ./system/src/cortexm/exception-handlers.o
 .ARM.attributes
                0x00000320       0x32 ./system/src/cortexm/initialize-hardware.o
 .ARM.attributes
                0x00000352       0x32 ./system/src/cortexm/reset-hardware.o
 .ARM.attributes
                0x00000384       0x32 ./system/src/cmsis/system_stm32f7xx.o
 .ARM.attributes
                0x000003b6       0x32 ./system/src/cmsis/vectors_stm32f767xx.o
 .ARM.attributes
                0x000003e8       0x32 ./src/l2hal/src/l2hal.o
 .ARM.attributes
                0x0000041a       0x32 ./src/l2hal/src/l2hal_custom.o
 .ARM.attributes
                0x0000044c       0x32 ./src/l2hal/src/l2hal_errors.o
 .ARM.attributes
                0x0000047e       0x32 ./src/l2hal/src/l2hal_systick.o
 .ARM.attributes
                0x000004b0       0x32 ./src/l2hal/mcu_dependent/mcus/stm32f767zit6u/l2hal_stm32f767zit6u.o
 .ARM.attributes
                0x000004e2       0x32 ./src/l2hal/drivers/ram/ly68l6400_qspi/src/l2hal_ly68l6400_qspi.o
 .ARM.attributes
                0x00000514       0x32 ./src/l2hal/drivers/internal/crc/src/l2hal_crc.o
 .ARM.attributes
                0x00000546       0x32 ./src/l2hal/drivers/display/gc9a01_local_framebuffer/src/l2hal_gc9a01_lfb.o
 .ARM.attributes
                0x00000578       0x32 ./src/fmgl/src/fmgl.o
 .ARM.attributes
                0x000005aa       0x32 ./src/fmgl/src/fmgl_private.o
 .ARM.attributes
                0x000005dc       0x32 ./src/fmgl/fonts/src/terminusRegular12.o
 .ARM.attributes
                0x0000060e       0x32 ./src/hal.o
 .ARM.attributes
                0x00000640       0x32 ./src/interrupts.o
 .ARM.attributes
                0x00000672       0x32 ./src/main.o
 .ARM.attributes
                0x000006a4       0x32 ./src/stm32f7xx_hal_msp.o
 .ARM.attributes
                0x000006d6       0x20 /home/earlybeasts/.local/xPacks/@xpack-dev-tools/arm-none-eabi-gcc/13.2.1-1.1.1/.content/bin/../lib/gcc/arm-none-eabi/13.2.1/thumb/v7e-m+dp/hard/libgcc.a(_aeabi_uldivmod.o)
 .ARM.attributes
                0x000006f6       0x32 /home/earlybeasts/.local/xPacks/@xpack-dev-tools/arm-none-eabi-gcc/13.2.1-1.1.1/.content/bin/../lib/gcc/arm-none-eabi/13.2.1/thumb/v7e-m+dp/hard/libgcc.a(_udivmoddi4.o)
 .ARM.attributes
                0x00000728       0x20 /home/earlybeasts/.local/xPacks/@xpack-dev-tools/arm-none-eabi-gcc/13.2.1-1.1.1/.content/bin/../lib/gcc/arm-none-eabi/13.2.1/thumb/v7e-m+dp/hard/libgcc.a(_dvmd_tls.o)
 .ARM.attributes
                0x00000748       0x32 /home/earlybeasts/.local/xPacks/@xpack-dev-tools/arm-none-eabi-gcc/13.2.1-1.1.1/.content/bin/../lib/gcc/arm-none-eabi/13.2.1/../../../../arm-none-eabi/lib/thumb/v7e-m+dp/hard/libg_nano.a(libc_a-mallocr.o)
 .ARM.attributes
                0x0000077a       0x32 /home/earlybeasts/.local/xPacks/@xpack-dev-tools/arm-none-eabi-gcc/13.2.1-1.1.1/.content/bin/../lib/gcc/arm-none-eabi/13.2.1/../../../../arm-none-eabi/lib/thumb/v7e-m+dp/hard/libg_nano.a(libc_a-mlock.o)
 .ARM.attributes
                0x000007ac       0x32 /home/earlybeasts/.local/xPacks/@xpack-dev-tools/arm-none-eabi-gcc/13.2.1-1.1.1/.content/bin/../lib/gcc/arm-none-eabi/13.2.1/../../../../arm-none-eabi/lib/thumb/v7e-m+dp/hard/libg_nano.a(libc_a-reallocr.o)
 .ARM.attributes
                0x000007de       0x32 /home/earlybeasts/.local/xPacks/@xpack-dev-tools/arm-none-eabi-gcc/13.2.1-1.1.1/.content/bin/../lib/gcc/arm-none-eabi/13.2.1/../../../../arm-none-eabi/lib/thumb/v7e-m+dp/hard/libg_nano.a(libc_a-sprintf.o)
 .ARM.attributes
                0x00000810       0x32 /home/earlybeasts/.local/xPacks/@xpack-dev-tools/arm-none-eabi-gcc/13.2.1-1.1.1/.content/bin/../lib/gcc/arm-none-eabi/13.2.1/../../../../arm-none-eabi/lib/thumb/v7e-m+dp/hard/libg_nano.a(libc_a-memset.o)
 .ARM.attributes
                0x00000842       0x32 /home/earlybeasts/.local/xPacks/@xpack-dev-tools/arm-none-eabi-gcc/13.2.1-1.1.1/.content/bin/../lib/gcc/arm-none-eabi/13.2.1/../../../../arm-none-eabi/lib/thumb/v7e-m+dp/hard/libg_nano.a(libc_a-impure.o)
 .ARM.attributes
                0x00000874       0x32 /home/earlybeasts/.local/xPacks/@xpack-dev-tools/arm-none-eabi-gcc/13.2.1-1.1.1/.content/bin/../lib/gcc/arm-none-eabi/13.2.1/../../../../arm-none-eabi/lib/thumb/v7e-m+dp/hard/libg_nano.a(libc_a-sbrkr.o)
 .ARM.attributes
                0x000008a6       0x32 /home/earlybeasts/.local/xPacks/@xpack-dev-tools/arm-none-eabi-gcc/13.2.1-1.1.1/.content/bin/../lib/gcc/arm-none-eabi/13.2.1/../../../../arm-none-eabi/lib/thumb/v7e-m+dp/hard/libg_nano.a(libc_a-errno.o)
 .ARM.attributes
                0x000008d8       0x32 /home/earlybeasts/.local/xPacks/@xpack-dev-tools/arm-none-eabi-gcc/13.2.1-1.1.1/.content/bin/../lib/gcc/arm-none-eabi/13.2.1/../../../../arm-none-eabi/lib/thumb/v7e-m+dp/hard/libg_nano.a(libc_a-lock.o)
 .ARM.attributes
                0x0000090a       0x32 /home/earlybeasts/.local/xPacks/@xpack-dev-tools/arm-none-eabi-gcc/13.2.1-1.1.1/.content/bin/../lib/gcc/arm-none-eabi/13.2.1/../../../../arm-none-eabi/lib/thumb/v7e-m+dp/hard/libg_nano.a(libc_a-memcpy-stub.o)
 .ARM.attributes
                0x0000093c       0x17 /home/earlybeasts/.local/xPacks/@xpack-dev-tools/arm-none-eabi-gcc/13.2.1-1.1.1/.content/bin/../lib/gcc/arm-none-eabi/13.2.1/../../../../arm-none-eabi/lib/thumb/v7e-m+dp/hard/libg_nano.a(libc_a-strlen.o)
 .ARM.attributes
                0x00000953       0x32 /home/earlybeasts/.local/xPacks/@xpack-dev-tools/arm-none-eabi-gcc/13.2.1-1.1.1/.content/bin/../lib/gcc/arm-none-eabi/13.2.1/../../../../arm-none-eabi/lib/thumb/v7e-m+dp/hard/libg_nano.a(libc_a-freer.o)
 .ARM.attributes
                0x00000985       0x32 /home/earlybeasts/.local/xPacks/@xpack-dev-tools/arm-none-eabi-gcc/13.2.1-1.1.1/.content/bin/../lib/gcc/arm-none-eabi/13.2.1/../../../../arm-none-eabi/lib/thumb/v7e-m+dp/hard/libg_nano.a(libc_a-msizer.o)
 .ARM.attributes
                0x000009b7       0x32 /home/earlybeasts/.local/xPacks/@xpack-dev-tools/arm-none-eabi-gcc/13.2.1-1.1.1/.content/bin/../lib/gcc/arm-none-eabi/13.2.1/../../../../arm-none-eabi/lib/thumb/v7e-m+dp/hard/libg_nano.a(libc_a-nano-svfprintf.o)
 .ARM.attributes
                0x000009e9       0x32 /home/earlybeasts/.local/xPacks/@xpack-dev-tools/arm-none-eabi-gcc/13.2.1-1.1.1/.content/bin/../lib/gcc/arm-none-eabi/13.2.1/../../../../arm-none-eabi/lib/thumb/v7e-m+dp/hard/libg_nano.a(libc_a-nano-vfprintf_i.o)
 .ARM.attributes
                0x00000a1b       0x32 /home/earlybeasts/.local/xPacks/@xpack-dev-tools/arm-none-eabi-gcc/13.2.1-1.1.1/.content/bin/../lib/gcc/arm-none-eabi/13.2.1/../../../../arm-none-eabi/lib/thumb/v7e-m+dp/hard/libg_nano.a(libc_a-memmove.o)
 .ARM.attributes
                0x00000a4d       0x1c /home/earlybeasts/.local/xPacks/@xpack-dev-tools/arm-none-eabi-gcc/13.2.1-1.1.1/.content/bin/../lib/gcc/arm-none-eabi/13.2.1/../../../../arm-none-eabi/lib/thumb/v7e-m+dp/hard/libg_nano.a(libc_a-memchr.o)

.debug
 *(.debug)

.line
 *(.line)

.debug_srcinfo
 *(.debug_srcinfo)

.debug_sfnames
 *(.debug_sfnames)

.debug_aranges  0x00000000     0x1128
 *(.debug_aranges)
 .debug_aranges
                0x00000000      0x110 ./system/src/stm32f7-hal/stm32f7xx_hal.o
 .debug_aranges
                0x00000110       0xa8 ./system/src/stm32f7-hal/stm32f7xx_hal_cortex.o
 .debug_aranges
                0x000001b8       0x60 ./system/src/stm32f7-hal/stm32f7xx_hal_crc.o
 .debug_aranges
                0x00000218       0x30 ./system/src/stm32f7-hal/stm32f7xx_hal_crc_ex.o
 .debug_aranges
                0x00000248       0x80 ./system/src/stm32f7-hal/stm32f7xx_hal_dma.o
 .debug_aranges
                0x000002c8       0x58 ./system/src/stm32f7-hal/stm32f7xx_hal_gpio.o
 .debug_aranges
                0x00000320       0x80 ./system/src/stm32f7-hal/stm32f7xx_hal_pwr_ex.o
 .debug_aranges
                0x000003a0      0x168 ./system/src/stm32f7-hal/stm32f7xx_hal_qspi.o
 .debug_aranges
                0x00000508       0x88 ./system/src/stm32f7-hal/stm32f7xx_hal_rcc.o
 .debug_aranges
                0x00000590      0x200 ./system/src/stm32f7-hal/stm32f7xx_hal_spi.o
 .debug_aranges
                0x00000790      0x388 ./system/src/stm32f7-hal/stm32f7xx_hal_tim.o
 .debug_aranges
                0x00000b18       0x28 ./system/src/newlib/exit.o
 .debug_aranges
                0x00000b40       0x20 ./system/src/newlib/sbrk.o
 .debug_aranges
                0x00000b60       0x40 ./system/src/newlib/startup.o
 .debug_aranges
                0x00000ba0       0x30 ./system/src/newlib/syscalls.o
 .debug_aranges
                0x00000bd0       0x80 ./system/src/cortexm/exception-handlers.o
 .debug_aranges
                0x00000c50       0x28 ./system/src/cortexm/initialize-hardware.o
 .debug_aranges
                0x00000c78       0x20 ./system/src/cortexm/reset-hardware.o
 .debug_aranges
                0x00000c98       0x28 ./system/src/cmsis/system_stm32f7xx.o
 .debug_aranges
                0x00000cc0       0x20 ./system/src/cmsis/vectors_stm32f767xx.o
 .debug_aranges
                0x00000ce0       0x38 ./src/l2hal/src/l2hal.o
 .debug_aranges
                0x00000d18       0x78 ./src/l2hal/src/l2hal_custom.o
 .debug_aranges
                0x00000d90       0x20 ./src/l2hal/src/l2hal_errors.o
 .debug_aranges
                0x00000db0       0x30 ./src/l2hal/src/l2hal_systick.o
 .debug_aranges
                0x00000de0       0x20 ./src/l2hal/mcu_dependent/mcus/stm32f767zit6u/l2hal_stm32f767zit6u.o
 .debug_aranges
                0x00000e00       0x80 ./src/l2hal/drivers/ram/ly68l6400_qspi/src/l2hal_ly68l6400_qspi.o
 .debug_aranges
                0x00000e80       0x28 ./src/l2hal/drivers/internal/crc/src/l2hal_crc.o
 .debug_aranges
                0x00000ea8       0xa8 ./src/l2hal/drivers/display/gc9a01_local_framebuffer/src/l2hal_gc9a01_lfb.o
 .debug_aranges
                0x00000f50       0xb0 ./src/fmgl/src/fmgl.o
 .debug_aranges
                0x00001000       0x30 ./src/fmgl/src/fmgl_private.o
 .debug_aranges
                0x00001030       0x30 ./src/fmgl/fonts/src/terminusRegular12.o
 .debug_aranges
                0x00001060       0x28 ./src/hal.o
 .debug_aranges
                0x00001088       0x40 ./src/interrupts.o
 .debug_aranges
                0x000010c8       0x28 ./src/main.o
 .debug_aranges
                0x000010f0       0x38 ./src/stm32f7xx_hal_msp.o

.debug_pubnames
 *(.debug_pubnames)

.debug_info     0x00000000    0x1afe5
 *(.debug_info .gnu.linkonce.wi.*)
 .debug_info    0x00000000      0xb8b ./system/src/stm32f7-hal/stm32f7xx_hal.o
 .debug_info    0x00000b8b     0x11ee ./system/src/stm32f7-hal/stm32f7xx_hal_cortex.o
 .debug_info    0x00001d79      0x5af ./system/src/stm32f7-hal/stm32f7xx_hal_crc.o
 .debug_info    0x00002328      0x348 ./system/src/stm32f7-hal/stm32f7xx_hal_crc_ex.o
 .debug_info    0x00002670      0xacf ./system/src/stm32f7-hal/stm32f7xx_hal_dma.o
 .debug_info    0x0000313f      0x709 ./system/src/stm32f7-hal/stm32f7xx_hal_gpio.o
 .debug_info    0x00003848      0x98e ./system/src/stm32f7-hal/stm32f7xx_hal_pwr_ex.o
 .debug_info    0x000041d6     0x1887 ./system/src/stm32f7-hal/stm32f7xx_hal_qspi.o
 .debug_info    0x00005a5d      0xbb4 ./system/src/stm32f7-hal/stm32f7xx_hal_rcc.o
 .debug_info    0x00006611     0x23c9 ./system/src/stm32f7-hal/stm32f7xx_hal_spi.o
 .debug_info    0x000089da     0x3b61 ./system/src/stm32f7-hal/stm32f7xx_hal_tim.o
 .debug_info    0x0000c53b       0xfe ./system/src/newlib/exit.o
 .debug_info    0x0000c639      0x10b ./system/src/newlib/sbrk.o
 .debug_info    0x0000c744      0x4f3 ./system/src/newlib/startup.o
 .debug_info    0x0000cc37      0x1bf ./system/src/newlib/syscalls.o
 .debug_info    0x0000cdf6      0x26d ./system/src/cortexm/exception-handlers.o
 .debug_info    0x0000d063      0x419 ./system/src/cortexm/initialize-hardware.o
 .debug_info    0x0000d47c      0x42e ./system/src/cortexm/reset-hardware.o
 .debug_info    0x0000d8aa      0x6e8 ./system/src/cmsis/system_stm32f7xx.o
 .debug_info    0x0000df92      0x10a ./system/src/cmsis/vectors_stm32f767xx.o
 .debug_info    0x0000e09c      0xb1a ./src/l2hal/src/l2hal.o
 .debug_info    0x0000ebb6     0x1c41 ./src/l2hal/src/l2hal_custom.o
 .debug_info    0x000107f7      0x48e ./src/l2hal/src/l2hal_errors.o
 .debug_info    0x00010c85      0x295 ./src/l2hal/src/l2hal_systick.o
 .debug_info    0x00010f1a      0x4c8 ./src/l2hal/mcu_dependent/mcus/stm32f767zit6u/l2hal_stm32f767zit6u.o
 .debug_info    0x000113e2     0x15ab ./src/l2hal/drivers/ram/ly68l6400_qspi/src/l2hal_ly68l6400_qspi.o
 .debug_info    0x0001298d      0x641 ./src/l2hal/drivers/internal/crc/src/l2hal_crc.o
 .debug_info    0x00012fce     0x269b ./src/l2hal/drivers/display/gc9a01_local_framebuffer/src/l2hal_gc9a01_lfb.o
 .debug_info    0x00015669     0x1576 ./src/fmgl/src/fmgl.o
 .debug_info    0x00016bdf      0x7aa ./src/fmgl/src/fmgl_private.o
 .debug_info    0x00017389      0x2d6 ./src/fmgl/fonts/src/terminusRegular12.o
 .debug_info    0x0001765f      0xc08 ./src/hal.o
 .debug_info    0x00018267      0x9d7 ./src/interrupts.o
 .debug_info    0x00018c3e     0x2309 ./src/main.o
 .debug_info    0x0001af47       0x9e ./src/stm32f7xx_hal_msp.o

.debug_abbrev   0x00000000     0x4bd9
 *(.debug_abbrev)
 .debug_abbrev  0x00000000      0x282 ./system/src/stm32f7-hal/stm32f7xx_hal.o
 .debug_abbrev  0x00000282      0x38f ./system/src/stm32f7-hal/stm32f7xx_hal_cortex.o
 .debug_abbrev  0x00000611      0x238 ./system/src/stm32f7-hal/stm32f7xx_hal_crc.o
 .debug_abbrev  0x00000849      0x16a ./system/src/stm32f7-hal/stm32f7xx_hal_crc_ex.o
 .debug_abbrev  0x000009b3      0x33f ./system/src/stm32f7-hal/stm32f7xx_hal_dma.o
 .debug_abbrev  0x00000cf2      0x207 ./system/src/stm32f7-hal/stm32f7xx_hal_gpio.o
 .debug_abbrev  0x00000ef9      0x1ed ./system/src/stm32f7-hal/stm32f7xx_hal_pwr_ex.o
 .debug_abbrev  0x000010e6      0x309 ./system/src/stm32f7-hal/stm32f7xx_hal_qspi.o
 .debug_abbrev  0x000013ef      0x35b ./system/src/stm32f7-hal/stm32f7xx_hal_rcc.o
 .debug_abbrev  0x0000174a      0x34c ./system/src/stm32f7-hal/stm32f7xx_hal_spi.o
 .debug_abbrev  0x00001a96      0x381 ./system/src/stm32f7-hal/stm32f7xx_hal_tim.o
 .debug_abbrev  0x00001e17       0xc2 ./system/src/newlib/exit.o
 .debug_abbrev  0x00001ed9       0xca ./system/src/newlib/sbrk.o
 .debug_abbrev  0x00001fa3      0x243 ./system/src/newlib/startup.o
 .debug_abbrev  0x000021e6      0x116 ./system/src/newlib/syscalls.o
 .debug_abbrev  0x000022fc       0xf3 ./system/src/cortexm/exception-handlers.o
 .debug_abbrev  0x000023ef      0x122 ./system/src/cortexm/initialize-hardware.o
 .debug_abbrev  0x00002511      0x122 ./system/src/cortexm/reset-hardware.o
 .debug_abbrev  0x00002633      0x140 ./system/src/cmsis/system_stm32f7xx.o
 .debug_abbrev  0x00002773       0xb6 ./system/src/cmsis/vectors_stm32f767xx.o
 .debug_abbrev  0x00002829      0x29b ./src/l2hal/src/l2hal.o
 .debug_abbrev  0x00002ac4      0x30d ./src/l2hal/src/l2hal_custom.o
 .debug_abbrev  0x00002dd1      0x199 ./src/l2hal/src/l2hal_errors.o
 .debug_abbrev  0x00002f6a      0x1c4 ./src/l2hal/src/l2hal_systick.o
 .debug_abbrev  0x0000312e      0x15f ./src/l2hal/mcu_dependent/mcus/stm32f767zit6u/l2hal_stm32f767zit6u.o
 .debug_abbrev  0x0000328d      0x3ae ./src/l2hal/drivers/ram/ly68l6400_qspi/src/l2hal_ly68l6400_qspi.o
 .debug_abbrev  0x0000363b      0x20a ./src/l2hal/drivers/internal/crc/src/l2hal_crc.o
 .debug_abbrev  0x00003845      0x3e4 ./src/l2hal/drivers/display/gc9a01_local_framebuffer/src/l2hal_gc9a01_lfb.o
 .debug_abbrev  0x00003c29      0x456 ./src/fmgl/src/fmgl.o
 .debug_abbrev  0x0000407f      0x262 ./src/fmgl/src/fmgl_private.o
 .debug_abbrev  0x000042e1      0x16f ./src/fmgl/fonts/src/terminusRegular12.o
 .debug_abbrev  0x00004450      0x203 ./src/hal.o
 .debug_abbrev  0x00004653      0x1d2 ./src/interrupts.o
 .debug_abbrev  0x00004825      0x355 ./src/main.o
 .debug_abbrev  0x00004b7a       0x5f ./src/stm32f7xx_hal_msp.o

.debug_line     0x00000000    0x103bb
 *(.debug_line)
 .debug_line    0x00000000      0x595 ./system/src/stm32f7-hal/stm32f7xx_hal.o
 .debug_line    0x00000595      0x7a1 ./system/src/stm32f7-hal/stm32f7xx_hal_cortex.o
 .debug_line    0x00000d36      0x4dc ./system/src/stm32f7-hal/stm32f7xx_hal_crc.o
 .debug_line    0x00001212      0x23d ./system/src/stm32f7-hal/stm32f7xx_hal_crc_ex.o
 .debug_line    0x0000144f      0xcfb ./system/src/stm32f7-hal/stm32f7xx_hal_dma.o
 .debug_line    0x0000214a      0x69e ./system/src/stm32f7-hal/stm32f7xx_hal_gpio.o
 .debug_line    0x000027e8      0x5c7 ./system/src/stm32f7-hal/stm32f7xx_hal_pwr_ex.o
 .debug_line    0x00002daf     0x15c4 ./system/src/stm32f7-hal/stm32f7xx_hal_qspi.o
 .debug_line    0x00004373      0xd9d ./system/src/stm32f7-hal/stm32f7xx_hal_rcc.o
 .debug_line    0x00005110     0x2b6d ./system/src/stm32f7-hal/stm32f7xx_hal_spi.o
 .debug_line    0x00007c7d     0x3658 ./system/src/stm32f7-hal/stm32f7xx_hal_tim.o
 .debug_line    0x0000b2d5      0x18f ./system/src/newlib/exit.o
 .debug_line    0x0000b464      0x13d ./system/src/newlib/sbrk.o
 .debug_line    0x0000b5a1      0x326 ./system/src/newlib/startup.o
 .debug_line    0x0000b8c7      0x1dc ./system/src/newlib/syscalls.o
 .debug_line    0x0000baa3      0x215 ./system/src/cortexm/exception-handlers.o
 .debug_line    0x0000bcb8      0x15c ./system/src/cortexm/initialize-hardware.o
 .debug_line    0x0000be14      0x16c ./system/src/cortexm/reset-hardware.o
 .debug_line    0x0000bf80      0x1dd ./system/src/cmsis/system_stm32f7xx.o
 .debug_line    0x0000c15d       0x95 ./system/src/cmsis/vectors_stm32f767xx.o
 .debug_line    0x0000c1f2      0x3ed ./src/l2hal/src/l2hal.o
 .debug_line    0x0000c5df      0x817 ./src/l2hal/src/l2hal_custom.o
 .debug_line    0x0000cdf6      0x1f5 ./src/l2hal/src/l2hal_errors.o
 .debug_line    0x0000cfeb      0x226 ./src/l2hal/src/l2hal_systick.o
 .debug_line    0x0000d211      0x236 ./src/l2hal/mcu_dependent/mcus/stm32f767zit6u/l2hal_stm32f767zit6u.o
 .debug_line    0x0000d447      0x7e7 ./src/l2hal/drivers/ram/ly68l6400_qspi/src/l2hal_ly68l6400_qspi.o
 .debug_line    0x0000dc2e      0x363 ./src/l2hal/drivers/internal/crc/src/l2hal_crc.o
 .debug_line    0x0000df91      0x854 ./src/l2hal/drivers/display/gc9a01_local_framebuffer/src/l2hal_gc9a01_lfb.o
 .debug_line    0x0000e7e5      0x9f8 ./src/fmgl/src/fmgl.o
 .debug_line    0x0000f1dd      0x33b ./src/fmgl/src/fmgl_private.o
 .debug_line    0x0000f518      0x1fa ./src/fmgl/fonts/src/terminusRegular12.o
 .debug_line    0x0000f712      0x386 ./src/hal.o
 .debug_line    0x0000fa98      0x29b ./src/interrupts.o
 .debug_line    0x0000fd33      0x605 ./src/main.o
 .debug_line    0x00010338       0x83 ./src/stm32f7xx_hal_msp.o

.debug_frame    0x00000000     0x2aac
 *(.debug_frame)
 .debug_frame   0x00000000      0x234 ./system/src/stm32f7-hal/stm32f7xx_hal.o
 .debug_frame   0x00000234      0x158 ./system/src/stm32f7-hal/stm32f7xx_hal_cortex.o
 .debug_frame   0x0000038c       0xf0 ./system/src/stm32f7-hal/stm32f7xx_hal_crc.o
 .debug_frame   0x0000047c       0x48 ./system/src/stm32f7-hal/stm32f7xx_hal_crc_ex.o
 .debug_frame   0x000004c4      0x164 ./system/src/stm32f7-hal/stm32f7xx_hal_dma.o
 .debug_frame   0x00000628       0xd4 ./system/src/stm32f7-hal/stm32f7xx_hal_gpio.o
 .debug_frame   0x000006fc      0x13c ./system/src/stm32f7-hal/stm32f7xx_hal_pwr_ex.o
 .debug_frame   0x00000838      0x408 ./system/src/stm32f7-hal/stm32f7xx_hal_qspi.o
 .debug_frame   0x00000c40      0x148 ./system/src/stm32f7-hal/stm32f7xx_hal_rcc.o
 .debug_frame   0x00000d88      0x630 ./system/src/stm32f7-hal/stm32f7xx_hal_spi.o
 .debug_frame   0x000013b8      0x958 ./system/src/stm32f7-hal/stm32f7xx_hal_tim.o
 .debug_frame   0x00001d10       0x40 ./system/src/newlib/exit.o
 .debug_frame   0x00001d50       0x28 ./system/src/newlib/sbrk.o
 .debug_frame   0x00001d78       0x80 ./system/src/newlib/startup.o
 .debug_frame   0x00001df8       0x50 ./system/src/newlib/syscalls.o
 .debug_frame   0x00001e48       0xe0 ./system/src/cortexm/exception-handlers.o
 .debug_frame   0x00001f28       0x38 ./system/src/cortexm/initialize-hardware.o
 .debug_frame   0x00001f60       0x20 ./system/src/cortexm/reset-hardware.o
 .debug_frame   0x00001f80       0x30 ./system/src/cmsis/system_stm32f7xx.o
 .debug_frame   0x00001fb0       0x20 ./system/src/cmsis/vectors_stm32f767xx.o
 .debug_frame   0x00001fd0       0x80 ./src/l2hal/src/l2hal.o
 .debug_frame   0x00002050      0x158 ./src/l2hal/src/l2hal_custom.o
 .debug_frame   0x000021a8       0x28 ./src/l2hal/src/l2hal_errors.o
 .debug_frame   0x000021d0       0x58 ./src/l2hal/src/l2hal_systick.o
 .debug_frame   0x00002228       0x30 ./src/l2hal/mcu_dependent/mcus/stm32f767zit6u/l2hal_stm32f767zit6u.o
 .debug_frame   0x00002258      0x198 ./src/l2hal/drivers/ram/ly68l6400_qspi/src/l2hal_ly68l6400_qspi.o
 .debug_frame   0x000023f0       0x5c ./src/l2hal/drivers/internal/crc/src/l2hal_crc.o
 .debug_frame   0x0000244c      0x1dc ./src/l2hal/drivers/display/gc9a01_local_framebuffer/src/l2hal_gc9a01_lfb.o
 .debug_frame   0x00002628      0x268 ./src/fmgl/src/fmgl.o
 .debug_frame   0x00002890       0x80 ./src/fmgl/src/fmgl_private.o
 .debug_frame   0x00002910       0x40 ./src/fmgl/fonts/src/terminusRegular12.o
 .debug_frame   0x00002950       0x58 ./src/hal.o
 .debug_frame   0x000029a8       0x78 ./src/interrupts.o
 .debug_frame   0x00002a20       0x3c ./src/main.o
 .debug_frame   0x00002a5c       0x50 ./src/stm32f7xx_hal_msp.o

.debug_str      0x00000000     0x580d
 *(.debug_str)
 .debug_str     0x00000000     0x580d ./system/src/stm32f7-hal/stm32f7xx_hal.o
                                0xd60 (size before relaxing)
 .debug_str     0x0000580d      0xe34 ./system/src/stm32f7-hal/stm32f7xx_hal_cortex.o
 .debug_str     0x0000580d      0x47e ./system/src/stm32f7-hal/stm32f7xx_hal_crc.o
 .debug_str     0x0000580d      0x438 ./system/src/stm32f7-hal/stm32f7xx_hal_crc_ex.o
 .debug_str     0x0000580d      0x769 ./system/src/stm32f7-hal/stm32f7xx_hal_dma.o
 .debug_str     0x0000580d      0x4e5 ./system/src/stm32f7-hal/stm32f7xx_hal_gpio.o
 .debug_str     0x0000580d      0x63f ./system/src/stm32f7-hal/stm32f7xx_hal_pwr_ex.o
 .debug_str     0x0000580d      0xbd0 ./system/src/stm32f7-hal/stm32f7xx_hal_qspi.o
 .debug_str     0x0000580d      0x714 ./system/src/stm32f7-hal/stm32f7xx_hal_rcc.o
 .debug_str     0x0000580d      0xc7f ./system/src/stm32f7-hal/stm32f7xx_hal_spi.o
 .debug_str     0x0000580d     0x1552 ./system/src/stm32f7-hal/stm32f7xx_hal_tim.o
 .debug_str     0x0000580d      0x1d8 ./system/src/newlib/exit.o
 .debug_str     0x0000580d      0x205 ./system/src/newlib/sbrk.o
 .debug_str     0x0000580d      0x353 ./system/src/newlib/startup.o
 .debug_str     0x0000580d      0x20d ./system/src/newlib/syscalls.o
 .debug_str     0x0000580d      0x2b7 ./system/src/cortexm/exception-handlers.o
 .debug_str     0x0000580d      0x379 ./system/src/cortexm/initialize-hardware.o
 .debug_str     0x0000580d      0x33b ./system/src/cortexm/reset-hardware.o
 .debug_str     0x0000580d      0x460 ./system/src/cmsis/system_stm32f7xx.o
 .debug_str     0x0000580d      0x275 ./system/src/cmsis/vectors_stm32f767xx.o
 .debug_str     0x0000580d      0xc72 ./src/l2hal/src/l2hal.o
 .debug_str     0x0000580d     0x16ad ./src/l2hal/src/l2hal_custom.o
 .debug_str     0x0000580d      0x3ee ./src/l2hal/src/l2hal_errors.o
 .debug_str     0x0000580d      0x2f0 ./src/l2hal/src/l2hal_systick.o
 .debug_str     0x0000580d      0x39c ./src/l2hal/mcu_dependent/mcus/stm32f767zit6u/l2hal_stm32f767zit6u.o
 .debug_str     0x0000580d      0xc31 ./src/l2hal/drivers/ram/ly68l6400_qspi/src/l2hal_ly68l6400_qspi.o
 .debug_str     0x0000580d      0x4f8 ./src/l2hal/drivers/internal/crc/src/l2hal_crc.o
 .debug_str     0x0000580d      0xd51 ./src/l2hal/drivers/display/gc9a01_local_framebuffer/src/l2hal_gc9a01_lfb.o
 .debug_str     0x0000580d      0x85e ./src/fmgl/src/fmgl.o
 .debug_str     0x0000580d      0x569 ./src/fmgl/src/fmgl_private.o
 .debug_str     0x0000580d      0x32e ./src/fmgl/fonts/src/terminusRegular12.o
 .debug_str     0x0000580d      0x854 ./src/hal.o
 .debug_str     0x0000580d      0x8e7 ./src/interrupts.o
 .debug_str     0x0000580d     0x12c6 ./src/main.o
 .debug_str     0x0000580d      0x1e1 ./src/stm32f7xx_hal_msp.o

.debug_loc
 *(.debug_loc)

.debug_macinfo
 *(.debug_macinfo)

.debug_weaknames
 *(.debug_weaknames)

.debug_funcnames
 *(.debug_funcnames)

.debug_typenames
 *(.debug_typenames)

.debug_varnames
 *(.debug_varnames)
OUTPUT(FerFoxPrototype2.elf elf32-littlearm)
LOAD linker stubs

.debug_loclists
                0x00000000     0x871b
 .debug_loclists
                0x00000000       0xd5 ./system/src/stm32f7-hal/stm32f7xx_hal.o
 .debug_loclists
                0x000000d5      0x4d9 ./system/src/stm32f7-hal/stm32f7xx_hal_cortex.o
 .debug_loclists
                0x000005ae      0x3cd ./system/src/stm32f7-hal/stm32f7xx_hal_crc.o
 .debug_loclists
                0x0000097b       0xd4 ./system/src/stm32f7-hal/stm32f7xx_hal_crc_ex.o
 .debug_loclists
                0x00000a4f      0x66a ./system/src/stm32f7-hal/stm32f7xx_hal_dma.o
 .debug_loclists
                0x000010b9      0x279 ./system/src/stm32f7-hal/stm32f7xx_hal_gpio.o
 .debug_loclists
                0x00001332      0x1d0 ./system/src/stm32f7-hal/stm32f7xx_hal_pwr_ex.o
 .debug_loclists
                0x00001502      0xd69 ./system/src/stm32f7-hal/stm32f7xx_hal_qspi.o
 .debug_loclists
                0x0000226b      0x3f3 ./system/src/stm32f7-hal/stm32f7xx_hal_rcc.o
 .debug_loclists
                0x0000265e     0x1430 ./system/src/stm32f7-hal/stm32f7xx_hal_spi.o
 .debug_loclists
                0x00003a8e     0x2675 ./system/src/stm32f7-hal/stm32f7xx_hal_tim.o
 .debug_loclists
                0x00006103       0x29 ./system/src/newlib/exit.o
 .debug_loclists
                0x0000612c       0x5e ./system/src/newlib/sbrk.o
 .debug_loclists
                0x0000618a      0x2a1 ./system/src/newlib/startup.o
 .debug_loclists
                0x0000642b       0x63 ./system/src/newlib/syscalls.o
 .debug_loclists
                0x0000648e       0x4e ./system/src/cortexm/exception-handlers.o
 .debug_loclists
                0x000064dc       0xc4 ./system/src/cmsis/system_stm32f7xx.o
 .debug_loclists
                0x000065a0       0x96 ./src/l2hal/src/l2hal.o
 .debug_loclists
                0x00006636       0xf3 ./src/l2hal/src/l2hal_custom.o
 .debug_loclists
                0x00006729       0x29 ./src/l2hal/src/l2hal_errors.o
 .debug_loclists
                0x00006752       0x46 ./src/l2hal/src/l2hal_systick.o
 .debug_loclists
                0x00006798       0x2c ./src/l2hal/mcu_dependent/mcus/stm32f767zit6u/l2hal_stm32f767zit6u.o
 .debug_loclists
                0x000067c4      0x5a1 ./src/l2hal/drivers/ram/ly68l6400_qspi/src/l2hal_ly68l6400_qspi.o
 .debug_loclists
                0x00006d65       0x76 ./src/l2hal/drivers/internal/crc/src/l2hal_crc.o
 .debug_loclists
                0x00006ddb      0x5db ./src/l2hal/drivers/display/gc9a01_local_framebuffer/src/l2hal_gc9a01_lfb.o
 .debug_loclists
                0x000073b6     0x1087 ./src/fmgl/src/fmgl.o
 .debug_loclists
                0x0000843d      0x1e6 ./src/fmgl/src/fmgl_private.o
 .debug_loclists
                0x00008623       0x56 ./src/fmgl/fonts/src/terminusRegular12.o
 .debug_loclists
                0x00008679       0x5a ./src/hal.o
 .debug_loclists
                0x000086d3       0x48 ./src/main.o

.debug_rnglists
                0x00000000     0x10a6
 .debug_rnglists
                0x00000000       0xc7 ./system/src/stm32f7-hal/stm32f7xx_hal.o
 .debug_rnglists
                0x000000c7       0xd3 ./system/src/stm32f7-hal/stm32f7xx_hal_cortex.o
 .debug_rnglists
                0x0000019a       0x43 ./system/src/stm32f7-hal/stm32f7xx_hal_crc.o